2019-03-25 12:25:09,893 : INFO : load cfg begin
2019-03-25 12:25:09,924 : INFO : load cfg end
2019-03-25 12:25:09,924 : INFO : load data begin
2019-03-25 12:25:09,925 : INFO : load coupon data from myqsl begin
2019-03-25 12:25:21,693 : INFO : load coupon data from myqsl end
2019-03-25 12:25:21,694 : INFO : creat coupon recommend sql begin
2019-03-25 12:25:21,793 : INFO : user count 95739,coupon count 1147
2019-03-25 12:25:23,006 : INFO : 22018089 coupon user process 0 
2019-03-25 12:25:23,234 : INFO : 22018089 coupon user process 30000 
2019-03-25 12:25:23,441 : INFO : 22018089 coupon user process 60000 
2019-03-25 12:25:23,650 : INFO : 22018089 coupon user process 90000 
2019-03-25 12:25:23,689 : INFO : coupon process 0
2019-03-25 12:25:23,722 : INFO : 22081092 coupon user process 0 
2019-03-25 12:25:23,952 : INFO : 22081092 coupon user process 30000 
2019-03-25 12:25:24,157 : INFO : 22081092 coupon user process 60000 
2019-03-25 12:25:24,364 : INFO : 22081092 coupon user process 90000 
2019-03-25 12:25:24,439 : INFO : 22081093 coupon user process 0 
2019-03-25 12:25:24,668 : INFO : 22081093 coupon user process 30000 
2019-03-25 12:25:24,871 : INFO : 22081093 coupon user process 60000 
2019-03-25 12:25:25,073 : INFO : 22081093 coupon user process 90000 
2019-03-25 12:25:25,161 : INFO : 22081094 coupon user process 0 
2019-03-25 12:26:04,338 : INFO : 22081094 coupon user process 30000 
2019-03-25 12:26:05,872 : INFO : 22081094 coupon user process 60000 
2019-03-25 12:26:07,396 : INFO : 22081094 coupon user process 90000 
2019-03-25 12:26:07,717 : INFO : 22081095 coupon user process 0 
2019-03-25 12:26:08,215 : INFO : 22081095 coupon user process 30000 
2019-03-25 12:26:08,430 : INFO : 22081095 coupon user process 60000 
2019-03-25 12:26:08,649 : INFO : 22081095 coupon user process 90000 
2019-03-25 12:26:08,734 : INFO : 22081096 coupon user process 0 
2019-03-25 12:26:09,329 : INFO : 22081096 coupon user process 30000 
2019-03-25 12:26:09,545 : INFO : 22081096 coupon user process 60000 
2019-03-25 12:26:09,764 : INFO : 22081096 coupon user process 90000 
2019-03-25 12:26:09,839 : INFO : 22081097 coupon user process 0 
2019-03-25 12:26:10,377 : INFO : 22081097 coupon user process 30000 
2019-03-25 12:26:10,593 : INFO : 22081097 coupon user process 60000 
2019-03-25 12:26:10,808 : INFO : 22081097 coupon user process 90000 
2019-03-25 12:26:10,886 : INFO : 22081098 coupon user process 0 
2019-03-25 12:26:11,259 : INFO : 22081098 coupon user process 30000 
2019-03-25 12:26:11,466 : INFO : 22081098 coupon user process 60000 
2019-03-25 12:26:11,675 : INFO : 22081098 coupon user process 90000 
2019-03-25 12:26:11,743 : INFO : 22081099 coupon user process 0 
2019-03-25 12:26:11,946 : INFO : 22081099 coupon user process 30000 
2019-03-25 12:26:12,149 : INFO : 22081099 coupon user process 60000 
2019-03-25 12:26:12,350 : INFO : 22081099 coupon user process 90000 
2019-03-25 12:26:12,434 : INFO : 22084089 coupon user process 0 
2019-03-25 12:26:12,631 : INFO : 22084089 coupon user process 30000 
2019-03-25 12:26:12,834 : INFO : 22084089 coupon user process 60000 
2019-03-25 12:26:13,044 : INFO : 22084089 coupon user process 90000 
2019-03-25 12:26:13,120 : INFO : 22084091 coupon user process 0 
2019-03-25 12:26:13,476 : INFO : 22084091 coupon user process 30000 
2019-03-25 12:26:13,684 : INFO : 22084091 coupon user process 60000 
2019-03-25 12:26:13,891 : INFO : 22084091 coupon user process 90000 
2019-03-25 12:26:13,966 : INFO : 22087091 coupon user process 0 
2019-03-25 12:26:18,864 : INFO : 22087091 coupon user process 30000 
2019-03-25 12:26:19,250 : INFO : 22087091 coupon user process 60000 
2019-03-25 12:26:19,606 : INFO : 22087091 coupon user process 90000 
2019-03-25 12:26:19,724 : INFO : 22087092 coupon user process 0 
2019-03-25 12:26:21,119 : INFO : 22087092 coupon user process 30000 
2019-03-25 12:26:21,357 : INFO : 22087092 coupon user process 60000 
2019-03-25 12:26:21,594 : INFO : 22087092 coupon user process 90000 
2019-03-25 12:26:21,670 : INFO : 22087093 coupon user process 0 
2019-03-25 12:26:22,546 : INFO : 22087093 coupon user process 30000 
2019-03-25 12:26:22,770 : INFO : 22087093 coupon user process 60000 
2019-03-25 12:26:22,998 : INFO : 22087093 coupon user process 90000 
2019-03-25 12:26:23,073 : INFO : 22087095 coupon user process 0 
2019-03-25 12:26:23,309 : INFO : 22087095 coupon user process 30000 
2019-03-25 12:26:23,511 : INFO : 22087095 coupon user process 60000 
2019-03-25 12:26:23,713 : INFO : 22087095 coupon user process 90000 
2019-03-25 12:26:23,792 : INFO : 22087096 coupon user process 0 
2019-03-25 12:26:24,025 : INFO : 22087096 coupon user process 30000 
2019-03-25 12:26:24,235 : INFO : 22087096 coupon user process 60000 
2019-03-25 12:26:24,432 : INFO : 22087096 coupon user process 90000 
2019-03-25 12:26:24,502 : INFO : 22087097 coupon user process 0 
2019-03-25 12:26:25,231 : INFO : 22087097 coupon user process 30000 
2019-03-25 12:26:25,454 : INFO : 22087097 coupon user process 60000 
2019-03-25 12:26:25,676 : INFO : 22087097 coupon user process 90000 
2019-03-25 12:26:25,761 : INFO : 22087098 coupon user process 0 
2019-03-25 12:26:25,996 : INFO : 22087098 coupon user process 30000 
2019-03-25 12:26:26,201 : INFO : 22087098 coupon user process 60000 
2019-03-25 12:26:26,402 : INFO : 22087098 coupon user process 90000 
2019-03-25 12:26:26,474 : INFO : 22087100 coupon user process 0 
2019-03-25 12:26:26,770 : INFO : 22087100 coupon user process 30000 
2019-03-25 12:26:26,971 : INFO : 22087100 coupon user process 60000 
2019-03-25 12:26:27,186 : INFO : 22087100 coupon user process 90000 
2019-03-25 12:26:27,272 : INFO : 22087101 coupon user process 0 
2019-03-25 12:26:27,465 : INFO : 22087101 coupon user process 30000 
2019-03-25 12:26:27,671 : INFO : 22087101 coupon user process 60000 
2019-03-25 12:26:27,874 : INFO : 22087101 coupon user process 90000 
2019-03-25 12:26:27,953 : INFO : 22093119 coupon user process 0 
2019-03-25 12:26:28,150 : INFO : 22093119 coupon user process 30000 
2019-03-25 12:26:28,351 : INFO : 22093119 coupon user process 60000 
2019-03-25 12:26:28,565 : INFO : 22093119 coupon user process 90000 
2019-03-25 12:26:28,644 : INFO : 22094120 coupon user process 0 
2019-03-25 12:26:29,337 : INFO : 22094120 coupon user process 30000 
2019-03-25 12:26:29,553 : INFO : 22094120 coupon user process 60000 
2019-03-25 12:26:29,770 : INFO : 22094120 coupon user process 90000 
2019-03-25 12:26:29,845 : INFO : 22094123 coupon user process 0 
2019-03-25 12:26:30,416 : INFO : 22094123 coupon user process 30000 
2019-03-25 12:26:30,646 : INFO : 22094123 coupon user process 60000 
2019-03-25 12:26:30,881 : INFO : 22094123 coupon user process 90000 
2019-03-25 12:26:30,954 : INFO : 22094124 coupon user process 0 
2019-03-25 12:26:31,190 : INFO : 22094124 coupon user process 30000 
2019-03-25 12:26:31,420 : INFO : 22094124 coupon user process 60000 
2019-03-25 12:26:31,626 : INFO : 22094124 coupon user process 90000 
2019-03-25 12:26:31,699 : INFO : 22094125 coupon user process 0 
2019-03-25 12:26:31,903 : INFO : 22094125 coupon user process 30000 
2019-03-25 12:26:32,103 : INFO : 22094125 coupon user process 60000 
2019-03-25 12:26:32,309 : INFO : 22094125 coupon user process 90000 
2019-03-25 12:26:32,385 : INFO : 22094138 coupon user process 0 
2019-03-25 12:26:32,617 : INFO : 22094138 coupon user process 30000 
2019-03-25 12:26:32,821 : INFO : 22094138 coupon user process 60000 
2019-03-25 12:26:33,026 : INFO : 22094138 coupon user process 90000 
2019-03-25 12:26:33,097 : INFO : 22094139 coupon user process 0 
2019-03-25 12:26:33,291 : INFO : 22094139 coupon user process 30000 
2019-03-25 12:26:33,496 : INFO : 22094139 coupon user process 60000 
2019-03-25 12:26:33,706 : INFO : 22094139 coupon user process 90000 
2019-03-25 12:26:33,786 : INFO : 22094140 coupon user process 0 
2019-03-25 12:26:33,983 : INFO : 22094140 coupon user process 30000 
2019-03-25 12:26:34,201 : INFO : 22094140 coupon user process 60000 
2019-03-25 12:26:34,410 : INFO : 22094140 coupon user process 90000 
2019-03-25 12:26:34,481 : INFO : 22094141 coupon user process 0 
2019-03-25 12:26:34,679 : INFO : 22094141 coupon user process 30000 
2019-03-25 12:26:34,879 : INFO : 22094141 coupon user process 60000 
2019-03-25 12:26:35,090 : INFO : 22094141 coupon user process 90000 
2019-03-25 12:26:35,162 : INFO : 22095091 coupon user process 0 
2019-03-25 12:26:35,500 : INFO : 22095091 coupon user process 30000 
2019-03-25 12:26:35,709 : INFO : 22095091 coupon user process 60000 
2019-03-25 12:26:35,916 : INFO : 22095091 coupon user process 90000 
2019-03-25 12:26:36,002 : INFO : 22095092 coupon user process 0 
2019-03-25 12:26:36,251 : INFO : 22095092 coupon user process 30000 
2019-03-25 12:26:36,453 : INFO : 22095092 coupon user process 60000 
2019-03-25 12:26:36,659 : INFO : 22095092 coupon user process 90000 
2019-03-25 12:26:36,741 : INFO : 22095093 coupon user process 0 
2019-03-25 12:26:36,970 : INFO : 22095093 coupon user process 30000 
2019-03-25 12:26:37,174 : INFO : 22095093 coupon user process 60000 
2019-03-25 12:26:37,376 : INFO : 22095093 coupon user process 90000 
2019-03-25 12:26:37,454 : INFO : 22095096 coupon user process 0 
2019-03-25 12:26:37,699 : INFO : 22095096 coupon user process 30000 
2019-03-25 12:26:37,902 : INFO : 22095096 coupon user process 60000 
2019-03-25 12:26:38,108 : INFO : 22095096 coupon user process 90000 
2019-03-25 12:26:38,186 : INFO : 22095098 coupon user process 0 
2019-03-25 12:26:38,379 : INFO : 22095098 coupon user process 30000 
2019-03-25 12:26:38,581 : INFO : 22095098 coupon user process 60000 
2019-03-25 12:26:38,782 : INFO : 22095098 coupon user process 90000 
2019-03-25 12:26:38,865 : INFO : 22095101 coupon user process 0 
2019-03-25 12:26:39,356 : INFO : 22095101 coupon user process 30000 
2019-03-25 12:26:39,573 : INFO : 22095101 coupon user process 60000 
2019-03-25 12:26:39,793 : INFO : 22095101 coupon user process 90000 
2019-03-25 12:26:39,882 : INFO : 22095103 coupon user process 0 
2019-03-25 12:26:40,135 : INFO : 22095103 coupon user process 30000 
2019-03-25 12:26:40,346 : INFO : 22095103 coupon user process 60000 
2019-03-25 12:26:40,554 : INFO : 22095103 coupon user process 90000 
2019-03-25 12:26:40,627 : INFO : 22095106 coupon user process 0 
2019-03-25 12:26:40,859 : INFO : 22095106 coupon user process 30000 
2019-03-25 12:26:41,062 : INFO : 22095106 coupon user process 60000 
2019-03-25 12:26:41,277 : INFO : 22095106 coupon user process 90000 
2019-03-25 12:26:41,355 : INFO : 22095108 coupon user process 0 
2019-03-25 12:26:41,589 : INFO : 22095108 coupon user process 30000 
2019-03-25 12:26:41,791 : INFO : 22095108 coupon user process 60000 
2019-03-25 12:26:41,999 : INFO : 22095108 coupon user process 90000 
2019-03-25 12:26:42,071 : INFO : 22095109 coupon user process 0 
2019-03-25 12:26:42,318 : INFO : 22095109 coupon user process 30000 
2019-03-25 12:26:42,516 : INFO : 22095109 coupon user process 60000 
2019-03-25 12:26:42,722 : INFO : 22095109 coupon user process 90000 
2019-03-25 12:26:42,795 : INFO : 22095110 coupon user process 0 
2019-03-25 12:26:43,101 : INFO : 22095110 coupon user process 30000 
2019-03-25 12:26:43,330 : INFO : 22095110 coupon user process 60000 
2019-03-25 12:26:43,541 : INFO : 22095110 coupon user process 90000 
2019-03-25 12:26:43,614 : INFO : 22095111 coupon user process 0 
2019-03-25 12:26:43,850 : INFO : 22095111 coupon user process 30000 
2019-03-25 12:26:44,053 : INFO : 22095111 coupon user process 60000 
2019-03-25 12:26:44,256 : INFO : 22095111 coupon user process 90000 
2019-03-25 12:26:44,335 : INFO : 22095112 coupon user process 0 
2019-03-25 12:26:44,533 : INFO : 22095112 coupon user process 30000 
2019-03-25 12:26:44,750 : INFO : 22095112 coupon user process 60000 
2019-03-25 12:26:44,956 : INFO : 22095112 coupon user process 90000 
2019-03-25 12:26:45,033 : INFO : 22095137 coupon user process 0 
2019-03-25 12:26:45,306 : INFO : 22095137 coupon user process 30000 
2019-03-25 12:26:45,529 : INFO : 22095137 coupon user process 60000 
2019-03-25 12:26:45,759 : INFO : 22095137 coupon user process 90000 
2019-03-25 12:26:45,847 : INFO : 22095138 coupon user process 0 
2019-03-25 12:26:46,414 : INFO : 22095138 coupon user process 30000 
2019-03-25 12:26:46,693 : INFO : 22095138 coupon user process 60000 
2019-03-25 12:26:46,942 : INFO : 22095138 coupon user process 90000 
2019-03-25 12:26:47,020 : INFO : 22095140 coupon user process 0 
2019-03-25 12:26:47,269 : INFO : 22095140 coupon user process 30000 
2019-03-25 12:26:47,519 : INFO : 22095140 coupon user process 60000 
2019-03-25 12:26:47,721 : INFO : 22095140 coupon user process 90000 
2019-03-25 12:26:47,804 : INFO : 22095141 coupon user process 0 
2019-03-25 12:26:49,171 : INFO : 22095141 coupon user process 30000 
2019-03-25 12:26:49,416 : INFO : 22095141 coupon user process 60000 
2019-03-25 12:26:49,664 : INFO : 22095141 coupon user process 90000 
2019-03-25 12:26:49,741 : INFO : 22095142 coupon user process 0 
2019-03-25 12:26:50,151 : INFO : 22095142 coupon user process 30000 
2019-03-25 12:26:50,368 : INFO : 22095142 coupon user process 60000 
2019-03-25 12:26:50,605 : INFO : 22095142 coupon user process 90000 
2019-03-25 12:26:50,687 : INFO : 22095165 coupon user process 0 
2019-03-25 12:26:51,174 : INFO : 22095165 coupon user process 30000 
2019-03-25 12:26:51,389 : INFO : 22095165 coupon user process 60000 
2019-03-25 12:26:51,604 : INFO : 22095165 coupon user process 90000 
2019-03-25 12:26:51,680 : INFO : 22105096 coupon user process 0 
2019-03-25 12:26:51,912 : INFO : 22105096 coupon user process 30000 
2019-03-25 12:26:52,125 : INFO : 22105096 coupon user process 60000 
2019-03-25 12:26:52,333 : INFO : 22105096 coupon user process 90000 
2019-03-25 12:26:52,412 : INFO : 22109092 coupon user process 0 
2019-03-25 12:26:54,013 : INFO : 22109092 coupon user process 30000 
2019-03-25 12:26:54,289 : INFO : 22109092 coupon user process 60000 
2019-03-25 12:26:54,575 : INFO : 22109092 coupon user process 90000 
2019-03-25 12:26:54,648 : INFO : 22109098 coupon user process 0 
2019-03-25 12:26:54,889 : INFO : 22109098 coupon user process 30000 
2019-03-25 12:26:55,109 : INFO : 22109098 coupon user process 60000 
2019-03-25 12:26:55,356 : INFO : 22109098 coupon user process 90000 
2019-03-25 12:26:55,432 : INFO : 22113091 coupon user process 0 
2019-03-25 12:26:55,688 : INFO : 22113091 coupon user process 30000 
2019-03-25 12:26:55,913 : INFO : 22113091 coupon user process 60000 
2019-03-25 12:26:56,144 : INFO : 22113091 coupon user process 90000 
2019-03-25 12:26:56,257 : INFO : 22113092 coupon user process 0 
2019-03-25 12:26:56,764 : INFO : 22113092 coupon user process 30000 
2019-03-25 12:26:56,980 : INFO : 22113092 coupon user process 60000 
2019-03-25 12:26:57,202 : INFO : 22113092 coupon user process 90000 
2019-03-25 12:26:57,295 : INFO : 22113093 coupon user process 0 
2019-03-25 12:27:19,500 : INFO : 22113093 coupon user process 30000 
2019-03-25 12:27:20,424 : INFO : 22113093 coupon user process 60000 
2019-03-25 12:27:21,401 : INFO : 22113093 coupon user process 90000 
2019-03-25 12:27:21,616 : INFO : 22113099 coupon user process 0 
2019-03-25 12:27:22,134 : INFO : 22113099 coupon user process 30000 
2019-03-25 12:27:22,361 : INFO : 22113099 coupon user process 60000 
2019-03-25 12:27:22,591 : INFO : 22113099 coupon user process 90000 
2019-03-25 12:27:22,675 : INFO : 22113101 coupon user process 0 
2019-03-25 12:27:22,917 : INFO : 22113101 coupon user process 30000 
2019-03-25 12:27:23,127 : INFO : 22113101 coupon user process 60000 
2019-03-25 12:27:23,345 : INFO : 22113101 coupon user process 90000 
2019-03-25 12:27:23,422 : INFO : 22113104 coupon user process 0 
2019-03-25 12:27:24,861 : INFO : 22113104 coupon user process 30000 
2019-03-25 12:27:25,150 : INFO : 22113104 coupon user process 60000 
2019-03-25 12:27:25,420 : INFO : 22113104 coupon user process 90000 
2019-03-25 12:27:25,502 : INFO : 22113106 coupon user process 0 
2019-03-25 12:27:25,821 : INFO : 22113106 coupon user process 30000 
2019-03-25 12:27:26,029 : INFO : 22113106 coupon user process 60000 
2019-03-25 12:27:26,265 : INFO : 22113106 coupon user process 90000 
2019-03-25 12:27:26,335 : INFO : 22113114 coupon user process 0 
2019-03-25 12:27:28,028 : INFO : 22113114 coupon user process 30000 
2019-03-25 12:27:28,289 : INFO : 22113114 coupon user process 60000 
2019-03-25 12:27:28,541 : INFO : 22113114 coupon user process 90000 
2019-03-25 12:27:28,626 : INFO : 22114091 coupon user process 0 
2019-03-25 12:27:29,280 : INFO : 22114091 coupon user process 30000 
2019-03-25 12:27:29,501 : INFO : 22114091 coupon user process 60000 
2019-03-25 12:27:29,728 : INFO : 22114091 coupon user process 90000 
2019-03-25 12:27:29,810 : INFO : 22114095 coupon user process 0 
2019-03-25 12:27:30,532 : INFO : 22114095 coupon user process 30000 
2019-03-25 12:27:30,757 : INFO : 22114095 coupon user process 60000 
2019-03-25 12:27:30,983 : INFO : 22114095 coupon user process 90000 
2019-03-25 12:27:31,080 : INFO : 22115089 coupon user process 0 
2019-03-25 12:27:31,775 : INFO : 22115089 coupon user process 30000 
2019-03-25 12:27:31,992 : INFO : 22115089 coupon user process 60000 
2019-03-25 12:27:32,228 : INFO : 22115089 coupon user process 90000 
2019-03-25 12:27:32,318 : INFO : 22115090 coupon user process 0 
2019-03-25 12:27:32,738 : INFO : 22115090 coupon user process 30000 
2019-03-25 12:27:32,964 : INFO : 22115090 coupon user process 60000 
2019-03-25 12:27:33,197 : INFO : 22115090 coupon user process 90000 
2019-03-25 12:27:33,276 : INFO : 22115091 coupon user process 0 
2019-03-25 12:27:33,655 : INFO : 22115091 coupon user process 30000 
2019-03-25 12:27:33,867 : INFO : 22115091 coupon user process 60000 
2019-03-25 12:27:34,107 : INFO : 22115091 coupon user process 90000 
2019-03-25 12:27:34,181 : INFO : 22115092 coupon user process 0 
2019-03-25 12:27:34,934 : INFO : 22115092 coupon user process 30000 
2019-03-25 12:27:35,182 : INFO : 22115092 coupon user process 60000 
2019-03-25 12:27:35,443 : INFO : 22115092 coupon user process 90000 
2019-03-25 12:27:35,562 : INFO : 22115093 coupon user process 0 
2019-03-25 12:27:35,811 : INFO : 22115093 coupon user process 30000 
2019-03-25 12:27:36,025 : INFO : 22115093 coupon user process 60000 
2019-03-25 12:27:36,238 : INFO : 22115093 coupon user process 90000 
2019-03-25 12:27:36,326 : INFO : 22115094 coupon user process 0 
2019-03-25 12:27:41,408 : INFO : 22115094 coupon user process 30000 
2019-03-25 12:27:41,795 : INFO : 22115094 coupon user process 60000 
2019-03-25 12:27:42,242 : INFO : 22115094 coupon user process 90000 
2019-03-25 12:27:42,407 : INFO : 22115095 coupon user process 0 
2019-03-25 12:27:48,990 : INFO : 22115095 coupon user process 30000 
2019-03-25 12:27:49,445 : INFO : 22115095 coupon user process 60000 
2019-03-25 12:27:49,916 : INFO : 22115095 coupon user process 90000 
2019-03-25 12:27:50,055 : INFO : 22122089 coupon user process 0 
2019-03-25 12:27:50,457 : INFO : 22122089 coupon user process 30000 
2019-03-25 12:27:50,753 : INFO : 22122089 coupon user process 60000 
2019-03-25 12:27:51,022 : INFO : 22122089 coupon user process 90000 
2019-03-25 12:27:51,113 : INFO : 22122090 coupon user process 0 
2019-03-25 12:27:51,356 : INFO : 22122090 coupon user process 30000 
2019-03-25 12:27:51,592 : INFO : 22122090 coupon user process 60000 
2019-03-25 12:27:51,820 : INFO : 22122090 coupon user process 90000 
2019-03-25 12:27:51,901 : INFO : 22122092 coupon user process 0 
2019-03-25 12:27:52,148 : INFO : 22122092 coupon user process 30000 
2019-03-25 12:27:52,361 : INFO : 22122092 coupon user process 60000 
2019-03-25 12:27:52,564 : INFO : 22122092 coupon user process 90000 
2019-03-25 12:27:52,640 : INFO : 22122093 coupon user process 0 
2019-03-25 12:27:56,570 : INFO : 22122093 coupon user process 30000 
2019-03-25 12:27:56,907 : INFO : 22122093 coupon user process 60000 
2019-03-25 12:27:57,236 : INFO : 22122093 coupon user process 90000 
2019-03-25 12:27:57,342 : INFO : 22122094 coupon user process 0 
2019-03-25 12:27:58,280 : INFO : 22122094 coupon user process 30000 
2019-03-25 12:27:58,507 : INFO : 22122094 coupon user process 60000 
2019-03-25 12:27:58,760 : INFO : 22122094 coupon user process 90000 
2019-03-25 12:27:58,835 : INFO : 22122095 coupon user process 0 
2019-03-25 12:27:59,034 : INFO : 22122095 coupon user process 30000 
2019-03-25 12:27:59,240 : INFO : 22122095 coupon user process 60000 
2019-03-25 12:27:59,455 : INFO : 22122095 coupon user process 90000 
2019-03-25 12:27:59,532 : INFO : 22122096 coupon user process 0 
2019-03-25 12:27:59,774 : INFO : 22122096 coupon user process 30000 
2019-03-25 12:27:59,988 : INFO : 22122096 coupon user process 60000 
2019-03-25 12:28:00,202 : INFO : 22122096 coupon user process 90000 
2019-03-25 12:28:00,270 : INFO : 22122097 coupon user process 0 
2019-03-25 12:28:00,533 : INFO : 22122097 coupon user process 30000 
2019-03-25 12:28:00,736 : INFO : 22122097 coupon user process 60000 
2019-03-25 12:28:00,939 : INFO : 22122097 coupon user process 90000 
2019-03-25 12:28:01,010 : INFO : 22122098 coupon user process 0 
2019-03-25 12:28:01,212 : INFO : 22122098 coupon user process 30000 
2019-03-25 12:28:01,416 : INFO : 22122098 coupon user process 60000 
2019-03-25 12:28:01,619 : INFO : 22122098 coupon user process 90000 
2019-03-25 12:28:01,698 : INFO : 22122099 coupon user process 0 
2019-03-25 12:28:01,899 : INFO : 22122099 coupon user process 30000 
2019-03-25 12:28:02,095 : INFO : 22122099 coupon user process 60000 
2019-03-25 12:28:02,303 : INFO : 22122099 coupon user process 90000 
2019-03-25 12:28:02,390 : INFO : 22122100 coupon user process 0 
2019-03-25 12:28:02,636 : INFO : 22122100 coupon user process 30000 
2019-03-25 12:28:02,845 : INFO : 22122100 coupon user process 60000 
2019-03-25 12:28:03,052 : INFO : 22122100 coupon user process 90000 
2019-03-25 12:28:03,124 : INFO : 22122102 coupon user process 0 
2019-03-25 12:28:03,540 : INFO : 22122102 coupon user process 30000 
2019-03-25 12:28:03,752 : INFO : 22122102 coupon user process 60000 
2019-03-25 12:28:03,966 : INFO : 22122102 coupon user process 90000 
2019-03-25 12:28:04,044 : INFO : 22124093 coupon user process 0 
2019-03-25 12:28:04,492 : INFO : 22124093 coupon user process 30000 
2019-03-25 12:28:04,706 : INFO : 22124093 coupon user process 60000 
2019-03-25 12:28:04,919 : INFO : 22124093 coupon user process 90000 
2019-03-25 12:28:05,000 : INFO : 22129089 coupon user process 0 
2019-03-25 12:28:11,357 : INFO : 22129089 coupon user process 30000 
2019-03-25 12:28:11,738 : INFO : 22129089 coupon user process 60000 
2019-03-25 12:28:12,124 : INFO : 22129089 coupon user process 90000 
2019-03-25 12:28:12,233 : INFO : 22130089 coupon user process 0 
2019-03-25 12:28:12,847 : INFO : 22130089 coupon user process 30000 
2019-03-25 12:28:13,067 : INFO : 22130089 coupon user process 60000 
2019-03-25 12:28:13,292 : INFO : 22130089 coupon user process 90000 
2019-03-25 12:28:13,367 : INFO : 22136091 coupon user process 0 
2019-03-25 12:28:13,574 : INFO : 22136091 coupon user process 30000 
2019-03-25 12:28:13,783 : INFO : 22136091 coupon user process 60000 
2019-03-25 12:28:13,985 : INFO : 22136091 coupon user process 90000 
2019-03-25 12:28:14,056 : INFO : 22136092 coupon user process 0 
2019-03-25 12:28:14,677 : INFO : 22136092 coupon user process 30000 
2019-03-25 12:28:14,897 : INFO : 22136092 coupon user process 60000 
2019-03-25 12:28:15,114 : INFO : 22136092 coupon user process 90000 
2019-03-25 12:28:15,193 : INFO : 22136093 coupon user process 0 
2019-03-25 12:28:15,501 : INFO : 22136093 coupon user process 30000 
2019-03-25 12:28:15,710 : INFO : 22136093 coupon user process 60000 
2019-03-25 12:28:15,917 : INFO : 22136093 coupon user process 90000 
2019-03-25 12:28:16,001 : INFO : 22136094 coupon user process 0 
2019-03-25 12:28:16,234 : INFO : 22136094 coupon user process 30000 
2019-03-25 12:28:16,432 : INFO : 22136094 coupon user process 60000 
2019-03-25 12:28:16,633 : INFO : 22136094 coupon user process 90000 
2019-03-25 12:28:16,708 : INFO : 22136095 coupon user process 0 
2019-03-25 12:28:16,905 : INFO : 22136095 coupon user process 30000 
2019-03-25 12:28:17,108 : INFO : 22136095 coupon user process 60000 
2019-03-25 12:28:17,317 : INFO : 22136095 coupon user process 90000 
2019-03-25 12:28:17,388 : INFO : 22136097 coupon user process 0 
2019-03-25 12:28:17,588 : INFO : 22136097 coupon user process 30000 
2019-03-25 12:28:17,795 : INFO : 22136097 coupon user process 60000 
2019-03-25 12:28:17,998 : INFO : 22136097 coupon user process 90000 
2019-03-25 12:28:18,077 : INFO : 22136101 coupon user process 0 
2019-03-25 12:28:18,275 : INFO : 22136101 coupon user process 30000 
2019-03-25 12:28:18,485 : INFO : 22136101 coupon user process 60000 
2019-03-25 12:28:18,696 : INFO : 22136101 coupon user process 90000 
2019-03-25 12:28:18,770 : INFO : 22136102 coupon user process 0 
2019-03-25 12:28:18,967 : INFO : 22136102 coupon user process 30000 
2019-03-25 12:28:19,171 : INFO : 22136102 coupon user process 60000 
2019-03-25 12:28:19,376 : INFO : 22136102 coupon user process 90000 
2019-03-25 12:28:19,449 : INFO : 22137105 coupon user process 0 
2019-03-25 12:28:19,647 : INFO : 22137105 coupon user process 30000 
2019-03-25 12:28:19,842 : INFO : 22137105 coupon user process 60000 
2019-03-25 12:28:20,055 : INFO : 22137105 coupon user process 90000 
2019-03-25 12:28:20,130 : INFO : 22137106 coupon user process 0 
2019-03-25 12:28:20,375 : INFO : 22137106 coupon user process 30000 
2019-03-25 12:28:20,575 : INFO : 22137106 coupon user process 60000 
2019-03-25 12:28:20,773 : INFO : 22137106 coupon user process 90000 
2019-03-25 12:28:20,856 : INFO : 22137107 coupon user process 0 
2019-03-25 12:28:21,084 : INFO : 22137107 coupon user process 30000 
2019-03-25 12:28:21,290 : INFO : 22137107 coupon user process 60000 
2019-03-25 12:28:21,492 : INFO : 22137107 coupon user process 90000 
2019-03-25 12:28:21,572 : INFO : 22137110 coupon user process 0 
2019-03-25 12:28:21,770 : INFO : 22137110 coupon user process 30000 
2019-03-25 12:28:21,979 : INFO : 22137110 coupon user process 60000 
2019-03-25 12:28:22,235 : INFO : 22137110 coupon user process 90000 
2019-03-25 12:28:22,313 : INFO : 22137111 coupon user process 0 
2019-03-25 12:28:22,515 : INFO : 22137111 coupon user process 30000 
2019-03-25 12:28:22,731 : INFO : 22137111 coupon user process 60000 
2019-03-25 12:28:22,988 : INFO : 22137111 coupon user process 90000 
2019-03-25 12:28:23,065 : INFO : 22142089 coupon user process 0 
2019-03-25 12:28:23,583 : INFO : 22142089 coupon user process 30000 
2019-03-25 12:28:23,808 : INFO : 22142089 coupon user process 60000 
2019-03-25 12:28:24,057 : INFO : 22142089 coupon user process 90000 
2019-03-25 12:28:24,130 : INFO : 22148098 coupon user process 0 
2019-03-25 12:28:24,381 : INFO : 22148098 coupon user process 30000 
2019-03-25 12:28:24,592 : INFO : 22148098 coupon user process 60000 
2019-03-25 12:28:24,808 : INFO : 22148098 coupon user process 90000 
2019-03-25 12:28:24,881 : INFO : 22148106 coupon user process 0 
2019-03-25 12:28:25,176 : INFO : 22148106 coupon user process 30000 
2019-03-25 12:28:25,394 : INFO : 22148106 coupon user process 60000 
2019-03-25 12:28:25,599 : INFO : 22148106 coupon user process 90000 
2019-03-25 12:28:25,688 : INFO : 22149094 coupon user process 0 
2019-03-25 12:29:10,359 : INFO : 22149094 coupon user process 30000 
2019-03-25 12:29:12,746 : INFO : 22149094 coupon user process 60000 
2019-03-25 12:29:15,518 : INFO : 22149094 coupon user process 90000 
2019-03-25 12:29:15,916 : INFO : 22149099 coupon user process 0 
2019-03-25 12:29:32,608 : INFO : 22149099 coupon user process 30000 
2019-03-25 12:29:33,718 : INFO : 22149099 coupon user process 60000 
2019-03-25 12:29:34,661 : INFO : 22149099 coupon user process 90000 
2019-03-25 12:29:34,990 : INFO : coupon process 100
2019-03-25 12:29:35,025 : INFO : 22150090 coupon user process 0 
2019-03-25 12:29:35,353 : INFO : 22150090 coupon user process 30000 
2019-03-25 12:29:35,594 : INFO : 22150090 coupon user process 60000 
2019-03-25 12:29:35,820 : INFO : 22150090 coupon user process 90000 
2019-03-25 12:29:35,897 : INFO : 22154089 coupon user process 0 
2019-03-25 12:29:37,194 : INFO : 22154089 coupon user process 30000 
2019-03-25 12:29:37,472 : INFO : 22154089 coupon user process 60000 
2019-03-25 12:29:37,721 : INFO : 22154089 coupon user process 90000 
2019-03-25 12:29:37,805 : INFO : 22154101 coupon user process 0 
2019-03-25 12:29:38,002 : INFO : 22154101 coupon user process 30000 
2019-03-25 12:29:38,209 : INFO : 22154101 coupon user process 60000 
2019-03-25 12:29:38,410 : INFO : 22154101 coupon user process 90000 
2019-03-25 12:29:38,484 : INFO : 22154120 coupon user process 0 
2019-03-25 12:29:40,928 : INFO : 22154120 coupon user process 30000 
2019-03-25 12:29:41,280 : INFO : 22154120 coupon user process 60000 
2019-03-25 12:29:41,592 : INFO : 22154120 coupon user process 90000 
2019-03-25 12:29:41,694 : INFO : 22154122 coupon user process 0 
2019-03-25 12:29:43,647 : INFO : 22154122 coupon user process 30000 
2019-03-25 12:29:43,923 : INFO : 22154122 coupon user process 60000 
2019-03-25 12:29:44,197 : INFO : 22154122 coupon user process 90000 
2019-03-25 12:29:44,301 : INFO : 22155092 coupon user process 0 
2019-03-25 12:29:44,612 : INFO : 22155092 coupon user process 30000 
2019-03-25 12:29:44,861 : INFO : 22155092 coupon user process 60000 
2019-03-25 12:29:45,146 : INFO : 22155092 coupon user process 90000 
2019-03-25 12:29:45,217 : INFO : 22155096 coupon user process 0 
2019-03-25 12:29:45,607 : INFO : 22155096 coupon user process 30000 
2019-03-25 12:29:45,851 : INFO : 22155096 coupon user process 60000 
2019-03-25 12:29:46,194 : INFO : 22155096 coupon user process 90000 
2019-03-25 12:29:46,277 : INFO : 22159090 coupon user process 0 
2019-03-25 12:29:46,652 : INFO : 22159090 coupon user process 30000 
2019-03-25 12:29:46,981 : INFO : 22159090 coupon user process 60000 
2019-03-25 12:29:47,206 : INFO : 22159090 coupon user process 90000 
2019-03-25 12:29:47,295 : INFO : 22159093 coupon user process 0 
2019-03-25 12:29:51,253 : INFO : 22159093 coupon user process 30000 
2019-03-25 12:29:51,580 : INFO : 22159093 coupon user process 60000 
2019-03-25 12:29:51,906 : INFO : 22159093 coupon user process 90000 
2019-03-25 12:29:52,008 : INFO : 22161090 coupon user process 0 
2019-03-25 12:29:57,742 : INFO : 22161090 coupon user process 30000 
2019-03-25 12:29:58,151 : INFO : 22161090 coupon user process 60000 
2019-03-25 12:29:58,642 : INFO : 22161090 coupon user process 90000 
2019-03-25 12:29:58,787 : INFO : 22164090 coupon user process 0 
2019-03-25 12:30:01,658 : INFO : 22164090 coupon user process 30000 
2019-03-25 12:30:01,948 : INFO : 22164090 coupon user process 60000 
2019-03-25 12:30:02,237 : INFO : 22164090 coupon user process 90000 
2019-03-25 12:30:02,358 : INFO : 22164119 coupon user process 0 
2019-03-25 12:30:03,837 : INFO : 22164119 coupon user process 30000 
2019-03-25 12:30:04,151 : INFO : 22164119 coupon user process 60000 
2019-03-25 12:30:04,570 : INFO : 22164119 coupon user process 90000 
2019-03-25 12:30:04,667 : INFO : 22164120 coupon user process 0 
2019-03-25 12:30:05,250 : INFO : 22164120 coupon user process 30000 
2019-03-25 12:30:05,803 : INFO : 22164120 coupon user process 60000 
2019-03-25 12:30:06,026 : INFO : 22164120 coupon user process 90000 
2019-03-25 12:30:06,149 : INFO : 22164121 coupon user process 0 
2019-03-25 12:30:06,923 : INFO : 22164121 coupon user process 30000 
2019-03-25 12:30:07,188 : INFO : 22164121 coupon user process 60000 
2019-03-25 12:30:07,612 : INFO : 22164121 coupon user process 90000 
2019-03-25 12:30:07,858 : INFO : 22164122 coupon user process 0 
2019-03-25 12:30:08,415 : INFO : 22164122 coupon user process 30000 
2019-03-25 12:30:08,695 : INFO : 22164122 coupon user process 60000 
2019-03-25 12:30:09,070 : INFO : 22164122 coupon user process 90000 
2019-03-25 12:30:09,160 : INFO : 22164123 coupon user process 0 
2019-03-25 12:30:09,473 : INFO : 22164123 coupon user process 30000 
2019-03-25 12:30:09,813 : INFO : 22164123 coupon user process 60000 
2019-03-25 12:30:10,058 : INFO : 22164123 coupon user process 90000 
2019-03-25 12:30:10,190 : INFO : 22164129 coupon user process 0 
2019-03-25 12:30:10,479 : INFO : 22164129 coupon user process 30000 
2019-03-25 12:30:10,936 : INFO : 22164129 coupon user process 60000 
2019-03-25 12:30:11,486 : INFO : 22164129 coupon user process 90000 
2019-03-25 12:30:11,575 : INFO : 22164132 coupon user process 0 
2019-03-25 12:30:12,048 : INFO : 22164132 coupon user process 30000 
2019-03-25 12:30:12,268 : INFO : 22164132 coupon user process 60000 
2019-03-25 12:30:12,480 : INFO : 22164132 coupon user process 90000 
2019-03-25 12:30:12,565 : INFO : 22168095 coupon user process 0 
2019-03-25 12:30:23,404 : INFO : 22168095 coupon user process 30000 
2019-03-25 12:30:23,959 : INFO : 22168095 coupon user process 60000 
2019-03-25 12:30:24,503 : INFO : 22168095 coupon user process 90000 
2019-03-25 12:30:24,646 : INFO : 22168117 coupon user process 0 
2019-03-25 12:30:28,720 : INFO : 22168117 coupon user process 30000 
2019-03-25 12:30:29,058 : INFO : 22168117 coupon user process 60000 
2019-03-25 12:30:29,407 : INFO : 22168117 coupon user process 90000 
2019-03-25 12:30:29,513 : INFO : 22169100 coupon user process 0 
2019-03-25 12:30:29,801 : INFO : 22169100 coupon user process 30000 
2019-03-25 12:30:30,018 : INFO : 22169100 coupon user process 60000 
2019-03-25 12:30:30,273 : INFO : 22169100 coupon user process 90000 
2019-03-25 12:30:30,363 : INFO : 22169101 coupon user process 0 
2019-03-25 12:30:30,626 : INFO : 22169101 coupon user process 30000 
2019-03-25 12:30:30,905 : INFO : 22169101 coupon user process 60000 
2019-03-25 12:30:31,170 : INFO : 22169101 coupon user process 90000 
2019-03-25 12:30:31,262 : INFO : 22171095 coupon user process 0 
2019-03-25 12:30:31,524 : INFO : 22171095 coupon user process 30000 
2019-03-25 12:30:31,733 : INFO : 22171095 coupon user process 60000 
2019-03-25 12:30:31,953 : INFO : 22171095 coupon user process 90000 
2019-03-25 12:30:32,025 : INFO : 22171105 coupon user process 0 
2019-03-25 12:30:32,335 : INFO : 22171105 coupon user process 30000 
2019-03-25 12:30:32,559 : INFO : 22171105 coupon user process 60000 
2019-03-25 12:30:32,784 : INFO : 22171105 coupon user process 90000 
2019-03-25 12:30:32,862 : INFO : 22171122 coupon user process 0 
2019-03-25 12:30:33,460 : INFO : 22171122 coupon user process 30000 
2019-03-25 12:30:33,700 : INFO : 22171122 coupon user process 60000 
2019-03-25 12:30:33,942 : INFO : 22171122 coupon user process 90000 
2019-03-25 12:30:34,030 : INFO : 22171124 coupon user process 0 
2019-03-25 12:30:34,280 : INFO : 22171124 coupon user process 30000 
2019-03-25 12:30:34,503 : INFO : 22171124 coupon user process 60000 
2019-03-25 12:30:34,714 : INFO : 22171124 coupon user process 90000 
2019-03-25 12:30:34,788 : INFO : 22172096 coupon user process 0 
2019-03-25 12:30:35,200 : INFO : 22172096 coupon user process 30000 
2019-03-25 12:30:35,416 : INFO : 22172096 coupon user process 60000 
2019-03-25 12:30:35,628 : INFO : 22172096 coupon user process 90000 
2019-03-25 12:30:35,701 : INFO : 22172100 coupon user process 0 
2019-03-25 12:30:35,963 : INFO : 22172100 coupon user process 30000 
2019-03-25 12:30:36,172 : INFO : 22172100 coupon user process 60000 
2019-03-25 12:30:36,389 : INFO : 22172100 coupon user process 90000 
2019-03-25 12:30:36,469 : INFO : 22173091 coupon user process 0 
2019-03-25 12:30:38,839 : INFO : 22173091 coupon user process 30000 
2019-03-25 12:30:39,117 : INFO : 22173091 coupon user process 60000 
2019-03-25 12:30:39,393 : INFO : 22173091 coupon user process 90000 
2019-03-25 12:30:39,487 : INFO : 22173120 coupon user process 0 
2019-03-25 12:30:43,690 : INFO : 22173120 coupon user process 30000 
2019-03-25 12:30:44,196 : INFO : 22173120 coupon user process 60000 
2019-03-25 12:30:44,798 : INFO : 22173120 coupon user process 90000 
2019-03-25 12:30:44,908 : INFO : 22173121 coupon user process 0 
2019-03-25 12:30:45,416 : INFO : 22173121 coupon user process 30000 
2019-03-25 12:30:45,735 : INFO : 22173121 coupon user process 60000 
2019-03-25 12:30:46,045 : INFO : 22173121 coupon user process 90000 
2019-03-25 12:30:46,132 : INFO : 22176090 coupon user process 0 
2019-03-25 12:30:46,915 : INFO : 22176090 coupon user process 30000 
2019-03-25 12:30:47,242 : INFO : 22176090 coupon user process 60000 
2019-03-25 12:30:47,537 : INFO : 22176090 coupon user process 90000 
2019-03-25 12:30:47,648 : INFO : 22176094 coupon user process 0 
2019-03-25 12:30:50,012 : INFO : 22176094 coupon user process 30000 
2019-03-25 12:30:50,294 : INFO : 22176094 coupon user process 60000 
2019-03-25 12:30:50,575 : INFO : 22176094 coupon user process 90000 
2019-03-25 12:30:50,663 : INFO : 22176105 coupon user process 0 
2019-03-25 12:30:50,899 : INFO : 22176105 coupon user process 30000 
2019-03-25 12:30:51,110 : INFO : 22176105 coupon user process 60000 
2019-03-25 12:30:51,317 : INFO : 22176105 coupon user process 90000 
2019-03-25 12:30:51,399 : INFO : 22178099 coupon user process 0 
2019-03-25 12:30:51,716 : INFO : 22178099 coupon user process 30000 
2019-03-25 12:30:51,938 : INFO : 22178099 coupon user process 60000 
2019-03-25 12:30:52,152 : INFO : 22178099 coupon user process 90000 
2019-03-25 12:30:52,234 : INFO : 22178111 coupon user process 0 
2019-03-25 12:30:52,431 : INFO : 22178111 coupon user process 30000 
2019-03-25 12:30:52,647 : INFO : 22178111 coupon user process 60000 
2019-03-25 12:30:52,856 : INFO : 22178111 coupon user process 90000 
2019-03-25 12:30:52,944 : INFO : 22178113 coupon user process 0 
2019-03-25 12:30:53,149 : INFO : 22178113 coupon user process 30000 
2019-03-25 12:30:53,361 : INFO : 22178113 coupon user process 60000 
2019-03-25 12:30:53,579 : INFO : 22178113 coupon user process 90000 
2019-03-25 12:30:53,666 : INFO : 22178115 coupon user process 0 
2019-03-25 12:30:53,975 : INFO : 22178115 coupon user process 30000 
2019-03-25 12:30:54,183 : INFO : 22178115 coupon user process 60000 
2019-03-25 12:30:54,386 : INFO : 22178115 coupon user process 90000 
2019-03-25 12:30:54,459 : INFO : 22178117 coupon user process 0 
2019-03-25 12:30:54,772 : INFO : 22178117 coupon user process 30000 
2019-03-25 12:30:54,979 : INFO : 22178117 coupon user process 60000 
2019-03-25 12:30:55,208 : INFO : 22178117 coupon user process 90000 
2019-03-25 12:30:55,282 : INFO : 22178119 coupon user process 0 
2019-03-25 12:30:55,596 : INFO : 22178119 coupon user process 30000 
2019-03-25 12:30:55,814 : INFO : 22178119 coupon user process 60000 
2019-03-25 12:30:56,035 : INFO : 22178119 coupon user process 90000 
2019-03-25 12:30:56,119 : INFO : 22178131 coupon user process 0 
2019-03-25 12:30:56,405 : INFO : 22178131 coupon user process 30000 
2019-03-25 12:30:56,615 : INFO : 22178131 coupon user process 60000 
2019-03-25 12:30:56,816 : INFO : 22178131 coupon user process 90000 
2019-03-25 12:30:56,889 : INFO : 22178177 coupon user process 0 
2019-03-25 12:30:58,638 : INFO : 22178177 coupon user process 30000 
2019-03-25 12:30:58,902 : INFO : 22178177 coupon user process 60000 
2019-03-25 12:30:59,195 : INFO : 22178177 coupon user process 90000 
2019-03-25 12:30:59,291 : INFO : 22178180 coupon user process 0 
2019-03-25 12:31:00,125 : INFO : 22178180 coupon user process 30000 
2019-03-25 12:31:00,356 : INFO : 22178180 coupon user process 60000 
2019-03-25 12:31:00,582 : INFO : 22178180 coupon user process 90000 
2019-03-25 12:31:00,656 : INFO : 22178181 coupon user process 0 
2019-03-25 12:31:00,968 : INFO : 22178181 coupon user process 30000 
2019-03-25 12:31:01,175 : INFO : 22178181 coupon user process 60000 
2019-03-25 12:31:01,387 : INFO : 22178181 coupon user process 90000 
2019-03-25 12:31:01,476 : INFO : 22178195 coupon user process 0 
2019-03-25 12:31:02,885 : INFO : 22178195 coupon user process 30000 
2019-03-25 12:31:03,203 : INFO : 22178195 coupon user process 60000 
2019-03-25 12:31:03,459 : INFO : 22178195 coupon user process 90000 
2019-03-25 12:31:03,553 : INFO : 22179091 coupon user process 0 
2019-03-25 12:31:03,973 : INFO : 22179091 coupon user process 30000 
2019-03-25 12:31:04,182 : INFO : 22179091 coupon user process 60000 
2019-03-25 12:31:04,393 : INFO : 22179091 coupon user process 90000 
2019-03-25 12:31:04,465 : INFO : 22179092 coupon user process 0 
2019-03-25 12:31:04,665 : INFO : 22179092 coupon user process 30000 
2019-03-25 12:31:04,868 : INFO : 22179092 coupon user process 60000 
2019-03-25 12:31:05,076 : INFO : 22179092 coupon user process 90000 
2019-03-25 12:31:05,162 : INFO : 22179094 coupon user process 0 
2019-03-25 12:31:13,536 : INFO : 22179094 coupon user process 30000 
2019-03-25 12:31:14,063 : INFO : 22179094 coupon user process 60000 
2019-03-25 12:31:14,610 : INFO : 22179094 coupon user process 90000 
2019-03-25 12:31:14,753 : INFO : 22183095 coupon user process 0 
2019-03-25 12:31:18,256 : INFO : 22183095 coupon user process 30000 
2019-03-25 12:31:18,771 : INFO : 22183095 coupon user process 60000 
2019-03-25 12:31:19,145 : INFO : 22183095 coupon user process 90000 
2019-03-25 12:31:19,241 : INFO : 22184097 coupon user process 0 
2019-03-25 12:31:19,457 : INFO : 22184097 coupon user process 30000 
2019-03-25 12:31:19,672 : INFO : 22184097 coupon user process 60000 
2019-03-25 12:31:19,898 : INFO : 22184097 coupon user process 90000 
2019-03-25 12:31:19,974 : INFO : 22184106 coupon user process 0 
2019-03-25 12:31:20,189 : INFO : 22184106 coupon user process 30000 
2019-03-25 12:31:20,413 : INFO : 22184106 coupon user process 60000 
2019-03-25 12:31:20,631 : INFO : 22184106 coupon user process 90000 
2019-03-25 12:31:20,703 : INFO : 22184107 coupon user process 0 
2019-03-25 12:31:20,917 : INFO : 22184107 coupon user process 30000 
2019-03-25 12:31:21,141 : INFO : 22184107 coupon user process 60000 
2019-03-25 12:31:21,374 : INFO : 22184107 coupon user process 90000 
2019-03-25 12:31:21,444 : INFO : 22189102 coupon user process 0 
2019-03-25 12:31:22,270 : INFO : 22189102 coupon user process 30000 
2019-03-25 12:31:22,515 : INFO : 22189102 coupon user process 60000 
2019-03-25 12:31:22,755 : INFO : 22189102 coupon user process 90000 
2019-03-25 12:31:22,830 : INFO : 22189106 coupon user process 0 
2019-03-25 12:31:23,075 : INFO : 22189106 coupon user process 30000 
2019-03-25 12:31:23,292 : INFO : 22189106 coupon user process 60000 
2019-03-25 12:31:23,504 : INFO : 22189106 coupon user process 90000 
2019-03-25 12:31:23,573 : INFO : 22189107 coupon user process 0 
2019-03-25 12:31:25,332 : INFO : 22189107 coupon user process 30000 
2019-03-25 12:31:25,596 : INFO : 22189107 coupon user process 60000 
2019-03-25 12:31:25,855 : INFO : 22189107 coupon user process 90000 
2019-03-25 12:31:25,934 : INFO : 22189108 coupon user process 0 
2019-03-25 12:31:26,170 : INFO : 22189108 coupon user process 30000 
2019-03-25 12:31:26,385 : INFO : 22189108 coupon user process 60000 
2019-03-25 12:31:26,593 : INFO : 22189108 coupon user process 90000 
2019-03-25 12:31:26,662 : INFO : 22189109 coupon user process 0 
2019-03-25 12:31:26,972 : INFO : 22189109 coupon user process 30000 
2019-03-25 12:31:27,180 : INFO : 22189109 coupon user process 60000 
2019-03-25 12:31:27,392 : INFO : 22189109 coupon user process 90000 
2019-03-25 12:31:27,477 : INFO : 22189110 coupon user process 0 
2019-03-25 12:31:29,088 : INFO : 22189110 coupon user process 30000 
2019-03-25 12:31:29,342 : INFO : 22189110 coupon user process 60000 
2019-03-25 12:31:29,591 : INFO : 22189110 coupon user process 90000 
2019-03-25 12:31:29,676 : INFO : 22189111 coupon user process 0 
2019-03-25 12:31:32,311 : INFO : 22189111 coupon user process 30000 
2019-03-25 12:31:32,590 : INFO : 22189111 coupon user process 60000 
2019-03-25 12:31:32,887 : INFO : 22189111 coupon user process 90000 
2019-03-25 12:31:32,989 : INFO : 22189112 coupon user process 0 
2019-03-25 12:31:33,922 : INFO : 22189112 coupon user process 30000 
2019-03-25 12:31:34,177 : INFO : 22189112 coupon user process 60000 
2019-03-25 12:31:34,467 : INFO : 22189112 coupon user process 90000 
2019-03-25 12:31:34,556 : INFO : 22189113 coupon user process 0 
2019-03-25 12:31:35,102 : INFO : 22189113 coupon user process 30000 
2019-03-25 12:31:35,342 : INFO : 22189113 coupon user process 60000 
2019-03-25 12:31:35,569 : INFO : 22189113 coupon user process 90000 
2019-03-25 12:31:35,656 : INFO : 22189114 coupon user process 0 
2019-03-25 12:31:35,998 : INFO : 22189114 coupon user process 30000 
2019-03-25 12:31:36,211 : INFO : 22189114 coupon user process 60000 
2019-03-25 12:31:36,423 : INFO : 22189114 coupon user process 90000 
2019-03-25 12:31:36,500 : INFO : 22189116 coupon user process 0 
2019-03-25 12:31:36,703 : INFO : 22189116 coupon user process 30000 
2019-03-25 12:31:36,913 : INFO : 22189116 coupon user process 60000 
2019-03-25 12:31:37,131 : INFO : 22189116 coupon user process 90000 
2019-03-25 12:31:37,212 : INFO : 22189117 coupon user process 0 
2019-03-25 12:31:38,469 : INFO : 22189117 coupon user process 30000 
2019-03-25 12:31:38,722 : INFO : 22189117 coupon user process 60000 
2019-03-25 12:31:38,974 : INFO : 22189117 coupon user process 90000 
2019-03-25 12:31:39,052 : INFO : 22189118 coupon user process 0 
2019-03-25 12:31:39,259 : INFO : 22189118 coupon user process 30000 
2019-03-25 12:31:39,470 : INFO : 22189118 coupon user process 60000 
2019-03-25 12:31:39,681 : INFO : 22189118 coupon user process 90000 
2019-03-25 12:31:39,756 : INFO : 22189119 coupon user process 0 
2019-03-25 12:31:40,030 : INFO : 22189119 coupon user process 30000 
2019-03-25 12:31:40,252 : INFO : 22189119 coupon user process 60000 
2019-03-25 12:31:40,468 : INFO : 22189119 coupon user process 90000 
2019-03-25 12:31:40,541 : INFO : 22189120 coupon user process 0 
2019-03-25 12:31:40,933 : INFO : 22189120 coupon user process 30000 
2019-03-25 12:31:41,141 : INFO : 22189120 coupon user process 60000 
2019-03-25 12:31:41,366 : INFO : 22189120 coupon user process 90000 
2019-03-25 12:31:41,443 : INFO : 22189121 coupon user process 0 
2019-03-25 12:31:41,761 : INFO : 22189121 coupon user process 30000 
2019-03-25 12:31:41,983 : INFO : 22189121 coupon user process 60000 
2019-03-25 12:31:42,213 : INFO : 22189121 coupon user process 90000 
2019-03-25 12:31:42,291 : INFO : 22189122 coupon user process 0 
2019-03-25 12:31:42,740 : INFO : 22189122 coupon user process 30000 
2019-03-25 12:31:42,967 : INFO : 22189122 coupon user process 60000 
2019-03-25 12:31:43,200 : INFO : 22189122 coupon user process 90000 
2019-03-25 12:31:43,275 : INFO : 22189125 coupon user process 0 
2019-03-25 12:31:43,496 : INFO : 22189125 coupon user process 30000 
2019-03-25 12:31:43,701 : INFO : 22189125 coupon user process 60000 
2019-03-25 12:31:43,908 : INFO : 22189125 coupon user process 90000 
2019-03-25 12:31:43,995 : INFO : 22189126 coupon user process 0 
2019-03-25 12:31:44,550 : INFO : 22189126 coupon user process 30000 
2019-03-25 12:31:44,770 : INFO : 22189126 coupon user process 60000 
2019-03-25 12:31:44,987 : INFO : 22189126 coupon user process 90000 
2019-03-25 12:31:45,072 : INFO : 22189127 coupon user process 0 
2019-03-25 12:31:45,451 : INFO : 22189127 coupon user process 30000 
2019-03-25 12:31:45,670 : INFO : 22189127 coupon user process 60000 
2019-03-25 12:31:45,888 : INFO : 22189127 coupon user process 90000 
2019-03-25 12:31:45,961 : INFO : 22189128 coupon user process 0 
2019-03-25 12:31:46,243 : INFO : 22189128 coupon user process 30000 
2019-03-25 12:31:46,472 : INFO : 22189128 coupon user process 60000 
2019-03-25 12:31:46,683 : INFO : 22189128 coupon user process 90000 
2019-03-25 12:31:46,754 : INFO : 22189129 coupon user process 0 
2019-03-25 12:31:47,588 : INFO : 22189129 coupon user process 30000 
2019-03-25 12:31:47,840 : INFO : 22189129 coupon user process 60000 
2019-03-25 12:31:48,099 : INFO : 22189129 coupon user process 90000 
2019-03-25 12:31:48,174 : INFO : 22189130 coupon user process 0 
2019-03-25 12:31:49,596 : INFO : 22189130 coupon user process 30000 
2019-03-25 12:31:49,852 : INFO : 22189130 coupon user process 60000 
2019-03-25 12:31:50,117 : INFO : 22189130 coupon user process 90000 
2019-03-25 12:31:50,202 : INFO : 22190094 coupon user process 0 
2019-03-25 12:31:52,807 : INFO : 22190094 coupon user process 30000 
2019-03-25 12:31:53,099 : INFO : 22190094 coupon user process 60000 
2019-03-25 12:31:53,391 : INFO : 22190094 coupon user process 90000 
2019-03-25 12:31:53,479 : INFO : 22190137 coupon user process 0 
2019-03-25 12:31:54,113 : INFO : 22190137 coupon user process 30000 
2019-03-25 12:31:54,330 : INFO : 22190137 coupon user process 60000 
2019-03-25 12:31:54,550 : INFO : 22190137 coupon user process 90000 
2019-03-25 12:31:54,629 : INFO : 22190139 coupon user process 0 
2019-03-25 12:31:54,897 : INFO : 22190139 coupon user process 30000 
2019-03-25 12:31:55,109 : INFO : 22190139 coupon user process 60000 
2019-03-25 12:31:55,341 : INFO : 22190139 coupon user process 90000 
2019-03-25 12:31:55,421 : INFO : 22190141 coupon user process 0 
2019-03-25 12:31:57,523 : INFO : 22190141 coupon user process 30000 
2019-03-25 12:31:57,795 : INFO : 22190141 coupon user process 60000 
2019-03-25 12:31:58,112 : INFO : 22190141 coupon user process 90000 
2019-03-25 12:31:58,217 : INFO : 22190144 coupon user process 0 
2019-03-25 12:32:04,513 : INFO : 22190144 coupon user process 30000 
2019-03-25 12:32:04,951 : INFO : 22190144 coupon user process 60000 
2019-03-25 12:32:05,377 : INFO : 22190144 coupon user process 90000 
2019-03-25 12:32:05,498 : INFO : 22190147 coupon user process 0 
2019-03-25 12:32:05,731 : INFO : 22190147 coupon user process 30000 
2019-03-25 12:32:05,957 : INFO : 22190147 coupon user process 60000 
2019-03-25 12:32:06,198 : INFO : 22190147 coupon user process 90000 
2019-03-25 12:32:06,279 : INFO : 22191096 coupon user process 0 
2019-03-25 12:32:06,587 : INFO : 22191096 coupon user process 30000 
2019-03-25 12:32:06,855 : INFO : 22191096 coupon user process 60000 
2019-03-25 12:32:07,092 : INFO : 22191096 coupon user process 90000 
2019-03-25 12:32:07,173 : INFO : 22193090 coupon user process 0 
2019-03-25 12:32:08,899 : INFO : 22193090 coupon user process 30000 
2019-03-25 12:32:09,159 : INFO : 22193090 coupon user process 60000 
2019-03-25 12:32:09,432 : INFO : 22193090 coupon user process 90000 
2019-03-25 12:32:09,515 : INFO : 22197089 coupon user process 0 
2019-03-25 12:32:09,838 : INFO : 22197089 coupon user process 30000 
2019-03-25 12:32:10,083 : INFO : 22197089 coupon user process 60000 
2019-03-25 12:32:10,302 : INFO : 22197089 coupon user process 90000 
2019-03-25 12:32:10,381 : INFO : 22197099 coupon user process 0 
2019-03-25 12:32:10,830 : INFO : 22197099 coupon user process 30000 
2019-03-25 12:32:11,152 : INFO : 22197099 coupon user process 60000 
2019-03-25 12:32:11,488 : INFO : 22197099 coupon user process 90000 
2019-03-25 12:32:11,633 : INFO : 22197101 coupon user process 0 
2019-03-25 12:32:15,189 : INFO : 22197101 coupon user process 30000 
2019-03-25 12:32:15,505 : INFO : 22197101 coupon user process 60000 
2019-03-25 12:32:15,836 : INFO : 22197101 coupon user process 90000 
2019-03-25 12:32:15,937 : INFO : 22197103 coupon user process 0 
2019-03-25 12:32:19,224 : INFO : 22197103 coupon user process 30000 
2019-03-25 12:32:19,541 : INFO : 22197103 coupon user process 60000 
2019-03-25 12:32:19,878 : INFO : 22197103 coupon user process 90000 
2019-03-25 12:32:19,990 : INFO : 22197106 coupon user process 0 
2019-03-25 12:32:20,362 : INFO : 22197106 coupon user process 30000 
2019-03-25 12:32:20,584 : INFO : 22197106 coupon user process 60000 
2019-03-25 12:32:20,809 : INFO : 22197106 coupon user process 90000 
2019-03-25 12:32:20,887 : INFO : 22198106 coupon user process 0 
2019-03-25 12:32:21,856 : INFO : 22198106 coupon user process 30000 
2019-03-25 12:32:22,124 : INFO : 22198106 coupon user process 60000 
2019-03-25 12:32:22,384 : INFO : 22198106 coupon user process 90000 
2019-03-25 12:32:22,477 : INFO : 22198112 coupon user process 0 
2019-03-25 12:32:22,942 : INFO : 22198112 coupon user process 30000 
2019-03-25 12:32:23,171 : INFO : 22198112 coupon user process 60000 
2019-03-25 12:32:23,392 : INFO : 22198112 coupon user process 90000 
2019-03-25 12:32:23,474 : INFO : 22198113 coupon user process 0 
2019-03-25 12:32:23,953 : INFO : 22198113 coupon user process 30000 
2019-03-25 12:32:24,180 : INFO : 22198113 coupon user process 60000 
2019-03-25 12:32:24,399 : INFO : 22198113 coupon user process 90000 
2019-03-25 12:32:24,477 : INFO : 22199091 coupon user process 0 
2019-03-25 12:32:24,708 : INFO : 22199091 coupon user process 30000 
2019-03-25 12:32:24,918 : INFO : 22199091 coupon user process 60000 
2019-03-25 12:32:25,137 : INFO : 22199091 coupon user process 90000 
2019-03-25 12:32:25,221 : INFO : 22199096 coupon user process 0 
2019-03-25 12:32:30,117 : INFO : 22199096 coupon user process 30000 
2019-03-25 12:32:30,509 : INFO : 22199096 coupon user process 60000 
2019-03-25 12:32:30,914 : INFO : 22199096 coupon user process 90000 
2019-03-25 12:32:31,026 : INFO : 22199097 coupon user process 0 
2019-03-25 12:32:31,271 : INFO : 22199097 coupon user process 30000 
2019-03-25 12:32:31,481 : INFO : 22199097 coupon user process 60000 
2019-03-25 12:32:31,691 : INFO : 22199097 coupon user process 90000 
2019-03-25 12:32:31,776 : INFO : 22199098 coupon user process 0 
2019-03-25 12:32:32,074 : INFO : 22199098 coupon user process 30000 
2019-03-25 12:32:32,296 : INFO : 22199098 coupon user process 60000 
2019-03-25 12:32:32,509 : INFO : 22199098 coupon user process 90000 
2019-03-25 12:32:32,623 : INFO : 22199099 coupon user process 0 
2019-03-25 12:32:49,607 : INFO : 22199099 coupon user process 30000 
2019-03-25 12:32:50,443 : INFO : 22199099 coupon user process 60000 
2019-03-25 12:32:51,290 : INFO : 22199099 coupon user process 90000 
2019-03-25 12:32:51,476 : INFO : 22199100 coupon user process 0 
2019-03-25 12:32:52,279 : INFO : 22199100 coupon user process 30000 
2019-03-25 12:32:52,511 : INFO : 22199100 coupon user process 60000 
2019-03-25 12:32:52,739 : INFO : 22199100 coupon user process 90000 
2019-03-25 12:32:52,820 : INFO : 22199101 coupon user process 0 
2019-03-25 12:32:53,831 : INFO : 22199101 coupon user process 30000 
2019-03-25 12:32:54,072 : INFO : 22199101 coupon user process 60000 
2019-03-25 12:32:54,345 : INFO : 22199101 coupon user process 90000 
2019-03-25 12:32:54,432 : INFO : 22199102 coupon user process 0 
2019-03-25 12:32:55,310 : INFO : 22199102 coupon user process 30000 
2019-03-25 12:32:55,545 : INFO : 22199102 coupon user process 60000 
2019-03-25 12:32:55,774 : INFO : 22199102 coupon user process 90000 
2019-03-25 12:32:55,869 : INFO : 22199103 coupon user process 0 
2019-03-25 12:32:56,719 : INFO : 22199103 coupon user process 30000 
2019-03-25 12:32:56,945 : INFO : 22199103 coupon user process 60000 
2019-03-25 12:32:57,184 : INFO : 22199103 coupon user process 90000 
2019-03-25 12:32:57,231 : INFO : coupon process 200
2019-03-25 12:32:57,267 : INFO : 22199104 coupon user process 0 
2019-03-25 12:33:02,001 : INFO : 22199104 coupon user process 30000 
2019-03-25 12:33:02,382 : INFO : 22199104 coupon user process 60000 
2019-03-25 12:33:02,771 : INFO : 22199104 coupon user process 90000 
2019-03-25 12:33:02,883 : INFO : 22199105 coupon user process 0 
2019-03-25 12:33:03,370 : INFO : 22199105 coupon user process 30000 
2019-03-25 12:33:03,583 : INFO : 22199105 coupon user process 60000 
2019-03-25 12:33:03,802 : INFO : 22199105 coupon user process 90000 
2019-03-25 12:33:03,881 : INFO : 22199106 coupon user process 0 
2019-03-25 12:33:04,405 : INFO : 22199106 coupon user process 30000 
2019-03-25 12:33:04,632 : INFO : 22199106 coupon user process 60000 
2019-03-25 12:33:04,861 : INFO : 22199106 coupon user process 90000 
2019-03-25 12:33:04,953 : INFO : 22199107 coupon user process 0 
2019-03-25 12:33:14,288 : INFO : 22199107 coupon user process 30000 
2019-03-25 12:33:14,892 : INFO : 22199107 coupon user process 60000 
2019-03-25 12:33:15,557 : INFO : 22199107 coupon user process 90000 
2019-03-25 12:33:15,711 : INFO : 22199108 coupon user process 0 
2019-03-25 12:33:16,140 : INFO : 22199108 coupon user process 30000 
2019-03-25 12:33:16,416 : INFO : 22199108 coupon user process 60000 
2019-03-25 12:33:16,687 : INFO : 22199108 coupon user process 90000 
2019-03-25 12:33:16,765 : INFO : 22199111 coupon user process 0 
2019-03-25 12:33:17,510 : INFO : 22199111 coupon user process 30000 
2019-03-25 12:33:17,746 : INFO : 22199111 coupon user process 60000 
2019-03-25 12:33:17,995 : INFO : 22199111 coupon user process 90000 
2019-03-25 12:33:18,071 : INFO : 22199112 coupon user process 0 
2019-03-25 12:33:18,684 : INFO : 22199112 coupon user process 30000 
2019-03-25 12:33:18,917 : INFO : 22199112 coupon user process 60000 
2019-03-25 12:33:19,289 : INFO : 22199112 coupon user process 90000 
2019-03-25 12:33:19,400 : INFO : 22199113 coupon user process 0 
2019-03-25 12:33:19,739 : INFO : 22199113 coupon user process 30000 
2019-03-25 12:33:19,977 : INFO : 22199113 coupon user process 60000 
2019-03-25 12:33:20,221 : INFO : 22199113 coupon user process 90000 
2019-03-25 12:33:20,419 : INFO : 22199115 coupon user process 0 
2019-03-25 12:33:20,816 : INFO : 22199115 coupon user process 30000 
2019-03-25 12:33:21,208 : INFO : 22199115 coupon user process 60000 
2019-03-25 12:33:21,431 : INFO : 22199115 coupon user process 90000 
2019-03-25 12:33:21,519 : INFO : 22199116 coupon user process 0 
2019-03-25 12:33:21,734 : INFO : 22199116 coupon user process 30000 
2019-03-25 12:33:22,222 : INFO : 22199116 coupon user process 60000 
2019-03-25 12:33:22,502 : INFO : 22199116 coupon user process 90000 
2019-03-25 12:33:22,611 : INFO : 22199117 coupon user process 0 
2019-03-25 12:33:22,988 : INFO : 22199117 coupon user process 30000 
2019-03-25 12:33:23,534 : INFO : 22199117 coupon user process 60000 
2019-03-25 12:33:23,768 : INFO : 22199117 coupon user process 90000 
2019-03-25 12:33:23,845 : INFO : 22199118 coupon user process 0 
2019-03-25 12:33:24,263 : INFO : 22199118 coupon user process 30000 
2019-03-25 12:33:24,492 : INFO : 22199118 coupon user process 60000 
2019-03-25 12:33:24,710 : INFO : 22199118 coupon user process 90000 
2019-03-25 12:33:24,797 : INFO : 22199120 coupon user process 0 
2019-03-25 12:33:25,105 : INFO : 22199120 coupon user process 30000 
2019-03-25 12:33:25,342 : INFO : 22199120 coupon user process 60000 
2019-03-25 12:33:25,616 : INFO : 22199120 coupon user process 90000 
2019-03-25 12:33:25,705 : INFO : 22200089 coupon user process 0 
2019-03-25 12:33:29,450 : INFO : 22200089 coupon user process 30000 
2019-03-25 12:33:29,854 : INFO : 22200089 coupon user process 60000 
2019-03-25 12:33:30,232 : INFO : 22200089 coupon user process 90000 
2019-03-25 12:33:30,375 : INFO : 22200091 coupon user process 0 
2019-03-25 12:33:30,683 : INFO : 22200091 coupon user process 30000 
2019-03-25 12:33:30,923 : INFO : 22200091 coupon user process 60000 
2019-03-25 12:33:31,163 : INFO : 22200091 coupon user process 90000 
2019-03-25 12:33:31,244 : INFO : 22200093 coupon user process 0 
2019-03-25 12:33:31,502 : INFO : 22200093 coupon user process 30000 
2019-03-25 12:33:31,753 : INFO : 22200093 coupon user process 60000 
2019-03-25 12:33:32,120 : INFO : 22200093 coupon user process 90000 
2019-03-25 12:33:32,194 : INFO : 22200132 coupon user process 0 
2019-03-25 12:33:32,587 : INFO : 22200132 coupon user process 30000 
2019-03-25 12:33:32,918 : INFO : 22200132 coupon user process 60000 
2019-03-25 12:33:33,253 : INFO : 22200132 coupon user process 90000 
2019-03-25 12:33:33,367 : INFO : 22200135 coupon user process 0 
2019-03-25 12:33:33,714 : INFO : 22200135 coupon user process 30000 
2019-03-25 12:33:34,182 : INFO : 22200135 coupon user process 60000 
2019-03-25 12:33:34,589 : INFO : 22200135 coupon user process 90000 
2019-03-25 12:33:34,705 : INFO : 22203092 coupon user process 0 
2019-03-25 12:33:35,123 : INFO : 22203092 coupon user process 30000 
2019-03-25 12:33:35,436 : INFO : 22203092 coupon user process 60000 
2019-03-25 12:33:35,718 : INFO : 22203092 coupon user process 90000 
2019-03-25 12:33:35,805 : INFO : 22203106 coupon user process 0 
2019-03-25 12:33:39,873 : INFO : 22203106 coupon user process 30000 
2019-03-25 12:33:40,208 : INFO : 22203106 coupon user process 60000 
2019-03-25 12:33:40,542 : INFO : 22203106 coupon user process 90000 
2019-03-25 12:33:40,665 : INFO : 22203108 coupon user process 0 
2019-03-25 12:33:44,494 : INFO : 22203108 coupon user process 30000 
2019-03-25 12:33:44,803 : INFO : 22203108 coupon user process 60000 
2019-03-25 12:33:45,117 : INFO : 22203108 coupon user process 90000 
2019-03-25 12:33:45,214 : INFO : 22204091 coupon user process 0 
2019-03-25 12:33:45,419 : INFO : 22204091 coupon user process 30000 
2019-03-25 12:33:45,627 : INFO : 22204091 coupon user process 60000 
2019-03-25 12:33:45,827 : INFO : 22204091 coupon user process 90000 
2019-03-25 12:33:45,896 : INFO : 22204102 coupon user process 0 
2019-03-25 12:33:46,264 : INFO : 22204102 coupon user process 30000 
2019-03-25 12:33:46,495 : INFO : 22204102 coupon user process 60000 
2019-03-25 12:33:46,725 : INFO : 22204102 coupon user process 90000 
2019-03-25 12:33:46,801 : INFO : 22205106 coupon user process 0 
2019-03-25 12:33:47,762 : INFO : 22205106 coupon user process 30000 
2019-03-25 12:33:48,018 : INFO : 22205106 coupon user process 60000 
2019-03-25 12:33:48,256 : INFO : 22205106 coupon user process 90000 
2019-03-25 12:33:48,343 : INFO : 22207098 coupon user process 0 
2019-03-25 12:33:48,583 : INFO : 22207098 coupon user process 30000 
2019-03-25 12:33:48,821 : INFO : 22207098 coupon user process 60000 
2019-03-25 12:33:49,164 : INFO : 22207098 coupon user process 90000 
2019-03-25 12:33:49,256 : INFO : 22209089 coupon user process 0 
2019-03-25 12:33:49,538 : INFO : 22209089 coupon user process 30000 
2019-03-25 12:33:49,796 : INFO : 22209089 coupon user process 60000 
2019-03-25 12:33:50,184 : INFO : 22209089 coupon user process 90000 
2019-03-25 12:33:50,322 : INFO : 22211089 coupon user process 0 
2019-03-25 12:33:58,416 : INFO : 22211089 coupon user process 30000 
2019-03-25 12:33:59,030 : INFO : 22211089 coupon user process 60000 
2019-03-25 12:33:59,836 : INFO : 22211089 coupon user process 90000 
2019-03-25 12:33:59,983 : INFO : 22211090 coupon user process 0 
2019-03-25 12:34:05,643 : INFO : 22211090 coupon user process 30000 
2019-03-25 12:34:06,013 : INFO : 22211090 coupon user process 60000 
2019-03-25 12:34:06,383 : INFO : 22211090 coupon user process 90000 
2019-03-25 12:34:06,497 : INFO : 22212104 coupon user process 0 
2019-03-25 12:34:07,038 : INFO : 22212104 coupon user process 30000 
2019-03-25 12:34:07,284 : INFO : 22212104 coupon user process 60000 
2019-03-25 12:34:07,515 : INFO : 22212104 coupon user process 90000 
2019-03-25 12:34:07,594 : INFO : 22212106 coupon user process 0 
2019-03-25 12:34:07,951 : INFO : 22212106 coupon user process 30000 
2019-03-25 12:34:08,167 : INFO : 22212106 coupon user process 60000 
2019-03-25 12:34:08,386 : INFO : 22212106 coupon user process 90000 
2019-03-25 12:34:08,464 : INFO : 22214089 coupon user process 0 
2019-03-25 12:34:09,197 : INFO : 22214089 coupon user process 30000 
2019-03-25 12:34:09,427 : INFO : 22214089 coupon user process 60000 
2019-03-25 12:34:09,675 : INFO : 22214089 coupon user process 90000 
2019-03-25 12:34:09,753 : INFO : 22216089 coupon user process 0 
2019-03-25 12:34:10,540 : INFO : 22216089 coupon user process 30000 
2019-03-25 12:34:10,778 : INFO : 22216089 coupon user process 60000 
2019-03-25 12:34:11,019 : INFO : 22216089 coupon user process 90000 
2019-03-25 12:34:11,097 : INFO : 22217094 coupon user process 0 
2019-03-25 12:34:12,509 : INFO : 22217094 coupon user process 30000 
2019-03-25 12:34:12,756 : INFO : 22217094 coupon user process 60000 
2019-03-25 12:34:13,004 : INFO : 22217094 coupon user process 90000 
2019-03-25 12:34:13,092 : INFO : 22217095 coupon user process 0 
2019-03-25 12:34:15,845 : INFO : 22217095 coupon user process 30000 
2019-03-25 12:34:16,134 : INFO : 22217095 coupon user process 60000 
2019-03-25 12:34:16,424 : INFO : 22217095 coupon user process 90000 
2019-03-25 12:34:16,511 : INFO : 22217096 coupon user process 0 
2019-03-25 12:34:16,707 : INFO : 22217096 coupon user process 30000 
2019-03-25 12:34:16,912 : INFO : 22217096 coupon user process 60000 
2019-03-25 12:34:17,116 : INFO : 22217096 coupon user process 90000 
2019-03-25 12:34:17,187 : INFO : 22217097 coupon user process 0 
2019-03-25 12:34:17,507 : INFO : 22217097 coupon user process 30000 
2019-03-25 12:34:17,715 : INFO : 22217097 coupon user process 60000 
2019-03-25 12:34:17,922 : INFO : 22217097 coupon user process 90000 
2019-03-25 12:34:18,009 : INFO : 22217098 coupon user process 0 
2019-03-25 12:34:21,170 : INFO : 22217098 coupon user process 30000 
2019-03-25 12:34:21,482 : INFO : 22217098 coupon user process 60000 
2019-03-25 12:34:21,800 : INFO : 22217098 coupon user process 90000 
2019-03-25 12:34:21,891 : INFO : 22217100 coupon user process 0 
2019-03-25 12:34:22,787 : INFO : 22217100 coupon user process 30000 
2019-03-25 12:34:23,014 : INFO : 22217100 coupon user process 60000 
2019-03-25 12:34:23,246 : INFO : 22217100 coupon user process 90000 
2019-03-25 12:34:23,337 : INFO : 22217181 coupon user process 0 
2019-03-25 12:34:24,330 : INFO : 22217181 coupon user process 30000 
2019-03-25 12:34:24,555 : INFO : 22217181 coupon user process 60000 
2019-03-25 12:34:24,789 : INFO : 22217181 coupon user process 90000 
2019-03-25 12:34:24,879 : INFO : 22218104 coupon user process 0 
2019-03-25 12:34:25,075 : INFO : 22218104 coupon user process 30000 
2019-03-25 12:34:25,288 : INFO : 22218104 coupon user process 60000 
2019-03-25 12:34:25,505 : INFO : 22218104 coupon user process 90000 
2019-03-25 12:34:25,580 : INFO : 22218115 coupon user process 0 
2019-03-25 12:34:31,145 : INFO : 22218115 coupon user process 30000 
2019-03-25 12:34:31,538 : INFO : 22218115 coupon user process 60000 
2019-03-25 12:34:31,925 : INFO : 22218115 coupon user process 90000 
2019-03-25 12:34:32,040 : INFO : 22218117 coupon user process 0 
2019-03-25 12:34:35,687 : INFO : 22218117 coupon user process 30000 
2019-03-25 12:34:36,001 : INFO : 22218117 coupon user process 60000 
2019-03-25 12:34:36,326 : INFO : 22218117 coupon user process 90000 
2019-03-25 12:34:36,454 : INFO : 22218127 coupon user process 0 
2019-03-25 12:34:38,803 : INFO : 22218127 coupon user process 30000 
2019-03-25 12:34:39,070 : INFO : 22218127 coupon user process 60000 
2019-03-25 12:34:39,338 : INFO : 22218127 coupon user process 90000 
2019-03-25 12:34:39,429 : INFO : 22220116 coupon user process 0 
2019-03-25 12:34:39,741 : INFO : 22220116 coupon user process 30000 
2019-03-25 12:34:39,951 : INFO : 22220116 coupon user process 60000 
2019-03-25 12:34:40,163 : INFO : 22220116 coupon user process 90000 
2019-03-25 12:34:40,235 : INFO : 22220119 coupon user process 0 
2019-03-25 12:34:40,561 : INFO : 22220119 coupon user process 30000 
2019-03-25 12:34:40,771 : INFO : 22220119 coupon user process 60000 
2019-03-25 12:34:40,992 : INFO : 22220119 coupon user process 90000 
2019-03-25 12:34:41,073 : INFO : 22221104 coupon user process 0 
2019-03-25 12:34:41,612 : INFO : 22221104 coupon user process 30000 
2019-03-25 12:34:41,841 : INFO : 22221104 coupon user process 60000 
2019-03-25 12:34:42,084 : INFO : 22221104 coupon user process 90000 
2019-03-25 12:34:42,169 : INFO : 22221117 coupon user process 0 
2019-03-25 12:34:42,412 : INFO : 22221117 coupon user process 30000 
2019-03-25 12:34:42,625 : INFO : 22221117 coupon user process 60000 
2019-03-25 12:34:42,847 : INFO : 22221117 coupon user process 90000 
2019-03-25 12:34:42,941 : INFO : 22224181 coupon user process 0 
2019-03-25 12:34:43,296 : INFO : 22224181 coupon user process 30000 
2019-03-25 12:34:43,520 : INFO : 22224181 coupon user process 60000 
2019-03-25 12:34:43,729 : INFO : 22224181 coupon user process 90000 
2019-03-25 12:34:43,802 : INFO : 22224183 coupon user process 0 
2019-03-25 12:34:44,141 : INFO : 22224183 coupon user process 30000 
2019-03-25 12:34:44,348 : INFO : 22224183 coupon user process 60000 
2019-03-25 12:34:44,553 : INFO : 22224183 coupon user process 90000 
2019-03-25 12:34:44,629 : INFO : 22224185 coupon user process 0 
2019-03-25 12:34:44,828 : INFO : 22224185 coupon user process 30000 
2019-03-25 12:34:45,036 : INFO : 22224185 coupon user process 60000 
2019-03-25 12:34:45,241 : INFO : 22224185 coupon user process 90000 
2019-03-25 12:34:45,313 : INFO : 22224205 coupon user process 0 
2019-03-25 12:34:45,512 : INFO : 22224205 coupon user process 30000 
2019-03-25 12:34:45,721 : INFO : 22224205 coupon user process 60000 
2019-03-25 12:34:45,925 : INFO : 22224205 coupon user process 90000 
2019-03-25 12:34:46,004 : INFO : 22224220 coupon user process 0 
2019-03-25 12:34:46,260 : INFO : 22224220 coupon user process 30000 
2019-03-25 12:34:46,497 : INFO : 22224220 coupon user process 60000 
2019-03-25 12:34:46,712 : INFO : 22224220 coupon user process 90000 
2019-03-25 12:34:46,789 : INFO : 22225090 coupon user process 0 
2019-03-25 12:34:47,009 : INFO : 22225090 coupon user process 30000 
2019-03-25 12:34:47,236 : INFO : 22225090 coupon user process 60000 
2019-03-25 12:34:47,461 : INFO : 22225090 coupon user process 90000 
2019-03-25 12:34:47,543 : INFO : 22225092 coupon user process 0 
2019-03-25 12:34:47,741 : INFO : 22225092 coupon user process 30000 
2019-03-25 12:34:47,955 : INFO : 22225092 coupon user process 60000 
2019-03-25 12:34:48,207 : INFO : 22225092 coupon user process 90000 
2019-03-25 12:34:48,282 : INFO : 22225113 coupon user process 0 
2019-03-25 12:34:49,492 : INFO : 22225113 coupon user process 30000 
2019-03-25 12:34:49,739 : INFO : 22225113 coupon user process 60000 
2019-03-25 12:34:49,979 : INFO : 22225113 coupon user process 90000 
2019-03-25 12:34:50,070 : INFO : 22225114 coupon user process 0 
2019-03-25 12:34:55,808 : INFO : 22225114 coupon user process 30000 
2019-03-25 12:34:56,184 : INFO : 22225114 coupon user process 60000 
2019-03-25 12:34:56,556 : INFO : 22225114 coupon user process 90000 
2019-03-25 12:34:56,681 : INFO : 22225115 coupon user process 0 
2019-03-25 12:34:58,619 : INFO : 22225115 coupon user process 30000 
2019-03-25 12:34:58,872 : INFO : 22225115 coupon user process 60000 
2019-03-25 12:34:59,128 : INFO : 22225115 coupon user process 90000 
2019-03-25 12:34:59,213 : INFO : 22225124 coupon user process 0 
2019-03-25 12:34:59,977 : INFO : 22225124 coupon user process 30000 
2019-03-25 12:35:00,211 : INFO : 22225124 coupon user process 60000 
2019-03-25 12:35:00,436 : INFO : 22225124 coupon user process 90000 
2019-03-25 12:35:00,528 : INFO : 22225126 coupon user process 0 
2019-03-25 12:35:04,503 : INFO : 22225126 coupon user process 30000 
2019-03-25 12:35:04,834 : INFO : 22225126 coupon user process 60000 
2019-03-25 12:35:05,163 : INFO : 22225126 coupon user process 90000 
2019-03-25 12:35:05,259 : INFO : 22225128 coupon user process 0 
2019-03-25 12:35:07,409 : INFO : 22225128 coupon user process 30000 
2019-03-25 12:35:07,667 : INFO : 22225128 coupon user process 60000 
2019-03-25 12:35:07,938 : INFO : 22225128 coupon user process 90000 
2019-03-25 12:35:08,026 : INFO : 22225130 coupon user process 0 
2019-03-25 12:35:17,338 : INFO : 22225130 coupon user process 30000 
2019-03-25 12:35:17,833 : INFO : 22225130 coupon user process 60000 
2019-03-25 12:35:18,476 : INFO : 22225130 coupon user process 90000 
2019-03-25 12:35:18,625 : INFO : 22225132 coupon user process 0 
2019-03-25 12:35:23,004 : INFO : 22225132 coupon user process 30000 
2019-03-25 12:35:23,404 : INFO : 22225132 coupon user process 60000 
2019-03-25 12:35:23,779 : INFO : 22225132 coupon user process 90000 
2019-03-25 12:35:23,884 : INFO : 22227096 coupon user process 0 
2019-03-25 12:35:24,189 : INFO : 22227096 coupon user process 30000 
2019-03-25 12:35:24,408 : INFO : 22227096 coupon user process 60000 
2019-03-25 12:35:24,615 : INFO : 22227096 coupon user process 90000 
2019-03-25 12:35:24,687 : INFO : 22227116 coupon user process 0 
2019-03-25 12:35:24,920 : INFO : 22227116 coupon user process 30000 
2019-03-25 12:35:25,125 : INFO : 22227116 coupon user process 60000 
2019-03-25 12:35:25,339 : INFO : 22227116 coupon user process 90000 
2019-03-25 12:35:25,409 : INFO : 22227119 coupon user process 0 
2019-03-25 12:35:25,686 : INFO : 22227119 coupon user process 30000 
2019-03-25 12:35:25,885 : INFO : 22227119 coupon user process 60000 
2019-03-25 12:35:26,090 : INFO : 22227119 coupon user process 90000 
2019-03-25 12:35:26,164 : INFO : 22227123 coupon user process 0 
2019-03-25 12:35:26,648 : INFO : 22227123 coupon user process 30000 
2019-03-25 12:35:26,877 : INFO : 22227123 coupon user process 60000 
2019-03-25 12:35:27,084 : INFO : 22227123 coupon user process 90000 
2019-03-25 12:35:27,154 : INFO : 22227126 coupon user process 0 
2019-03-25 12:35:27,447 : INFO : 22227126 coupon user process 30000 
2019-03-25 12:35:27,658 : INFO : 22227126 coupon user process 60000 
2019-03-25 12:35:27,864 : INFO : 22227126 coupon user process 90000 
2019-03-25 12:35:27,933 : INFO : 22227129 coupon user process 0 
2019-03-25 12:35:28,295 : INFO : 22227129 coupon user process 30000 
2019-03-25 12:35:28,505 : INFO : 22227129 coupon user process 60000 
2019-03-25 12:35:28,713 : INFO : 22227129 coupon user process 90000 
2019-03-25 12:35:28,782 : INFO : 22228110 coupon user process 0 
2019-03-25 12:35:29,166 : INFO : 22228110 coupon user process 30000 
2019-03-25 12:35:29,376 : INFO : 22228110 coupon user process 60000 
2019-03-25 12:35:29,586 : INFO : 22228110 coupon user process 90000 
2019-03-25 12:35:29,671 : INFO : 22230089 coupon user process 0 
2019-03-25 12:35:29,927 : INFO : 22230089 coupon user process 30000 
2019-03-25 12:35:30,135 : INFO : 22230089 coupon user process 60000 
2019-03-25 12:35:30,358 : INFO : 22230089 coupon user process 90000 
2019-03-25 12:35:30,433 : INFO : 22231089 coupon user process 0 
2019-03-25 12:35:30,677 : INFO : 22231089 coupon user process 30000 
2019-03-25 12:35:30,899 : INFO : 22231089 coupon user process 60000 
2019-03-25 12:35:31,100 : INFO : 22231089 coupon user process 90000 
2019-03-25 12:35:31,175 : INFO : 22231092 coupon user process 0 
2019-03-25 12:35:31,464 : INFO : 22231092 coupon user process 30000 
2019-03-25 12:35:31,680 : INFO : 22231092 coupon user process 60000 
2019-03-25 12:35:31,927 : INFO : 22231092 coupon user process 90000 
2019-03-25 12:35:32,000 : INFO : 22231096 coupon user process 0 
2019-03-25 12:35:32,263 : INFO : 22231096 coupon user process 30000 
2019-03-25 12:35:32,474 : INFO : 22231096 coupon user process 60000 
2019-03-25 12:35:32,689 : INFO : 22231096 coupon user process 90000 
2019-03-25 12:35:32,779 : INFO : 22231102 coupon user process 0 
2019-03-25 12:35:33,030 : INFO : 22231102 coupon user process 30000 
2019-03-25 12:35:33,241 : INFO : 22231102 coupon user process 60000 
2019-03-25 12:35:33,470 : INFO : 22231102 coupon user process 90000 
2019-03-25 12:35:33,561 : INFO : 22231108 coupon user process 0 
2019-03-25 12:35:33,809 : INFO : 22231108 coupon user process 30000 
2019-03-25 12:35:34,044 : INFO : 22231108 coupon user process 60000 
2019-03-25 12:35:34,329 : INFO : 22231108 coupon user process 90000 
2019-03-25 12:35:34,411 : INFO : 22231111 coupon user process 0 
2019-03-25 12:35:34,714 : INFO : 22231111 coupon user process 30000 
2019-03-25 12:35:34,997 : INFO : 22231111 coupon user process 60000 
2019-03-25 12:35:35,291 : INFO : 22231111 coupon user process 90000 
2019-03-25 12:35:35,396 : INFO : 22232098 coupon user process 0 
2019-03-25 12:35:36,784 : INFO : 22232098 coupon user process 30000 
2019-03-25 12:35:37,027 : INFO : 22232098 coupon user process 60000 
2019-03-25 12:35:37,275 : INFO : 22232098 coupon user process 90000 
2019-03-25 12:35:37,355 : INFO : 22232099 coupon user process 0 
2019-03-25 12:35:37,758 : INFO : 22232099 coupon user process 30000 
2019-03-25 12:35:37,992 : INFO : 22232099 coupon user process 60000 
2019-03-25 12:35:38,244 : INFO : 22232099 coupon user process 90000 
2019-03-25 12:35:38,330 : INFO : 22232101 coupon user process 0 
2019-03-25 12:35:38,775 : INFO : 22232101 coupon user process 30000 
2019-03-25 12:35:39,008 : INFO : 22232101 coupon user process 60000 
2019-03-25 12:35:39,256 : INFO : 22232101 coupon user process 90000 
2019-03-25 12:35:39,345 : INFO : 22232106 coupon user process 0 
2019-03-25 12:35:39,676 : INFO : 22232106 coupon user process 30000 
2019-03-25 12:35:39,937 : INFO : 22232106 coupon user process 60000 
2019-03-25 12:35:40,196 : INFO : 22232106 coupon user process 90000 
2019-03-25 12:35:40,272 : INFO : 22232108 coupon user process 0 
2019-03-25 12:35:40,567 : INFO : 22232108 coupon user process 30000 
2019-03-25 12:35:40,828 : INFO : 22232108 coupon user process 60000 
2019-03-25 12:35:41,048 : INFO : 22232108 coupon user process 90000 
2019-03-25 12:35:41,120 : INFO : 22232109 coupon user process 0 
2019-03-25 12:35:41,402 : INFO : 22232109 coupon user process 30000 
2019-03-25 12:35:41,623 : INFO : 22232109 coupon user process 60000 
2019-03-25 12:35:41,842 : INFO : 22232109 coupon user process 90000 
2019-03-25 12:35:41,918 : INFO : 22233089 coupon user process 0 
2019-03-25 12:35:42,215 : INFO : 22233089 coupon user process 30000 
2019-03-25 12:35:42,434 : INFO : 22233089 coupon user process 60000 
2019-03-25 12:35:42,641 : INFO : 22233089 coupon user process 90000 
2019-03-25 12:35:42,721 : INFO : 22233094 coupon user process 0 
2019-03-25 12:35:42,967 : INFO : 22233094 coupon user process 30000 
2019-03-25 12:35:43,271 : INFO : 22233094 coupon user process 60000 
2019-03-25 12:35:43,493 : INFO : 22233094 coupon user process 90000 
2019-03-25 12:35:43,567 : INFO : 22233095 coupon user process 0 
2019-03-25 12:35:43,777 : INFO : 22233095 coupon user process 30000 
2019-03-25 12:35:44,008 : INFO : 22233095 coupon user process 60000 
2019-03-25 12:35:44,270 : INFO : 22233095 coupon user process 90000 
2019-03-25 12:35:44,363 : INFO : 22233112 coupon user process 0 
2019-03-25 12:35:44,672 : INFO : 22233112 coupon user process 30000 
2019-03-25 12:35:44,924 : INFO : 22233112 coupon user process 60000 
2019-03-25 12:35:45,155 : INFO : 22233112 coupon user process 90000 
2019-03-25 12:35:45,227 : INFO : 22233113 coupon user process 0 
2019-03-25 12:35:45,447 : INFO : 22233113 coupon user process 30000 
2019-03-25 12:35:45,672 : INFO : 22233113 coupon user process 60000 
2019-03-25 12:35:45,879 : INFO : 22233113 coupon user process 90000 
2019-03-25 12:35:45,963 : INFO : 22233117 coupon user process 0 
2019-03-25 12:35:46,503 : INFO : 22233117 coupon user process 30000 
2019-03-25 12:35:46,722 : INFO : 22233117 coupon user process 60000 
2019-03-25 12:35:46,951 : INFO : 22233117 coupon user process 90000 
2019-03-25 12:35:47,030 : INFO : 22233143 coupon user process 0 
2019-03-25 12:36:12,664 : INFO : 22233143 coupon user process 30000 
2019-03-25 12:36:13,898 : INFO : 22233143 coupon user process 60000 
2019-03-25 12:36:15,007 : INFO : 22233143 coupon user process 90000 
2019-03-25 12:36:15,267 : INFO : 22233144 coupon user process 0 
2019-03-25 12:36:24,569 : INFO : 22233144 coupon user process 30000 
2019-03-25 12:36:25,095 : INFO : 22233144 coupon user process 60000 
2019-03-25 12:36:25,599 : INFO : 22233144 coupon user process 90000 
2019-03-25 12:36:25,733 : INFO : 22233145 coupon user process 0 
2019-03-25 12:36:30,253 : INFO : 22233145 coupon user process 30000 
2019-03-25 12:36:30,625 : INFO : 22233145 coupon user process 60000 
2019-03-25 12:36:30,979 : INFO : 22233145 coupon user process 90000 
2019-03-25 12:36:31,079 : INFO : 22233153 coupon user process 0 
2019-03-25 12:36:31,438 : INFO : 22233153 coupon user process 30000 
2019-03-25 12:36:31,656 : INFO : 22233153 coupon user process 60000 
2019-03-25 12:36:31,865 : INFO : 22233153 coupon user process 90000 
2019-03-25 12:36:31,938 : INFO : 22234126 coupon user process 0 
2019-03-25 12:36:32,621 : INFO : 22234126 coupon user process 30000 
2019-03-25 12:36:32,845 : INFO : 22234126 coupon user process 60000 
2019-03-25 12:36:33,071 : INFO : 22234126 coupon user process 90000 
2019-03-25 12:36:33,150 : INFO : 22234137 coupon user process 0 
2019-03-25 12:36:33,530 : INFO : 22234137 coupon user process 30000 
2019-03-25 12:36:33,739 : INFO : 22234137 coupon user process 60000 
2019-03-25 12:36:33,947 : INFO : 22234137 coupon user process 90000 
2019-03-25 12:36:34,019 : INFO : 22234146 coupon user process 0 
2019-03-25 12:36:34,458 : INFO : 22234146 coupon user process 30000 
2019-03-25 12:36:34,682 : INFO : 22234146 coupon user process 60000 
2019-03-25 12:36:34,902 : INFO : 22234146 coupon user process 90000 
2019-03-25 12:36:34,980 : INFO : 22234155 coupon user process 0 
2019-03-25 12:36:35,702 : INFO : 22234155 coupon user process 30000 
2019-03-25 12:36:35,932 : INFO : 22234155 coupon user process 60000 
2019-03-25 12:36:36,153 : INFO : 22234155 coupon user process 90000 
2019-03-25 12:36:36,229 : INFO : 22234157 coupon user process 0 
2019-03-25 12:36:37,456 : INFO : 22234157 coupon user process 30000 
2019-03-25 12:36:37,694 : INFO : 22234157 coupon user process 60000 
2019-03-25 12:36:37,930 : INFO : 22234157 coupon user process 90000 
2019-03-25 12:36:38,013 : INFO : 22234161 coupon user process 0 
2019-03-25 12:36:38,300 : INFO : 22234161 coupon user process 30000 
2019-03-25 12:36:38,574 : INFO : 22234161 coupon user process 60000 
2019-03-25 12:36:38,816 : INFO : 22234161 coupon user process 90000 
2019-03-25 12:36:38,897 : INFO : 22235091 coupon user process 0 
2019-03-25 12:36:41,489 : INFO : 22235091 coupon user process 30000 
2019-03-25 12:36:41,774 : INFO : 22235091 coupon user process 60000 
2019-03-25 12:36:42,059 : INFO : 22235091 coupon user process 90000 
2019-03-25 12:36:42,143 : INFO : 22235092 coupon user process 0 
2019-03-25 12:36:42,679 : INFO : 22235092 coupon user process 30000 
2019-03-25 12:36:42,903 : INFO : 22235092 coupon user process 60000 
2019-03-25 12:36:43,154 : INFO : 22235092 coupon user process 90000 
2019-03-25 12:36:43,198 : INFO : coupon process 300
2019-03-25 12:36:43,235 : INFO : 22235093 coupon user process 0 
2019-03-25 12:36:43,694 : INFO : 22235093 coupon user process 30000 
2019-03-25 12:36:43,911 : INFO : 22235093 coupon user process 60000 
2019-03-25 12:36:44,126 : INFO : 22235093 coupon user process 90000 
2019-03-25 12:36:44,208 : INFO : 22235094 coupon user process 0 
2019-03-25 12:37:01,315 : INFO : 22235094 coupon user process 30000 
2019-03-25 12:37:02,145 : INFO : 22235094 coupon user process 60000 
2019-03-25 12:37:03,002 : INFO : 22235094 coupon user process 90000 
2019-03-25 12:37:03,212 : INFO : 22235098 coupon user process 0 
2019-03-25 12:37:17,097 : INFO : 22235098 coupon user process 30000 
2019-03-25 12:37:54,890 : INFO : 22235098 coupon user process 60000 
2019-03-25 12:37:57,016 : INFO : 22235098 coupon user process 90000 
2019-03-25 12:37:57,446 : INFO : 22235099 coupon user process 0 
2019-03-25 12:38:06,303 : INFO : 22235099 coupon user process 30000 
2019-03-25 12:38:26,227 : INFO : 22235099 coupon user process 60000 
2019-03-25 12:38:27,425 : INFO : 22235099 coupon user process 90000 
2019-03-25 12:38:27,687 : INFO : 22235100 coupon user process 0 
2019-03-25 12:38:34,274 : INFO : 22235100 coupon user process 30000 
2019-03-25 12:38:48,208 : INFO : 22235100 coupon user process 60000 
2019-03-25 12:38:49,153 : INFO : 22235100 coupon user process 90000 
2019-03-25 12:38:49,366 : INFO : 22235104 coupon user process 0 
2019-03-25 12:38:50,568 : INFO : 22235104 coupon user process 30000 
2019-03-25 12:38:50,805 : INFO : 22235104 coupon user process 60000 
2019-03-25 12:38:51,039 : INFO : 22235104 coupon user process 90000 
2019-03-25 12:38:51,117 : INFO : 22238102 coupon user process 0 
2019-03-25 12:38:51,769 : INFO : 22238102 coupon user process 30000 
2019-03-25 12:38:51,980 : INFO : 22238102 coupon user process 60000 
2019-03-25 12:38:52,195 : INFO : 22238102 coupon user process 90000 
2019-03-25 12:38:52,271 : INFO : 22238103 coupon user process 0 
2019-03-25 12:38:52,654 : INFO : 22238103 coupon user process 30000 
2019-03-25 12:38:52,868 : INFO : 22238103 coupon user process 60000 
2019-03-25 12:38:53,082 : INFO : 22238103 coupon user process 90000 
2019-03-25 12:38:53,156 : INFO : 22239091 coupon user process 0 
2019-03-25 12:38:54,333 : INFO : 22239091 coupon user process 30000 
2019-03-25 12:38:54,602 : INFO : 22239091 coupon user process 60000 
2019-03-25 12:38:54,836 : INFO : 22239091 coupon user process 90000 
2019-03-25 12:38:54,922 : INFO : 22239093 coupon user process 0 
2019-03-25 12:38:56,376 : INFO : 22239093 coupon user process 30000 
2019-03-25 12:38:56,671 : INFO : 22239093 coupon user process 60000 
2019-03-25 12:38:56,916 : INFO : 22239093 coupon user process 90000 
2019-03-25 12:38:56,996 : INFO : 22239094 coupon user process 0 
2019-03-25 12:38:57,358 : INFO : 22239094 coupon user process 30000 
2019-03-25 12:38:58,098 : INFO : 22239094 coupon user process 60000 
2019-03-25 12:38:58,333 : INFO : 22239094 coupon user process 90000 
2019-03-25 12:38:58,413 : INFO : 22240091 coupon user process 0 
2019-03-25 12:38:58,654 : INFO : 22240091 coupon user process 30000 
2019-03-25 12:38:58,877 : INFO : 22240091 coupon user process 60000 
2019-03-25 12:38:59,081 : INFO : 22240091 coupon user process 90000 
2019-03-25 12:38:59,157 : INFO : 22241090 coupon user process 0 
2019-03-25 12:38:59,393 : INFO : 22241090 coupon user process 30000 
2019-03-25 12:38:59,604 : INFO : 22241090 coupon user process 60000 
2019-03-25 12:38:59,812 : INFO : 22241090 coupon user process 90000 
2019-03-25 12:38:59,884 : INFO : 22241091 coupon user process 0 
2019-03-25 12:39:00,129 : INFO : 22241091 coupon user process 30000 
2019-03-25 12:39:00,340 : INFO : 22241091 coupon user process 60000 
2019-03-25 12:39:00,546 : INFO : 22241091 coupon user process 90000 
2019-03-25 12:39:00,628 : INFO : 22242092 coupon user process 0 
2019-03-25 12:39:01,842 : INFO : 22242092 coupon user process 30000 
2019-03-25 12:39:02,181 : INFO : 22242092 coupon user process 60000 
2019-03-25 12:39:02,455 : INFO : 22242092 coupon user process 90000 
2019-03-25 12:39:02,551 : INFO : 22242094 coupon user process 0 
2019-03-25 12:39:02,800 : INFO : 22242094 coupon user process 30000 
2019-03-25 12:39:03,018 : INFO : 22242094 coupon user process 60000 
2019-03-25 12:39:03,231 : INFO : 22242094 coupon user process 90000 
2019-03-25 12:39:03,319 : INFO : 22245090 coupon user process 0 
2019-03-25 12:39:03,566 : INFO : 22245090 coupon user process 30000 
2019-03-25 12:39:03,776 : INFO : 22245090 coupon user process 60000 
2019-03-25 12:39:03,981 : INFO : 22245090 coupon user process 90000 
2019-03-25 12:39:04,065 : INFO : 22245092 coupon user process 0 
2019-03-25 12:39:04,300 : INFO : 22245092 coupon user process 30000 
2019-03-25 12:39:04,504 : INFO : 22245092 coupon user process 60000 
2019-03-25 12:39:04,708 : INFO : 22245092 coupon user process 90000 
2019-03-25 12:39:04,796 : INFO : 22246089 coupon user process 0 
2019-03-25 12:39:09,555 : INFO : 22246089 coupon user process 30000 
2019-03-25 12:39:10,443 : INFO : 22246089 coupon user process 60000 
2019-03-25 12:39:10,807 : INFO : 22246089 coupon user process 90000 
2019-03-25 12:39:10,909 : INFO : 22246090 coupon user process 0 
2019-03-25 12:39:11,105 : INFO : 22246090 coupon user process 30000 
2019-03-25 12:39:11,311 : INFO : 22246090 coupon user process 60000 
2019-03-25 12:39:11,511 : INFO : 22246090 coupon user process 90000 
2019-03-25 12:39:11,593 : INFO : 22246091 coupon user process 0 
2019-03-25 12:39:12,112 : INFO : 22246091 coupon user process 30000 
2019-03-25 12:39:13,401 : INFO : 22246091 coupon user process 60000 
2019-03-25 12:39:13,661 : INFO : 22246091 coupon user process 90000 
2019-03-25 12:39:13,750 : INFO : 22246092 coupon user process 0 
2019-03-25 12:39:13,993 : INFO : 22246092 coupon user process 30000 
2019-03-25 12:39:14,275 : INFO : 22246092 coupon user process 60000 
2019-03-25 12:39:14,482 : INFO : 22246092 coupon user process 90000 
2019-03-25 12:39:14,563 : INFO : 22246093 coupon user process 0 
2019-03-25 12:39:15,755 : INFO : 22246093 coupon user process 30000 
2019-03-25 12:39:18,394 : INFO : 22246093 coupon user process 60000 
2019-03-25 12:39:18,740 : INFO : 22246093 coupon user process 90000 
2019-03-25 12:39:18,833 : INFO : 22247142 coupon user process 0 
2019-03-25 12:39:19,507 : INFO : 22247142 coupon user process 30000 
2019-03-25 12:39:19,745 : INFO : 22247142 coupon user process 60000 
2019-03-25 12:39:19,997 : INFO : 22247142 coupon user process 90000 
2019-03-25 12:39:20,083 : INFO : 22247143 coupon user process 0 
2019-03-25 12:39:20,486 : INFO : 22247143 coupon user process 30000 
2019-03-25 12:39:20,714 : INFO : 22247143 coupon user process 60000 
2019-03-25 12:39:20,930 : INFO : 22247143 coupon user process 90000 
2019-03-25 12:39:21,008 : INFO : 22249090 coupon user process 0 
2019-03-25 12:39:24,458 : INFO : 22249090 coupon user process 30000 
2019-03-25 12:39:25,647 : INFO : 22249090 coupon user process 60000 
2019-03-25 12:39:26,006 : INFO : 22249090 coupon user process 90000 
2019-03-25 12:39:26,107 : INFO : 22249091 coupon user process 0 
2019-03-25 12:39:26,346 : INFO : 22249091 coupon user process 30000 
2019-03-25 12:39:26,551 : INFO : 22249091 coupon user process 60000 
2019-03-25 12:39:26,757 : INFO : 22249091 coupon user process 90000 
2019-03-25 12:39:26,848 : INFO : 22249092 coupon user process 0 
2019-03-25 12:39:28,025 : INFO : 22249092 coupon user process 30000 
2019-03-25 12:39:28,430 : INFO : 22249092 coupon user process 60000 
2019-03-25 12:39:28,677 : INFO : 22249092 coupon user process 90000 
2019-03-25 12:39:28,759 : INFO : 22249093 coupon user process 0 
2019-03-25 12:39:29,028 : INFO : 22249093 coupon user process 30000 
2019-03-25 12:39:29,258 : INFO : 22249093 coupon user process 60000 
2019-03-25 12:39:29,472 : INFO : 22249093 coupon user process 90000 
2019-03-25 12:39:29,553 : INFO : 22252090 coupon user process 0 
2019-03-25 12:39:30,385 : INFO : 22252090 coupon user process 30000 
2019-03-25 12:39:35,299 : INFO : 22252090 coupon user process 60000 
2019-03-25 12:39:35,713 : INFO : 22252090 coupon user process 90000 
2019-03-25 12:39:35,822 : INFO : 22252092 coupon user process 0 
2019-03-25 12:39:37,957 : INFO : 22252092 coupon user process 30000 
2019-03-25 12:39:38,925 : INFO : 22252092 coupon user process 60000 
2019-03-25 12:39:39,210 : INFO : 22252092 coupon user process 90000 
2019-03-25 12:39:39,309 : INFO : 22252094 coupon user process 0 
2019-03-25 12:39:39,579 : INFO : 22252094 coupon user process 30000 
2019-03-25 12:39:39,786 : INFO : 22252094 coupon user process 60000 
2019-03-25 12:39:39,999 : INFO : 22252094 coupon user process 90000 
2019-03-25 12:39:40,073 : INFO : 22252096 coupon user process 0 
2019-03-25 12:39:40,359 : INFO : 22252096 coupon user process 30000 
2019-03-25 12:39:40,581 : INFO : 22252096 coupon user process 60000 
2019-03-25 12:39:40,798 : INFO : 22252096 coupon user process 90000 
2019-03-25 12:39:40,893 : INFO : 22253090 coupon user process 0 
2019-03-25 12:39:47,011 : INFO : 22253090 coupon user process 30000 
2019-03-25 12:39:48,651 : INFO : 22253090 coupon user process 60000 
2019-03-25 12:39:49,091 : INFO : 22253090 coupon user process 90000 
2019-03-25 12:39:49,210 : INFO : 22253093 coupon user process 0 
2019-03-25 12:39:49,458 : INFO : 22253093 coupon user process 30000 
2019-03-25 12:39:49,923 : INFO : 22253093 coupon user process 60000 
2019-03-25 12:39:50,221 : INFO : 22253093 coupon user process 90000 
2019-03-25 12:39:50,314 : INFO : 22253097 coupon user process 0 
2019-03-25 12:39:52,345 : INFO : 22253097 coupon user process 30000 
2019-03-25 12:39:54,114 : INFO : 22253097 coupon user process 60000 
2019-03-25 12:39:54,479 : INFO : 22253097 coupon user process 90000 
2019-03-25 12:39:54,584 : INFO : 22253098 coupon user process 0 
2019-03-25 12:39:56,328 : INFO : 22253098 coupon user process 30000 
2019-03-25 12:39:58,734 : INFO : 22253098 coupon user process 60000 
2019-03-25 12:39:59,104 : INFO : 22253098 coupon user process 90000 
2019-03-25 12:39:59,210 : INFO : 22254089 coupon user process 0 
2019-03-25 12:39:59,509 : INFO : 22254089 coupon user process 30000 
2019-03-25 12:39:59,742 : INFO : 22254089 coupon user process 60000 
2019-03-25 12:39:59,979 : INFO : 22254089 coupon user process 90000 
2019-03-25 12:40:00,058 : INFO : 22255090 coupon user process 0 
2019-03-25 12:40:01,039 : INFO : 22255090 coupon user process 30000 
2019-03-25 12:40:01,305 : INFO : 22255090 coupon user process 60000 
2019-03-25 12:40:01,539 : INFO : 22255090 coupon user process 90000 
2019-03-25 12:40:01,616 : INFO : 22255091 coupon user process 0 
2019-03-25 12:40:01,999 : INFO : 22255091 coupon user process 30000 
2019-03-25 12:40:02,203 : INFO : 22255091 coupon user process 60000 
2019-03-25 12:40:02,414 : INFO : 22255091 coupon user process 90000 
2019-03-25 12:40:02,491 : INFO : 22256092 coupon user process 0 
2019-03-25 12:40:03,160 : INFO : 22256092 coupon user process 30000 
2019-03-25 12:40:03,452 : INFO : 22256092 coupon user process 60000 
2019-03-25 12:40:03,693 : INFO : 22256092 coupon user process 90000 
2019-03-25 12:40:03,782 : INFO : 22259089 coupon user process 0 
2019-03-25 12:40:04,710 : INFO : 22259089 coupon user process 30000 
2019-03-25 12:40:05,041 : INFO : 22259089 coupon user process 60000 
2019-03-25 12:40:05,364 : INFO : 22259089 coupon user process 90000 
2019-03-25 12:40:05,452 : INFO : 22259090 coupon user process 0 
2019-03-25 12:40:06,113 : INFO : 22259090 coupon user process 30000 
2019-03-25 12:40:06,505 : INFO : 22259090 coupon user process 60000 
2019-03-25 12:40:06,786 : INFO : 22259090 coupon user process 90000 
2019-03-25 12:40:06,885 : INFO : 22259091 coupon user process 0 
2019-03-25 12:40:07,831 : INFO : 22259091 coupon user process 30000 
2019-03-25 12:40:08,230 : INFO : 22259091 coupon user process 60000 
2019-03-25 12:40:08,471 : INFO : 22259091 coupon user process 90000 
2019-03-25 12:40:08,561 : INFO : 22259107 coupon user process 0 
2019-03-25 12:40:08,904 : INFO : 22259107 coupon user process 30000 
2019-03-25 12:40:11,059 : INFO : 22259107 coupon user process 60000 
2019-03-25 12:40:11,331 : INFO : 22259107 coupon user process 90000 
2019-03-25 12:40:11,424 : INFO : 22259108 coupon user process 0 
2019-03-25 12:40:11,928 : INFO : 22259108 coupon user process 30000 
2019-03-25 12:40:15,566 : INFO : 22259108 coupon user process 60000 
2019-03-25 12:40:15,879 : INFO : 22259108 coupon user process 90000 
2019-03-25 12:40:15,975 : INFO : 22259109 coupon user process 0 
2019-03-25 12:40:16,176 : INFO : 22259109 coupon user process 30000 
2019-03-25 12:40:16,414 : INFO : 22259109 coupon user process 60000 
2019-03-25 12:40:16,616 : INFO : 22259109 coupon user process 90000 
2019-03-25 12:40:16,706 : INFO : 22259110 coupon user process 0 
2019-03-25 12:40:18,151 : INFO : 22259110 coupon user process 30000 
2019-03-25 12:40:28,941 : INFO : 22259110 coupon user process 60000 
2019-03-25 12:40:29,527 : INFO : 22259110 coupon user process 90000 
2019-03-25 12:40:29,679 : INFO : 22259112 coupon user process 0 
2019-03-25 12:40:30,355 : INFO : 22259112 coupon user process 30000 
2019-03-25 12:40:30,954 : INFO : 22259112 coupon user process 60000 
2019-03-25 12:40:31,213 : INFO : 22259112 coupon user process 90000 
2019-03-25 12:40:31,296 : INFO : 22259114 coupon user process 0 
2019-03-25 12:40:31,558 : INFO : 22259114 coupon user process 30000 
2019-03-25 12:40:31,771 : INFO : 22259114 coupon user process 60000 
2019-03-25 12:40:31,996 : INFO : 22259114 coupon user process 90000 
2019-03-25 12:40:32,082 : INFO : 22260089 coupon user process 0 
2019-03-25 12:40:32,864 : INFO : 22260089 coupon user process 30000 
2019-03-25 12:40:33,412 : INFO : 22260089 coupon user process 60000 
2019-03-25 12:40:33,668 : INFO : 22260089 coupon user process 90000 
2019-03-25 12:40:33,767 : INFO : 22260090 coupon user process 0 
2019-03-25 12:40:37,637 : INFO : 22260090 coupon user process 30000 
2019-03-25 12:40:54,593 : INFO : 22260090 coupon user process 60000 
2019-03-25 12:40:55,760 : INFO : 22260090 coupon user process 90000 
2019-03-25 12:40:56,001 : INFO : 22260093 coupon user process 0 
2019-03-25 12:40:58,222 : INFO : 22260093 coupon user process 30000 
2019-03-25 12:40:59,161 : INFO : 22260093 coupon user process 60000 
2019-03-25 12:40:59,450 : INFO : 22260093 coupon user process 90000 
2019-03-25 12:40:59,542 : INFO : 22260095 coupon user process 0 
2019-03-25 12:41:00,640 : INFO : 22260095 coupon user process 30000 
2019-03-25 12:41:01,953 : INFO : 22260095 coupon user process 60000 
2019-03-25 12:41:02,256 : INFO : 22260095 coupon user process 90000 
2019-03-25 12:41:02,375 : INFO : 22260096 coupon user process 0 
2019-03-25 12:41:06,916 : INFO : 22260096 coupon user process 30000 
2019-03-25 12:41:08,343 : INFO : 22260096 coupon user process 60000 
2019-03-25 12:41:08,746 : INFO : 22260096 coupon user process 90000 
2019-03-25 12:41:08,857 : INFO : 22260097 coupon user process 0 
2019-03-25 12:41:09,954 : INFO : 22260097 coupon user process 30000 
2019-03-25 12:41:12,093 : INFO : 22260097 coupon user process 60000 
2019-03-25 12:41:12,555 : INFO : 22260097 coupon user process 90000 
2019-03-25 12:41:12,672 : INFO : 22260098 coupon user process 0 
2019-03-25 12:41:13,129 : INFO : 22260098 coupon user process 30000 
2019-03-25 12:41:14,439 : INFO : 22260098 coupon user process 60000 
2019-03-25 12:41:14,699 : INFO : 22260098 coupon user process 90000 
2019-03-25 12:41:14,781 : INFO : 22260099 coupon user process 0 
2019-03-25 12:41:14,985 : INFO : 22260099 coupon user process 30000 
2019-03-25 12:41:15,298 : INFO : 22260099 coupon user process 60000 
2019-03-25 12:41:15,503 : INFO : 22260099 coupon user process 90000 
2019-03-25 12:41:15,577 : INFO : 22260101 coupon user process 0 
2019-03-25 12:41:16,016 : INFO : 22260101 coupon user process 30000 
2019-03-25 12:41:16,633 : INFO : 22260101 coupon user process 60000 
2019-03-25 12:41:16,875 : INFO : 22260101 coupon user process 90000 
2019-03-25 12:41:16,955 : INFO : 22260102 coupon user process 0 
2019-03-25 12:41:17,312 : INFO : 22260102 coupon user process 30000 
2019-03-25 12:41:17,673 : INFO : 22260102 coupon user process 60000 
2019-03-25 12:41:17,921 : INFO : 22260102 coupon user process 90000 
2019-03-25 12:41:17,998 : INFO : 22260103 coupon user process 0 
2019-03-25 12:41:18,289 : INFO : 22260103 coupon user process 30000 
2019-03-25 12:41:18,561 : INFO : 22260103 coupon user process 60000 
2019-03-25 12:41:18,835 : INFO : 22260103 coupon user process 90000 
2019-03-25 12:41:18,935 : INFO : 22261096 coupon user process 0 
2019-03-25 12:41:19,285 : INFO : 22261096 coupon user process 30000 
2019-03-25 12:41:19,616 : INFO : 22261096 coupon user process 60000 
2019-03-25 12:41:19,890 : INFO : 22261096 coupon user process 90000 
2019-03-25 12:41:19,985 : INFO : 22262093 coupon user process 0 
2019-03-25 12:41:20,753 : INFO : 22262093 coupon user process 30000 
2019-03-25 12:41:21,567 : INFO : 22262093 coupon user process 60000 
2019-03-25 12:41:21,990 : INFO : 22262093 coupon user process 90000 
2019-03-25 12:41:22,178 : INFO : 22262102 coupon user process 0 
2019-03-25 12:41:22,574 : INFO : 22262102 coupon user process 30000 
2019-03-25 12:41:22,809 : INFO : 22262102 coupon user process 60000 
2019-03-25 12:41:23,036 : INFO : 22262102 coupon user process 90000 
2019-03-25 12:41:23,139 : INFO : 22262107 coupon user process 0 
2019-03-25 12:41:23,468 : INFO : 22262107 coupon user process 30000 
2019-03-25 12:41:23,764 : INFO : 22262107 coupon user process 60000 
2019-03-25 12:41:23,972 : INFO : 22262107 coupon user process 90000 
2019-03-25 12:41:24,046 : INFO : 22262109 coupon user process 0 
2019-03-25 12:41:24,323 : INFO : 22262109 coupon user process 30000 
2019-03-25 12:41:24,604 : INFO : 22262109 coupon user process 60000 
2019-03-25 12:41:24,816 : INFO : 22262109 coupon user process 90000 
2019-03-25 12:41:24,890 : INFO : 22262110 coupon user process 0 
2019-03-25 12:41:26,041 : INFO : 22262110 coupon user process 30000 
2019-03-25 12:41:26,341 : INFO : 22262110 coupon user process 60000 
2019-03-25 12:41:26,603 : INFO : 22262110 coupon user process 90000 
2019-03-25 12:41:26,695 : INFO : 22262113 coupon user process 0 
2019-03-25 12:41:27,364 : INFO : 22262113 coupon user process 30000 
2019-03-25 12:41:27,579 : INFO : 22262113 coupon user process 60000 
2019-03-25 12:41:27,800 : INFO : 22262113 coupon user process 90000 
2019-03-25 12:41:27,875 : INFO : 22262119 coupon user process 0 
2019-03-25 12:41:28,107 : INFO : 22262119 coupon user process 30000 
2019-03-25 12:41:28,315 : INFO : 22262119 coupon user process 60000 
2019-03-25 12:41:28,521 : INFO : 22262119 coupon user process 90000 
2019-03-25 12:41:28,592 : INFO : 22262122 coupon user process 0 
2019-03-25 12:41:28,826 : INFO : 22262122 coupon user process 30000 
2019-03-25 12:41:29,033 : INFO : 22262122 coupon user process 60000 
2019-03-25 12:41:29,241 : INFO : 22262122 coupon user process 90000 
2019-03-25 12:41:29,309 : INFO : 22263092 coupon user process 0 
2019-03-25 12:41:29,615 : INFO : 22263092 coupon user process 30000 
2019-03-25 12:41:30,022 : INFO : 22263092 coupon user process 60000 
2019-03-25 12:41:30,264 : INFO : 22263092 coupon user process 90000 
2019-03-25 12:41:30,348 : INFO : 22263094 coupon user process 0 
2019-03-25 12:41:30,740 : INFO : 22263094 coupon user process 30000 
2019-03-25 12:41:31,056 : INFO : 22263094 coupon user process 60000 
2019-03-25 12:41:31,276 : INFO : 22263094 coupon user process 90000 
2019-03-25 12:41:31,359 : INFO : 22263095 coupon user process 0 
2019-03-25 12:41:31,587 : INFO : 22263095 coupon user process 30000 
2019-03-25 12:41:31,791 : INFO : 22263095 coupon user process 60000 
2019-03-25 12:41:32,000 : INFO : 22263095 coupon user process 90000 
2019-03-25 12:41:32,079 : INFO : 22263099 coupon user process 0 
2019-03-25 12:41:32,399 : INFO : 22263099 coupon user process 30000 
2019-03-25 12:41:32,690 : INFO : 22263099 coupon user process 60000 
2019-03-25 12:41:32,897 : INFO : 22263099 coupon user process 90000 
2019-03-25 12:41:32,981 : INFO : 22263104 coupon user process 0 
2019-03-25 12:41:33,327 : INFO : 22263104 coupon user process 30000 
2019-03-25 12:41:33,678 : INFO : 22263104 coupon user process 60000 
2019-03-25 12:41:33,886 : INFO : 22263104 coupon user process 90000 
2019-03-25 12:41:33,965 : INFO : 22263105 coupon user process 0 
2019-03-25 12:41:34,686 : INFO : 22263105 coupon user process 30000 
2019-03-25 12:41:35,003 : INFO : 22263105 coupon user process 60000 
2019-03-25 12:41:35,264 : INFO : 22263105 coupon user process 90000 
2019-03-25 12:41:35,357 : INFO : 22265089 coupon user process 0 
2019-03-25 12:41:35,731 : INFO : 22265089 coupon user process 30000 
2019-03-25 12:41:35,981 : INFO : 22265089 coupon user process 60000 
2019-03-25 12:41:36,254 : INFO : 22265089 coupon user process 90000 
2019-03-25 12:41:36,330 : INFO : 22265090 coupon user process 0 
2019-03-25 12:41:36,665 : INFO : 22265090 coupon user process 30000 
2019-03-25 12:41:36,876 : INFO : 22265090 coupon user process 60000 
2019-03-25 12:41:37,094 : INFO : 22265090 coupon user process 90000 
2019-03-25 12:41:37,186 : INFO : 22265091 coupon user process 0 
2019-03-25 12:41:37,545 : INFO : 22265091 coupon user process 30000 
2019-03-25 12:41:37,761 : INFO : 22265091 coupon user process 60000 
2019-03-25 12:41:38,108 : INFO : 22265091 coupon user process 90000 
2019-03-25 12:41:38,191 : INFO : 22266089 coupon user process 0 
2019-03-25 12:41:39,111 : INFO : 22266089 coupon user process 30000 
2019-03-25 12:41:39,851 : INFO : 22266089 coupon user process 60000 
2019-03-25 12:41:40,333 : INFO : 22266089 coupon user process 90000 
2019-03-25 12:41:40,416 : INFO : 22266090 coupon user process 0 
2019-03-25 12:41:40,853 : INFO : 22266090 coupon user process 30000 
2019-03-25 12:41:41,168 : INFO : 22266090 coupon user process 60000 
2019-03-25 12:41:41,438 : INFO : 22266090 coupon user process 90000 
2019-03-25 12:41:41,529 : INFO : 22266096 coupon user process 0 
2019-03-25 12:41:41,778 : INFO : 22266096 coupon user process 30000 
2019-03-25 12:41:42,057 : INFO : 22266096 coupon user process 60000 
2019-03-25 12:41:42,428 : INFO : 22266096 coupon user process 90000 
2019-03-25 12:41:42,509 : INFO : 22266098 coupon user process 0 
2019-03-25 12:41:43,306 : INFO : 22266098 coupon user process 30000 
2019-03-25 12:41:43,784 : INFO : 22266098 coupon user process 60000 
2019-03-25 12:41:44,129 : INFO : 22266098 coupon user process 90000 
2019-03-25 12:41:44,219 : INFO : 22266099 coupon user process 0 
2019-03-25 12:41:44,915 : INFO : 22266099 coupon user process 30000 
2019-03-25 12:41:45,450 : INFO : 22266099 coupon user process 60000 
2019-03-25 12:41:45,757 : INFO : 22266099 coupon user process 90000 
2019-03-25 12:41:45,841 : INFO : 22266102 coupon user process 0 
2019-03-25 12:41:46,096 : INFO : 22266102 coupon user process 30000 
2019-03-25 12:41:46,301 : INFO : 22266102 coupon user process 60000 
2019-03-25 12:41:46,508 : INFO : 22266102 coupon user process 90000 
2019-03-25 12:41:46,578 : INFO : 22266105 coupon user process 0 
2019-03-25 12:41:46,780 : INFO : 22266105 coupon user process 30000 
2019-03-25 12:41:47,032 : INFO : 22266105 coupon user process 60000 
2019-03-25 12:41:47,250 : INFO : 22266105 coupon user process 90000 
2019-03-25 12:41:47,339 : INFO : 22267089 coupon user process 0 
2019-03-25 12:41:51,576 : INFO : 22267089 coupon user process 30000 
2019-03-25 12:41:53,020 : INFO : 22267089 coupon user process 60000 
2019-03-25 12:41:53,418 : INFO : 22267089 coupon user process 90000 
2019-03-25 12:41:53,528 : INFO : 22267090 coupon user process 0 
2019-03-25 12:41:55,333 : INFO : 22267090 coupon user process 30000 
2019-03-25 12:41:55,914 : INFO : 22267090 coupon user process 60000 
2019-03-25 12:41:56,189 : INFO : 22267090 coupon user process 90000 
2019-03-25 12:41:56,282 : INFO : 22267091 coupon user process 0 
2019-03-25 12:41:57,685 : INFO : 22267091 coupon user process 30000 
2019-03-25 12:41:59,404 : INFO : 22267091 coupon user process 60000 
2019-03-25 12:41:59,711 : INFO : 22267091 coupon user process 90000 
2019-03-25 12:41:59,800 : INFO : 22267092 coupon user process 0 
2019-03-25 12:42:00,458 : INFO : 22267092 coupon user process 30000 
2019-03-25 12:42:01,579 : INFO : 22267092 coupon user process 60000 
2019-03-25 12:42:01,837 : INFO : 22267092 coupon user process 90000 
2019-03-25 12:42:01,914 : INFO : 22268091 coupon user process 0 
2019-03-25 12:42:02,120 : INFO : 22268091 coupon user process 30000 
2019-03-25 12:42:02,372 : INFO : 22268091 coupon user process 60000 
2019-03-25 12:42:02,595 : INFO : 22268091 coupon user process 90000 
2019-03-25 12:42:02,680 : INFO : 22268094 coupon user process 0 
2019-03-25 12:42:03,710 : INFO : 22268094 coupon user process 30000 
2019-03-25 12:42:04,213 : INFO : 22268094 coupon user process 60000 
2019-03-25 12:42:04,479 : INFO : 22268094 coupon user process 90000 
2019-03-25 12:42:04,562 : INFO : 22268095 coupon user process 0 
2019-03-25 12:42:05,202 : INFO : 22268095 coupon user process 30000 
2019-03-25 12:42:06,125 : INFO : 22268095 coupon user process 60000 
2019-03-25 12:42:06,374 : INFO : 22268095 coupon user process 90000 
2019-03-25 12:42:06,471 : INFO : 22269106 coupon user process 0 
2019-03-25 12:42:09,036 : INFO : 22269106 coupon user process 30000 
2019-03-25 12:42:11,071 : INFO : 22269106 coupon user process 60000 
2019-03-25 12:42:11,418 : INFO : 22269106 coupon user process 90000 
2019-03-25 12:42:11,529 : INFO : 22269107 coupon user process 0 
2019-03-25 12:42:12,394 : INFO : 22269107 coupon user process 30000 
2019-03-25 12:42:14,151 : INFO : 22269107 coupon user process 60000 
2019-03-25 12:42:14,473 : INFO : 22269107 coupon user process 90000 
2019-03-25 12:42:14,570 : INFO : 22269126 coupon user process 0 
2019-03-25 12:42:15,553 : INFO : 22269126 coupon user process 30000 
2019-03-25 12:42:15,920 : INFO : 22269126 coupon user process 60000 
2019-03-25 12:42:16,145 : INFO : 22269126 coupon user process 90000 
2019-03-25 12:42:16,224 : INFO : 22269127 coupon user process 0 
2019-03-25 12:42:16,792 : INFO : 22269127 coupon user process 30000 
2019-03-25 12:42:17,009 : INFO : 22269127 coupon user process 60000 
2019-03-25 12:42:17,228 : INFO : 22269127 coupon user process 90000 
2019-03-25 12:42:17,306 : INFO : 22270094 coupon user process 0 
2019-03-25 12:42:17,613 : INFO : 22270094 coupon user process 30000 
2019-03-25 12:42:18,591 : INFO : 22270094 coupon user process 60000 
2019-03-25 12:42:18,826 : INFO : 22270094 coupon user process 90000 
2019-03-25 12:42:18,905 : INFO : 22270096 coupon user process 0 
2019-03-25 12:42:19,630 : INFO : 22270096 coupon user process 30000 
2019-03-25 12:42:19,916 : INFO : 22270096 coupon user process 60000 
2019-03-25 12:42:20,139 : INFO : 22270096 coupon user process 90000 
2019-03-25 12:42:20,217 : INFO : 22270098 coupon user process 0 
2019-03-25 12:42:20,463 : INFO : 22270098 coupon user process 30000 
2019-03-25 12:42:20,713 : INFO : 22270098 coupon user process 60000 
2019-03-25 12:42:20,915 : INFO : 22270098 coupon user process 90000 
2019-03-25 12:42:20,954 : INFO : coupon process 400
2019-03-25 12:42:20,988 : INFO : 22270099 coupon user process 0 
2019-03-25 12:42:21,221 : INFO : 22270099 coupon user process 30000 
2019-03-25 12:42:21,422 : INFO : 22270099 coupon user process 60000 
2019-03-25 12:42:21,623 : INFO : 22270099 coupon user process 90000 
2019-03-25 12:42:21,705 : INFO : 22270100 coupon user process 0 
2019-03-25 12:42:21,951 : INFO : 22270100 coupon user process 30000 
2019-03-25 12:42:22,153 : INFO : 22270100 coupon user process 60000 
2019-03-25 12:42:22,364 : INFO : 22270100 coupon user process 90000 
2019-03-25 12:42:22,451 : INFO : 22270103 coupon user process 0 
2019-03-25 12:42:22,719 : INFO : 22270103 coupon user process 30000 
2019-03-25 12:42:22,967 : INFO : 22270103 coupon user process 60000 
2019-03-25 12:42:23,175 : INFO : 22270103 coupon user process 90000 
2019-03-25 12:42:23,250 : INFO : 22270104 coupon user process 0 
2019-03-25 12:42:24,236 : INFO : 22270104 coupon user process 30000 
2019-03-25 12:42:27,259 : INFO : 22270104 coupon user process 60000 
2019-03-25 12:42:27,582 : INFO : 22270104 coupon user process 90000 
2019-03-25 12:42:27,686 : INFO : 22270105 coupon user process 0 
2019-03-25 12:42:27,925 : INFO : 22270105 coupon user process 30000 
2019-03-25 12:42:28,134 : INFO : 22270105 coupon user process 60000 
2019-03-25 12:42:28,349 : INFO : 22270105 coupon user process 90000 
2019-03-25 12:42:28,422 : INFO : 22270107 coupon user process 0 
2019-03-25 12:42:28,628 : INFO : 22270107 coupon user process 30000 
2019-03-25 12:42:28,947 : INFO : 22270107 coupon user process 60000 
2019-03-25 12:42:29,159 : INFO : 22270107 coupon user process 90000 
2019-03-25 12:42:29,236 : INFO : 22270108 coupon user process 0 
2019-03-25 12:42:29,437 : INFO : 22270108 coupon user process 30000 
2019-03-25 12:42:29,636 : INFO : 22270108 coupon user process 60000 
2019-03-25 12:42:29,840 : INFO : 22270108 coupon user process 90000 
2019-03-25 12:42:29,915 : INFO : 22270109 coupon user process 0 
2019-03-25 12:42:31,511 : INFO : 22270109 coupon user process 30000 
2019-03-25 12:42:33,845 : INFO : 22270109 coupon user process 60000 
2019-03-25 12:42:34,258 : INFO : 22270109 coupon user process 90000 
2019-03-25 12:42:34,347 : INFO : 22270110 coupon user process 0 
2019-03-25 12:42:34,625 : INFO : 22270110 coupon user process 30000 
2019-03-25 12:42:35,002 : INFO : 22270110 coupon user process 60000 
2019-03-25 12:42:35,245 : INFO : 22270110 coupon user process 90000 
2019-03-25 12:42:35,325 : INFO : 22270111 coupon user process 0 
2019-03-25 12:42:41,353 : INFO : 22270111 coupon user process 30000 
2019-03-25 12:42:53,122 : INFO : 22270111 coupon user process 60000 
2019-03-25 12:42:53,926 : INFO : 22270111 coupon user process 90000 
2019-03-25 12:42:54,111 : INFO : 22270112 coupon user process 0 
2019-03-25 12:42:57,706 : INFO : 22270112 coupon user process 30000 
2019-03-25 12:43:04,157 : INFO : 22270112 coupon user process 60000 
2019-03-25 12:43:05,052 : INFO : 22270112 coupon user process 90000 
2019-03-25 12:43:05,239 : INFO : 22270113 coupon user process 0 
2019-03-25 12:43:10,605 : INFO : 22270113 coupon user process 30000 
2019-03-25 12:43:21,619 : INFO : 22270113 coupon user process 60000 
2019-03-25 12:43:22,331 : INFO : 22270113 coupon user process 90000 
2019-03-25 12:43:22,498 : INFO : 22270114 coupon user process 0 
2019-03-25 12:43:23,018 : INFO : 22270114 coupon user process 30000 
2019-03-25 12:43:23,618 : INFO : 22270114 coupon user process 60000 
2019-03-25 12:43:23,854 : INFO : 22270114 coupon user process 90000 
2019-03-25 12:43:23,954 : INFO : 22271094 coupon user process 0 
2019-03-25 12:43:24,161 : INFO : 22271094 coupon user process 30000 
2019-03-25 12:43:24,401 : INFO : 22271094 coupon user process 60000 
2019-03-25 12:43:24,602 : INFO : 22271094 coupon user process 90000 
2019-03-25 12:43:24,672 : INFO : 22271104 coupon user process 0 
2019-03-25 12:43:24,911 : INFO : 22271104 coupon user process 30000 
2019-03-25 12:43:25,171 : INFO : 22271104 coupon user process 60000 
2019-03-25 12:43:25,419 : INFO : 22271104 coupon user process 90000 
2019-03-25 12:43:25,491 : INFO : 22271105 coupon user process 0 
2019-03-25 12:43:25,720 : INFO : 22271105 coupon user process 30000 
2019-03-25 12:43:25,954 : INFO : 22271105 coupon user process 60000 
2019-03-25 12:43:26,218 : INFO : 22271105 coupon user process 90000 
2019-03-25 12:43:26,329 : INFO : 22271106 coupon user process 0 
2019-03-25 12:43:26,588 : INFO : 22271106 coupon user process 30000 
2019-03-25 12:43:26,850 : INFO : 22271106 coupon user process 60000 
2019-03-25 12:43:27,222 : INFO : 22271106 coupon user process 90000 
2019-03-25 12:43:27,303 : INFO : 22271107 coupon user process 0 
2019-03-25 12:43:27,645 : INFO : 22271107 coupon user process 30000 
2019-03-25 12:43:27,969 : INFO : 22271107 coupon user process 60000 
2019-03-25 12:43:28,281 : INFO : 22271107 coupon user process 90000 
2019-03-25 12:43:28,373 : INFO : 22271108 coupon user process 0 
2019-03-25 12:43:28,724 : INFO : 22271108 coupon user process 30000 
2019-03-25 12:43:28,962 : INFO : 22271108 coupon user process 60000 
2019-03-25 12:43:29,221 : INFO : 22271108 coupon user process 90000 
2019-03-25 12:43:29,296 : INFO : 22271109 coupon user process 0 
2019-03-25 12:43:29,545 : INFO : 22271109 coupon user process 30000 
2019-03-25 12:43:29,895 : INFO : 22271109 coupon user process 60000 
2019-03-25 12:43:30,229 : INFO : 22271109 coupon user process 90000 
2019-03-25 12:43:30,321 : INFO : 22271110 coupon user process 0 
2019-03-25 12:43:30,614 : INFO : 22271110 coupon user process 30000 
2019-03-25 12:43:30,831 : INFO : 22271110 coupon user process 60000 
2019-03-25 12:43:31,034 : INFO : 22271110 coupon user process 90000 
2019-03-25 12:43:31,110 : INFO : 22271111 coupon user process 0 
2019-03-25 12:43:31,320 : INFO : 22271111 coupon user process 30000 
2019-03-25 12:43:31,520 : INFO : 22271111 coupon user process 60000 
2019-03-25 12:43:31,735 : INFO : 22271111 coupon user process 90000 
2019-03-25 12:43:31,812 : INFO : 22271112 coupon user process 0 
2019-03-25 12:43:32,325 : INFO : 22271112 coupon user process 30000 
2019-03-25 12:43:32,540 : INFO : 22271112 coupon user process 60000 
2019-03-25 12:43:32,760 : INFO : 22271112 coupon user process 90000 
2019-03-25 12:43:32,841 : INFO : 22271113 coupon user process 0 
2019-03-25 12:43:33,047 : INFO : 22271113 coupon user process 30000 
2019-03-25 12:43:33,441 : INFO : 22271113 coupon user process 60000 
2019-03-25 12:43:33,683 : INFO : 22271113 coupon user process 90000 
2019-03-25 12:43:33,765 : INFO : 22271114 coupon user process 0 
2019-03-25 12:43:34,182 : INFO : 22271114 coupon user process 30000 
2019-03-25 12:43:34,496 : INFO : 22271114 coupon user process 60000 
2019-03-25 12:43:34,742 : INFO : 22271114 coupon user process 90000 
2019-03-25 12:43:34,834 : INFO : 22271115 coupon user process 0 
2019-03-25 12:43:35,081 : INFO : 22271115 coupon user process 30000 
2019-03-25 12:43:35,416 : INFO : 22271115 coupon user process 60000 
2019-03-25 12:43:35,776 : INFO : 22271115 coupon user process 90000 
2019-03-25 12:43:35,863 : INFO : 22274089 coupon user process 0 
2019-03-25 12:43:36,796 : INFO : 22274089 coupon user process 30000 
2019-03-25 12:43:37,364 : INFO : 22274089 coupon user process 60000 
2019-03-25 12:43:37,742 : INFO : 22274089 coupon user process 90000 
2019-03-25 12:43:37,832 : INFO : 22274090 coupon user process 0 
2019-03-25 12:43:38,410 : INFO : 22274090 coupon user process 30000 
2019-03-25 12:43:39,413 : INFO : 22274090 coupon user process 60000 
2019-03-25 12:43:39,734 : INFO : 22274090 coupon user process 90000 
2019-03-25 12:43:39,825 : INFO : 22274092 coupon user process 0 
2019-03-25 12:43:43,798 : INFO : 22274092 coupon user process 30000 
2019-03-25 12:43:45,085 : INFO : 22274092 coupon user process 60000 
2019-03-25 12:43:45,454 : INFO : 22274092 coupon user process 90000 
2019-03-25 12:43:45,556 : INFO : 22274093 coupon user process 0 
2019-03-25 12:43:47,875 : INFO : 22274093 coupon user process 30000 
2019-03-25 12:43:48,661 : INFO : 22274093 coupon user process 60000 
2019-03-25 12:43:49,012 : INFO : 22274093 coupon user process 90000 
2019-03-25 12:43:49,120 : INFO : 22274094 coupon user process 0 
2019-03-25 12:43:50,401 : INFO : 22274094 coupon user process 30000 
2019-03-25 12:43:51,801 : INFO : 22274094 coupon user process 60000 
2019-03-25 12:43:52,111 : INFO : 22274094 coupon user process 90000 
2019-03-25 12:43:52,211 : INFO : 22274095 coupon user process 0 
2019-03-25 12:43:53,194 : INFO : 22274095 coupon user process 30000 
2019-03-25 12:43:54,228 : INFO : 22274095 coupon user process 60000 
2019-03-25 12:43:54,534 : INFO : 22274095 coupon user process 90000 
2019-03-25 12:43:54,625 : INFO : 22275093 coupon user process 0 
2019-03-25 12:43:55,702 : INFO : 22275093 coupon user process 30000 
2019-03-25 12:43:56,247 : INFO : 22275093 coupon user process 60000 
2019-03-25 12:43:56,560 : INFO : 22275093 coupon user process 90000 
2019-03-25 12:43:56,659 : INFO : 22275094 coupon user process 0 
2019-03-25 12:43:57,256 : INFO : 22275094 coupon user process 30000 
2019-03-25 12:43:58,426 : INFO : 22275094 coupon user process 60000 
2019-03-25 12:43:58,678 : INFO : 22275094 coupon user process 90000 
2019-03-25 12:43:58,773 : INFO : 22275098 coupon user process 0 
2019-03-25 12:44:05,001 : INFO : 22275098 coupon user process 30000 
2019-03-25 12:44:17,606 : INFO : 22275098 coupon user process 60000 
2019-03-25 12:44:18,426 : INFO : 22275098 coupon user process 90000 
2019-03-25 12:44:18,619 : INFO : 22275104 coupon user process 0 
2019-03-25 12:44:18,937 : INFO : 22275104 coupon user process 30000 
2019-03-25 12:44:19,293 : INFO : 22275104 coupon user process 60000 
2019-03-25 12:44:19,516 : INFO : 22275104 coupon user process 90000 
2019-03-25 12:44:19,588 : INFO : 22275106 coupon user process 0 
2019-03-25 12:44:19,796 : INFO : 22275106 coupon user process 30000 
2019-03-25 12:44:20,012 : INFO : 22275106 coupon user process 60000 
2019-03-25 12:44:20,234 : INFO : 22275106 coupon user process 90000 
2019-03-25 12:44:20,322 : INFO : 22276108 coupon user process 0 
2019-03-25 12:44:22,279 : INFO : 22276108 coupon user process 30000 
2019-03-25 12:44:29,212 : INFO : 22276108 coupon user process 60000 
2019-03-25 12:44:29,916 : INFO : 22276108 coupon user process 90000 
2019-03-25 12:44:30,083 : INFO : 22276128 coupon user process 0 
2019-03-25 12:44:32,333 : INFO : 22276128 coupon user process 30000 
2019-03-25 12:44:44,144 : INFO : 22276128 coupon user process 60000 
2019-03-25 12:44:44,956 : INFO : 22276128 coupon user process 90000 
2019-03-25 12:44:45,113 : INFO : 22276129 coupon user process 0 
2019-03-25 12:44:45,855 : INFO : 22276129 coupon user process 30000 
2019-03-25 12:44:50,544 : INFO : 22276129 coupon user process 60000 
2019-03-25 12:44:51,176 : INFO : 22276129 coupon user process 90000 
2019-03-25 12:44:51,425 : INFO : 22276132 coupon user process 0 
2019-03-25 12:44:52,375 : INFO : 22276132 coupon user process 30000 
2019-03-25 12:44:56,583 : INFO : 22276132 coupon user process 60000 
2019-03-25 12:44:57,036 : INFO : 22276132 coupon user process 90000 
2019-03-25 12:44:57,199 : INFO : 22276136 coupon user process 0 
2019-03-25 12:44:57,889 : INFO : 22276136 coupon user process 30000 
2019-03-25 12:44:58,750 : INFO : 22276136 coupon user process 60000 
2019-03-25 12:44:58,985 : INFO : 22276136 coupon user process 90000 
2019-03-25 12:44:59,063 : INFO : 22276137 coupon user process 0 
2019-03-25 12:44:59,272 : INFO : 22276137 coupon user process 30000 
2019-03-25 12:44:59,584 : INFO : 22276137 coupon user process 60000 
2019-03-25 12:44:59,797 : INFO : 22276137 coupon user process 90000 
2019-03-25 12:44:59,879 : INFO : 22276138 coupon user process 0 
2019-03-25 12:45:00,177 : INFO : 22276138 coupon user process 30000 
2019-03-25 12:45:00,619 : INFO : 22276138 coupon user process 60000 
2019-03-25 12:45:00,854 : INFO : 22276138 coupon user process 90000 
2019-03-25 12:45:00,928 : INFO : 22276139 coupon user process 0 
2019-03-25 12:45:01,126 : INFO : 22276139 coupon user process 30000 
2019-03-25 12:45:01,414 : INFO : 22276139 coupon user process 60000 
2019-03-25 12:45:01,645 : INFO : 22276139 coupon user process 90000 
2019-03-25 12:45:01,722 : INFO : 22276140 coupon user process 0 
2019-03-25 12:45:01,989 : INFO : 22276140 coupon user process 30000 
2019-03-25 12:45:02,874 : INFO : 22276140 coupon user process 60000 
2019-03-25 12:45:03,124 : INFO : 22276140 coupon user process 90000 
2019-03-25 12:45:03,208 : INFO : 22276144 coupon user process 0 
2019-03-25 12:45:04,509 : INFO : 22276144 coupon user process 30000 
2019-03-25 12:45:05,000 : INFO : 22276144 coupon user process 60000 
2019-03-25 12:45:05,309 : INFO : 22276144 coupon user process 90000 
2019-03-25 12:45:05,397 : INFO : 22276146 coupon user process 0 
2019-03-25 12:45:05,990 : INFO : 22276146 coupon user process 30000 
2019-03-25 12:45:06,232 : INFO : 22276146 coupon user process 60000 
2019-03-25 12:45:06,502 : INFO : 22276146 coupon user process 90000 
2019-03-25 12:45:06,597 : INFO : 22277091 coupon user process 0 
2019-03-25 12:45:08,860 : INFO : 22277091 coupon user process 30000 
2019-03-25 12:45:09,613 : INFO : 22277091 coupon user process 60000 
2019-03-25 12:45:09,925 : INFO : 22277091 coupon user process 90000 
2019-03-25 12:45:10,031 : INFO : 22277092 coupon user process 0 
2019-03-25 12:45:10,308 : INFO : 22277092 coupon user process 30000 
2019-03-25 12:45:10,684 : INFO : 22277092 coupon user process 60000 
2019-03-25 12:45:10,960 : INFO : 22277092 coupon user process 90000 
2019-03-25 12:45:11,048 : INFO : 22277093 coupon user process 0 
2019-03-25 12:45:11,298 : INFO : 22277093 coupon user process 30000 
2019-03-25 12:45:11,599 : INFO : 22277093 coupon user process 60000 
2019-03-25 12:45:11,835 : INFO : 22277093 coupon user process 90000 
2019-03-25 12:45:11,913 : INFO : 22277094 coupon user process 0 
2019-03-25 12:45:12,125 : INFO : 22277094 coupon user process 30000 
2019-03-25 12:45:12,364 : INFO : 22277094 coupon user process 60000 
2019-03-25 12:45:12,574 : INFO : 22277094 coupon user process 90000 
2019-03-25 12:45:12,662 : INFO : 22277095 coupon user process 0 
2019-03-25 12:45:12,918 : INFO : 22277095 coupon user process 30000 
2019-03-25 12:45:13,210 : INFO : 22277095 coupon user process 60000 
2019-03-25 12:45:13,441 : INFO : 22277095 coupon user process 90000 
2019-03-25 12:45:13,528 : INFO : 22277096 coupon user process 0 
2019-03-25 12:45:13,781 : INFO : 22277096 coupon user process 30000 
2019-03-25 12:45:14,131 : INFO : 22277096 coupon user process 60000 
2019-03-25 12:45:14,347 : INFO : 22277096 coupon user process 90000 
2019-03-25 12:45:14,427 : INFO : 22277098 coupon user process 0 
2019-03-25 12:45:14,713 : INFO : 22277098 coupon user process 30000 
2019-03-25 12:45:14,928 : INFO : 22277098 coupon user process 60000 
2019-03-25 12:45:15,156 : INFO : 22277098 coupon user process 90000 
2019-03-25 12:45:15,232 : INFO : 22277099 coupon user process 0 
2019-03-25 12:45:15,491 : INFO : 22277099 coupon user process 30000 
2019-03-25 12:45:15,810 : INFO : 22277099 coupon user process 60000 
2019-03-25 12:45:16,033 : INFO : 22277099 coupon user process 90000 
2019-03-25 12:45:16,116 : INFO : 22277100 coupon user process 0 
2019-03-25 12:45:16,320 : INFO : 22277100 coupon user process 30000 
2019-03-25 12:45:16,532 : INFO : 22277100 coupon user process 60000 
2019-03-25 12:45:16,743 : INFO : 22277100 coupon user process 90000 
2019-03-25 12:45:16,816 : INFO : 22277101 coupon user process 0 
2019-03-25 12:45:17,083 : INFO : 22277101 coupon user process 30000 
2019-03-25 12:45:17,336 : INFO : 22277101 coupon user process 60000 
2019-03-25 12:45:17,546 : INFO : 22277101 coupon user process 90000 
2019-03-25 12:45:17,622 : INFO : 22277103 coupon user process 0 
2019-03-25 12:45:17,826 : INFO : 22277103 coupon user process 30000 
2019-03-25 12:45:18,036 : INFO : 22277103 coupon user process 60000 
2019-03-25 12:45:18,261 : INFO : 22277103 coupon user process 90000 
2019-03-25 12:45:18,343 : INFO : 22277104 coupon user process 0 
2019-03-25 12:45:18,753 : INFO : 22277104 coupon user process 30000 
2019-03-25 12:45:19,002 : INFO : 22277104 coupon user process 60000 
2019-03-25 12:45:19,273 : INFO : 22277104 coupon user process 90000 
2019-03-25 12:45:19,353 : INFO : 22277105 coupon user process 0 
2019-03-25 12:45:19,575 : INFO : 22277105 coupon user process 30000 
2019-03-25 12:45:19,805 : INFO : 22277105 coupon user process 60000 
2019-03-25 12:45:20,041 : INFO : 22277105 coupon user process 90000 
2019-03-25 12:45:20,122 : INFO : 22277110 coupon user process 0 
2019-03-25 12:45:20,393 : INFO : 22277110 coupon user process 30000 
2019-03-25 12:45:20,741 : INFO : 22277110 coupon user process 60000 
2019-03-25 12:45:20,955 : INFO : 22277110 coupon user process 90000 
2019-03-25 12:45:21,031 : INFO : 22277111 coupon user process 0 
2019-03-25 12:45:21,813 : INFO : 22277111 coupon user process 30000 
2019-03-25 12:45:22,183 : INFO : 22277111 coupon user process 60000 
2019-03-25 12:45:22,475 : INFO : 22277111 coupon user process 90000 
2019-03-25 12:45:22,582 : INFO : 22277112 coupon user process 0 
2019-03-25 12:45:22,953 : INFO : 22277112 coupon user process 30000 
2019-03-25 12:45:23,320 : INFO : 22277112 coupon user process 60000 
2019-03-25 12:45:23,708 : INFO : 22277112 coupon user process 90000 
2019-03-25 12:45:23,798 : INFO : 22277113 coupon user process 0 
2019-03-25 12:45:24,209 : INFO : 22277113 coupon user process 30000 
2019-03-25 12:45:25,321 : INFO : 22277113 coupon user process 60000 
2019-03-25 12:45:25,602 : INFO : 22277113 coupon user process 90000 
2019-03-25 12:45:25,702 : INFO : 22277115 coupon user process 0 
2019-03-25 12:45:25,944 : INFO : 22277115 coupon user process 30000 
2019-03-25 12:45:26,187 : INFO : 22277115 coupon user process 60000 
2019-03-25 12:45:26,420 : INFO : 22277115 coupon user process 90000 
2019-03-25 12:45:26,507 : INFO : 22277116 coupon user process 0 
2019-03-25 12:45:26,867 : INFO : 22277116 coupon user process 30000 
2019-03-25 12:45:27,132 : INFO : 22277116 coupon user process 60000 
2019-03-25 12:45:27,393 : INFO : 22277116 coupon user process 90000 
2019-03-25 12:45:27,464 : INFO : 22278100 coupon user process 0 
2019-03-25 12:45:27,761 : INFO : 22278100 coupon user process 30000 
2019-03-25 12:45:27,968 : INFO : 22278100 coupon user process 60000 
2019-03-25 12:45:28,178 : INFO : 22278100 coupon user process 90000 
2019-03-25 12:45:28,256 : INFO : 22279090 coupon user process 0 
2019-03-25 12:45:30,455 : INFO : 22279090 coupon user process 30000 
2019-03-25 12:45:31,314 : INFO : 22279090 coupon user process 60000 
2019-03-25 12:45:31,601 : INFO : 22279090 coupon user process 90000 
2019-03-25 12:45:31,694 : INFO : 22279091 coupon user process 0 
2019-03-25 12:45:33,522 : INFO : 22279091 coupon user process 30000 
2019-03-25 12:45:35,786 : INFO : 22279091 coupon user process 60000 
2019-03-25 12:45:36,118 : INFO : 22279091 coupon user process 90000 
2019-03-25 12:45:36,218 : INFO : 22279092 coupon user process 0 
2019-03-25 12:45:38,461 : INFO : 22279092 coupon user process 30000 
2019-03-25 12:45:39,360 : INFO : 22279092 coupon user process 60000 
2019-03-25 12:45:39,667 : INFO : 22279092 coupon user process 90000 
2019-03-25 12:45:39,783 : INFO : 22279093 coupon user process 0 
2019-03-25 12:45:41,498 : INFO : 22279093 coupon user process 30000 
2019-03-25 12:45:44,019 : INFO : 22279093 coupon user process 60000 
2019-03-25 12:45:44,369 : INFO : 22279093 coupon user process 90000 
2019-03-25 12:45:44,462 : INFO : 22279094 coupon user process 0 
2019-03-25 12:45:44,690 : INFO : 22279094 coupon user process 30000 
2019-03-25 12:45:44,896 : INFO : 22279094 coupon user process 60000 
2019-03-25 12:45:45,097 : INFO : 22279094 coupon user process 90000 
2019-03-25 12:45:45,175 : INFO : 22279095 coupon user process 0 
2019-03-25 12:45:47,501 : INFO : 22279095 coupon user process 30000 
2019-03-25 12:45:48,506 : INFO : 22279095 coupon user process 60000 
2019-03-25 12:45:48,801 : INFO : 22279095 coupon user process 90000 
2019-03-25 12:45:48,906 : INFO : 22279097 coupon user process 0 
2019-03-25 12:45:50,853 : INFO : 22279097 coupon user process 30000 
2019-03-25 12:45:53,338 : INFO : 22279097 coupon user process 60000 
2019-03-25 12:45:53,681 : INFO : 22279097 coupon user process 90000 
2019-03-25 12:45:53,783 : INFO : 22279098 coupon user process 0 
2019-03-25 12:45:56,463 : INFO : 22279098 coupon user process 30000 
2019-03-25 12:45:57,594 : INFO : 22279098 coupon user process 60000 
2019-03-25 12:45:57,921 : INFO : 22279098 coupon user process 90000 
2019-03-25 12:45:58,026 : INFO : 22279099 coupon user process 0 
2019-03-25 12:45:59,821 : INFO : 22279099 coupon user process 30000 
2019-03-25 12:46:02,164 : INFO : 22279099 coupon user process 60000 
2019-03-25 12:46:02,495 : INFO : 22279099 coupon user process 90000 
2019-03-25 12:46:02,591 : INFO : 22279100 coupon user process 0 
2019-03-25 12:46:05,046 : INFO : 22279100 coupon user process 30000 
2019-03-25 12:46:06,225 : INFO : 22279100 coupon user process 60000 
2019-03-25 12:46:06,535 : INFO : 22279100 coupon user process 90000 
2019-03-25 12:46:06,640 : INFO : 22279101 coupon user process 0 
2019-03-25 12:46:08,672 : INFO : 22279101 coupon user process 30000 
2019-03-25 12:46:11,491 : INFO : 22279101 coupon user process 60000 
2019-03-25 12:46:11,842 : INFO : 22279101 coupon user process 90000 
2019-03-25 12:46:11,953 : INFO : 22279102 coupon user process 0 
2019-03-25 12:46:14,575 : INFO : 22279102 coupon user process 30000 
2019-03-25 12:46:15,583 : INFO : 22279102 coupon user process 60000 
2019-03-25 12:46:15,881 : INFO : 22279102 coupon user process 90000 
2019-03-25 12:46:15,972 : INFO : 22279103 coupon user process 0 
2019-03-25 12:46:17,538 : INFO : 22279103 coupon user process 30000 
2019-03-25 12:46:20,222 : INFO : 22279103 coupon user process 60000 
2019-03-25 12:46:20,550 : INFO : 22279103 coupon user process 90000 
2019-03-25 12:46:20,647 : INFO : 22279104 coupon user process 0 
2019-03-25 12:46:23,628 : INFO : 22279104 coupon user process 30000 
2019-03-25 12:46:25,511 : INFO : 22279104 coupon user process 60000 
2019-03-25 12:46:26,067 : INFO : 22279104 coupon user process 90000 
2019-03-25 12:46:26,179 : INFO : 22279105 coupon user process 0 
2019-03-25 12:46:28,291 : INFO : 22279105 coupon user process 30000 
2019-03-25 12:46:31,315 : INFO : 22279105 coupon user process 60000 
2019-03-25 12:46:31,708 : INFO : 22279105 coupon user process 90000 
2019-03-25 12:46:31,810 : INFO : 22279112 coupon user process 0 
2019-03-25 12:46:32,027 : INFO : 22279112 coupon user process 30000 
2019-03-25 12:46:32,250 : INFO : 22279112 coupon user process 60000 
2019-03-25 12:46:32,465 : INFO : 22279112 coupon user process 90000 
2019-03-25 12:46:32,550 : INFO : 22279121 coupon user process 0 
2019-03-25 12:46:32,785 : INFO : 22279121 coupon user process 30000 
2019-03-25 12:46:32,990 : INFO : 22279121 coupon user process 60000 
2019-03-25 12:46:33,191 : INFO : 22279121 coupon user process 90000 
2019-03-25 12:46:33,263 : INFO : 22280095 coupon user process 0 
2019-03-25 12:46:33,518 : INFO : 22280095 coupon user process 30000 
2019-03-25 12:46:33,721 : INFO : 22280095 coupon user process 60000 
2019-03-25 12:46:33,926 : INFO : 22280095 coupon user process 90000 
2019-03-25 12:46:34,003 : INFO : 22285089 coupon user process 0 
2019-03-25 12:46:34,216 : INFO : 22285089 coupon user process 30000 
2019-03-25 12:46:34,464 : INFO : 22285089 coupon user process 60000 
2019-03-25 12:46:34,685 : INFO : 22285089 coupon user process 90000 
2019-03-25 12:46:34,766 : INFO : 22286089 coupon user process 0 
2019-03-25 12:46:34,973 : INFO : 22286089 coupon user process 30000 
2019-03-25 12:46:35,216 : INFO : 22286089 coupon user process 60000 
2019-03-25 12:46:35,417 : INFO : 22286089 coupon user process 90000 
2019-03-25 12:46:35,493 : INFO : 22287090 coupon user process 0 
2019-03-25 12:46:36,657 : INFO : 22287090 coupon user process 30000 
2019-03-25 12:46:37,280 : INFO : 22287090 coupon user process 60000 
2019-03-25 12:46:37,527 : INFO : 22287090 coupon user process 90000 
2019-03-25 12:46:37,612 : INFO : 22287091 coupon user process 0 
2019-03-25 12:46:38,071 : INFO : 22287091 coupon user process 30000 
2019-03-25 12:46:39,679 : INFO : 22287091 coupon user process 60000 
2019-03-25 12:46:40,063 : INFO : 22287091 coupon user process 90000 
2019-03-25 12:46:40,179 : INFO : 22287099 coupon user process 0 
2019-03-25 12:46:40,541 : INFO : 22287099 coupon user process 30000 
2019-03-25 12:46:41,237 : INFO : 22287099 coupon user process 60000 
2019-03-25 12:46:41,561 : INFO : 22287099 coupon user process 90000 
2019-03-25 12:46:41,653 : INFO : 22287100 coupon user process 0 
2019-03-25 12:46:42,064 : INFO : 22287100 coupon user process 30000 
2019-03-25 12:46:42,484 : INFO : 22287100 coupon user process 60000 
2019-03-25 12:46:42,714 : INFO : 22287100 coupon user process 90000 
2019-03-25 12:46:42,807 : INFO : 22287101 coupon user process 0 
2019-03-25 12:46:43,057 : INFO : 22287101 coupon user process 30000 
2019-03-25 12:46:43,326 : INFO : 22287101 coupon user process 60000 
2019-03-25 12:46:43,538 : INFO : 22287101 coupon user process 90000 
2019-03-25 12:46:43,633 : INFO : 22287102 coupon user process 0 
2019-03-25 12:46:43,991 : INFO : 22287102 coupon user process 30000 
2019-03-25 12:46:44,888 : INFO : 22287102 coupon user process 60000 
2019-03-25 12:46:45,182 : INFO : 22287102 coupon user process 90000 
2019-03-25 12:46:45,276 : INFO : 22287103 coupon user process 0 
2019-03-25 12:46:45,796 : INFO : 22287103 coupon user process 30000 
2019-03-25 12:46:46,327 : INFO : 22287103 coupon user process 60000 
2019-03-25 12:46:46,579 : INFO : 22287103 coupon user process 90000 
2019-03-25 12:46:46,668 : INFO : 22287104 coupon user process 0 
2019-03-25 12:46:46,909 : INFO : 22287104 coupon user process 30000 
2019-03-25 12:46:47,278 : INFO : 22287104 coupon user process 60000 
2019-03-25 12:46:47,646 : INFO : 22287104 coupon user process 90000 
2019-03-25 12:46:47,730 : INFO : 22287105 coupon user process 0 
2019-03-25 12:46:47,971 : INFO : 22287105 coupon user process 30000 
2019-03-25 12:46:48,277 : INFO : 22287105 coupon user process 60000 
2019-03-25 12:46:48,548 : INFO : 22287105 coupon user process 90000 
2019-03-25 12:46:48,628 : INFO : 22287108 coupon user process 0 
2019-03-25 12:46:49,915 : INFO : 22287108 coupon user process 30000 
2019-03-25 12:46:55,226 : INFO : 22287108 coupon user process 60000 
2019-03-25 12:46:55,673 : INFO : 22287108 coupon user process 90000 
2019-03-25 12:46:55,799 : INFO : 22287109 coupon user process 0 
2019-03-25 12:46:56,220 : INFO : 22287109 coupon user process 30000 
2019-03-25 12:46:57,399 : INFO : 22287109 coupon user process 60000 
2019-03-25 12:46:57,650 : INFO : 22287109 coupon user process 90000 
2019-03-25 12:46:57,734 : INFO : 22287110 coupon user process 0 
2019-03-25 12:46:57,967 : INFO : 22287110 coupon user process 30000 
2019-03-25 12:46:58,169 : INFO : 22287110 coupon user process 60000 
2019-03-25 12:46:58,388 : INFO : 22287110 coupon user process 90000 
2019-03-25 12:46:58,431 : INFO : coupon process 500
2019-03-25 12:46:58,468 : INFO : 22287111 coupon user process 0 
2019-03-25 12:46:58,664 : INFO : 22287111 coupon user process 30000 
2019-03-25 12:46:58,903 : INFO : 22287111 coupon user process 60000 
2019-03-25 12:46:59,114 : INFO : 22287111 coupon user process 90000 
2019-03-25 12:46:59,186 : INFO : 22287112 coupon user process 0 
2019-03-25 12:46:59,390 : INFO : 22287112 coupon user process 30000 
2019-03-25 12:46:59,653 : INFO : 22287112 coupon user process 60000 
2019-03-25 12:46:59,859 : INFO : 22287112 coupon user process 90000 
2019-03-25 12:46:59,934 : INFO : 22287114 coupon user process 0 
2019-03-25 12:47:01,047 : INFO : 22287114 coupon user process 30000 
2019-03-25 12:47:03,429 : INFO : 22287114 coupon user process 60000 
2019-03-25 12:47:03,729 : INFO : 22287114 coupon user process 90000 
2019-03-25 12:47:03,827 : INFO : 22287115 coupon user process 0 
2019-03-25 12:47:04,551 : INFO : 22287115 coupon user process 30000 
2019-03-25 12:47:06,633 : INFO : 22287115 coupon user process 60000 
2019-03-25 12:47:06,919 : INFO : 22287115 coupon user process 90000 
2019-03-25 12:47:07,006 : INFO : 22288089 coupon user process 0 
2019-03-25 12:47:08,235 : INFO : 22288089 coupon user process 30000 
2019-03-25 12:47:08,694 : INFO : 22288089 coupon user process 60000 
2019-03-25 12:47:08,942 : INFO : 22288089 coupon user process 90000 
2019-03-25 12:47:09,033 : INFO : 22288090 coupon user process 0 
2019-03-25 12:47:09,369 : INFO : 22288090 coupon user process 30000 
2019-03-25 12:47:10,403 : INFO : 22288090 coupon user process 60000 
2019-03-25 12:47:10,638 : INFO : 22288090 coupon user process 90000 
2019-03-25 12:47:10,715 : INFO : 22288091 coupon user process 0 
2019-03-25 12:47:10,917 : INFO : 22288091 coupon user process 30000 
2019-03-25 12:47:11,165 : INFO : 22288091 coupon user process 60000 
2019-03-25 12:47:11,372 : INFO : 22288091 coupon user process 90000 
2019-03-25 12:47:11,442 : INFO : 22288092 coupon user process 0 
2019-03-25 12:47:11,639 : INFO : 22288092 coupon user process 30000 
2019-03-25 12:47:11,837 : INFO : 22288092 coupon user process 60000 
2019-03-25 12:47:12,040 : INFO : 22288092 coupon user process 90000 
2019-03-25 12:47:12,113 : INFO : 22288093 coupon user process 0 
2019-03-25 12:47:12,310 : INFO : 22288093 coupon user process 30000 
2019-03-25 12:47:12,512 : INFO : 22288093 coupon user process 60000 
2019-03-25 12:47:12,713 : INFO : 22288093 coupon user process 90000 
2019-03-25 12:47:12,785 : INFO : 22288094 coupon user process 0 
2019-03-25 12:47:12,979 : INFO : 22288094 coupon user process 30000 
2019-03-25 12:47:13,187 : INFO : 22288094 coupon user process 60000 
2019-03-25 12:47:13,395 : INFO : 22288094 coupon user process 90000 
2019-03-25 12:47:13,481 : INFO : 22288095 coupon user process 0 
2019-03-25 12:47:16,871 : INFO : 22288095 coupon user process 30000 
2019-03-25 12:47:18,156 : INFO : 22288095 coupon user process 60000 
2019-03-25 12:47:18,540 : INFO : 22288095 coupon user process 90000 
2019-03-25 12:47:18,657 : INFO : 22288096 coupon user process 0 
2019-03-25 12:47:21,032 : INFO : 22288096 coupon user process 30000 
2019-03-25 12:47:22,006 : INFO : 22288096 coupon user process 60000 
2019-03-25 12:47:22,322 : INFO : 22288096 coupon user process 90000 
2019-03-25 12:47:22,411 : INFO : 22288097 coupon user process 0 
2019-03-25 12:47:23,298 : INFO : 22288097 coupon user process 30000 
2019-03-25 12:47:25,240 : INFO : 22288097 coupon user process 60000 
2019-03-25 12:47:25,530 : INFO : 22288097 coupon user process 90000 
2019-03-25 12:47:25,618 : INFO : 22288098 coupon user process 0 
2019-03-25 12:47:26,342 : INFO : 22288098 coupon user process 30000 
2019-03-25 12:47:27,634 : INFO : 22288098 coupon user process 60000 
2019-03-25 12:47:27,901 : INFO : 22288098 coupon user process 90000 
2019-03-25 12:47:27,994 : INFO : 22288101 coupon user process 0 
2019-03-25 12:47:28,276 : INFO : 22288101 coupon user process 30000 
2019-03-25 12:47:29,847 : INFO : 22288101 coupon user process 60000 
2019-03-25 12:47:30,092 : INFO : 22288101 coupon user process 90000 
2019-03-25 12:47:30,183 : INFO : 22288102 coupon user process 0 
2019-03-25 12:47:30,743 : INFO : 22288102 coupon user process 30000 
2019-03-25 12:47:37,297 : INFO : 22288102 coupon user process 60000 
2019-03-25 12:47:37,729 : INFO : 22288102 coupon user process 90000 
2019-03-25 12:47:37,837 : INFO : 22288103 coupon user process 0 
2019-03-25 12:47:38,041 : INFO : 22288103 coupon user process 30000 
2019-03-25 12:47:38,262 : INFO : 22288103 coupon user process 60000 
2019-03-25 12:47:38,476 : INFO : 22288103 coupon user process 90000 
2019-03-25 12:47:38,568 : INFO : 22288104 coupon user process 0 
2019-03-25 12:47:39,613 : INFO : 22288104 coupon user process 30000 
2019-03-25 12:47:46,469 : INFO : 22288104 coupon user process 60000 
2019-03-25 12:47:46,906 : INFO : 22288104 coupon user process 90000 
2019-03-25 12:47:47,031 : INFO : 22289091 coupon user process 0 
2019-03-25 12:47:53,180 : INFO : 22289091 coupon user process 30000 
2019-03-25 12:47:58,556 : INFO : 22289091 coupon user process 60000 
2019-03-25 12:47:59,192 : INFO : 22289091 coupon user process 90000 
2019-03-25 12:47:59,379 : INFO : 22289092 coupon user process 0 
2019-03-25 12:48:07,676 : INFO : 22289092 coupon user process 30000 
2019-03-25 12:48:14,332 : INFO : 22289092 coupon user process 60000 
2019-03-25 12:48:15,013 : INFO : 22289092 coupon user process 90000 
2019-03-25 12:48:15,180 : INFO : 22289093 coupon user process 0 
2019-03-25 12:48:18,804 : INFO : 22289093 coupon user process 30000 
2019-03-25 12:48:21,963 : INFO : 22289093 coupon user process 60000 
2019-03-25 12:48:22,435 : INFO : 22289093 coupon user process 90000 
2019-03-25 12:48:22,557 : INFO : 22289094 coupon user process 0 
2019-03-25 12:48:22,839 : INFO : 22289094 coupon user process 30000 
2019-03-25 12:48:23,070 : INFO : 22289094 coupon user process 60000 
2019-03-25 12:48:23,306 : INFO : 22289094 coupon user process 90000 
2019-03-25 12:48:23,390 : INFO : 22290090 coupon user process 0 
2019-03-25 12:48:23,699 : INFO : 22290090 coupon user process 30000 
2019-03-25 12:48:23,910 : INFO : 22290090 coupon user process 60000 
2019-03-25 12:48:24,119 : INFO : 22290090 coupon user process 90000 
2019-03-25 12:48:24,191 : INFO : 22290094 coupon user process 0 
2019-03-25 12:48:24,505 : INFO : 22290094 coupon user process 30000 
2019-03-25 12:48:24,929 : INFO : 22290094 coupon user process 60000 
2019-03-25 12:48:25,146 : INFO : 22290094 coupon user process 90000 
2019-03-25 12:48:25,226 : INFO : 22290095 coupon user process 0 
2019-03-25 12:48:25,468 : INFO : 22290095 coupon user process 30000 
2019-03-25 12:48:25,916 : INFO : 22290095 coupon user process 60000 
2019-03-25 12:48:26,129 : INFO : 22290095 coupon user process 90000 
2019-03-25 12:48:26,206 : INFO : 22290099 coupon user process 0 
2019-03-25 12:48:26,479 : INFO : 22290099 coupon user process 30000 
2019-03-25 12:48:26,685 : INFO : 22290099 coupon user process 60000 
2019-03-25 12:48:26,893 : INFO : 22290099 coupon user process 90000 
2019-03-25 12:48:26,966 : INFO : 22290100 coupon user process 0 
2019-03-25 12:48:27,203 : INFO : 22290100 coupon user process 30000 
2019-03-25 12:48:27,408 : INFO : 22290100 coupon user process 60000 
2019-03-25 12:48:27,610 : INFO : 22290100 coupon user process 90000 
2019-03-25 12:48:27,681 : INFO : 22290101 coupon user process 0 
2019-03-25 12:48:28,035 : INFO : 22290101 coupon user process 30000 
2019-03-25 12:48:28,250 : INFO : 22290101 coupon user process 60000 
2019-03-25 12:48:28,458 : INFO : 22290101 coupon user process 90000 
2019-03-25 12:48:28,545 : INFO : 22290102 coupon user process 0 
2019-03-25 12:48:28,779 : INFO : 22290102 coupon user process 30000 
2019-03-25 12:48:29,035 : INFO : 22290102 coupon user process 60000 
2019-03-25 12:48:29,258 : INFO : 22290102 coupon user process 90000 
2019-03-25 12:48:29,330 : INFO : 22290104 coupon user process 0 
2019-03-25 12:48:29,527 : INFO : 22290104 coupon user process 30000 
2019-03-25 12:48:29,734 : INFO : 22290104 coupon user process 60000 
2019-03-25 12:48:29,940 : INFO : 22290104 coupon user process 90000 
2019-03-25 12:48:30,012 : INFO : 22290105 coupon user process 0 
2019-03-25 12:48:30,213 : INFO : 22290105 coupon user process 30000 
2019-03-25 12:48:30,419 : INFO : 22290105 coupon user process 60000 
2019-03-25 12:48:30,625 : INFO : 22290105 coupon user process 90000 
2019-03-25 12:48:30,693 : INFO : 22290113 coupon user process 0 
2019-03-25 12:48:31,713 : INFO : 22290113 coupon user process 30000 
2019-03-25 12:48:32,238 : INFO : 22290113 coupon user process 60000 
2019-03-25 12:48:32,484 : INFO : 22290113 coupon user process 90000 
2019-03-25 12:48:32,567 : INFO : 22290114 coupon user process 0 
2019-03-25 12:48:33,329 : INFO : 22290114 coupon user process 30000 
2019-03-25 12:48:33,656 : INFO : 22290114 coupon user process 60000 
2019-03-25 12:48:33,885 : INFO : 22290114 coupon user process 90000 
2019-03-25 12:48:33,960 : INFO : 22294092 coupon user process 0 
2019-03-25 12:48:34,212 : INFO : 22294092 coupon user process 30000 
2019-03-25 12:48:34,414 : INFO : 22294092 coupon user process 60000 
2019-03-25 12:48:34,625 : INFO : 22294092 coupon user process 90000 
2019-03-25 12:48:34,709 : INFO : 22294093 coupon user process 0 
2019-03-25 12:48:35,030 : INFO : 22294093 coupon user process 30000 
2019-03-25 12:48:35,268 : INFO : 22294093 coupon user process 60000 
2019-03-25 12:48:35,494 : INFO : 22294093 coupon user process 90000 
2019-03-25 12:48:35,577 : INFO : 22294096 coupon user process 0 
2019-03-25 12:48:36,516 : INFO : 22294096 coupon user process 30000 
2019-03-25 12:48:36,807 : INFO : 22294096 coupon user process 60000 
2019-03-25 12:48:37,070 : INFO : 22294096 coupon user process 90000 
2019-03-25 12:48:37,153 : INFO : 22294097 coupon user process 0 
2019-03-25 12:48:39,728 : INFO : 22294097 coupon user process 30000 
2019-03-25 12:48:41,250 : INFO : 22294097 coupon user process 60000 
2019-03-25 12:48:41,606 : INFO : 22294097 coupon user process 90000 
2019-03-25 12:48:41,708 : INFO : 22294098 coupon user process 0 
2019-03-25 12:48:44,262 : INFO : 22294098 coupon user process 30000 
2019-03-25 12:48:45,032 : INFO : 22294098 coupon user process 60000 
2019-03-25 12:48:45,415 : INFO : 22294098 coupon user process 90000 
2019-03-25 12:48:45,581 : INFO : 22294099 coupon user process 0 
2019-03-25 12:48:46,383 : INFO : 22294099 coupon user process 30000 
2019-03-25 12:48:46,792 : INFO : 22294099 coupon user process 60000 
2019-03-25 12:48:47,003 : INFO : 22294099 coupon user process 90000 
2019-03-25 12:48:47,127 : INFO : 22294100 coupon user process 0 
2019-03-25 12:48:47,756 : INFO : 22294100 coupon user process 30000 
2019-03-25 12:48:48,100 : INFO : 22294100 coupon user process 60000 
2019-03-25 12:48:48,422 : INFO : 22294100 coupon user process 90000 
2019-03-25 12:48:48,499 : INFO : 22294102 coupon user process 0 
2019-03-25 12:48:48,812 : INFO : 22294102 coupon user process 30000 
2019-03-25 12:48:49,124 : INFO : 22294102 coupon user process 60000 
2019-03-25 12:48:49,493 : INFO : 22294102 coupon user process 90000 
2019-03-25 12:48:49,611 : INFO : 22294104 coupon user process 0 
2019-03-25 12:48:49,912 : INFO : 22294104 coupon user process 30000 
2019-03-25 12:48:50,159 : INFO : 22294104 coupon user process 60000 
2019-03-25 12:48:50,432 : INFO : 22294104 coupon user process 90000 
2019-03-25 12:48:50,602 : INFO : 22294106 coupon user process 0 
2019-03-25 12:48:51,185 : INFO : 22294106 coupon user process 30000 
2019-03-25 12:48:51,813 : INFO : 22294106 coupon user process 60000 
2019-03-25 12:48:52,065 : INFO : 22294106 coupon user process 90000 
2019-03-25 12:48:52,366 : INFO : 22294108 coupon user process 0 
2019-03-25 12:48:52,744 : INFO : 22294108 coupon user process 30000 
2019-03-25 12:48:53,432 : INFO : 22294108 coupon user process 60000 
2019-03-25 12:48:53,646 : INFO : 22294108 coupon user process 90000 
2019-03-25 12:48:53,838 : INFO : 22294110 coupon user process 0 
2019-03-25 12:48:55,936 : INFO : 22294110 coupon user process 30000 
2019-03-25 12:48:56,741 : INFO : 22294110 coupon user process 60000 
2019-03-25 12:48:57,023 : INFO : 22294110 coupon user process 90000 
2019-03-25 12:48:57,115 : INFO : 22294112 coupon user process 0 
2019-03-25 12:48:59,138 : INFO : 22294112 coupon user process 30000 
2019-03-25 12:49:00,494 : INFO : 22294112 coupon user process 60000 
2019-03-25 12:49:00,828 : INFO : 22294112 coupon user process 90000 
2019-03-25 12:49:00,921 : INFO : 22294113 coupon user process 0 
2019-03-25 12:49:01,762 : INFO : 22294113 coupon user process 30000 
2019-03-25 12:49:04,084 : INFO : 22294113 coupon user process 60000 
2019-03-25 12:49:04,450 : INFO : 22294113 coupon user process 90000 
2019-03-25 12:49:04,796 : INFO : 22295098 coupon user process 0 
2019-03-25 12:49:05,935 : INFO : 22295098 coupon user process 30000 
2019-03-25 12:49:11,413 : INFO : 22295098 coupon user process 60000 
2019-03-25 12:49:11,856 : INFO : 22295098 coupon user process 90000 
2019-03-25 12:49:12,017 : INFO : 22295100 coupon user process 0 
2019-03-25 12:49:12,613 : INFO : 22295100 coupon user process 30000 
2019-03-25 12:49:15,238 : INFO : 22295100 coupon user process 60000 
2019-03-25 12:49:15,746 : INFO : 22295100 coupon user process 90000 
2019-03-25 12:49:15,842 : INFO : 22295101 coupon user process 0 
2019-03-25 12:49:16,317 : INFO : 22295101 coupon user process 30000 
2019-03-25 12:49:18,078 : INFO : 22295101 coupon user process 60000 
2019-03-25 12:49:18,436 : INFO : 22295101 coupon user process 90000 
2019-03-25 12:49:18,539 : INFO : 22295104 coupon user process 0 
2019-03-25 12:49:19,561 : INFO : 22295104 coupon user process 30000 
2019-03-25 12:49:21,153 : INFO : 22295104 coupon user process 60000 
2019-03-25 12:49:21,428 : INFO : 22295104 coupon user process 90000 
2019-03-25 12:49:21,522 : INFO : 22295105 coupon user process 0 
2019-03-25 12:49:23,623 : INFO : 22295105 coupon user process 30000 
2019-03-25 12:49:27,959 : INFO : 22295105 coupon user process 60000 
2019-03-25 12:49:28,371 : INFO : 22295105 coupon user process 90000 
2019-03-25 12:49:28,501 : INFO : 22295107 coupon user process 0 
2019-03-25 12:49:31,053 : INFO : 22295107 coupon user process 30000 
2019-03-25 12:49:34,782 : INFO : 22295107 coupon user process 60000 
2019-03-25 12:49:35,191 : INFO : 22295107 coupon user process 90000 
2019-03-25 12:49:35,307 : INFO : 22295108 coupon user process 0 
2019-03-25 12:49:36,034 : INFO : 22295108 coupon user process 30000 
2019-03-25 12:49:37,894 : INFO : 22295108 coupon user process 60000 
2019-03-25 12:49:38,172 : INFO : 22295108 coupon user process 90000 
2019-03-25 12:49:38,260 : INFO : 22296089 coupon user process 0 
2019-03-25 12:49:39,021 : INFO : 22296089 coupon user process 30000 
2019-03-25 12:49:39,500 : INFO : 22296089 coupon user process 60000 
2019-03-25 12:49:39,742 : INFO : 22296089 coupon user process 90000 
2019-03-25 12:49:39,829 : INFO : 22296090 coupon user process 0 
2019-03-25 12:49:41,210 : INFO : 22296090 coupon user process 30000 
2019-03-25 12:49:44,578 : INFO : 22296090 coupon user process 60000 
2019-03-25 12:49:44,927 : INFO : 22296090 coupon user process 90000 
2019-03-25 12:49:45,036 : INFO : 22296098 coupon user process 0 
2019-03-25 12:49:46,567 : INFO : 22296098 coupon user process 30000 
2019-03-25 12:49:47,567 : INFO : 22296098 coupon user process 60000 
2019-03-25 12:49:47,840 : INFO : 22296098 coupon user process 90000 
2019-03-25 12:49:47,940 : INFO : 22296099 coupon user process 0 
2019-03-25 12:49:51,391 : INFO : 22296099 coupon user process 30000 
2019-03-25 12:49:52,644 : INFO : 22296099 coupon user process 60000 
2019-03-25 12:49:52,997 : INFO : 22296099 coupon user process 90000 
2019-03-25 12:49:53,092 : INFO : 22296101 coupon user process 0 
2019-03-25 12:49:54,372 : INFO : 22296101 coupon user process 30000 
2019-03-25 12:49:55,059 : INFO : 22296101 coupon user process 60000 
2019-03-25 12:49:55,313 : INFO : 22296101 coupon user process 90000 
2019-03-25 12:49:55,394 : INFO : 22296102 coupon user process 0 
2019-03-25 12:49:55,735 : INFO : 22296102 coupon user process 30000 
2019-03-25 12:49:55,943 : INFO : 22296102 coupon user process 60000 
2019-03-25 12:49:56,154 : INFO : 22296102 coupon user process 90000 
2019-03-25 12:49:56,228 : INFO : 22296103 coupon user process 0 
2019-03-25 12:49:56,429 : INFO : 22296103 coupon user process 30000 
2019-03-25 12:49:56,641 : INFO : 22296103 coupon user process 60000 
2019-03-25 12:49:56,846 : INFO : 22296103 coupon user process 90000 
2019-03-25 12:49:56,916 : INFO : 22296104 coupon user process 0 
2019-03-25 12:49:57,217 : INFO : 22296104 coupon user process 30000 
2019-03-25 12:49:57,427 : INFO : 22296104 coupon user process 60000 
2019-03-25 12:49:57,630 : INFO : 22296104 coupon user process 90000 
2019-03-25 12:49:57,717 : INFO : 22297090 coupon user process 0 
2019-03-25 12:49:57,954 : INFO : 22297090 coupon user process 30000 
2019-03-25 12:49:58,187 : INFO : 22297090 coupon user process 60000 
2019-03-25 12:49:58,426 : INFO : 22297090 coupon user process 90000 
2019-03-25 12:49:58,510 : INFO : 22297092 coupon user process 0 
2019-03-25 12:49:59,632 : INFO : 22297092 coupon user process 30000 
2019-03-25 12:49:59,918 : INFO : 22297092 coupon user process 60000 
2019-03-25 12:50:00,157 : INFO : 22297092 coupon user process 90000 
2019-03-25 12:50:00,234 : INFO : 22297099 coupon user process 0 
2019-03-25 12:50:00,438 : INFO : 22297099 coupon user process 30000 
2019-03-25 12:50:00,678 : INFO : 22297099 coupon user process 60000 
2019-03-25 12:50:00,880 : INFO : 22297099 coupon user process 90000 
2019-03-25 12:50:00,955 : INFO : 22297101 coupon user process 0 
2019-03-25 12:50:01,182 : INFO : 22297101 coupon user process 30000 
2019-03-25 12:50:01,394 : INFO : 22297101 coupon user process 60000 
2019-03-25 12:50:01,603 : INFO : 22297101 coupon user process 90000 
2019-03-25 12:50:01,679 : INFO : 22298093 coupon user process 0 
2019-03-25 12:50:02,390 : INFO : 22298093 coupon user process 30000 
2019-03-25 12:50:03,987 : INFO : 22298093 coupon user process 60000 
2019-03-25 12:50:04,255 : INFO : 22298093 coupon user process 90000 
2019-03-25 12:50:04,351 : INFO : 22299089 coupon user process 0 
2019-03-25 12:50:04,594 : INFO : 22299089 coupon user process 30000 
2019-03-25 12:50:04,800 : INFO : 22299089 coupon user process 60000 
2019-03-25 12:50:05,006 : INFO : 22299089 coupon user process 90000 
2019-03-25 12:50:05,087 : INFO : 22301089 coupon user process 0 
2019-03-25 12:50:06,517 : INFO : 22301089 coupon user process 30000 
2019-03-25 12:50:07,189 : INFO : 22301089 coupon user process 60000 
2019-03-25 12:50:07,456 : INFO : 22301089 coupon user process 90000 
2019-03-25 12:50:07,536 : INFO : 22301090 coupon user process 0 
2019-03-25 12:50:07,843 : INFO : 22301090 coupon user process 30000 
2019-03-25 12:50:08,281 : INFO : 22301090 coupon user process 60000 
2019-03-25 12:50:08,495 : INFO : 22301090 coupon user process 90000 
2019-03-25 12:50:08,564 : INFO : 22301103 coupon user process 0 
2019-03-25 12:50:08,791 : INFO : 22301103 coupon user process 30000 
2019-03-25 12:50:08,993 : INFO : 22301103 coupon user process 60000 
2019-03-25 12:50:09,196 : INFO : 22301103 coupon user process 90000 
2019-03-25 12:50:09,268 : INFO : 22301105 coupon user process 0 
2019-03-25 12:50:09,494 : INFO : 22301105 coupon user process 30000 
2019-03-25 12:50:09,698 : INFO : 22301105 coupon user process 60000 
2019-03-25 12:50:09,906 : INFO : 22301105 coupon user process 90000 
2019-03-25 12:50:09,989 : INFO : 22301106 coupon user process 0 
2019-03-25 12:50:10,634 : INFO : 22301106 coupon user process 30000 
2019-03-25 12:50:10,853 : INFO : 22301106 coupon user process 60000 
2019-03-25 12:50:11,086 : INFO : 22301106 coupon user process 90000 
2019-03-25 12:50:11,162 : INFO : 22302089 coupon user process 0 
2019-03-25 12:50:12,263 : INFO : 22302089 coupon user process 30000 
2019-03-25 12:50:13,008 : INFO : 22302089 coupon user process 60000 
2019-03-25 12:50:13,265 : INFO : 22302089 coupon user process 90000 
2019-03-25 12:50:13,362 : INFO : 22302090 coupon user process 0 
2019-03-25 12:50:13,582 : INFO : 22302090 coupon user process 30000 
2019-03-25 12:50:14,190 : INFO : 22302090 coupon user process 60000 
2019-03-25 12:50:14,442 : INFO : 22302090 coupon user process 90000 
2019-03-25 12:50:14,530 : INFO : 22302093 coupon user process 0 
2019-03-25 12:50:15,333 : INFO : 22302093 coupon user process 30000 
2019-03-25 12:50:15,751 : INFO : 22302093 coupon user process 60000 
2019-03-25 12:50:15,987 : INFO : 22302093 coupon user process 90000 
2019-03-25 12:50:16,068 : INFO : 22302094 coupon user process 0 
2019-03-25 12:50:18,370 : INFO : 22302094 coupon user process 30000 
2019-03-25 12:50:19,698 : INFO : 22302094 coupon user process 60000 
2019-03-25 12:50:20,008 : INFO : 22302094 coupon user process 90000 
2019-03-25 12:50:20,106 : INFO : 22302095 coupon user process 0 
2019-03-25 12:50:22,824 : INFO : 22302095 coupon user process 30000 
2019-03-25 12:50:24,185 : INFO : 22302095 coupon user process 60000 
2019-03-25 12:50:24,501 : INFO : 22302095 coupon user process 90000 
2019-03-25 12:50:24,595 : INFO : 22302097 coupon user process 0 
2019-03-25 12:50:25,262 : INFO : 22302097 coupon user process 30000 
2019-03-25 12:50:25,749 : INFO : 22302097 coupon user process 60000 
2019-03-25 12:50:25,976 : INFO : 22302097 coupon user process 90000 
2019-03-25 12:50:26,054 : INFO : 22302101 coupon user process 0 
2019-03-25 12:50:28,946 : INFO : 22302101 coupon user process 30000 
2019-03-25 12:50:30,726 : INFO : 22302101 coupon user process 60000 
2019-03-25 12:50:31,079 : INFO : 22302101 coupon user process 90000 
2019-03-25 12:50:31,187 : INFO : 22302112 coupon user process 0 
2019-03-25 12:50:31,559 : INFO : 22302112 coupon user process 30000 
2019-03-25 12:50:31,904 : INFO : 22302112 coupon user process 60000 
2019-03-25 12:50:32,128 : INFO : 22302112 coupon user process 90000 
2019-03-25 12:50:32,205 : INFO : 22302113 coupon user process 0 
2019-03-25 12:50:32,893 : INFO : 22302113 coupon user process 30000 
2019-03-25 12:50:35,696 : INFO : 22302113 coupon user process 60000 
2019-03-25 12:50:36,035 : INFO : 22302113 coupon user process 90000 
2019-03-25 12:50:36,136 : INFO : 22302114 coupon user process 0 
2019-03-25 12:50:36,511 : INFO : 22302114 coupon user process 30000 
2019-03-25 12:50:37,323 : INFO : 22302114 coupon user process 60000 
2019-03-25 12:50:37,559 : INFO : 22302114 coupon user process 90000 
2019-03-25 12:50:37,635 : INFO : 22302115 coupon user process 0 
2019-03-25 12:50:37,869 : INFO : 22302115 coupon user process 30000 
2019-03-25 12:50:38,265 : INFO : 22302115 coupon user process 60000 
2019-03-25 12:50:38,488 : INFO : 22302115 coupon user process 90000 
2019-03-25 12:50:38,565 : INFO : 22302116 coupon user process 0 
2019-03-25 12:50:38,891 : INFO : 22302116 coupon user process 30000 
2019-03-25 12:50:39,840 : INFO : 22302116 coupon user process 60000 
2019-03-25 12:50:40,071 : INFO : 22302116 coupon user process 90000 
2019-03-25 12:50:40,143 : INFO : 22302117 coupon user process 0 
2019-03-25 12:50:40,345 : INFO : 22302117 coupon user process 30000 
2019-03-25 12:50:40,587 : INFO : 22302117 coupon user process 60000 
2019-03-25 12:50:40,793 : INFO : 22302117 coupon user process 90000 
2019-03-25 12:50:40,866 : INFO : 22302120 coupon user process 0 
2019-03-25 12:50:41,075 : INFO : 22302120 coupon user process 30000 
2019-03-25 12:50:41,379 : INFO : 22302120 coupon user process 60000 
2019-03-25 12:50:41,586 : INFO : 22302120 coupon user process 90000 
2019-03-25 12:50:41,661 : INFO : 22302122 coupon user process 0 
2019-03-25 12:50:41,865 : INFO : 22302122 coupon user process 30000 
2019-03-25 12:50:42,124 : INFO : 22302122 coupon user process 60000 
2019-03-25 12:50:42,329 : INFO : 22302122 coupon user process 90000 
2019-03-25 12:50:42,412 : INFO : 22302131 coupon user process 0 
2019-03-25 12:50:42,655 : INFO : 22302131 coupon user process 30000 
2019-03-25 12:50:42,863 : INFO : 22302131 coupon user process 60000 
2019-03-25 12:50:43,066 : INFO : 22302131 coupon user process 90000 
2019-03-25 12:50:43,137 : INFO : 22302132 coupon user process 0 
2019-03-25 12:50:43,338 : INFO : 22302132 coupon user process 30000 
2019-03-25 12:50:43,539 : INFO : 22302132 coupon user process 60000 
2019-03-25 12:50:43,751 : INFO : 22302132 coupon user process 90000 
2019-03-25 12:50:43,837 : INFO : 22302133 coupon user process 0 
2019-03-25 12:50:44,828 : INFO : 22302133 coupon user process 30000 
2019-03-25 12:50:45,767 : INFO : 22302133 coupon user process 60000 
2019-03-25 12:50:46,153 : INFO : 22302133 coupon user process 90000 
2019-03-25 12:50:46,267 : INFO : 22302144 coupon user process 0 
2019-03-25 12:50:46,713 : INFO : 22302144 coupon user process 30000 
2019-03-25 12:50:47,283 : INFO : 22302144 coupon user process 60000 
2019-03-25 12:50:47,817 : INFO : 22302144 coupon user process 90000 
2019-03-25 12:50:48,020 : INFO : 22302145 coupon user process 0 
2019-03-25 12:50:48,384 : INFO : 22302145 coupon user process 30000 
2019-03-25 12:50:48,812 : INFO : 22302145 coupon user process 60000 
2019-03-25 12:50:49,275 : INFO : 22302145 coupon user process 90000 
2019-03-25 12:50:49,404 : INFO : 22302150 coupon user process 0 
2019-03-25 12:50:49,957 : INFO : 22302150 coupon user process 30000 
2019-03-25 12:50:50,494 : INFO : 22302150 coupon user process 60000 
2019-03-25 12:50:50,745 : INFO : 22302150 coupon user process 90000 
2019-03-25 12:50:50,825 : INFO : 22302151 coupon user process 0 
2019-03-25 12:50:52,642 : INFO : 22302151 coupon user process 30000 
2019-03-25 12:50:53,996 : INFO : 22302151 coupon user process 60000 
2019-03-25 12:50:54,272 : INFO : 22302151 coupon user process 90000 
2019-03-25 12:50:54,372 : INFO : 22302168 coupon user process 0 
2019-03-25 12:50:58,860 : INFO : 22302168 coupon user process 30000 
2019-03-25 12:51:00,904 : INFO : 22302168 coupon user process 60000 
2019-03-25 12:51:01,325 : INFO : 22302168 coupon user process 90000 
2019-03-25 12:51:01,453 : INFO : 22303097 coupon user process 0 
2019-03-25 12:51:03,291 : INFO : 22303097 coupon user process 30000 
2019-03-25 12:51:04,117 : INFO : 22303097 coupon user process 60000 
2019-03-25 12:51:04,548 : INFO : 22303097 coupon user process 90000 
2019-03-25 12:51:04,633 : INFO : 22303102 coupon user process 0 
2019-03-25 12:51:05,944 : INFO : 22303102 coupon user process 30000 
2019-03-25 12:51:06,938 : INFO : 22303102 coupon user process 60000 
2019-03-25 12:51:07,275 : INFO : 22303102 coupon user process 90000 
2019-03-25 12:51:07,370 : INFO : 22303103 coupon user process 0 
2019-03-25 12:51:07,706 : INFO : 22303103 coupon user process 30000 
2019-03-25 12:51:08,269 : INFO : 22303103 coupon user process 60000 
2019-03-25 12:51:08,514 : INFO : 22303103 coupon user process 90000 
2019-03-25 12:51:08,594 : INFO : 22303104 coupon user process 0 
2019-03-25 12:51:08,840 : INFO : 22303104 coupon user process 30000 
2019-03-25 12:51:09,048 : INFO : 22303104 coupon user process 60000 
2019-03-25 12:51:09,264 : INFO : 22303104 coupon user process 90000 
2019-03-25 12:51:09,305 : INFO : coupon process 600
2019-03-25 12:51:09,352 : INFO : 22303106 coupon user process 0 
2019-03-25 12:51:14,017 : INFO : 22303106 coupon user process 30000 
2019-03-25 12:51:35,096 : INFO : 22303106 coupon user process 60000 
2019-03-25 12:51:36,270 : INFO : 22303106 coupon user process 90000 
2019-03-25 12:51:36,517 : INFO : 22304090 coupon user process 0 
2019-03-25 12:51:38,089 : INFO : 22304090 coupon user process 30000 
2019-03-25 12:51:39,182 : INFO : 22304090 coupon user process 60000 
2019-03-25 12:51:39,459 : INFO : 22304090 coupon user process 90000 
2019-03-25 12:51:39,556 : INFO : 22304092 coupon user process 0 
2019-03-25 12:51:42,600 : INFO : 22304092 coupon user process 30000 
2019-03-25 12:51:44,457 : INFO : 22304092 coupon user process 60000 
2019-03-25 12:51:44,829 : INFO : 22304092 coupon user process 90000 
2019-03-25 12:51:44,929 : INFO : 22304093 coupon user process 0 
2019-03-25 12:51:45,816 : INFO : 22304093 coupon user process 30000 
2019-03-25 12:51:46,470 : INFO : 22304093 coupon user process 60000 
2019-03-25 12:51:46,710 : INFO : 22304093 coupon user process 90000 
2019-03-25 12:51:46,788 : INFO : 22304094 coupon user process 0 
2019-03-25 12:51:47,058 : INFO : 22304094 coupon user process 30000 
2019-03-25 12:51:47,448 : INFO : 22304094 coupon user process 60000 
2019-03-25 12:51:47,662 : INFO : 22304094 coupon user process 90000 
2019-03-25 12:51:47,736 : INFO : 22304095 coupon user process 0 
2019-03-25 12:51:48,042 : INFO : 22304095 coupon user process 30000 
2019-03-25 12:51:48,292 : INFO : 22304095 coupon user process 60000 
2019-03-25 12:51:48,503 : INFO : 22304095 coupon user process 90000 
2019-03-25 12:51:48,591 : INFO : 22304101 coupon user process 0 
2019-03-25 12:51:49,124 : INFO : 22304101 coupon user process 30000 
2019-03-25 12:51:49,448 : INFO : 22304101 coupon user process 60000 
2019-03-25 12:51:49,670 : INFO : 22304101 coupon user process 90000 
2019-03-25 12:51:49,750 : INFO : 22304102 coupon user process 0 
2019-03-25 12:51:50,412 : INFO : 22304102 coupon user process 30000 
2019-03-25 12:51:50,697 : INFO : 22304102 coupon user process 60000 
2019-03-25 12:51:50,947 : INFO : 22304102 coupon user process 90000 
2019-03-25 12:51:51,032 : INFO : 22308093 coupon user process 0 
2019-03-25 12:51:51,336 : INFO : 22308093 coupon user process 30000 
2019-03-25 12:51:51,606 : INFO : 22308093 coupon user process 60000 
2019-03-25 12:51:51,835 : INFO : 22308093 coupon user process 90000 
2019-03-25 12:51:51,908 : INFO : 22308103 coupon user process 0 
2019-03-25 12:51:52,191 : INFO : 22308103 coupon user process 30000 
2019-03-25 12:51:52,412 : INFO : 22308103 coupon user process 60000 
2019-03-25 12:51:52,623 : INFO : 22308103 coupon user process 90000 
2019-03-25 12:51:52,700 : INFO : 22309090 coupon user process 0 
2019-03-25 12:51:56,606 : INFO : 22309090 coupon user process 30000 
2019-03-25 12:51:59,219 : INFO : 22309090 coupon user process 60000 
2019-03-25 12:51:59,689 : INFO : 22309090 coupon user process 90000 
2019-03-25 12:51:59,797 : INFO : 22309091 coupon user process 0 
2019-03-25 12:52:01,592 : INFO : 22309091 coupon user process 30000 
2019-03-25 12:52:02,899 : INFO : 22309091 coupon user process 60000 
2019-03-25 12:52:03,193 : INFO : 22309091 coupon user process 90000 
2019-03-25 12:52:03,278 : INFO : 22309111 coupon user process 0 
2019-03-25 12:52:03,511 : INFO : 22309111 coupon user process 30000 
2019-03-25 12:52:03,724 : INFO : 22309111 coupon user process 60000 
2019-03-25 12:52:04,080 : INFO : 22309111 coupon user process 90000 
2019-03-25 12:52:04,244 : INFO : 22309127 coupon user process 0 
2019-03-25 12:52:04,537 : INFO : 22309127 coupon user process 30000 
2019-03-25 12:52:04,774 : INFO : 22309127 coupon user process 60000 
2019-03-25 12:52:05,022 : INFO : 22309127 coupon user process 90000 
2019-03-25 12:52:05,216 : INFO : 22310101 coupon user process 0 
2019-03-25 12:52:17,359 : INFO : 22310101 coupon user process 30000 
2019-03-25 12:52:26,875 : INFO : 22310101 coupon user process 60000 
2019-03-25 12:52:27,730 : INFO : 22310101 coupon user process 90000 
2019-03-25 12:52:27,941 : INFO : 22310102 coupon user process 0 
2019-03-25 12:52:38,900 : INFO : 22310102 coupon user process 30000 
2019-03-25 12:52:47,093 : INFO : 22310102 coupon user process 60000 
2019-03-25 12:52:47,909 : INFO : 22310102 coupon user process 90000 
2019-03-25 12:52:48,098 : INFO : 22310103 coupon user process 0 
2019-03-25 12:52:56,403 : INFO : 22310103 coupon user process 30000 
2019-03-25 12:53:03,408 : INFO : 22310103 coupon user process 60000 
2019-03-25 12:53:04,193 : INFO : 22310103 coupon user process 90000 
2019-03-25 12:53:04,378 : INFO : 22310104 coupon user process 0 
2019-03-25 12:53:10,040 : INFO : 22310104 coupon user process 30000 
2019-03-25 12:53:14,577 : INFO : 22310104 coupon user process 60000 
2019-03-25 12:53:15,107 : INFO : 22310104 coupon user process 90000 
2019-03-25 12:53:15,245 : INFO : 22310105 coupon user process 0 
2019-03-25 12:53:15,757 : INFO : 22310105 coupon user process 30000 
2019-03-25 12:53:16,139 : INFO : 22310105 coupon user process 60000 
2019-03-25 12:53:16,374 : INFO : 22310105 coupon user process 90000 
2019-03-25 12:53:16,455 : INFO : 22310107 coupon user process 0 
2019-03-25 12:53:16,683 : INFO : 22310107 coupon user process 30000 
2019-03-25 12:53:16,944 : INFO : 22310107 coupon user process 60000 
2019-03-25 12:53:17,157 : INFO : 22310107 coupon user process 90000 
2019-03-25 12:53:17,246 : INFO : 22310113 coupon user process 0 
2019-03-25 12:53:21,058 : INFO : 22310113 coupon user process 30000 
2019-03-25 12:53:31,634 : INFO : 22310113 coupon user process 60000 
2019-03-25 12:53:32,339 : INFO : 22310113 coupon user process 90000 
2019-03-25 12:53:32,505 : INFO : 22310116 coupon user process 0 
2019-03-25 12:53:33,036 : INFO : 22310116 coupon user process 30000 
2019-03-25 12:53:33,464 : INFO : 22310116 coupon user process 60000 
2019-03-25 12:53:33,701 : INFO : 22310116 coupon user process 90000 
2019-03-25 12:53:33,775 : INFO : 22310121 coupon user process 0 
2019-03-25 12:53:34,442 : INFO : 22310121 coupon user process 30000 
2019-03-25 12:53:35,443 : INFO : 22310121 coupon user process 60000 
2019-03-25 12:53:35,708 : INFO : 22310121 coupon user process 90000 
2019-03-25 12:53:35,788 : INFO : 22310122 coupon user process 0 
2019-03-25 12:53:36,024 : INFO : 22310122 coupon user process 30000 
2019-03-25 12:53:36,296 : INFO : 22310122 coupon user process 60000 
2019-03-25 12:53:36,536 : INFO : 22310122 coupon user process 90000 
2019-03-25 12:53:36,618 : INFO : 22310129 coupon user process 0 
2019-03-25 12:53:36,830 : INFO : 22310129 coupon user process 30000 
2019-03-25 12:53:37,079 : INFO : 22310129 coupon user process 60000 
2019-03-25 12:53:37,291 : INFO : 22310129 coupon user process 90000 
2019-03-25 12:53:37,366 : INFO : 22310135 coupon user process 0 
2019-03-25 12:53:37,859 : INFO : 22310135 coupon user process 30000 
2019-03-25 12:53:38,919 : INFO : 22310135 coupon user process 60000 
2019-03-25 12:53:39,202 : INFO : 22310135 coupon user process 90000 
2019-03-25 12:53:39,299 : INFO : 22310136 coupon user process 0 
2019-03-25 12:53:39,532 : INFO : 22310136 coupon user process 30000 
2019-03-25 12:53:39,943 : INFO : 22310136 coupon user process 60000 
2019-03-25 12:53:40,383 : INFO : 22310136 coupon user process 90000 
2019-03-25 12:53:40,461 : INFO : 22310139 coupon user process 0 
2019-03-25 12:53:40,891 : INFO : 22310139 coupon user process 30000 
2019-03-25 12:53:41,566 : INFO : 22310139 coupon user process 60000 
2019-03-25 12:53:41,795 : INFO : 22310139 coupon user process 90000 
2019-03-25 12:53:41,874 : INFO : 22310140 coupon user process 0 
2019-03-25 12:53:42,148 : INFO : 22310140 coupon user process 30000 
2019-03-25 12:53:42,462 : INFO : 22310140 coupon user process 60000 
2019-03-25 12:53:42,715 : INFO : 22310140 coupon user process 90000 
2019-03-25 12:53:42,805 : INFO : 22310141 coupon user process 0 
2019-03-25 12:53:43,487 : INFO : 22310141 coupon user process 30000 
2019-03-25 12:53:44,457 : INFO : 22310141 coupon user process 60000 
2019-03-25 12:53:44,695 : INFO : 22310141 coupon user process 90000 
2019-03-25 12:53:44,795 : INFO : 22310143 coupon user process 0 
2019-03-25 12:53:51,319 : INFO : 22310143 coupon user process 30000 
2019-03-25 12:54:05,479 : INFO : 22310143 coupon user process 60000 
2019-03-25 12:54:06,375 : INFO : 22310143 coupon user process 90000 
2019-03-25 12:54:06,584 : INFO : 22310145 coupon user process 0 
2019-03-25 12:54:07,033 : INFO : 22310145 coupon user process 30000 
2019-03-25 12:54:09,669 : INFO : 22310145 coupon user process 60000 
2019-03-25 12:54:09,964 : INFO : 22310145 coupon user process 90000 
2019-03-25 12:54:10,068 : INFO : 22310146 coupon user process 0 
2019-03-25 12:54:12,993 : INFO : 22310146 coupon user process 30000 
2019-03-25 12:54:18,713 : INFO : 22310146 coupon user process 60000 
2019-03-25 12:54:19,176 : INFO : 22310146 coupon user process 90000 
2019-03-25 12:54:19,300 : INFO : 22310156 coupon user process 0 
2019-03-25 12:54:22,038 : INFO : 22310156 coupon user process 30000 
2019-03-25 12:54:22,851 : INFO : 22310156 coupon user process 60000 
2019-03-25 12:54:23,150 : INFO : 22310156 coupon user process 90000 
2019-03-25 12:54:23,248 : INFO : 22311092 coupon user process 0 
2019-03-25 12:54:28,155 : INFO : 22311092 coupon user process 30000 
2019-03-25 12:54:58,705 : INFO : 22311092 coupon user process 60000 
2019-03-25 12:55:00,221 : INFO : 22311092 coupon user process 90000 
2019-03-25 12:55:00,525 : INFO : 22311093 coupon user process 0 
2019-03-25 12:55:04,419 : INFO : 22311093 coupon user process 30000 
2019-03-25 12:55:31,279 : INFO : 22311093 coupon user process 60000 
2019-03-25 12:55:32,532 : INFO : 22311093 coupon user process 90000 
2019-03-25 12:55:32,827 : INFO : 22311094 coupon user process 0 
2019-03-25 12:55:35,960 : INFO : 22311094 coupon user process 30000 
2019-03-25 12:55:55,675 : INFO : 22311094 coupon user process 60000 
2019-03-25 12:55:56,757 : INFO : 22311094 coupon user process 90000 
2019-03-25 12:55:57,001 : INFO : 22311109 coupon user process 0 
2019-03-25 12:56:00,758 : INFO : 22311109 coupon user process 30000 
2019-03-25 12:56:19,381 : INFO : 22311109 coupon user process 60000 
2019-03-25 12:56:20,409 : INFO : 22311109 coupon user process 90000 
2019-03-25 12:56:20,637 : INFO : 22311110 coupon user process 0 
2019-03-25 12:56:20,876 : INFO : 22311110 coupon user process 30000 
2019-03-25 12:56:21,147 : INFO : 22311110 coupon user process 60000 
2019-03-25 12:56:21,377 : INFO : 22311110 coupon user process 90000 
2019-03-25 12:56:21,466 : INFO : 22311112 coupon user process 0 
2019-03-25 12:56:21,689 : INFO : 22311112 coupon user process 30000 
2019-03-25 12:56:21,917 : INFO : 22311112 coupon user process 60000 
2019-03-25 12:56:22,156 : INFO : 22311112 coupon user process 90000 
2019-03-25 12:56:22,237 : INFO : 22311113 coupon user process 0 
2019-03-25 12:56:22,684 : INFO : 22311113 coupon user process 30000 
2019-03-25 12:56:22,940 : INFO : 22311113 coupon user process 60000 
2019-03-25 12:56:23,193 : INFO : 22311113 coupon user process 90000 
2019-03-25 12:56:23,283 : INFO : 22311114 coupon user process 0 
2019-03-25 12:56:23,966 : INFO : 22311114 coupon user process 30000 
2019-03-25 12:56:24,218 : INFO : 22311114 coupon user process 60000 
2019-03-25 12:56:24,466 : INFO : 22311114 coupon user process 90000 
2019-03-25 12:56:24,542 : INFO : 22311117 coupon user process 0 
2019-03-25 12:56:25,398 : INFO : 22311117 coupon user process 30000 
2019-03-25 12:56:25,666 : INFO : 22311117 coupon user process 60000 
2019-03-25 12:56:25,893 : INFO : 22311117 coupon user process 90000 
2019-03-25 12:56:25,980 : INFO : 22311118 coupon user process 0 
2019-03-25 12:56:26,365 : INFO : 22311118 coupon user process 30000 
2019-03-25 12:56:26,574 : INFO : 22311118 coupon user process 60000 
2019-03-25 12:56:26,786 : INFO : 22311118 coupon user process 90000 
2019-03-25 12:56:26,863 : INFO : 22311119 coupon user process 0 
2019-03-25 12:56:27,177 : INFO : 22311119 coupon user process 30000 
2019-03-25 12:56:27,382 : INFO : 22311119 coupon user process 60000 
2019-03-25 12:56:27,591 : INFO : 22311119 coupon user process 90000 
2019-03-25 12:56:27,674 : INFO : 22312095 coupon user process 0 
2019-03-25 12:56:31,529 : INFO : 22312095 coupon user process 30000 
2019-03-25 12:56:36,903 : INFO : 22312095 coupon user process 60000 
2019-03-25 12:56:37,385 : INFO : 22312095 coupon user process 90000 
2019-03-25 12:56:37,517 : INFO : 22312100 coupon user process 0 
2019-03-25 12:56:39,946 : INFO : 22312100 coupon user process 30000 
2019-03-25 12:56:41,325 : INFO : 22312100 coupon user process 60000 
2019-03-25 12:56:41,630 : INFO : 22312100 coupon user process 90000 
2019-03-25 12:56:41,734 : INFO : 22312101 coupon user process 0 
2019-03-25 12:56:42,854 : INFO : 22312101 coupon user process 30000 
2019-03-25 12:56:43,628 : INFO : 22312101 coupon user process 60000 
2019-03-25 12:56:43,888 : INFO : 22312101 coupon user process 90000 
2019-03-25 12:56:43,998 : INFO : 22312103 coupon user process 0 
2019-03-25 12:56:44,551 : INFO : 22312103 coupon user process 30000 
2019-03-25 12:56:44,857 : INFO : 22312103 coupon user process 60000 
2019-03-25 12:56:45,074 : INFO : 22312103 coupon user process 90000 
2019-03-25 12:56:45,152 : INFO : 22312105 coupon user process 0 
2019-03-25 12:56:45,403 : INFO : 22312105 coupon user process 30000 
2019-03-25 12:56:45,815 : INFO : 22312105 coupon user process 60000 
2019-03-25 12:56:46,053 : INFO : 22312105 coupon user process 90000 
2019-03-25 12:56:46,130 : INFO : 22313091 coupon user process 0 
2019-03-25 12:56:47,214 : INFO : 22313091 coupon user process 30000 
2019-03-25 12:56:48,644 : INFO : 22313091 coupon user process 60000 
2019-03-25 12:56:48,922 : INFO : 22313091 coupon user process 90000 
2019-03-25 12:56:49,009 : INFO : 22313092 coupon user process 0 
2019-03-25 12:56:49,472 : INFO : 22313092 coupon user process 30000 
2019-03-25 12:56:49,730 : INFO : 22313092 coupon user process 60000 
2019-03-25 12:56:49,982 : INFO : 22313092 coupon user process 90000 
2019-03-25 12:56:50,058 : INFO : 22313093 coupon user process 0 
2019-03-25 12:56:50,258 : INFO : 22313093 coupon user process 30000 
2019-03-25 12:56:50,471 : INFO : 22313093 coupon user process 60000 
2019-03-25 12:56:50,672 : INFO : 22313093 coupon user process 90000 
2019-03-25 12:56:50,757 : INFO : 22313094 coupon user process 0 
2019-03-25 12:56:51,099 : INFO : 22313094 coupon user process 30000 
2019-03-25 12:56:51,466 : INFO : 22313094 coupon user process 60000 
2019-03-25 12:56:51,680 : INFO : 22313094 coupon user process 90000 
2019-03-25 12:56:51,753 : INFO : 22313096 coupon user process 0 
2019-03-25 12:56:52,029 : INFO : 22313096 coupon user process 30000 
2019-03-25 12:56:52,231 : INFO : 22313096 coupon user process 60000 
2019-03-25 12:56:52,488 : INFO : 22313096 coupon user process 90000 
2019-03-25 12:56:52,598 : INFO : 22313097 coupon user process 0 
2019-03-25 12:56:52,810 : INFO : 22313097 coupon user process 30000 
2019-03-25 12:56:53,491 : INFO : 22313097 coupon user process 60000 
2019-03-25 12:56:53,769 : INFO : 22313097 coupon user process 90000 
2019-03-25 12:56:53,890 : INFO : 22313103 coupon user process 0 
2019-03-25 12:56:54,142 : INFO : 22313103 coupon user process 30000 
2019-03-25 12:56:54,807 : INFO : 22313103 coupon user process 60000 
2019-03-25 12:56:55,209 : INFO : 22313103 coupon user process 90000 
2019-03-25 12:56:55,292 : INFO : 22313104 coupon user process 0 
2019-03-25 12:56:55,580 : INFO : 22313104 coupon user process 30000 
2019-03-25 12:56:55,826 : INFO : 22313104 coupon user process 60000 
2019-03-25 12:56:56,083 : INFO : 22313104 coupon user process 90000 
2019-03-25 12:56:56,307 : INFO : 22313110 coupon user process 0 
2019-03-25 12:56:58,350 : INFO : 22313110 coupon user process 30000 
2019-03-25 12:56:59,406 : INFO : 22313110 coupon user process 60000 
2019-03-25 12:56:59,707 : INFO : 22313110 coupon user process 90000 
2019-03-25 12:56:59,801 : INFO : 22314089 coupon user process 0 
2019-03-25 12:57:00,035 : INFO : 22314089 coupon user process 30000 
2019-03-25 12:57:00,283 : INFO : 22314089 coupon user process 60000 
2019-03-25 12:57:00,500 : INFO : 22314089 coupon user process 90000 
2019-03-25 12:57:00,588 : INFO : 22314090 coupon user process 0 
2019-03-25 12:57:00,837 : INFO : 22314090 coupon user process 30000 
2019-03-25 12:57:01,048 : INFO : 22314090 coupon user process 60000 
2019-03-25 12:57:01,287 : INFO : 22314090 coupon user process 90000 
2019-03-25 12:57:01,369 : INFO : 22315090 coupon user process 0 
2019-03-25 12:57:01,793 : INFO : 22315090 coupon user process 30000 
2019-03-25 12:57:02,580 : INFO : 22315090 coupon user process 60000 
2019-03-25 12:57:02,817 : INFO : 22315090 coupon user process 90000 
2019-03-25 12:57:02,904 : INFO : 22315091 coupon user process 0 
2019-03-25 12:57:03,394 : INFO : 22315091 coupon user process 30000 
2019-03-25 12:57:03,858 : INFO : 22315091 coupon user process 60000 
2019-03-25 12:57:04,107 : INFO : 22315091 coupon user process 90000 
2019-03-25 12:57:04,197 : INFO : 22315092 coupon user process 0 
2019-03-25 12:57:04,397 : INFO : 22315092 coupon user process 30000 
2019-03-25 12:57:04,602 : INFO : 22315092 coupon user process 60000 
2019-03-25 12:57:04,818 : INFO : 22315092 coupon user process 90000 
2019-03-25 12:57:04,893 : INFO : 22315093 coupon user process 0 
2019-03-25 12:57:05,429 : INFO : 22315093 coupon user process 30000 
2019-03-25 12:57:05,819 : INFO : 22315093 coupon user process 60000 
2019-03-25 12:57:06,057 : INFO : 22315093 coupon user process 90000 
2019-03-25 12:57:06,133 : INFO : 22315094 coupon user process 0 
2019-03-25 12:57:06,614 : INFO : 22315094 coupon user process 30000 
2019-03-25 12:57:06,894 : INFO : 22315094 coupon user process 60000 
2019-03-25 12:57:07,109 : INFO : 22315094 coupon user process 90000 
2019-03-25 12:57:07,183 : INFO : 22315097 coupon user process 0 
2019-03-25 12:57:07,922 : INFO : 22315097 coupon user process 30000 
2019-03-25 12:57:08,911 : INFO : 22315097 coupon user process 60000 
2019-03-25 12:57:09,154 : INFO : 22315097 coupon user process 90000 
2019-03-25 12:57:09,233 : INFO : 22315098 coupon user process 0 
2019-03-25 12:57:09,436 : INFO : 22315098 coupon user process 30000 
2019-03-25 12:57:09,635 : INFO : 22315098 coupon user process 60000 
2019-03-25 12:57:09,836 : INFO : 22315098 coupon user process 90000 
2019-03-25 12:57:09,903 : INFO : 22315099 coupon user process 0 
2019-03-25 12:57:10,154 : INFO : 22315099 coupon user process 30000 
2019-03-25 12:57:10,398 : INFO : 22315099 coupon user process 60000 
2019-03-25 12:57:10,641 : INFO : 22315099 coupon user process 90000 
2019-03-25 12:57:10,721 : INFO : 22315100 coupon user process 0 
2019-03-25 12:57:11,029 : INFO : 22315100 coupon user process 30000 
2019-03-25 12:57:11,281 : INFO : 22315100 coupon user process 60000 
2019-03-25 12:57:11,539 : INFO : 22315100 coupon user process 90000 
2019-03-25 12:57:11,616 : INFO : 22315103 coupon user process 0 
2019-03-25 12:57:12,258 : INFO : 22315103 coupon user process 30000 
2019-03-25 12:57:12,644 : INFO : 22315103 coupon user process 60000 
2019-03-25 12:57:12,874 : INFO : 22315103 coupon user process 90000 
2019-03-25 12:57:12,952 : INFO : 22316096 coupon user process 0 
2019-03-25 12:57:13,250 : INFO : 22316096 coupon user process 30000 
2019-03-25 12:57:13,472 : INFO : 22316096 coupon user process 60000 
2019-03-25 12:57:13,685 : INFO : 22316096 coupon user process 90000 
2019-03-25 12:57:13,766 : INFO : 22316098 coupon user process 0 
2019-03-25 12:57:13,972 : INFO : 22316098 coupon user process 30000 
2019-03-25 12:57:14,215 : INFO : 22316098 coupon user process 60000 
2019-03-25 12:57:14,430 : INFO : 22316098 coupon user process 90000 
2019-03-25 12:57:14,509 : INFO : 22316099 coupon user process 0 
2019-03-25 12:57:14,707 : INFO : 22316099 coupon user process 30000 
2019-03-25 12:57:14,987 : INFO : 22316099 coupon user process 60000 
2019-03-25 12:57:15,205 : INFO : 22316099 coupon user process 90000 
2019-03-25 12:57:15,280 : INFO : 22316100 coupon user process 0 
2019-03-25 12:57:15,487 : INFO : 22316100 coupon user process 30000 
2019-03-25 12:57:15,688 : INFO : 22316100 coupon user process 60000 
2019-03-25 12:57:15,889 : INFO : 22316100 coupon user process 90000 
2019-03-25 12:57:15,961 : INFO : 22316106 coupon user process 0 
2019-03-25 12:57:16,167 : INFO : 22316106 coupon user process 30000 
2019-03-25 12:57:16,378 : INFO : 22316106 coupon user process 60000 
2019-03-25 12:57:16,580 : INFO : 22316106 coupon user process 90000 
2019-03-25 12:57:16,659 : INFO : 22316111 coupon user process 0 
2019-03-25 12:57:16,858 : INFO : 22316111 coupon user process 30000 
2019-03-25 12:57:17,064 : INFO : 22316111 coupon user process 60000 
2019-03-25 12:57:17,273 : INFO : 22316111 coupon user process 90000 
2019-03-25 12:57:17,357 : INFO : 22316152 coupon user process 0 
2019-03-25 12:57:17,587 : INFO : 22316152 coupon user process 30000 
2019-03-25 12:57:17,797 : INFO : 22316152 coupon user process 60000 
2019-03-25 12:57:18,060 : INFO : 22316152 coupon user process 90000 
2019-03-25 12:57:18,136 : INFO : 22317099 coupon user process 0 
2019-03-25 12:57:18,341 : INFO : 22317099 coupon user process 30000 
2019-03-25 12:57:18,570 : INFO : 22317099 coupon user process 60000 
2019-03-25 12:57:18,819 : INFO : 22317099 coupon user process 90000 
2019-03-25 12:57:18,909 : INFO : 22317105 coupon user process 0 
2019-03-25 12:57:25,431 : INFO : 22317105 coupon user process 30000 
2019-03-25 12:57:59,942 : INFO : 22317105 coupon user process 60000 
2019-03-25 12:58:02,044 : INFO : 22317105 coupon user process 90000 
2019-03-25 12:58:02,504 : INFO : 22318089 coupon user process 0 
2019-03-25 12:58:02,781 : INFO : 22318089 coupon user process 30000 
2019-03-25 12:58:02,992 : INFO : 22318089 coupon user process 60000 
2019-03-25 12:58:03,206 : INFO : 22318089 coupon user process 90000 
2019-03-25 12:58:03,286 : INFO : 22318095 coupon user process 0 
2019-03-25 12:58:03,919 : INFO : 22318095 coupon user process 30000 
2019-03-25 12:58:04,204 : INFO : 22318095 coupon user process 60000 
2019-03-25 12:58:04,424 : INFO : 22318095 coupon user process 90000 
2019-03-25 12:58:04,501 : INFO : 22318096 coupon user process 0 
2019-03-25 12:58:07,126 : INFO : 22318096 coupon user process 30000 
2019-03-25 12:58:09,178 : INFO : 22318096 coupon user process 60000 
2019-03-25 12:58:09,529 : INFO : 22318096 coupon user process 90000 
2019-03-25 12:58:09,644 : INFO : 22318097 coupon user process 0 
2019-03-25 12:58:16,500 : INFO : 22318097 coupon user process 30000 
2019-03-25 12:58:24,279 : INFO : 22318097 coupon user process 60000 
2019-03-25 12:58:24,987 : INFO : 22318097 coupon user process 90000 
2019-03-25 12:58:25,166 : INFO : 22318098 coupon user process 0 
2019-03-25 12:58:26,395 : INFO : 22318098 coupon user process 30000 
2019-03-25 12:58:27,832 : INFO : 22318098 coupon user process 60000 
2019-03-25 12:58:28,118 : INFO : 22318098 coupon user process 90000 
2019-03-25 12:58:28,212 : INFO : 22318101 coupon user process 0 
2019-03-25 12:58:45,371 : INFO : 22318101 coupon user process 30000 
2019-03-25 12:59:00,457 : INFO : 22318101 coupon user process 60000 
2019-03-25 12:59:01,969 : INFO : 22318101 coupon user process 90000 
2019-03-25 12:59:02,304 : INFO : 22318105 coupon user process 0 
2019-03-25 12:59:02,615 : INFO : 22318105 coupon user process 30000 
2019-03-25 12:59:02,883 : INFO : 22318105 coupon user process 60000 
2019-03-25 12:59:03,142 : INFO : 22318105 coupon user process 90000 
2019-03-25 12:59:03,227 : INFO : 22319094 coupon user process 0 
2019-03-25 12:59:03,541 : INFO : 22319094 coupon user process 30000 
2019-03-25 12:59:03,788 : INFO : 22319094 coupon user process 60000 
2019-03-25 12:59:04,054 : INFO : 22319094 coupon user process 90000 
2019-03-25 12:59:04,136 : INFO : 22319101 coupon user process 0 
2019-03-25 12:59:04,504 : INFO : 22319101 coupon user process 30000 
2019-03-25 12:59:05,163 : INFO : 22319101 coupon user process 60000 
2019-03-25 12:59:05,458 : INFO : 22319101 coupon user process 90000 
2019-03-25 12:59:05,599 : INFO : 22319102 coupon user process 0 
2019-03-25 12:59:06,097 : INFO : 22319102 coupon user process 30000 
2019-03-25 12:59:06,703 : INFO : 22319102 coupon user process 60000 
2019-03-25 12:59:06,936 : INFO : 22319102 coupon user process 90000 
2019-03-25 12:59:07,029 : INFO : 22319103 coupon user process 0 
2019-03-25 12:59:07,253 : INFO : 22319103 coupon user process 30000 
2019-03-25 12:59:07,460 : INFO : 22319103 coupon user process 60000 
2019-03-25 12:59:07,667 : INFO : 22319103 coupon user process 90000 
2019-03-25 12:59:07,743 : INFO : 22319104 coupon user process 0 
2019-03-25 12:59:08,128 : INFO : 22319104 coupon user process 30000 
2019-03-25 12:59:08,748 : INFO : 22319104 coupon user process 60000 
2019-03-25 12:59:08,974 : INFO : 22319104 coupon user process 90000 
2019-03-25 12:59:09,049 : INFO : 22319105 coupon user process 0 
2019-03-25 12:59:09,534 : INFO : 22319105 coupon user process 30000 
2019-03-25 12:59:10,250 : INFO : 22319105 coupon user process 60000 
2019-03-25 12:59:10,484 : INFO : 22319105 coupon user process 90000 
2019-03-25 12:59:10,561 : INFO : 22321089 coupon user process 0 
2019-03-25 12:59:11,155 : INFO : 22321089 coupon user process 30000 
2019-03-25 12:59:11,586 : INFO : 22321089 coupon user process 60000 
2019-03-25 12:59:11,814 : INFO : 22321089 coupon user process 90000 
2019-03-25 12:59:11,897 : INFO : 22321091 coupon user process 0 
2019-03-25 12:59:12,152 : INFO : 22321091 coupon user process 30000 
2019-03-25 12:59:12,375 : INFO : 22321091 coupon user process 60000 
2019-03-25 12:59:12,596 : INFO : 22321091 coupon user process 90000 
2019-03-25 12:59:12,682 : INFO : 22322089 coupon user process 0 
2019-03-25 12:59:12,898 : INFO : 22322089 coupon user process 30000 
2019-03-25 12:59:13,788 : INFO : 22322089 coupon user process 60000 
2019-03-25 12:59:14,020 : INFO : 22322089 coupon user process 90000 
2019-03-25 12:59:14,096 : INFO : 22322091 coupon user process 0 
2019-03-25 12:59:14,312 : INFO : 22322091 coupon user process 30000 
2019-03-25 12:59:15,036 : INFO : 22322091 coupon user process 60000 
2019-03-25 12:59:15,259 : INFO : 22322091 coupon user process 90000 
2019-03-25 12:59:15,343 : INFO : 22322106 coupon user process 0 
2019-03-25 12:59:15,601 : INFO : 22322106 coupon user process 30000 
2019-03-25 12:59:15,818 : INFO : 22322106 coupon user process 60000 
2019-03-25 12:59:16,031 : INFO : 22322106 coupon user process 90000 
2019-03-25 12:59:16,104 : INFO : 22322107 coupon user process 0 
2019-03-25 12:59:16,558 : INFO : 22322107 coupon user process 30000 
2019-03-25 12:59:16,888 : INFO : 22322107 coupon user process 60000 
2019-03-25 12:59:17,106 : INFO : 22322107 coupon user process 90000 
2019-03-25 12:59:17,183 : INFO : 22322108 coupon user process 0 
2019-03-25 12:59:17,391 : INFO : 22322108 coupon user process 30000 
2019-03-25 12:59:17,652 : INFO : 22322108 coupon user process 60000 
2019-03-25 12:59:17,859 : INFO : 22322108 coupon user process 90000 
2019-03-25 12:59:17,897 : INFO : coupon process 700
2019-03-25 12:59:17,927 : INFO : 22323090 coupon user process 0 
2019-03-25 12:59:18,172 : INFO : 22323090 coupon user process 30000 
2019-03-25 12:59:18,444 : INFO : 22323090 coupon user process 60000 
2019-03-25 12:59:18,700 : INFO : 22323090 coupon user process 90000 
2019-03-25 12:59:18,784 : INFO : 22323091 coupon user process 0 
2019-03-25 12:59:21,400 : INFO : 22323091 coupon user process 30000 
2019-03-25 12:59:23,654 : INFO : 22323091 coupon user process 60000 
2019-03-25 12:59:24,005 : INFO : 22323091 coupon user process 90000 
2019-03-25 12:59:24,112 : INFO : 22323092 coupon user process 0 
2019-03-25 12:59:24,366 : INFO : 22323092 coupon user process 30000 
2019-03-25 12:59:24,588 : INFO : 22323092 coupon user process 60000 
2019-03-25 12:59:24,794 : INFO : 22323092 coupon user process 90000 
2019-03-25 12:59:24,878 : INFO : 22323093 coupon user process 0 
2019-03-25 12:59:27,471 : INFO : 22323093 coupon user process 30000 
2019-03-25 12:59:29,694 : INFO : 22323093 coupon user process 60000 
2019-03-25 12:59:30,244 : INFO : 22323093 coupon user process 90000 
2019-03-25 12:59:30,352 : INFO : 22323095 coupon user process 0 
2019-03-25 12:59:31,969 : INFO : 22323095 coupon user process 30000 
2019-03-25 12:59:33,924 : INFO : 22323095 coupon user process 60000 
2019-03-25 12:59:34,442 : INFO : 22323095 coupon user process 90000 
2019-03-25 12:59:34,538 : INFO : 22323097 coupon user process 0 
2019-03-25 12:59:37,303 : INFO : 22323097 coupon user process 30000 
2019-03-25 12:59:40,080 : INFO : 22323097 coupon user process 60000 
2019-03-25 12:59:40,456 : INFO : 22323097 coupon user process 90000 
2019-03-25 12:59:40,561 : INFO : 22323099 coupon user process 0 
2019-03-25 12:59:45,177 : INFO : 22323099 coupon user process 30000 
2019-03-25 12:59:50,505 : INFO : 22323099 coupon user process 60000 
2019-03-25 12:59:51,113 : INFO : 22323099 coupon user process 90000 
2019-03-25 12:59:51,258 : INFO : 22323110 coupon user process 0 
2019-03-25 12:59:51,579 : INFO : 22323110 coupon user process 30000 
2019-03-25 12:59:51,793 : INFO : 22323110 coupon user process 60000 
2019-03-25 12:59:51,997 : INFO : 22323110 coupon user process 90000 
2019-03-25 12:59:52,068 : INFO : 22323111 coupon user process 0 
2019-03-25 12:59:52,403 : INFO : 22323111 coupon user process 30000 
2019-03-25 12:59:52,680 : INFO : 22323111 coupon user process 60000 
2019-03-25 12:59:52,892 : INFO : 22323111 coupon user process 90000 
2019-03-25 12:59:52,974 : INFO : 22323112 coupon user process 0 
2019-03-25 12:59:53,468 : INFO : 22323112 coupon user process 30000 
2019-03-25 12:59:55,299 : INFO : 22323112 coupon user process 60000 
2019-03-25 12:59:55,568 : INFO : 22323112 coupon user process 90000 
2019-03-25 12:59:55,654 : INFO : 22323113 coupon user process 0 
2019-03-25 12:59:56,076 : INFO : 22323113 coupon user process 30000 
2019-03-25 12:59:57,137 : INFO : 22323113 coupon user process 60000 
2019-03-25 12:59:57,396 : INFO : 22323113 coupon user process 90000 
2019-03-25 12:59:57,496 : INFO : 22324090 coupon user process 0 
2019-03-25 13:00:03,556 : INFO : 22324090 coupon user process 30000 
2019-03-25 13:00:30,686 : INFO : 22324090 coupon user process 60000 
2019-03-25 13:00:32,101 : INFO : 22324090 coupon user process 90000 
2019-03-25 13:00:32,408 : INFO : 22324092 coupon user process 0 
2019-03-25 13:00:33,792 : INFO : 22324092 coupon user process 30000 
2019-03-25 13:00:34,652 : INFO : 22324092 coupon user process 60000 
2019-03-25 13:00:34,922 : INFO : 22324092 coupon user process 90000 
2019-03-25 13:00:35,020 : INFO : 22325101 coupon user process 0 
2019-03-25 13:00:35,431 : INFO : 22325101 coupon user process 30000 
2019-03-25 13:00:35,798 : INFO : 22325101 coupon user process 60000 
2019-03-25 13:00:36,198 : INFO : 22325101 coupon user process 90000 
2019-03-25 13:00:36,279 : INFO : 22325102 coupon user process 0 
2019-03-25 13:00:36,517 : INFO : 22325102 coupon user process 30000 
2019-03-25 13:00:36,720 : INFO : 22325102 coupon user process 60000 
2019-03-25 13:00:36,929 : INFO : 22325102 coupon user process 90000 
2019-03-25 13:00:37,001 : INFO : 22325103 coupon user process 0 
2019-03-25 13:00:37,433 : INFO : 22325103 coupon user process 30000 
2019-03-25 13:00:37,647 : INFO : 22325103 coupon user process 60000 
2019-03-25 13:00:37,885 : INFO : 22325103 coupon user process 90000 
2019-03-25 13:00:37,971 : INFO : 22325104 coupon user process 0 
2019-03-25 13:00:39,201 : INFO : 22325104 coupon user process 30000 
2019-03-25 13:00:39,662 : INFO : 22325104 coupon user process 60000 
2019-03-25 13:00:39,956 : INFO : 22325104 coupon user process 90000 
2019-03-25 13:00:40,051 : INFO : 22325105 coupon user process 0 
2019-03-25 13:00:40,767 : INFO : 22325105 coupon user process 30000 
2019-03-25 13:00:41,023 : INFO : 22325105 coupon user process 60000 
2019-03-25 13:00:41,263 : INFO : 22325105 coupon user process 90000 
2019-03-25 13:00:41,348 : INFO : 22325110 coupon user process 0 
2019-03-25 13:00:41,608 : INFO : 22325110 coupon user process 30000 
2019-03-25 13:00:41,834 : INFO : 22325110 coupon user process 60000 
2019-03-25 13:00:42,478 : INFO : 22325110 coupon user process 90000 
2019-03-25 13:00:42,563 : INFO : 22326098 coupon user process 0 
2019-03-25 13:00:42,939 : INFO : 22326098 coupon user process 30000 
2019-03-25 13:00:43,150 : INFO : 22326098 coupon user process 60000 
2019-03-25 13:00:43,367 : INFO : 22326098 coupon user process 90000 
2019-03-25 13:00:43,443 : INFO : 22326129 coupon user process 0 
2019-03-25 13:00:43,708 : INFO : 22326129 coupon user process 30000 
2019-03-25 13:00:43,914 : INFO : 22326129 coupon user process 60000 
2019-03-25 13:00:44,120 : INFO : 22326129 coupon user process 90000 
2019-03-25 13:00:44,199 : INFO : 22330091 coupon user process 0 
2019-03-25 13:00:47,929 : INFO : 22330091 coupon user process 30000 
2019-03-25 13:00:51,238 : INFO : 22330091 coupon user process 60000 
2019-03-25 13:00:51,803 : INFO : 22330091 coupon user process 90000 
2019-03-25 13:00:51,925 : INFO : 22330092 coupon user process 0 
2019-03-25 13:00:54,673 : INFO : 22330092 coupon user process 30000 
2019-03-25 13:00:56,445 : INFO : 22330092 coupon user process 60000 
2019-03-25 13:00:56,928 : INFO : 22330092 coupon user process 90000 
2019-03-25 13:00:57,037 : INFO : 22330094 coupon user process 0 
2019-03-25 13:00:57,378 : INFO : 22330094 coupon user process 30000 
2019-03-25 13:00:57,597 : INFO : 22330094 coupon user process 60000 
2019-03-25 13:00:57,810 : INFO : 22330094 coupon user process 90000 
2019-03-25 13:00:57,884 : INFO : 22330095 coupon user process 0 
2019-03-25 13:00:58,647 : INFO : 22330095 coupon user process 30000 
2019-03-25 13:00:59,017 : INFO : 22330095 coupon user process 60000 
2019-03-25 13:00:59,250 : INFO : 22330095 coupon user process 90000 
2019-03-25 13:00:59,327 : INFO : 22330096 coupon user process 0 
2019-03-25 13:01:01,493 : INFO : 22330096 coupon user process 30000 
2019-03-25 13:01:03,055 : INFO : 22330096 coupon user process 60000 
2019-03-25 13:01:03,438 : INFO : 22330096 coupon user process 90000 
2019-03-25 13:01:03,528 : INFO : 22330098 coupon user process 0 
2019-03-25 13:01:05,243 : INFO : 22330098 coupon user process 30000 
2019-03-25 13:01:06,385 : INFO : 22330098 coupon user process 60000 
2019-03-25 13:01:08,057 : INFO : 22330098 coupon user process 90000 
2019-03-25 13:01:08,142 : INFO : 22330104 coupon user process 0 
2019-03-25 13:01:08,546 : INFO : 22330104 coupon user process 30000 
2019-03-25 13:01:08,867 : INFO : 22330104 coupon user process 60000 
2019-03-25 13:01:09,092 : INFO : 22330104 coupon user process 90000 
2019-03-25 13:01:09,166 : INFO : 22331092 coupon user process 0 
2019-03-25 13:01:09,456 : INFO : 22331092 coupon user process 30000 
2019-03-25 13:01:09,711 : INFO : 22331092 coupon user process 60000 
2019-03-25 13:01:09,931 : INFO : 22331092 coupon user process 90000 
2019-03-25 13:01:10,026 : INFO : 22332089 coupon user process 0 
2019-03-25 13:01:11,851 : INFO : 22332089 coupon user process 30000 
2019-03-25 13:01:12,658 : INFO : 22332089 coupon user process 60000 
2019-03-25 13:01:12,942 : INFO : 22332089 coupon user process 90000 
2019-03-25 13:01:13,042 : INFO : 22332108 coupon user process 0 
2019-03-25 13:01:13,258 : INFO : 22332108 coupon user process 30000 
2019-03-25 13:01:13,462 : INFO : 22332108 coupon user process 60000 
2019-03-25 13:01:13,725 : INFO : 22332108 coupon user process 90000 
2019-03-25 13:01:13,808 : INFO : 22332112 coupon user process 0 
2019-03-25 13:01:14,504 : INFO : 22332112 coupon user process 30000 
2019-03-25 13:01:14,902 : INFO : 22332112 coupon user process 60000 
2019-03-25 13:01:15,134 : INFO : 22332112 coupon user process 90000 
2019-03-25 13:01:15,211 : INFO : 22332113 coupon user process 0 
2019-03-25 13:01:15,790 : INFO : 22332113 coupon user process 30000 
2019-03-25 13:01:16,061 : INFO : 22332113 coupon user process 60000 
2019-03-25 13:01:16,281 : INFO : 22332113 coupon user process 90000 
2019-03-25 13:01:16,359 : INFO : 22332117 coupon user process 0 
2019-03-25 13:01:16,592 : INFO : 22332117 coupon user process 30000 
2019-03-25 13:01:16,832 : INFO : 22332117 coupon user process 60000 
2019-03-25 13:01:17,039 : INFO : 22332117 coupon user process 90000 
2019-03-25 13:01:17,115 : INFO : 22332123 coupon user process 0 
2019-03-25 13:01:17,313 : INFO : 22332123 coupon user process 30000 
2019-03-25 13:01:17,511 : INFO : 22332123 coupon user process 60000 
2019-03-25 13:01:17,720 : INFO : 22332123 coupon user process 90000 
2019-03-25 13:01:17,803 : INFO : 22333089 coupon user process 0 
2019-03-25 13:01:31,870 : INFO : 22333089 coupon user process 30000 
2019-03-25 13:01:40,056 : INFO : 22333089 coupon user process 60000 
2019-03-25 13:01:53,940 : INFO : 22333089 coupon user process 90000 
2019-03-25 13:01:54,267 : INFO : 22333097 coupon user process 0 
2019-03-25 13:02:02,545 : INFO : 22333097 coupon user process 30000 
2019-03-25 13:02:08,242 : INFO : 22333097 coupon user process 60000 
2019-03-25 13:02:18,291 : INFO : 22333097 coupon user process 90000 
2019-03-25 13:02:18,485 : INFO : 22333100 coupon user process 0 
2019-03-25 13:02:18,719 : INFO : 22333100 coupon user process 30000 
2019-03-25 13:02:18,922 : INFO : 22333100 coupon user process 60000 
2019-03-25 13:02:19,134 : INFO : 22333100 coupon user process 90000 
2019-03-25 13:02:19,207 : INFO : 22333109 coupon user process 0 
2019-03-25 13:02:19,443 : INFO : 22333109 coupon user process 30000 
2019-03-25 13:02:19,647 : INFO : 22333109 coupon user process 60000 
2019-03-25 13:02:19,847 : INFO : 22333109 coupon user process 90000 
2019-03-25 13:02:19,920 : INFO : 22336098 coupon user process 0 
2019-03-25 13:02:20,234 : INFO : 22336098 coupon user process 30000 
2019-03-25 13:02:20,480 : INFO : 22336098 coupon user process 60000 
2019-03-25 13:02:20,695 : INFO : 22336098 coupon user process 90000 
2019-03-25 13:02:20,766 : INFO : 22336105 coupon user process 0 
2019-03-25 13:02:21,039 : INFO : 22336105 coupon user process 30000 
2019-03-25 13:02:21,250 : INFO : 22336105 coupon user process 60000 
2019-03-25 13:02:21,471 : INFO : 22336105 coupon user process 90000 
2019-03-25 13:02:21,548 : INFO : 22336110 coupon user process 0 
2019-03-25 13:02:21,797 : INFO : 22336110 coupon user process 30000 
2019-03-25 13:02:22,005 : INFO : 22336110 coupon user process 60000 
2019-03-25 13:02:22,211 : INFO : 22336110 coupon user process 90000 
2019-03-25 13:02:22,282 : INFO : 22336113 coupon user process 0 
2019-03-25 13:02:22,512 : INFO : 22336113 coupon user process 30000 
2019-03-25 13:02:22,713 : INFO : 22336113 coupon user process 60000 
2019-03-25 13:02:22,913 : INFO : 22336113 coupon user process 90000 
2019-03-25 13:02:22,984 : INFO : 22336114 coupon user process 0 
2019-03-25 13:02:23,219 : INFO : 22336114 coupon user process 30000 
2019-03-25 13:02:23,425 : INFO : 22336114 coupon user process 60000 
2019-03-25 13:02:23,641 : INFO : 22336114 coupon user process 90000 
2019-03-25 13:02:23,722 : INFO : 22337092 coupon user process 0 
2019-03-25 13:02:23,919 : INFO : 22337092 coupon user process 30000 
2019-03-25 13:02:24,125 : INFO : 22337092 coupon user process 60000 
2019-03-25 13:02:24,327 : INFO : 22337092 coupon user process 90000 
2019-03-25 13:02:24,398 : INFO : 22337093 coupon user process 0 
2019-03-25 13:02:24,607 : INFO : 22337093 coupon user process 30000 
2019-03-25 13:02:24,861 : INFO : 22337093 coupon user process 60000 
2019-03-25 13:02:25,079 : INFO : 22337093 coupon user process 90000 
2019-03-25 13:02:25,157 : INFO : 22337095 coupon user process 0 
2019-03-25 13:02:25,359 : INFO : 22337095 coupon user process 30000 
2019-03-25 13:02:25,590 : INFO : 22337095 coupon user process 60000 
2019-03-25 13:02:25,803 : INFO : 22337095 coupon user process 90000 
2019-03-25 13:02:25,879 : INFO : 22337097 coupon user process 0 
2019-03-25 13:02:26,468 : INFO : 22337097 coupon user process 30000 
2019-03-25 13:02:27,036 : INFO : 22337097 coupon user process 60000 
2019-03-25 13:02:27,684 : INFO : 22337097 coupon user process 90000 
2019-03-25 13:02:27,777 : INFO : 22337098 coupon user process 0 
2019-03-25 13:02:28,126 : INFO : 22337098 coupon user process 30000 
2019-03-25 13:02:28,481 : INFO : 22337098 coupon user process 60000 
2019-03-25 13:02:28,967 : INFO : 22337098 coupon user process 90000 
2019-03-25 13:02:29,046 : INFO : 22337099 coupon user process 0 
2019-03-25 13:02:29,251 : INFO : 22337099 coupon user process 30000 
2019-03-25 13:02:29,457 : INFO : 22337099 coupon user process 60000 
2019-03-25 13:02:29,699 : INFO : 22337099 coupon user process 90000 
2019-03-25 13:02:29,772 : INFO : 22337100 coupon user process 0 
2019-03-25 13:02:29,971 : INFO : 22337100 coupon user process 30000 
2019-03-25 13:02:30,221 : INFO : 22337100 coupon user process 60000 
2019-03-25 13:02:30,496 : INFO : 22337100 coupon user process 90000 
2019-03-25 13:02:30,576 : INFO : 22337101 coupon user process 0 
2019-03-25 13:02:31,137 : INFO : 22337101 coupon user process 30000 
2019-03-25 13:02:31,471 : INFO : 22337101 coupon user process 60000 
2019-03-25 13:02:32,611 : INFO : 22337101 coupon user process 90000 
2019-03-25 13:02:32,693 : INFO : 22337102 coupon user process 0 
2019-03-25 13:02:32,938 : INFO : 22337102 coupon user process 30000 
2019-03-25 13:02:33,144 : INFO : 22337102 coupon user process 60000 
2019-03-25 13:02:33,419 : INFO : 22337102 coupon user process 90000 
2019-03-25 13:02:33,500 : INFO : 22337103 coupon user process 0 
2019-03-25 13:02:33,706 : INFO : 22337103 coupon user process 30000 
2019-03-25 13:02:33,961 : INFO : 22337103 coupon user process 60000 
2019-03-25 13:02:34,172 : INFO : 22337103 coupon user process 90000 
2019-03-25 13:02:34,247 : INFO : 22337104 coupon user process 0 
2019-03-25 13:02:34,507 : INFO : 22337104 coupon user process 30000 
2019-03-25 13:02:35,019 : INFO : 22337104 coupon user process 60000 
2019-03-25 13:02:35,637 : INFO : 22337104 coupon user process 90000 
2019-03-25 13:02:35,715 : INFO : 22337105 coupon user process 0 
2019-03-25 13:02:36,141 : INFO : 22337105 coupon user process 30000 
2019-03-25 13:02:36,442 : INFO : 22337105 coupon user process 60000 
2019-03-25 13:02:37,046 : INFO : 22337105 coupon user process 90000 
2019-03-25 13:02:37,122 : INFO : 22337106 coupon user process 0 
2019-03-25 13:02:37,347 : INFO : 22337106 coupon user process 30000 
2019-03-25 13:02:37,597 : INFO : 22337106 coupon user process 60000 
2019-03-25 13:02:37,945 : INFO : 22337106 coupon user process 90000 
2019-03-25 13:02:38,031 : INFO : 22337110 coupon user process 0 
2019-03-25 13:02:38,317 : INFO : 22337110 coupon user process 30000 
2019-03-25 13:02:38,531 : INFO : 22337110 coupon user process 60000 
2019-03-25 13:02:38,746 : INFO : 22337110 coupon user process 90000 
2019-03-25 13:02:38,829 : INFO : 22337129 coupon user process 0 
2019-03-25 13:02:39,023 : INFO : 22337129 coupon user process 30000 
2019-03-25 13:02:39,260 : INFO : 22337129 coupon user process 60000 
2019-03-25 13:02:39,467 : INFO : 22337129 coupon user process 90000 
2019-03-25 13:02:39,542 : INFO : 22337137 coupon user process 0 
2019-03-25 13:02:42,228 : INFO : 22337137 coupon user process 30000 
2019-03-25 13:02:44,579 : INFO : 22337137 coupon user process 60000 
2019-03-25 13:02:45,160 : INFO : 22337137 coupon user process 90000 
2019-03-25 13:02:45,275 : INFO : 22337139 coupon user process 0 
2019-03-25 13:02:47,317 : INFO : 22337139 coupon user process 30000 
2019-03-25 13:02:48,461 : INFO : 22337139 coupon user process 60000 
2019-03-25 13:02:48,953 : INFO : 22337139 coupon user process 90000 
2019-03-25 13:02:49,062 : INFO : 22337152 coupon user process 0 
2019-03-25 13:02:49,298 : INFO : 22337152 coupon user process 30000 
2019-03-25 13:02:49,523 : INFO : 22337152 coupon user process 60000 
2019-03-25 13:02:49,733 : INFO : 22337152 coupon user process 90000 
2019-03-25 13:02:49,829 : INFO : 22339090 coupon user process 0 
2019-03-25 13:02:55,968 : INFO : 22339090 coupon user process 30000 
2019-03-25 13:03:01,805 : INFO : 22339090 coupon user process 60000 
2019-03-25 13:03:15,496 : INFO : 22339090 coupon user process 90000 
2019-03-25 13:03:15,752 : INFO : 22339095 coupon user process 0 
2019-03-25 13:03:16,055 : INFO : 22339095 coupon user process 30000 
2019-03-25 13:03:16,300 : INFO : 22339095 coupon user process 60000 
2019-03-25 13:03:16,583 : INFO : 22339095 coupon user process 90000 
2019-03-25 13:03:16,666 : INFO : 22339104 coupon user process 0 
2019-03-25 13:03:18,057 : INFO : 22339104 coupon user process 30000 
2019-03-25 13:03:18,631 : INFO : 22339104 coupon user process 60000 
2019-03-25 13:03:18,962 : INFO : 22339104 coupon user process 90000 
2019-03-25 13:03:19,049 : INFO : 22339105 coupon user process 0 
2019-03-25 13:03:19,514 : INFO : 22339105 coupon user process 30000 
2019-03-25 13:03:19,837 : INFO : 22339105 coupon user process 60000 
2019-03-25 13:03:20,056 : INFO : 22339105 coupon user process 90000 
2019-03-25 13:03:20,132 : INFO : 22340089 coupon user process 0 
2019-03-25 13:03:20,340 : INFO : 22340089 coupon user process 30000 
2019-03-25 13:03:20,597 : INFO : 22340089 coupon user process 60000 
2019-03-25 13:03:20,822 : INFO : 22340089 coupon user process 90000 
2019-03-25 13:03:20,903 : INFO : 22340111 coupon user process 0 
2019-03-25 13:03:21,141 : INFO : 22340111 coupon user process 30000 
2019-03-25 13:03:21,364 : INFO : 22340111 coupon user process 60000 
2019-03-25 13:03:21,618 : INFO : 22340111 coupon user process 90000 
2019-03-25 13:03:21,708 : INFO : 22340118 coupon user process 0 
2019-03-25 13:03:22,217 : INFO : 22340118 coupon user process 30000 
2019-03-25 13:03:22,620 : INFO : 22340118 coupon user process 60000 
2019-03-25 13:03:22,886 : INFO : 22340118 coupon user process 90000 
2019-03-25 13:03:22,965 : INFO : 22341089 coupon user process 0 
2019-03-25 13:03:23,959 : INFO : 22341089 coupon user process 30000 
2019-03-25 13:03:24,500 : INFO : 22341089 coupon user process 60000 
2019-03-25 13:03:24,789 : INFO : 22341089 coupon user process 90000 
2019-03-25 13:03:24,894 : INFO : 22343095 coupon user process 0 
2019-03-25 13:03:31,340 : INFO : 22343095 coupon user process 30000 
2019-03-25 13:03:37,489 : INFO : 22343095 coupon user process 60000 
2019-03-25 13:03:38,599 : INFO : 22343095 coupon user process 90000 
2019-03-25 13:03:38,761 : INFO : 22343096 coupon user process 0 
2019-03-25 13:03:47,335 : INFO : 22343096 coupon user process 30000 
2019-03-25 13:03:54,261 : INFO : 22343096 coupon user process 60000 
2019-03-25 13:03:56,074 : INFO : 22343096 coupon user process 90000 
2019-03-25 13:03:56,261 : INFO : 22343099 coupon user process 0 
2019-03-25 13:03:56,590 : INFO : 22343099 coupon user process 30000 
2019-03-25 13:03:56,941 : INFO : 22343099 coupon user process 60000 
2019-03-25 13:03:57,228 : INFO : 22343099 coupon user process 90000 
2019-03-25 13:03:57,312 : INFO : 22343101 coupon user process 0 
2019-03-25 13:03:57,581 : INFO : 22343101 coupon user process 30000 
2019-03-25 13:03:57,823 : INFO : 22343101 coupon user process 60000 
2019-03-25 13:03:58,080 : INFO : 22343101 coupon user process 90000 
2019-03-25 13:03:58,160 : INFO : 22343102 coupon user process 0 
2019-03-25 13:03:58,436 : INFO : 22343102 coupon user process 30000 
2019-03-25 13:03:58,653 : INFO : 22343102 coupon user process 60000 
2019-03-25 13:03:58,860 : INFO : 22343102 coupon user process 90000 
2019-03-25 13:03:58,929 : INFO : 22344109 coupon user process 0 
2019-03-25 13:03:59,182 : INFO : 22344109 coupon user process 30000 
2019-03-25 13:03:59,402 : INFO : 22344109 coupon user process 60000 
2019-03-25 13:03:59,625 : INFO : 22344109 coupon user process 90000 
2019-03-25 13:03:59,709 : INFO : 22345090 coupon user process 0 
2019-03-25 13:04:03,104 : INFO : 22345090 coupon user process 30000 
2019-03-25 13:04:07,561 : INFO : 22345090 coupon user process 60000 
2019-03-25 13:04:10,620 : INFO : 22345090 coupon user process 90000 
2019-03-25 13:04:10,773 : INFO : 22345094 coupon user process 0 
2019-03-25 13:04:11,078 : INFO : 22345094 coupon user process 30000 
2019-03-25 13:04:11,422 : INFO : 22345094 coupon user process 60000 
2019-03-25 13:04:11,791 : INFO : 22345094 coupon user process 90000 
2019-03-25 13:04:11,866 : INFO : 22345096 coupon user process 0 
2019-03-25 13:04:12,401 : INFO : 22345096 coupon user process 30000 
2019-03-25 13:04:13,099 : INFO : 22345096 coupon user process 60000 
2019-03-25 13:04:13,451 : INFO : 22345096 coupon user process 90000 
2019-03-25 13:04:13,544 : INFO : 22345098 coupon user process 0 
2019-03-25 13:04:13,764 : INFO : 22345098 coupon user process 30000 
2019-03-25 13:04:14,002 : INFO : 22345098 coupon user process 60000 
2019-03-25 13:04:14,245 : INFO : 22345098 coupon user process 90000 
2019-03-25 13:04:14,335 : INFO : 22345101 coupon user process 0 
2019-03-25 13:04:15,273 : INFO : 22345101 coupon user process 30000 
2019-03-25 13:04:16,393 : INFO : 22345101 coupon user process 60000 
2019-03-25 13:04:17,440 : INFO : 22345101 coupon user process 90000 
2019-03-25 13:04:17,532 : INFO : 22346099 coupon user process 0 
2019-03-25 13:04:18,738 : INFO : 22346099 coupon user process 30000 
2019-03-25 13:04:19,123 : INFO : 22346099 coupon user process 60000 
2019-03-25 13:04:19,448 : INFO : 22346099 coupon user process 90000 
2019-03-25 13:04:19,532 : INFO : 22346100 coupon user process 0 
2019-03-25 13:04:19,987 : INFO : 22346100 coupon user process 30000 
2019-03-25 13:04:20,251 : INFO : 22346100 coupon user process 60000 
2019-03-25 13:04:20,495 : INFO : 22346100 coupon user process 90000 
2019-03-25 13:04:20,582 : INFO : 22346102 coupon user process 0 
2019-03-25 13:04:20,918 : INFO : 22346102 coupon user process 30000 
2019-03-25 13:04:21,244 : INFO : 22346102 coupon user process 60000 
2019-03-25 13:04:21,512 : INFO : 22346102 coupon user process 90000 
2019-03-25 13:04:21,616 : INFO : 22347089 coupon user process 0 
2019-03-25 13:04:25,917 : INFO : 22347089 coupon user process 30000 
2019-03-25 13:04:29,750 : INFO : 22347089 coupon user process 60000 
2019-03-25 13:04:30,566 : INFO : 22347089 coupon user process 90000 
2019-03-25 13:04:30,711 : INFO : 22347090 coupon user process 0 
2019-03-25 13:04:46,332 : INFO : 22347090 coupon user process 30000 
2019-03-25 13:04:59,876 : INFO : 22347090 coupon user process 60000 
2019-03-25 13:05:02,603 : INFO : 22347090 coupon user process 90000 
2019-03-25 13:05:02,879 : INFO : 22347091 coupon user process 0 
2019-03-25 13:05:05,100 : INFO : 22347091 coupon user process 30000 
2019-03-25 13:05:07,874 : INFO : 22347091 coupon user process 60000 
2019-03-25 13:05:08,868 : INFO : 22347091 coupon user process 90000 
2019-03-25 13:05:08,984 : INFO : 22347092 coupon user process 0 
2019-03-25 13:05:10,905 : INFO : 22347092 coupon user process 30000 
2019-03-25 13:05:12,848 : INFO : 22347092 coupon user process 60000 
2019-03-25 13:05:13,646 : INFO : 22347092 coupon user process 90000 
2019-03-25 13:05:13,739 : INFO : 22349101 coupon user process 0 
2019-03-25 13:05:13,975 : INFO : 22349101 coupon user process 30000 
2019-03-25 13:05:14,189 : INFO : 22349101 coupon user process 60000 
2019-03-25 13:05:14,414 : INFO : 22349101 coupon user process 90000 
2019-03-25 13:05:14,483 : INFO : 22350089 coupon user process 0 
2019-03-25 13:05:14,710 : INFO : 22350089 coupon user process 30000 
2019-03-25 13:05:15,227 : INFO : 22350089 coupon user process 60000 
2019-03-25 13:05:15,796 : INFO : 22350089 coupon user process 90000 
2019-03-25 13:05:15,899 : INFO : 22351093 coupon user process 0 
2019-03-25 13:05:20,899 : INFO : 22351093 coupon user process 30000 
2019-03-25 13:05:26,512 : INFO : 22351093 coupon user process 60000 
2019-03-25 13:05:51,103 : INFO : 22351093 coupon user process 90000 
2019-03-25 13:05:51,427 : INFO : 22351106 coupon user process 0 
2019-03-25 13:05:51,679 : INFO : 22351106 coupon user process 30000 
2019-03-25 13:05:51,900 : INFO : 22351106 coupon user process 60000 
2019-03-25 13:05:52,196 : INFO : 22351106 coupon user process 90000 
2019-03-25 13:05:52,274 : INFO : 22351123 coupon user process 0 
2019-03-25 13:05:52,738 : INFO : 22351123 coupon user process 30000 
2019-03-25 13:05:54,127 : INFO : 22351123 coupon user process 60000 
2019-03-25 13:05:55,053 : INFO : 22351123 coupon user process 90000 
2019-03-25 13:05:55,252 : INFO : 22352097 coupon user process 0 
2019-03-25 13:06:24,229 : INFO : 22352097 coupon user process 30000 
2019-03-25 13:06:49,579 : INFO : 22352097 coupon user process 60000 
2019-03-25 13:07:53,779 : INFO : 22352097 coupon user process 90000 
2019-03-25 13:07:54,596 : INFO : 22353108 coupon user process 0 
2019-03-25 13:07:56,265 : INFO : 22353108 coupon user process 30000 
2019-03-25 13:07:57,460 : INFO : 22353108 coupon user process 60000 
2019-03-25 13:07:57,868 : INFO : 22353108 coupon user process 90000 
2019-03-25 13:07:57,966 : INFO : 22353110 coupon user process 0 
2019-03-25 13:07:58,383 : INFO : 22353110 coupon user process 30000 
2019-03-25 13:07:58,768 : INFO : 22353110 coupon user process 60000 
2019-03-25 13:07:58,977 : INFO : 22353110 coupon user process 90000 
2019-03-25 13:07:59,052 : INFO : 22353111 coupon user process 0 
2019-03-25 13:07:59,521 : INFO : 22353111 coupon user process 30000 
2019-03-25 13:07:59,785 : INFO : 22353111 coupon user process 60000 
2019-03-25 13:08:00,002 : INFO : 22353111 coupon user process 90000 
2019-03-25 13:08:00,082 : INFO : 22357092 coupon user process 0 
2019-03-25 13:08:03,487 : INFO : 22357092 coupon user process 30000 
2019-03-25 13:08:05,993 : INFO : 22357092 coupon user process 60000 
2019-03-25 13:08:06,861 : INFO : 22357092 coupon user process 90000 
2019-03-25 13:08:06,986 : INFO : 22357094 coupon user process 0 
2019-03-25 13:08:08,328 : INFO : 22357094 coupon user process 30000 
2019-03-25 13:08:09,319 : INFO : 22357094 coupon user process 60000 
2019-03-25 13:08:09,811 : INFO : 22357094 coupon user process 90000 
2019-03-25 13:08:09,946 : INFO : 22357098 coupon user process 0 
2019-03-25 13:08:23,469 : INFO : 22357098 coupon user process 30000 
2019-03-25 13:08:36,900 : INFO : 22357098 coupon user process 60000 
2019-03-25 13:09:31,488 : INFO : 22357098 coupon user process 90000 
2019-03-25 13:09:32,040 : INFO : coupon process 800
2019-03-25 13:09:32,075 : INFO : 22357099 coupon user process 0 
2019-03-25 13:09:32,641 : INFO : 22357099 coupon user process 30000 
2019-03-25 13:09:33,394 : INFO : 22357099 coupon user process 60000 
2019-03-25 13:09:35,030 : INFO : 22357099 coupon user process 90000 
2019-03-25 13:09:35,120 : INFO : 22357102 coupon user process 0 
2019-03-25 13:09:35,344 : INFO : 22357102 coupon user process 30000 
2019-03-25 13:09:35,659 : INFO : 22357102 coupon user process 60000 
2019-03-25 13:09:36,041 : INFO : 22357102 coupon user process 90000 
2019-03-25 13:09:36,120 : INFO : 22357103 coupon user process 0 
2019-03-25 13:09:36,332 : INFO : 22357103 coupon user process 30000 
2019-03-25 13:09:36,551 : INFO : 22357103 coupon user process 60000 
2019-03-25 13:09:36,835 : INFO : 22357103 coupon user process 90000 
2019-03-25 13:09:36,915 : INFO : 22359130 coupon user process 0 
2019-03-25 13:09:39,048 : INFO : 22359130 coupon user process 30000 
2019-03-25 13:09:41,355 : INFO : 22359130 coupon user process 60000 
2019-03-25 13:09:42,214 : INFO : 22359130 coupon user process 90000 
2019-03-25 13:09:42,320 : INFO : 22359131 coupon user process 0 
2019-03-25 13:09:46,561 : INFO : 22359131 coupon user process 30000 
2019-03-25 13:09:48,854 : INFO : 22359131 coupon user process 60000 
2019-03-25 13:09:49,633 : INFO : 22359131 coupon user process 90000 
2019-03-25 13:09:49,741 : INFO : 22359140 coupon user process 0 
2019-03-25 13:09:49,943 : INFO : 22359140 coupon user process 30000 
2019-03-25 13:09:50,147 : INFO : 22359140 coupon user process 60000 
2019-03-25 13:09:50,349 : INFO : 22359140 coupon user process 90000 
2019-03-25 13:09:50,418 : INFO : 22359142 coupon user process 0 
2019-03-25 13:09:50,615 : INFO : 22359142 coupon user process 30000 
2019-03-25 13:09:50,818 : INFO : 22359142 coupon user process 60000 
2019-03-25 13:09:51,021 : INFO : 22359142 coupon user process 90000 
2019-03-25 13:09:51,098 : INFO : 22359154 coupon user process 0 
2019-03-25 13:09:53,732 : INFO : 22359154 coupon user process 30000 
2019-03-25 13:09:56,414 : INFO : 22359154 coupon user process 60000 
2019-03-25 13:09:57,263 : INFO : 22359154 coupon user process 90000 
2019-03-25 13:09:57,371 : INFO : 22359155 coupon user process 0 
2019-03-25 13:09:59,841 : INFO : 22359155 coupon user process 30000 
2019-03-25 13:10:01,803 : INFO : 22359155 coupon user process 60000 
2019-03-25 13:10:02,591 : INFO : 22359155 coupon user process 90000 
2019-03-25 13:10:02,696 : INFO : 22360096 coupon user process 0 
2019-03-25 13:10:03,231 : INFO : 22360096 coupon user process 30000 
2019-03-25 13:10:03,526 : INFO : 22360096 coupon user process 60000 
2019-03-25 13:10:03,793 : INFO : 22360096 coupon user process 90000 
2019-03-25 13:10:03,873 : INFO : 22360097 coupon user process 0 
2019-03-25 13:10:04,566 : INFO : 22360097 coupon user process 30000 
2019-03-25 13:10:04,889 : INFO : 22360097 coupon user process 60000 
2019-03-25 13:10:05,107 : INFO : 22360097 coupon user process 90000 
2019-03-25 13:10:05,182 : INFO : 22361093 coupon user process 0 
2019-03-25 13:10:05,417 : INFO : 22361093 coupon user process 30000 
2019-03-25 13:10:05,618 : INFO : 22361093 coupon user process 60000 
2019-03-25 13:10:05,827 : INFO : 22361093 coupon user process 90000 
2019-03-25 13:10:05,894 : INFO : 22361094 coupon user process 0 
2019-03-25 13:10:06,159 : INFO : 22361094 coupon user process 30000 
2019-03-25 13:10:06,375 : INFO : 22361094 coupon user process 60000 
2019-03-25 13:10:06,617 : INFO : 22361094 coupon user process 90000 
2019-03-25 13:10:06,685 : INFO : 22361095 coupon user process 0 
2019-03-25 13:10:06,915 : INFO : 22361095 coupon user process 30000 
2019-03-25 13:10:07,122 : INFO : 22361095 coupon user process 60000 
2019-03-25 13:10:07,333 : INFO : 22361095 coupon user process 90000 
2019-03-25 13:10:07,414 : INFO : 22361096 coupon user process 0 
2019-03-25 13:10:08,543 : INFO : 22361096 coupon user process 30000 
2019-03-25 13:10:09,335 : INFO : 22361096 coupon user process 60000 
2019-03-25 13:10:12,088 : INFO : 22361096 coupon user process 90000 
2019-03-25 13:10:12,193 : INFO : 22365091 coupon user process 0 
2019-03-25 13:10:12,680 : INFO : 22365091 coupon user process 30000 
2019-03-25 13:10:12,973 : INFO : 22365091 coupon user process 60000 
2019-03-25 13:10:13,375 : INFO : 22365091 coupon user process 90000 
2019-03-25 13:10:13,466 : INFO : 22365096 coupon user process 0 
2019-03-25 13:10:16,252 : INFO : 22365096 coupon user process 30000 
2019-03-25 13:10:20,796 : INFO : 22365096 coupon user process 60000 
2019-03-25 13:10:36,971 : INFO : 22365096 coupon user process 90000 
2019-03-25 13:10:37,195 : INFO : 22365097 coupon user process 0 
2019-03-25 13:10:39,287 : INFO : 22365097 coupon user process 30000 
2019-03-25 13:10:43,026 : INFO : 22365097 coupon user process 60000 
2019-03-25 13:10:55,821 : INFO : 22365097 coupon user process 90000 
2019-03-25 13:10:56,012 : INFO : 22365098 coupon user process 0 
2019-03-25 13:10:58,642 : INFO : 22365098 coupon user process 30000 
2019-03-25 13:11:01,868 : INFO : 22365098 coupon user process 60000 
2019-03-25 13:11:14,250 : INFO : 22365098 coupon user process 90000 
2019-03-25 13:11:14,586 : INFO : 22365108 coupon user process 0 
2019-03-25 13:11:14,880 : INFO : 22365108 coupon user process 30000 
2019-03-25 13:11:15,257 : INFO : 22365108 coupon user process 60000 
2019-03-25 13:11:15,549 : INFO : 22365108 coupon user process 90000 
2019-03-25 13:11:15,659 : INFO : 22365110 coupon user process 0 
2019-03-25 13:11:18,472 : INFO : 22365110 coupon user process 30000 
2019-03-25 13:11:20,278 : INFO : 22365110 coupon user process 60000 
2019-03-25 13:11:21,020 : INFO : 22365110 coupon user process 90000 
2019-03-25 13:11:21,198 : INFO : 22365111 coupon user process 0 
2019-03-25 13:11:22,201 : INFO : 22365111 coupon user process 30000 
2019-03-25 13:11:22,926 : INFO : 22365111 coupon user process 60000 
2019-03-25 13:11:23,477 : INFO : 22365111 coupon user process 90000 
2019-03-25 13:11:23,700 : INFO : 22365116 coupon user process 0 
2019-03-25 13:11:27,991 : INFO : 22365116 coupon user process 30000 
2019-03-25 13:11:32,717 : INFO : 22365116 coupon user process 60000 
2019-03-25 13:11:34,242 : INFO : 22365116 coupon user process 90000 
2019-03-25 13:11:34,438 : INFO : 22365117 coupon user process 0 
2019-03-25 13:11:53,226 : INFO : 22365117 coupon user process 30000 
2019-03-25 13:12:10,021 : INFO : 22365117 coupon user process 60000 
2019-03-25 13:12:14,763 : INFO : 22365117 coupon user process 90000 
2019-03-25 13:12:15,105 : INFO : 22365118 coupon user process 0 
2019-03-25 13:12:27,067 : INFO : 22365118 coupon user process 30000 
2019-03-25 13:12:37,439 : INFO : 22365118 coupon user process 60000 
2019-03-25 13:12:40,337 : INFO : 22365118 coupon user process 90000 
2019-03-25 13:12:40,553 : INFO : 22366106 coupon user process 0 
2019-03-25 13:12:40,966 : INFO : 22366106 coupon user process 30000 
2019-03-25 13:12:41,559 : INFO : 22366106 coupon user process 60000 
2019-03-25 13:12:42,892 : INFO : 22366106 coupon user process 90000 
2019-03-25 13:12:42,972 : INFO : 22366114 coupon user process 0 
2019-03-25 13:12:43,202 : INFO : 22366114 coupon user process 30000 
2019-03-25 13:12:43,409 : INFO : 22366114 coupon user process 60000 
2019-03-25 13:12:43,616 : INFO : 22366114 coupon user process 90000 
2019-03-25 13:12:43,686 : INFO : 22366118 coupon user process 0 
2019-03-25 13:12:43,889 : INFO : 22366118 coupon user process 30000 
2019-03-25 13:12:44,093 : INFO : 22366118 coupon user process 60000 
2019-03-25 13:12:44,322 : INFO : 22366118 coupon user process 90000 
2019-03-25 13:12:44,392 : INFO : 22367110 coupon user process 0 
2019-03-25 13:12:44,596 : INFO : 22367110 coupon user process 30000 
2019-03-25 13:12:44,800 : INFO : 22367110 coupon user process 60000 
2019-03-25 13:12:45,008 : INFO : 22367110 coupon user process 90000 
2019-03-25 13:12:45,084 : INFO : 22367140 coupon user process 0 
2019-03-25 13:12:45,330 : INFO : 22367140 coupon user process 30000 
2019-03-25 13:12:45,611 : INFO : 22367140 coupon user process 60000 
2019-03-25 13:12:45,858 : INFO : 22367140 coupon user process 90000 
2019-03-25 13:12:45,932 : INFO : 22368095 coupon user process 0 
2019-03-25 13:12:46,157 : INFO : 22368095 coupon user process 30000 
2019-03-25 13:12:46,363 : INFO : 22368095 coupon user process 60000 
2019-03-25 13:12:46,566 : INFO : 22368095 coupon user process 90000 
2019-03-25 13:12:46,634 : INFO : 22368096 coupon user process 0 
2019-03-25 13:12:46,867 : INFO : 22368096 coupon user process 30000 
2019-03-25 13:12:47,076 : INFO : 22368096 coupon user process 60000 
2019-03-25 13:12:47,283 : INFO : 22368096 coupon user process 90000 
2019-03-25 13:12:47,349 : INFO : 22368100 coupon user process 0 
2019-03-25 13:12:47,591 : INFO : 22368100 coupon user process 30000 
2019-03-25 13:12:47,797 : INFO : 22368100 coupon user process 60000 
2019-03-25 13:12:48,009 : INFO : 22368100 coupon user process 90000 
2019-03-25 13:12:48,079 : INFO : 22368102 coupon user process 0 
2019-03-25 13:12:48,310 : INFO : 22368102 coupon user process 30000 
2019-03-25 13:12:48,527 : INFO : 22368102 coupon user process 60000 
2019-03-25 13:12:48,738 : INFO : 22368102 coupon user process 90000 
2019-03-25 13:12:48,813 : INFO : 22368103 coupon user process 0 
2019-03-25 13:12:49,515 : INFO : 22368103 coupon user process 30000 
2019-03-25 13:12:50,074 : INFO : 22368103 coupon user process 60000 
2019-03-25 13:12:53,224 : INFO : 22368103 coupon user process 90000 
2019-03-25 13:12:53,333 : INFO : 22368105 coupon user process 0 
2019-03-25 13:12:53,893 : INFO : 22368105 coupon user process 30000 
2019-03-25 13:12:54,403 : INFO : 22368105 coupon user process 60000 
2019-03-25 13:12:56,667 : INFO : 22368105 coupon user process 90000 
2019-03-25 13:12:56,763 : INFO : 22368108 coupon user process 0 
2019-03-25 13:13:03,011 : INFO : 22368108 coupon user process 30000 
2019-03-25 13:13:06,629 : INFO : 22368108 coupon user process 60000 
2019-03-25 13:13:10,943 : INFO : 22368108 coupon user process 90000 
2019-03-25 13:13:11,125 : INFO : 22368111 coupon user process 0 
2019-03-25 13:13:21,567 : INFO : 22368111 coupon user process 30000 
2019-03-25 13:13:28,831 : INFO : 22368111 coupon user process 60000 
2019-03-25 13:13:35,332 : INFO : 22368111 coupon user process 90000 
2019-03-25 13:13:35,578 : INFO : 22368112 coupon user process 0 
2019-03-25 13:13:45,394 : INFO : 22368112 coupon user process 30000 
2019-03-25 13:13:53,032 : INFO : 22368112 coupon user process 60000 
2019-03-25 13:13:59,083 : INFO : 22368112 coupon user process 90000 
2019-03-25 13:13:59,301 : INFO : 22368113 coupon user process 0 
2019-03-25 13:14:10,633 : INFO : 22368113 coupon user process 30000 
2019-03-25 13:14:16,940 : INFO : 22368113 coupon user process 60000 
2019-03-25 13:14:22,514 : INFO : 22368113 coupon user process 90000 
2019-03-25 13:14:22,723 : INFO : 22368114 coupon user process 0 
2019-03-25 13:14:31,885 : INFO : 22368114 coupon user process 30000 
2019-03-25 13:14:37,616 : INFO : 22368114 coupon user process 60000 
2019-03-25 13:14:42,615 : INFO : 22368114 coupon user process 90000 
2019-03-25 13:14:42,824 : INFO : 22368123 coupon user process 0 
2019-03-25 13:14:43,274 : INFO : 22368123 coupon user process 30000 
2019-03-25 13:14:43,543 : INFO : 22368123 coupon user process 60000 
2019-03-25 13:14:43,811 : INFO : 22368123 coupon user process 90000 
2019-03-25 13:14:43,896 : INFO : 22368127 coupon user process 0 
2019-03-25 13:14:44,244 : INFO : 22368127 coupon user process 30000 
2019-03-25 13:14:44,499 : INFO : 22368127 coupon user process 60000 
2019-03-25 13:14:44,771 : INFO : 22368127 coupon user process 90000 
2019-03-25 13:14:44,860 : INFO : 22369139 coupon user process 0 
2019-03-25 13:14:46,044 : INFO : 22369139 coupon user process 30000 
2019-03-25 13:14:46,680 : INFO : 22369139 coupon user process 60000 
2019-03-25 13:14:46,981 : INFO : 22369139 coupon user process 90000 
2019-03-25 13:14:47,083 : INFO : 22371091 coupon user process 0 
2019-03-25 13:14:47,457 : INFO : 22371091 coupon user process 30000 
2019-03-25 13:14:47,791 : INFO : 22371091 coupon user process 60000 
2019-03-25 13:14:48,047 : INFO : 22371091 coupon user process 90000 
2019-03-25 13:14:48,124 : INFO : 22371096 coupon user process 0 
2019-03-25 13:14:48,369 : INFO : 22371096 coupon user process 30000 
2019-03-25 13:14:48,625 : INFO : 22371096 coupon user process 60000 
2019-03-25 13:14:48,882 : INFO : 22371096 coupon user process 90000 
2019-03-25 13:14:48,955 : INFO : 22371097 coupon user process 0 
2019-03-25 13:14:49,303 : INFO : 22371097 coupon user process 30000 
2019-03-25 13:14:49,630 : INFO : 22371097 coupon user process 60000 
2019-03-25 13:14:50,085 : INFO : 22371097 coupon user process 90000 
2019-03-25 13:14:50,258 : INFO : 23008089 coupon user process 0 
2019-03-25 13:14:50,655 : INFO : 23008089 coupon user process 30000 
2019-03-25 13:14:51,014 : INFO : 23008089 coupon user process 60000 
2019-03-25 13:14:51,655 : INFO : 23008089 coupon user process 90000 
2019-03-25 13:14:51,744 : INFO : 23008099 coupon user process 0 
2019-03-25 13:14:52,446 : INFO : 23008099 coupon user process 30000 
2019-03-25 13:14:53,125 : INFO : 23008099 coupon user process 60000 
2019-03-25 13:14:53,522 : INFO : 23008099 coupon user process 90000 
2019-03-25 13:14:53,601 : INFO : 23009097 coupon user process 0 
2019-03-25 13:14:54,119 : INFO : 23009097 coupon user process 30000 
2019-03-25 13:14:54,449 : INFO : 23009097 coupon user process 60000 
2019-03-25 13:14:54,673 : INFO : 23009097 coupon user process 90000 
2019-03-25 13:14:54,755 : INFO : 23009099 coupon user process 0 
2019-03-25 13:14:55,225 : INFO : 23009099 coupon user process 30000 
2019-03-25 13:14:55,571 : INFO : 23009099 coupon user process 60000 
2019-03-25 13:14:55,834 : INFO : 23009099 coupon user process 90000 
2019-03-25 13:14:55,934 : INFO : 23009100 coupon user process 0 
2019-03-25 13:14:57,120 : INFO : 23009100 coupon user process 30000 
2019-03-25 13:14:58,655 : INFO : 23009100 coupon user process 60000 
2019-03-25 13:14:59,476 : INFO : 23009100 coupon user process 90000 
2019-03-25 13:14:59,585 : INFO : 23009102 coupon user process 0 
2019-03-25 13:15:01,509 : INFO : 23009102 coupon user process 30000 
2019-03-25 13:15:03,659 : INFO : 23009102 coupon user process 60000 
2019-03-25 13:15:04,398 : INFO : 23009102 coupon user process 90000 
2019-03-25 13:15:04,510 : INFO : 23010100 coupon user process 0 
2019-03-25 13:15:06,597 : INFO : 23010100 coupon user process 30000 
2019-03-25 13:15:07,454 : INFO : 23010100 coupon user process 60000 
2019-03-25 13:15:09,331 : INFO : 23010100 coupon user process 90000 
2019-03-25 13:15:09,438 : INFO : 23010102 coupon user process 0 
2019-03-25 13:15:10,416 : INFO : 23010102 coupon user process 30000 
2019-03-25 13:15:11,193 : INFO : 23010102 coupon user process 60000 
2019-03-25 13:15:13,644 : INFO : 23010102 coupon user process 90000 
2019-03-25 13:15:13,736 : INFO : 23010103 coupon user process 0 
2019-03-25 13:15:13,977 : INFO : 23010103 coupon user process 30000 
2019-03-25 13:15:14,326 : INFO : 23010103 coupon user process 60000 
2019-03-25 13:15:14,703 : INFO : 23010103 coupon user process 90000 
2019-03-25 13:15:14,775 : INFO : 23010112 coupon user process 0 
2019-03-25 13:15:14,973 : INFO : 23010112 coupon user process 30000 
2019-03-25 13:15:15,179 : INFO : 23010112 coupon user process 60000 
2019-03-25 13:15:15,433 : INFO : 23010112 coupon user process 90000 
2019-03-25 13:15:15,505 : INFO : 23011090 coupon user process 0 
2019-03-25 13:15:15,700 : INFO : 23011090 coupon user process 30000 
2019-03-25 13:15:15,902 : INFO : 23011090 coupon user process 60000 
2019-03-25 13:15:16,157 : INFO : 23011090 coupon user process 90000 
2019-03-25 13:15:16,235 : INFO : 23013089 coupon user process 0 
2019-03-25 13:15:19,089 : INFO : 23013089 coupon user process 30000 
2019-03-25 13:15:20,908 : INFO : 23013089 coupon user process 60000 
2019-03-25 13:15:21,483 : INFO : 23013089 coupon user process 90000 
2019-03-25 13:15:21,593 : INFO : 23013090 coupon user process 0 
2019-03-25 13:15:22,670 : INFO : 23013090 coupon user process 30000 
2019-03-25 13:15:23,336 : INFO : 23013090 coupon user process 60000 
2019-03-25 13:15:23,721 : INFO : 23013090 coupon user process 90000 
2019-03-25 13:15:23,816 : INFO : 23013096 coupon user process 0 
2019-03-25 13:15:24,071 : INFO : 23013096 coupon user process 30000 
2019-03-25 13:15:24,283 : INFO : 23013096 coupon user process 60000 
2019-03-25 13:15:24,505 : INFO : 23013096 coupon user process 90000 
2019-03-25 13:15:24,579 : INFO : 23013106 coupon user process 0 
2019-03-25 13:15:24,814 : INFO : 23013106 coupon user process 30000 
2019-03-25 13:15:25,014 : INFO : 23013106 coupon user process 60000 
2019-03-25 13:15:25,212 : INFO : 23013106 coupon user process 90000 
2019-03-25 13:15:25,293 : INFO : 23013108 coupon user process 0 
2019-03-25 13:15:25,639 : INFO : 23013108 coupon user process 30000 
2019-03-25 13:15:25,856 : INFO : 23013108 coupon user process 60000 
2019-03-25 13:15:26,077 : INFO : 23013108 coupon user process 90000 
2019-03-25 13:15:26,148 : INFO : 23013109 coupon user process 0 
2019-03-25 13:15:26,524 : INFO : 23013109 coupon user process 30000 
2019-03-25 13:15:26,739 : INFO : 23013109 coupon user process 60000 
2019-03-25 13:15:26,960 : INFO : 23013109 coupon user process 90000 
2019-03-25 13:15:27,035 : INFO : 23013119 coupon user process 0 
2019-03-25 13:15:27,382 : INFO : 23013119 coupon user process 30000 
2019-03-25 13:15:27,599 : INFO : 23013119 coupon user process 60000 
2019-03-25 13:15:27,845 : INFO : 23013119 coupon user process 90000 
2019-03-25 13:15:27,917 : INFO : 23013120 coupon user process 0 
2019-03-25 13:15:28,217 : INFO : 23013120 coupon user process 30000 
2019-03-25 13:15:28,466 : INFO : 23013120 coupon user process 60000 
2019-03-25 13:15:28,814 : INFO : 23013120 coupon user process 90000 
2019-03-25 13:15:28,882 : INFO : 23013121 coupon user process 0 
2019-03-25 13:15:29,166 : INFO : 23013121 coupon user process 30000 
2019-03-25 13:15:29,448 : INFO : 23013121 coupon user process 60000 
2019-03-25 13:15:29,775 : INFO : 23013121 coupon user process 90000 
2019-03-25 13:15:29,849 : INFO : 23013122 coupon user process 0 
2019-03-25 13:15:30,126 : INFO : 23013122 coupon user process 30000 
2019-03-25 13:15:30,408 : INFO : 23013122 coupon user process 60000 
2019-03-25 13:15:30,652 : INFO : 23013122 coupon user process 90000 
2019-03-25 13:15:30,719 : INFO : 23013123 coupon user process 0 
2019-03-25 13:15:30,957 : INFO : 23013123 coupon user process 30000 
2019-03-25 13:15:31,189 : INFO : 23013123 coupon user process 60000 
2019-03-25 13:15:31,458 : INFO : 23013123 coupon user process 90000 
2019-03-25 13:15:31,531 : INFO : 23013124 coupon user process 0 
2019-03-25 13:15:31,770 : INFO : 23013124 coupon user process 30000 
2019-03-25 13:15:31,974 : INFO : 23013124 coupon user process 60000 
2019-03-25 13:15:32,287 : INFO : 23013124 coupon user process 90000 
2019-03-25 13:15:32,375 : INFO : 23013125 coupon user process 0 
2019-03-25 13:15:32,708 : INFO : 23013125 coupon user process 30000 
2019-03-25 13:15:32,912 : INFO : 23013125 coupon user process 60000 
2019-03-25 13:15:33,120 : INFO : 23013125 coupon user process 90000 
2019-03-25 13:15:33,200 : INFO : 23013126 coupon user process 0 
2019-03-25 13:15:33,446 : INFO : 23013126 coupon user process 30000 
2019-03-25 13:15:33,694 : INFO : 23013126 coupon user process 60000 
2019-03-25 13:15:34,033 : INFO : 23013126 coupon user process 90000 
2019-03-25 13:15:34,109 : INFO : 23013127 coupon user process 0 
2019-03-25 13:15:34,378 : INFO : 23013127 coupon user process 30000 
2019-03-25 13:15:34,703 : INFO : 23013127 coupon user process 60000 
2019-03-25 13:15:35,050 : INFO : 23013127 coupon user process 90000 
2019-03-25 13:15:35,139 : INFO : 23014094 coupon user process 0 
2019-03-25 13:15:35,432 : INFO : 23014094 coupon user process 30000 
2019-03-25 13:15:35,681 : INFO : 23014094 coupon user process 60000 
2019-03-25 13:15:35,928 : INFO : 23014094 coupon user process 90000 
2019-03-25 13:15:36,006 : INFO : 23014095 coupon user process 0 
2019-03-25 13:15:36,359 : INFO : 23014095 coupon user process 30000 
2019-03-25 13:15:36,569 : INFO : 23014095 coupon user process 60000 
2019-03-25 13:15:37,087 : INFO : 23014095 coupon user process 90000 
2019-03-25 13:15:37,166 : INFO : 23014096 coupon user process 0 
2019-03-25 13:15:37,497 : INFO : 23014096 coupon user process 30000 
2019-03-25 13:15:37,757 : INFO : 23014096 coupon user process 60000 
2019-03-25 13:15:38,150 : INFO : 23014096 coupon user process 90000 
2019-03-25 13:15:38,225 : INFO : 23014097 coupon user process 0 
2019-03-25 13:15:38,545 : INFO : 23014097 coupon user process 30000 
2019-03-25 13:15:38,884 : INFO : 23014097 coupon user process 60000 
2019-03-25 13:15:39,288 : INFO : 23014097 coupon user process 90000 
2019-03-25 13:15:39,373 : INFO : 23014098 coupon user process 0 
2019-03-25 13:15:39,753 : INFO : 23014098 coupon user process 30000 
2019-03-25 13:15:40,005 : INFO : 23014098 coupon user process 60000 
2019-03-25 13:15:40,493 : INFO : 23014098 coupon user process 90000 
2019-03-25 13:15:40,580 : INFO : 23014100 coupon user process 0 
2019-03-25 13:15:41,027 : INFO : 23014100 coupon user process 30000 
2019-03-25 13:15:41,406 : INFO : 23014100 coupon user process 60000 
2019-03-25 13:15:41,869 : INFO : 23014100 coupon user process 90000 
2019-03-25 13:15:41,943 : INFO : 23014101 coupon user process 0 
2019-03-25 13:15:42,541 : INFO : 23014101 coupon user process 30000 
2019-03-25 13:15:42,808 : INFO : 23014101 coupon user process 60000 
2019-03-25 13:15:43,356 : INFO : 23014101 coupon user process 90000 
2019-03-25 13:15:43,435 : INFO : 23015105 coupon user process 0 
2019-03-25 13:15:44,340 : INFO : 23015105 coupon user process 30000 
2019-03-25 13:15:45,037 : INFO : 23015105 coupon user process 60000 
2019-03-25 13:15:47,983 : INFO : 23015105 coupon user process 90000 
2019-03-25 13:15:48,101 : INFO : 23016097 coupon user process 0 
2019-03-25 13:15:55,960 : INFO : 23016097 coupon user process 30000 
2019-03-25 13:16:02,595 : INFO : 23016097 coupon user process 60000 
2019-03-25 13:16:04,547 : INFO : 23016097 coupon user process 90000 
2019-03-25 13:16:04,745 : INFO : 23016100 coupon user process 0 
2019-03-25 13:16:15,108 : INFO : 23016100 coupon user process 30000 
2019-03-25 13:16:23,631 : INFO : 23016100 coupon user process 60000 
2019-03-25 13:16:26,847 : INFO : 23016100 coupon user process 90000 
2019-03-25 13:16:27,054 : INFO : 23016101 coupon user process 0 
2019-03-25 13:16:29,973 : INFO : 23016101 coupon user process 30000 
2019-03-25 13:16:32,774 : INFO : 23016101 coupon user process 60000 
2019-03-25 13:16:33,866 : INFO : 23016101 coupon user process 90000 
2019-03-25 13:16:33,977 : INFO : 23016102 coupon user process 0 
2019-03-25 13:16:34,457 : INFO : 23016102 coupon user process 30000 
2019-03-25 13:16:34,774 : INFO : 23016102 coupon user process 60000 
2019-03-25 13:16:35,070 : INFO : 23016102 coupon user process 90000 
2019-03-25 13:16:35,145 : INFO : 23016104 coupon user process 0 
2019-03-25 13:16:35,541 : INFO : 23016104 coupon user process 30000 
2019-03-25 13:16:35,878 : INFO : 23016104 coupon user process 60000 
2019-03-25 13:16:36,146 : INFO : 23016104 coupon user process 90000 
2019-03-25 13:16:36,223 : INFO : 23016105 coupon user process 0 
2019-03-25 13:16:36,666 : INFO : 23016105 coupon user process 30000 
2019-03-25 13:16:36,905 : INFO : 23016105 coupon user process 60000 
2019-03-25 13:16:37,111 : INFO : 23016105 coupon user process 90000 
2019-03-25 13:16:37,185 : INFO : 23016106 coupon user process 0 
2019-03-25 13:16:37,392 : INFO : 23016106 coupon user process 30000 
2019-03-25 13:16:37,635 : INFO : 23016106 coupon user process 60000 
2019-03-25 13:16:37,854 : INFO : 23016106 coupon user process 90000 
2019-03-25 13:16:37,935 : INFO : 23016108 coupon user process 0 
2019-03-25 13:16:38,239 : INFO : 23016108 coupon user process 30000 
2019-03-25 13:16:38,525 : INFO : 23016108 coupon user process 60000 
2019-03-25 13:16:38,779 : INFO : 23016108 coupon user process 90000 
2019-03-25 13:16:38,853 : INFO : 23016110 coupon user process 0 
2019-03-25 13:16:39,130 : INFO : 23016110 coupon user process 30000 
2019-03-25 13:16:39,379 : INFO : 23016110 coupon user process 60000 
2019-03-25 13:16:39,589 : INFO : 23016110 coupon user process 90000 
2019-03-25 13:16:39,663 : INFO : 23016113 coupon user process 0 
2019-03-25 13:16:39,916 : INFO : 23016113 coupon user process 30000 
2019-03-25 13:16:40,124 : INFO : 23016113 coupon user process 60000 
2019-03-25 13:16:40,460 : INFO : 23016113 coupon user process 90000 
2019-03-25 13:16:40,533 : INFO : 23016114 coupon user process 0 
2019-03-25 13:16:40,738 : INFO : 23016114 coupon user process 30000 
2019-03-25 13:16:40,956 : INFO : 23016114 coupon user process 60000 
2019-03-25 13:16:41,236 : INFO : 23016114 coupon user process 90000 
2019-03-25 13:16:41,310 : INFO : 23016115 coupon user process 0 
2019-03-25 13:16:41,520 : INFO : 23016115 coupon user process 30000 
2019-03-25 13:16:41,735 : INFO : 23016115 coupon user process 60000 
2019-03-25 13:16:42,015 : INFO : 23016115 coupon user process 90000 
2019-03-25 13:16:42,086 : INFO : 23016116 coupon user process 0 
2019-03-25 13:16:42,290 : INFO : 23016116 coupon user process 30000 
2019-03-25 13:16:42,495 : INFO : 23016116 coupon user process 60000 
2019-03-25 13:16:42,702 : INFO : 23016116 coupon user process 90000 
2019-03-25 13:16:42,790 : INFO : 23016117 coupon user process 0 
2019-03-25 13:16:43,255 : INFO : 23016117 coupon user process 30000 
2019-03-25 13:16:43,753 : INFO : 23016117 coupon user process 60000 
2019-03-25 13:16:44,998 : INFO : 23016117 coupon user process 90000 
2019-03-25 13:16:45,092 : INFO : 23016118 coupon user process 0 
2019-03-25 13:16:45,483 : INFO : 23016118 coupon user process 30000 
2019-03-25 13:16:45,793 : INFO : 23016118 coupon user process 60000 
2019-03-25 13:16:46,171 : INFO : 23016118 coupon user process 90000 
2019-03-25 13:16:46,262 : INFO : 23016119 coupon user process 0 
2019-03-25 13:16:46,906 : INFO : 23016119 coupon user process 30000 
2019-03-25 13:16:47,312 : INFO : 23016119 coupon user process 60000 
2019-03-25 13:16:48,271 : INFO : 23016119 coupon user process 90000 
2019-03-25 13:16:48,363 : INFO : 23016121 coupon user process 0 
2019-03-25 13:16:48,578 : INFO : 23016121 coupon user process 30000 
2019-03-25 13:16:48,784 : INFO : 23016121 coupon user process 60000 
2019-03-25 13:16:48,989 : INFO : 23016121 coupon user process 90000 
2019-03-25 13:16:49,061 : INFO : 23016122 coupon user process 0 
2019-03-25 13:16:49,552 : INFO : 23016122 coupon user process 30000 
2019-03-25 13:16:49,864 : INFO : 23016122 coupon user process 60000 
2019-03-25 13:16:50,438 : INFO : 23016122 coupon user process 90000 
2019-03-25 13:16:50,517 : INFO : 23016123 coupon user process 0 
2019-03-25 13:16:50,781 : INFO : 23016123 coupon user process 30000 
2019-03-25 13:16:51,098 : INFO : 23016123 coupon user process 60000 
2019-03-25 13:16:51,705 : INFO : 23016123 coupon user process 90000 
2019-03-25 13:16:51,747 : INFO : coupon process 900
2019-03-25 13:16:51,782 : INFO : 23016125 coupon user process 0 
2019-03-25 13:16:52,068 : INFO : 23016125 coupon user process 30000 
2019-03-25 13:16:52,396 : INFO : 23016125 coupon user process 60000 
2019-03-25 13:16:52,732 : INFO : 23016125 coupon user process 90000 
2019-03-25 13:16:52,824 : INFO : 23017089 coupon user process 0 
2019-03-25 13:16:53,023 : INFO : 23017089 coupon user process 30000 
2019-03-25 13:16:53,237 : INFO : 23017089 coupon user process 60000 
2019-03-25 13:16:53,451 : INFO : 23017089 coupon user process 90000 
2019-03-25 13:16:53,525 : INFO : 23017090 coupon user process 0 
2019-03-25 13:16:53,742 : INFO : 23017090 coupon user process 30000 
2019-03-25 13:16:53,955 : INFO : 23017090 coupon user process 60000 
2019-03-25 13:16:54,236 : INFO : 23017090 coupon user process 90000 
2019-03-25 13:16:54,333 : INFO : 23017095 coupon user process 0 
2019-03-25 13:16:54,841 : INFO : 23017095 coupon user process 30000 
2019-03-25 13:16:55,238 : INFO : 23017095 coupon user process 60000 
2019-03-25 13:16:56,151 : INFO : 23017095 coupon user process 90000 
2019-03-25 13:16:56,234 : INFO : 23017107 coupon user process 0 
2019-03-25 13:16:56,496 : INFO : 23017107 coupon user process 30000 
2019-03-25 13:16:56,724 : INFO : 23017107 coupon user process 60000 
2019-03-25 13:16:56,931 : INFO : 23017107 coupon user process 90000 
2019-03-25 13:16:57,006 : INFO : 23017108 coupon user process 0 
2019-03-25 13:16:57,224 : INFO : 23017108 coupon user process 30000 
2019-03-25 13:16:57,519 : INFO : 23017108 coupon user process 60000 
2019-03-25 13:16:57,813 : INFO : 23017108 coupon user process 90000 
2019-03-25 13:16:57,900 : INFO : 23017109 coupon user process 0 
2019-03-25 13:16:58,429 : INFO : 23017109 coupon user process 30000 
2019-03-25 13:16:58,968 : INFO : 23017109 coupon user process 60000 
2019-03-25 13:16:59,621 : INFO : 23017109 coupon user process 90000 
2019-03-25 13:16:59,708 : INFO : 23017110 coupon user process 0 
2019-03-25 13:16:59,936 : INFO : 23017110 coupon user process 30000 
2019-03-25 13:17:00,178 : INFO : 23017110 coupon user process 60000 
2019-03-25 13:17:00,396 : INFO : 23017110 coupon user process 90000 
2019-03-25 13:17:00,467 : INFO : 23017122 coupon user process 0 
2019-03-25 13:17:00,681 : INFO : 23017122 coupon user process 30000 
2019-03-25 13:17:00,894 : INFO : 23017122 coupon user process 60000 
2019-03-25 13:17:01,118 : INFO : 23017122 coupon user process 90000 
2019-03-25 13:17:01,190 : INFO : 23020098 coupon user process 0 
2019-03-25 13:17:01,409 : INFO : 23020098 coupon user process 30000 
2019-03-25 13:17:01,663 : INFO : 23020098 coupon user process 60000 
2019-03-25 13:17:01,942 : INFO : 23020098 coupon user process 90000 
2019-03-25 13:17:02,026 : INFO : 23020099 coupon user process 0 
2019-03-25 13:17:02,543 : INFO : 23020099 coupon user process 30000 
2019-03-25 13:17:02,888 : INFO : 23020099 coupon user process 60000 
2019-03-25 13:17:03,572 : INFO : 23020099 coupon user process 90000 
2019-03-25 13:17:03,656 : INFO : 23020100 coupon user process 0 
2019-03-25 13:17:05,280 : INFO : 23020100 coupon user process 30000 
2019-03-25 13:17:06,338 : INFO : 23020100 coupon user process 60000 
2019-03-25 13:17:08,541 : INFO : 23020100 coupon user process 90000 
2019-03-25 13:17:08,632 : INFO : 23020107 coupon user process 0 
2019-03-25 13:17:08,831 : INFO : 23020107 coupon user process 30000 
2019-03-25 13:17:09,044 : INFO : 23020107 coupon user process 60000 
2019-03-25 13:17:09,263 : INFO : 23020107 coupon user process 90000 
2019-03-25 13:17:09,340 : INFO : 23020115 coupon user process 0 
2019-03-25 13:17:09,548 : INFO : 23020115 coupon user process 30000 
2019-03-25 13:17:09,768 : INFO : 23020115 coupon user process 60000 
2019-03-25 13:17:09,985 : INFO : 23020115 coupon user process 90000 
2019-03-25 13:17:10,074 : INFO : 23020116 coupon user process 0 
2019-03-25 13:17:10,328 : INFO : 23020116 coupon user process 30000 
2019-03-25 13:17:10,587 : INFO : 23020116 coupon user process 60000 
2019-03-25 13:17:10,842 : INFO : 23020116 coupon user process 90000 
2019-03-25 13:17:10,931 : INFO : 23020119 coupon user process 0 
2019-03-25 13:17:11,400 : INFO : 23020119 coupon user process 30000 
2019-03-25 13:17:11,692 : INFO : 23020119 coupon user process 60000 
2019-03-25 13:17:11,978 : INFO : 23020119 coupon user process 90000 
2019-03-25 13:17:12,064 : INFO : 23022099 coupon user process 0 
2019-03-25 13:17:15,378 : INFO : 23022099 coupon user process 30000 
2019-03-25 13:17:17,490 : INFO : 23022099 coupon user process 60000 
2019-03-25 13:17:26,446 : INFO : 23022099 coupon user process 90000 
2019-03-25 13:17:26,651 : INFO : 23022103 coupon user process 0 
2019-03-25 13:17:27,175 : INFO : 23022103 coupon user process 30000 
2019-03-25 13:17:27,725 : INFO : 23022103 coupon user process 60000 
2019-03-25 13:17:29,199 : INFO : 23022103 coupon user process 90000 
2019-03-25 13:17:29,314 : INFO : 23023099 coupon user process 0 
2019-03-25 13:17:29,600 : INFO : 23023099 coupon user process 30000 
2019-03-25 13:17:29,830 : INFO : 23023099 coupon user process 60000 
2019-03-25 13:17:30,157 : INFO : 23023099 coupon user process 90000 
2019-03-25 13:17:30,241 : INFO : 23023133 coupon user process 0 
2019-03-25 13:17:30,867 : INFO : 23023133 coupon user process 30000 
2019-03-25 13:17:31,309 : INFO : 23023133 coupon user process 60000 
2019-03-25 13:17:31,534 : INFO : 23023133 coupon user process 90000 
2019-03-25 13:17:31,626 : INFO : 23023134 coupon user process 0 
2019-03-25 13:17:32,099 : INFO : 23023134 coupon user process 30000 
2019-03-25 13:17:32,414 : INFO : 23023134 coupon user process 60000 
2019-03-25 13:17:32,655 : INFO : 23023134 coupon user process 90000 
2019-03-25 13:17:32,735 : INFO : 23023136 coupon user process 0 
2019-03-25 13:17:36,325 : INFO : 23023136 coupon user process 30000 
2019-03-25 13:17:38,770 : INFO : 23023136 coupon user process 60000 
2019-03-25 13:17:40,215 : INFO : 23023136 coupon user process 90000 
2019-03-25 13:17:40,338 : INFO : 23024093 coupon user process 0 
2019-03-25 13:17:40,569 : INFO : 23024093 coupon user process 30000 
2019-03-25 13:17:40,780 : INFO : 23024093 coupon user process 60000 
2019-03-25 13:17:40,998 : INFO : 23024093 coupon user process 90000 
2019-03-25 13:17:41,077 : INFO : 23024099 coupon user process 0 
2019-03-25 13:17:41,515 : INFO : 23024099 coupon user process 30000 
2019-03-25 13:17:41,972 : INFO : 23024099 coupon user process 60000 
2019-03-25 13:17:43,750 : INFO : 23024099 coupon user process 90000 
2019-03-25 13:17:43,849 : INFO : 23024100 coupon user process 0 
2019-03-25 13:17:44,048 : INFO : 23024100 coupon user process 30000 
2019-03-25 13:17:44,259 : INFO : 23024100 coupon user process 60000 
2019-03-25 13:17:44,516 : INFO : 23024100 coupon user process 90000 
2019-03-25 13:17:44,605 : INFO : 23024101 coupon user process 0 
2019-03-25 13:17:44,824 : INFO : 23024101 coupon user process 30000 
2019-03-25 13:17:45,126 : INFO : 23024101 coupon user process 60000 
2019-03-25 13:17:45,529 : INFO : 23024101 coupon user process 90000 
2019-03-25 13:17:45,609 : INFO : 23024107 coupon user process 0 
2019-03-25 13:17:46,022 : INFO : 23024107 coupon user process 30000 
2019-03-25 13:17:46,320 : INFO : 23024107 coupon user process 60000 
2019-03-25 13:17:47,011 : INFO : 23024107 coupon user process 90000 
2019-03-25 13:17:47,090 : INFO : 23024108 coupon user process 0 
2019-03-25 13:17:47,731 : INFO : 23024108 coupon user process 30000 
2019-03-25 13:17:48,162 : INFO : 23024108 coupon user process 60000 
2019-03-25 13:17:51,794 : INFO : 23024108 coupon user process 90000 
2019-03-25 13:17:51,910 : INFO : 23026090 coupon user process 0 
2019-03-25 13:17:52,977 : INFO : 23026090 coupon user process 30000 
2019-03-25 13:17:53,980 : INFO : 23026090 coupon user process 60000 
2019-03-25 13:17:58,044 : INFO : 23026090 coupon user process 90000 
2019-03-25 13:17:58,164 : INFO : 23026091 coupon user process 0 
2019-03-25 13:17:59,089 : INFO : 23026091 coupon user process 30000 
2019-03-25 13:17:59,812 : INFO : 23026091 coupon user process 60000 
2019-03-25 13:18:02,609 : INFO : 23026091 coupon user process 90000 
2019-03-25 13:18:02,714 : INFO : 23026092 coupon user process 0 
2019-03-25 13:18:03,472 : INFO : 23026092 coupon user process 30000 
2019-03-25 13:18:03,954 : INFO : 23026092 coupon user process 60000 
2019-03-25 13:18:04,848 : INFO : 23026092 coupon user process 90000 
2019-03-25 13:18:04,931 : INFO : 23027091 coupon user process 0 
2019-03-25 13:18:05,199 : INFO : 23027091 coupon user process 30000 
2019-03-25 13:18:05,403 : INFO : 23027091 coupon user process 60000 
2019-03-25 13:18:05,606 : INFO : 23027091 coupon user process 90000 
2019-03-25 13:18:05,688 : INFO : 23027092 coupon user process 0 
2019-03-25 13:18:05,916 : INFO : 23027092 coupon user process 30000 
2019-03-25 13:18:06,122 : INFO : 23027092 coupon user process 60000 
2019-03-25 13:18:06,361 : INFO : 23027092 coupon user process 90000 
2019-03-25 13:18:06,439 : INFO : 23027093 coupon user process 0 
2019-03-25 13:18:06,722 : INFO : 23027093 coupon user process 30000 
2019-03-25 13:18:06,922 : INFO : 23027093 coupon user process 60000 
2019-03-25 13:18:07,159 : INFO : 23027093 coupon user process 90000 
2019-03-25 13:18:07,234 : INFO : 23027094 coupon user process 0 
2019-03-25 13:18:09,542 : INFO : 23027094 coupon user process 30000 
2019-03-25 13:18:11,135 : INFO : 23027094 coupon user process 60000 
2019-03-25 13:18:11,971 : INFO : 23027094 coupon user process 90000 
2019-03-25 13:18:12,067 : INFO : 23027095 coupon user process 0 
2019-03-25 13:18:13,202 : INFO : 23027095 coupon user process 30000 
2019-03-25 13:18:14,375 : INFO : 23027095 coupon user process 60000 
2019-03-25 13:18:14,993 : INFO : 23027095 coupon user process 90000 
2019-03-25 13:18:15,095 : INFO : 23028090 coupon user process 0 
2019-03-25 13:18:15,713 : INFO : 23028090 coupon user process 30000 
2019-03-25 13:18:16,370 : INFO : 23028090 coupon user process 60000 
2019-03-25 13:18:17,352 : INFO : 23028090 coupon user process 90000 
2019-03-25 13:18:17,451 : INFO : 23028091 coupon user process 0 
2019-03-25 13:18:21,150 : INFO : 23028091 coupon user process 30000 
2019-03-25 13:18:22,478 : INFO : 23028091 coupon user process 60000 
2019-03-25 13:18:24,125 : INFO : 23028091 coupon user process 90000 
2019-03-25 13:18:24,234 : INFO : 23028099 coupon user process 0 
2019-03-25 13:18:24,884 : INFO : 23028099 coupon user process 30000 
2019-03-25 13:18:25,562 : INFO : 23028099 coupon user process 60000 
2019-03-25 13:18:26,466 : INFO : 23028099 coupon user process 90000 
2019-03-25 13:18:26,570 : INFO : 23028105 coupon user process 0 
2019-03-25 13:18:27,240 : INFO : 23028105 coupon user process 30000 
2019-03-25 13:18:27,699 : INFO : 23028105 coupon user process 60000 
2019-03-25 13:18:28,696 : INFO : 23028105 coupon user process 90000 
2019-03-25 13:18:28,786 : INFO : 23028109 coupon user process 0 
2019-03-25 13:18:29,142 : INFO : 23028109 coupon user process 30000 
2019-03-25 13:18:29,368 : INFO : 23028109 coupon user process 60000 
2019-03-25 13:18:29,758 : INFO : 23028109 coupon user process 90000 
2019-03-25 13:18:29,836 : INFO : 23028111 coupon user process 0 
2019-03-25 13:18:30,087 : INFO : 23028111 coupon user process 30000 
2019-03-25 13:18:30,354 : INFO : 23028111 coupon user process 60000 
2019-03-25 13:18:30,684 : INFO : 23028111 coupon user process 90000 
2019-03-25 13:18:30,775 : INFO : 23028112 coupon user process 0 
2019-03-25 13:18:31,000 : INFO : 23028112 coupon user process 30000 
2019-03-25 13:18:31,284 : INFO : 23028112 coupon user process 60000 
2019-03-25 13:18:31,583 : INFO : 23028112 coupon user process 90000 
2019-03-25 13:18:31,671 : INFO : 23028113 coupon user process 0 
2019-03-25 13:18:31,987 : INFO : 23028113 coupon user process 30000 
2019-03-25 13:18:32,216 : INFO : 23028113 coupon user process 60000 
2019-03-25 13:18:32,605 : INFO : 23028113 coupon user process 90000 
2019-03-25 13:18:32,692 : INFO : 23029099 coupon user process 0 
2019-03-25 13:18:34,024 : INFO : 23029099 coupon user process 30000 
2019-03-25 13:18:35,335 : INFO : 23029099 coupon user process 60000 
2019-03-25 13:18:36,211 : INFO : 23029099 coupon user process 90000 
2019-03-25 13:18:36,320 : INFO : 23029100 coupon user process 0 
2019-03-25 13:18:39,026 : INFO : 23029100 coupon user process 30000 
2019-03-25 13:18:41,597 : INFO : 23029100 coupon user process 60000 
2019-03-25 13:18:42,870 : INFO : 23029100 coupon user process 90000 
2019-03-25 13:18:42,979 : INFO : 23029107 coupon user process 0 
2019-03-25 13:18:43,583 : INFO : 23029107 coupon user process 30000 
2019-03-25 13:18:44,288 : INFO : 23029107 coupon user process 60000 
2019-03-25 13:18:44,638 : INFO : 23029107 coupon user process 90000 
2019-03-25 13:18:44,713 : INFO : 23029108 coupon user process 0 
2019-03-25 13:18:45,107 : INFO : 23029108 coupon user process 30000 
2019-03-25 13:18:45,587 : INFO : 23029108 coupon user process 60000 
2019-03-25 13:18:45,902 : INFO : 23029108 coupon user process 90000 
2019-03-25 13:18:45,982 : INFO : 23029109 coupon user process 0 
2019-03-25 13:18:46,267 : INFO : 23029109 coupon user process 30000 
2019-03-25 13:18:46,568 : INFO : 23029109 coupon user process 60000 
2019-03-25 13:18:46,829 : INFO : 23029109 coupon user process 90000 
2019-03-25 13:18:46,922 : INFO : 23029110 coupon user process 0 
2019-03-25 13:18:47,200 : INFO : 23029110 coupon user process 30000 
2019-03-25 13:18:47,509 : INFO : 23029110 coupon user process 60000 
2019-03-25 13:18:47,720 : INFO : 23029110 coupon user process 90000 
2019-03-25 13:18:47,798 : INFO : 23029111 coupon user process 0 
2019-03-25 13:18:48,043 : INFO : 23029111 coupon user process 30000 
2019-03-25 13:18:48,288 : INFO : 23029111 coupon user process 60000 
2019-03-25 13:18:48,520 : INFO : 23029111 coupon user process 90000 
2019-03-25 13:18:48,599 : INFO : 23029124 coupon user process 0 
2019-03-25 13:18:48,805 : INFO : 23029124 coupon user process 30000 
2019-03-25 13:18:49,026 : INFO : 23029124 coupon user process 60000 
2019-03-25 13:18:49,243 : INFO : 23029124 coupon user process 90000 
2019-03-25 13:18:49,321 : INFO : 23030109 coupon user process 0 
2019-03-25 13:18:50,750 : INFO : 23030109 coupon user process 30000 
2019-03-25 13:18:51,250 : INFO : 23030109 coupon user process 60000 
2019-03-25 13:18:53,948 : INFO : 23030109 coupon user process 90000 
2019-03-25 13:18:54,063 : INFO : 23030114 coupon user process 0 
2019-03-25 13:18:55,361 : INFO : 23030114 coupon user process 30000 
2019-03-25 13:18:56,220 : INFO : 23030114 coupon user process 60000 
2019-03-25 13:19:00,435 : INFO : 23030114 coupon user process 90000 
2019-03-25 13:19:00,550 : INFO : 23030129 coupon user process 0 
2019-03-25 13:19:01,044 : INFO : 23030129 coupon user process 30000 
2019-03-25 13:19:01,413 : INFO : 23030129 coupon user process 60000 
2019-03-25 13:19:01,791 : INFO : 23030129 coupon user process 90000 
2019-03-25 13:19:01,875 : INFO : 23030145 coupon user process 0 
2019-03-25 13:19:02,166 : INFO : 23030145 coupon user process 30000 
2019-03-25 13:19:02,455 : INFO : 23030145 coupon user process 60000 
2019-03-25 13:19:02,734 : INFO : 23030145 coupon user process 90000 
2019-03-25 13:19:02,828 : INFO : 23030165 coupon user process 0 
2019-03-25 13:19:03,318 : INFO : 23030165 coupon user process 30000 
2019-03-25 13:19:03,589 : INFO : 23030165 coupon user process 60000 
2019-03-25 13:19:03,859 : INFO : 23030165 coupon user process 90000 
2019-03-25 13:19:03,965 : INFO : 23031103 coupon user process 0 
2019-03-25 13:19:04,176 : INFO : 23031103 coupon user process 30000 
2019-03-25 13:19:04,403 : INFO : 23031103 coupon user process 60000 
2019-03-25 13:19:04,614 : INFO : 23031103 coupon user process 90000 
2019-03-25 13:19:04,687 : INFO : 23031108 coupon user process 0 
2019-03-25 13:19:06,135 : INFO : 23031108 coupon user process 30000 
2019-03-25 13:19:06,856 : INFO : 23031108 coupon user process 60000 
2019-03-25 13:19:07,955 : INFO : 23031108 coupon user process 90000 
2019-03-25 13:19:08,055 : INFO : 23031109 coupon user process 0 
2019-03-25 13:19:10,048 : INFO : 23031109 coupon user process 30000 
2019-03-25 13:19:11,482 : INFO : 23031109 coupon user process 60000 
2019-03-25 13:19:12,611 : INFO : 23031109 coupon user process 90000 
2019-03-25 13:19:12,844 : INFO : 23031110 coupon user process 0 
2019-03-25 13:19:15,360 : INFO : 23031110 coupon user process 30000 
2019-03-25 13:19:16,748 : INFO : 23031110 coupon user process 60000 
2019-03-25 13:19:18,654 : INFO : 23031110 coupon user process 90000 
2019-03-25 13:19:18,785 : INFO : 23031111 coupon user process 0 
2019-03-25 13:19:21,191 : INFO : 23031111 coupon user process 30000 
2019-03-25 13:19:22,465 : INFO : 23031111 coupon user process 60000 
2019-03-25 13:19:24,199 : INFO : 23031111 coupon user process 90000 
2019-03-25 13:19:24,307 : INFO : 23031112 coupon user process 0 
2019-03-25 13:19:26,022 : INFO : 23031112 coupon user process 30000 
2019-03-25 13:19:26,853 : INFO : 23031112 coupon user process 60000 
2019-03-25 13:19:28,449 : INFO : 23031112 coupon user process 90000 
2019-03-25 13:19:28,541 : INFO : 23031113 coupon user process 0 
2019-03-25 13:19:30,630 : INFO : 23031113 coupon user process 30000 
2019-03-25 13:19:31,621 : INFO : 23031113 coupon user process 60000 
2019-03-25 13:19:32,989 : INFO : 23031113 coupon user process 90000 
2019-03-25 13:19:33,084 : INFO : 23031118 coupon user process 0 
2019-03-25 13:19:33,296 : INFO : 23031118 coupon user process 30000 
2019-03-25 13:19:33,515 : INFO : 23031118 coupon user process 60000 
2019-03-25 13:19:33,735 : INFO : 23031118 coupon user process 90000 
2019-03-25 13:19:33,822 : INFO : 23032098 coupon user process 0 
2019-03-25 13:19:37,388 : INFO : 23032098 coupon user process 30000 
2019-03-25 13:19:39,321 : INFO : 23032098 coupon user process 60000 
2019-03-25 13:19:47,926 : INFO : 23032098 coupon user process 90000 
2019-03-25 13:19:48,077 : INFO : 23034114 coupon user process 0 
2019-03-25 13:19:48,323 : INFO : 23034114 coupon user process 30000 
2019-03-25 13:19:48,531 : INFO : 23034114 coupon user process 60000 
2019-03-25 13:19:48,737 : INFO : 23034114 coupon user process 90000 
2019-03-25 13:19:48,807 : INFO : 23034117 coupon user process 0 
2019-03-25 13:19:49,071 : INFO : 23034117 coupon user process 30000 
2019-03-25 13:19:49,275 : INFO : 23034117 coupon user process 60000 
2019-03-25 13:19:49,494 : INFO : 23034117 coupon user process 90000 
2019-03-25 13:19:49,571 : INFO : 23034118 coupon user process 0 
2019-03-25 13:19:49,899 : INFO : 23034118 coupon user process 30000 
2019-03-25 13:19:50,188 : INFO : 23034118 coupon user process 60000 
2019-03-25 13:19:50,476 : INFO : 23034118 coupon user process 90000 
2019-03-25 13:19:50,580 : INFO : 23034120 coupon user process 0 
2019-03-25 13:19:50,848 : INFO : 23034120 coupon user process 30000 
2019-03-25 13:19:51,097 : INFO : 23034120 coupon user process 60000 
2019-03-25 13:19:51,375 : INFO : 23034120 coupon user process 90000 
2019-03-25 13:19:51,467 : INFO : 23034128 coupon user process 0 
2019-03-25 13:19:54,410 : INFO : 23034128 coupon user process 30000 
2019-03-25 13:19:56,004 : INFO : 23034128 coupon user process 60000 
2019-03-25 13:20:03,198 : INFO : 23034128 coupon user process 90000 
2019-03-25 13:20:03,347 : INFO : 23034130 coupon user process 0 
2019-03-25 13:20:04,786 : INFO : 23034130 coupon user process 30000 
2019-03-25 13:20:05,349 : INFO : 23034130 coupon user process 60000 
2019-03-25 13:20:05,954 : INFO : 23034130 coupon user process 90000 
2019-03-25 13:20:06,044 : INFO : 23034132 coupon user process 0 
2019-03-25 13:20:08,295 : INFO : 23034132 coupon user process 30000 
2019-03-25 13:20:09,390 : INFO : 23034132 coupon user process 60000 
2019-03-25 13:20:10,655 : INFO : 23034132 coupon user process 90000 
2019-03-25 13:20:10,762 : INFO : 23034135 coupon user process 0 
2019-03-25 13:20:10,984 : INFO : 23034135 coupon user process 30000 
2019-03-25 13:20:11,203 : INFO : 23034135 coupon user process 60000 
2019-03-25 13:20:11,416 : INFO : 23034135 coupon user process 90000 
2019-03-25 13:20:11,496 : INFO : 23036097 coupon user process 0 
2019-03-25 13:20:12,254 : INFO : 23036097 coupon user process 30000 
2019-03-25 13:20:12,772 : INFO : 23036097 coupon user process 60000 
2019-03-25 13:20:13,017 : INFO : 23036097 coupon user process 90000 
2019-03-25 13:20:13,107 : INFO : 23036098 coupon user process 0 
2019-03-25 13:20:14,039 : INFO : 23036098 coupon user process 30000 
2019-03-25 13:20:15,520 : INFO : 23036098 coupon user process 60000 
2019-03-25 13:20:23,855 : INFO : 23036098 coupon user process 90000 
2019-03-25 13:20:24,017 : INFO : 23036099 coupon user process 0 
2019-03-25 13:20:24,798 : INFO : 23036099 coupon user process 30000 
2019-03-25 13:20:26,058 : INFO : 23036099 coupon user process 60000 
2019-03-25 13:20:32,706 : INFO : 23036099 coupon user process 90000 
2019-03-25 13:20:32,836 : INFO : 23036100 coupon user process 0 
2019-03-25 13:20:33,790 : INFO : 23036100 coupon user process 30000 
2019-03-25 13:20:34,961 : INFO : 23036100 coupon user process 60000 
2019-03-25 13:20:41,190 : INFO : 23036100 coupon user process 90000 
2019-03-25 13:20:41,337 : INFO : 23036101 coupon user process 0 
2019-03-25 13:20:41,663 : INFO : 23036101 coupon user process 30000 
2019-03-25 13:20:41,970 : INFO : 23036101 coupon user process 60000 
2019-03-25 13:20:42,981 : INFO : 23036101 coupon user process 90000 
2019-03-25 13:20:43,060 : INFO : 23036102 coupon user process 0 
2019-03-25 13:20:43,640 : INFO : 23036102 coupon user process 30000 
2019-03-25 13:20:43,976 : INFO : 23036102 coupon user process 60000 
2019-03-25 13:20:44,202 : INFO : 23036102 coupon user process 90000 
2019-03-25 13:20:44,278 : INFO : 23036103 coupon user process 0 
2019-03-25 13:20:44,761 : INFO : 23036103 coupon user process 30000 
2019-03-25 13:20:44,975 : INFO : 23036103 coupon user process 60000 
2019-03-25 13:20:45,186 : INFO : 23036103 coupon user process 90000 
2019-03-25 13:20:45,259 : INFO : 23036104 coupon user process 0 
2019-03-25 13:20:45,552 : INFO : 23036104 coupon user process 30000 
2019-03-25 13:20:45,802 : INFO : 23036104 coupon user process 60000 
2019-03-25 13:20:46,048 : INFO : 23036104 coupon user process 90000 
2019-03-25 13:20:46,126 : INFO : 23036105 coupon user process 0 
2019-03-25 13:20:46,330 : INFO : 23036105 coupon user process 30000 
2019-03-25 13:20:46,545 : INFO : 23036105 coupon user process 60000 
2019-03-25 13:20:46,769 : INFO : 23036105 coupon user process 90000 
2019-03-25 13:20:46,850 : INFO : 23036106 coupon user process 0 
2019-03-25 13:20:47,063 : INFO : 23036106 coupon user process 30000 
2019-03-25 13:20:47,283 : INFO : 23036106 coupon user process 60000 
2019-03-25 13:20:47,500 : INFO : 23036106 coupon user process 90000 
2019-03-25 13:20:47,580 : INFO : 23036107 coupon user process 0 
2019-03-25 13:20:49,421 : INFO : 23036107 coupon user process 30000 
2019-03-25 13:20:50,806 : INFO : 23036107 coupon user process 60000 
2019-03-25 13:20:54,469 : INFO : 23036107 coupon user process 90000 
2019-03-25 13:20:54,609 : INFO : 23036108 coupon user process 0 
2019-03-25 13:20:56,396 : INFO : 23036108 coupon user process 30000 
2019-03-25 13:20:57,201 : INFO : 23036108 coupon user process 60000 
2019-03-25 13:21:01,464 : INFO : 23036108 coupon user process 90000 
2019-03-25 13:21:01,584 : INFO : 23036109 coupon user process 0 
2019-03-25 13:21:02,411 : INFO : 23036109 coupon user process 30000 
2019-03-25 13:21:03,121 : INFO : 23036109 coupon user process 60000 
2019-03-25 13:21:04,784 : INFO : 23036109 coupon user process 90000 
2019-03-25 13:21:04,880 : INFO : 23036110 coupon user process 0 
2019-03-25 13:21:05,082 : INFO : 23036110 coupon user process 30000 
2019-03-25 13:21:05,287 : INFO : 23036110 coupon user process 60000 
2019-03-25 13:21:05,496 : INFO : 23036110 coupon user process 90000 
2019-03-25 13:21:05,575 : INFO : 23037090 coupon user process 0 
2019-03-25 13:21:06,008 : INFO : 23037090 coupon user process 30000 
2019-03-25 13:21:06,344 : INFO : 23037090 coupon user process 60000 
2019-03-25 13:21:06,922 : INFO : 23037090 coupon user process 90000 
2019-03-25 13:21:07,002 : INFO : 23037097 coupon user process 0 
2019-03-25 13:21:07,427 : INFO : 23037097 coupon user process 30000 
2019-03-25 13:21:07,786 : INFO : 23037097 coupon user process 60000 
2019-03-25 13:21:08,000 : INFO : 23037097 coupon user process 90000 
2019-03-25 13:21:08,080 : INFO : 23037098 coupon user process 0 
2019-03-25 13:21:08,645 : INFO : 23037098 coupon user process 30000 
2019-03-25 13:21:08,869 : INFO : 23037098 coupon user process 60000 
2019-03-25 13:21:09,089 : INFO : 23037098 coupon user process 90000 
2019-03-25 13:21:09,166 : INFO : 23037099 coupon user process 0 
2019-03-25 13:21:09,767 : INFO : 23037099 coupon user process 30000 
2019-03-25 13:21:10,185 : INFO : 23037099 coupon user process 60000 
2019-03-25 13:21:10,466 : INFO : 23037099 coupon user process 90000 
2019-03-25 13:21:10,553 : INFO : 23039092 coupon user process 0 
2019-03-25 13:21:10,789 : INFO : 23039092 coupon user process 30000 
2019-03-25 13:21:11,078 : INFO : 23039092 coupon user process 60000 
2019-03-25 13:21:11,325 : INFO : 23039092 coupon user process 90000 
2019-03-25 13:21:11,424 : INFO : 23039093 coupon user process 0 
2019-03-25 13:21:12,848 : INFO : 23039093 coupon user process 30000 
2019-03-25 13:21:13,884 : INFO : 23039093 coupon user process 60000 
2019-03-25 13:21:14,472 : INFO : 23039093 coupon user process 90000 
2019-03-25 13:21:14,565 : INFO : 23039094 coupon user process 0 
2019-03-25 13:21:15,033 : INFO : 23039094 coupon user process 30000 
2019-03-25 13:21:15,504 : INFO : 23039094 coupon user process 60000 
2019-03-25 13:21:15,858 : INFO : 23039094 coupon user process 90000 
2019-03-25 13:21:15,937 : INFO : 23039095 coupon user process 0 
2019-03-25 13:21:18,114 : INFO : 23039095 coupon user process 30000 
2019-03-25 13:21:19,457 : INFO : 23039095 coupon user process 60000 
2019-03-25 13:21:20,316 : INFO : 23039095 coupon user process 90000 
2019-03-25 13:21:20,424 : INFO : 23045089 coupon user process 0 
2019-03-25 13:21:26,925 : INFO : 23045089 coupon user process 30000 
2019-03-25 13:21:29,926 : INFO : 23045089 coupon user process 60000 
2019-03-25 13:21:46,172 : INFO : 23045089 coupon user process 90000 
2019-03-25 13:21:46,423 : INFO : 23046089 coupon user process 0 
2019-03-25 13:21:47,360 : INFO : 23046089 coupon user process 30000 
2019-03-25 13:21:48,015 : INFO : 23046089 coupon user process 60000 
2019-03-25 13:21:50,245 : INFO : 23046089 coupon user process 90000 
2019-03-25 13:21:50,335 : INFO : 23047089 coupon user process 0 
2019-03-25 13:21:50,640 : INFO : 23047089 coupon user process 30000 
2019-03-25 13:21:51,135 : INFO : 23047089 coupon user process 60000 
2019-03-25 13:21:51,483 : INFO : 23047089 coupon user process 90000 
2019-03-25 13:21:51,558 : INFO : 23047090 coupon user process 0 
2019-03-25 13:21:52,107 : INFO : 23047090 coupon user process 30000 
2019-03-25 13:21:52,482 : INFO : 23047090 coupon user process 60000 
2019-03-25 13:21:52,755 : INFO : 23047090 coupon user process 90000 
2019-03-25 13:21:52,803 : INFO : coupon process 1000
2019-03-25 13:21:52,835 : INFO : 23047093 coupon user process 0 
2019-03-25 13:21:53,123 : INFO : 23047093 coupon user process 30000 
2019-03-25 13:21:53,430 : INFO : 23047093 coupon user process 60000 
2019-03-25 13:21:53,794 : INFO : 23047093 coupon user process 90000 
2019-03-25 13:21:53,875 : INFO : 23048094 coupon user process 0 
2019-03-25 13:21:54,083 : INFO : 23048094 coupon user process 30000 
2019-03-25 13:21:54,298 : INFO : 23048094 coupon user process 60000 
2019-03-25 13:21:54,516 : INFO : 23048094 coupon user process 90000 
2019-03-25 13:21:54,610 : INFO : 23048096 coupon user process 0 
2019-03-25 13:21:54,834 : INFO : 23048096 coupon user process 30000 
2019-03-25 13:21:55,065 : INFO : 23048096 coupon user process 60000 
2019-03-25 13:21:55,314 : INFO : 23048096 coupon user process 90000 
2019-03-25 13:21:55,388 : INFO : 23048097 coupon user process 0 
2019-03-25 13:21:55,601 : INFO : 23048097 coupon user process 30000 
2019-03-25 13:21:55,821 : INFO : 23048097 coupon user process 60000 
2019-03-25 13:21:56,040 : INFO : 23048097 coupon user process 90000 
2019-03-25 13:21:56,114 : INFO : 23048100 coupon user process 0 
2019-03-25 13:21:56,344 : INFO : 23048100 coupon user process 30000 
2019-03-25 13:21:56,568 : INFO : 23048100 coupon user process 60000 
2019-03-25 13:21:56,787 : INFO : 23048100 coupon user process 90000 
2019-03-25 13:21:56,859 : INFO : 23048101 coupon user process 0 
2019-03-25 13:21:57,061 : INFO : 23048101 coupon user process 30000 
2019-03-25 13:21:57,261 : INFO : 23048101 coupon user process 60000 
2019-03-25 13:21:57,522 : INFO : 23048101 coupon user process 90000 
2019-03-25 13:21:57,599 : INFO : 23048104 coupon user process 0 
2019-03-25 13:21:58,561 : INFO : 23048104 coupon user process 30000 
2019-03-25 13:21:59,447 : INFO : 23048104 coupon user process 60000 
2019-03-25 13:22:00,481 : INFO : 23048104 coupon user process 90000 
2019-03-25 13:22:00,564 : INFO : 23048105 coupon user process 0 
2019-03-25 13:22:01,126 : INFO : 23048105 coupon user process 30000 
2019-03-25 13:22:01,717 : INFO : 23048105 coupon user process 60000 
2019-03-25 13:22:02,034 : INFO : 23048105 coupon user process 90000 
2019-03-25 13:22:02,115 : INFO : 23048107 coupon user process 0 
2019-03-25 13:22:02,310 : INFO : 23048107 coupon user process 30000 
2019-03-25 13:22:02,519 : INFO : 23048107 coupon user process 60000 
2019-03-25 13:22:02,729 : INFO : 23048107 coupon user process 90000 
2019-03-25 13:22:02,812 : INFO : 23048108 coupon user process 0 
2019-03-25 13:22:03,055 : INFO : 23048108 coupon user process 30000 
2019-03-25 13:22:03,314 : INFO : 23048108 coupon user process 60000 
2019-03-25 13:22:03,539 : INFO : 23048108 coupon user process 90000 
2019-03-25 13:22:03,626 : INFO : 23049093 coupon user process 0 
2019-03-25 13:22:04,072 : INFO : 23049093 coupon user process 30000 
2019-03-25 13:22:04,356 : INFO : 23049093 coupon user process 60000 
2019-03-25 13:22:04,957 : INFO : 23049093 coupon user process 90000 
2019-03-25 13:22:05,045 : INFO : 23049103 coupon user process 0 
2019-03-25 13:22:05,974 : INFO : 23049103 coupon user process 30000 
2019-03-25 13:22:06,646 : INFO : 23049103 coupon user process 60000 
2019-03-25 13:22:07,277 : INFO : 23049103 coupon user process 90000 
2019-03-25 13:22:07,366 : INFO : 23049104 coupon user process 0 
2019-03-25 13:22:08,918 : INFO : 23049104 coupon user process 30000 
2019-03-25 13:22:09,771 : INFO : 23049104 coupon user process 60000 
2019-03-25 13:22:10,571 : INFO : 23049104 coupon user process 90000 
2019-03-25 13:22:10,657 : INFO : 23049105 coupon user process 0 
2019-03-25 13:22:11,878 : INFO : 23049105 coupon user process 30000 
2019-03-25 13:22:12,881 : INFO : 23049105 coupon user process 60000 
2019-03-25 13:22:13,789 : INFO : 23049105 coupon user process 90000 
2019-03-25 13:22:13,889 : INFO : 23049106 coupon user process 0 
2019-03-25 13:22:16,718 : INFO : 23049106 coupon user process 30000 
2019-03-25 13:22:18,685 : INFO : 23049106 coupon user process 60000 
2019-03-25 13:22:20,675 : INFO : 23049106 coupon user process 90000 
2019-03-25 13:22:20,793 : INFO : 23049107 coupon user process 0 
2019-03-25 13:22:23,174 : INFO : 23049107 coupon user process 30000 
2019-03-25 13:22:25,045 : INFO : 23049107 coupon user process 60000 
2019-03-25 13:22:26,858 : INFO : 23049107 coupon user process 90000 
2019-03-25 13:22:26,998 : INFO : 23049108 coupon user process 0 
2019-03-25 13:22:29,306 : INFO : 23049108 coupon user process 30000 
2019-03-25 13:22:30,655 : INFO : 23049108 coupon user process 60000 
2019-03-25 13:22:31,909 : INFO : 23049108 coupon user process 90000 
2019-03-25 13:22:32,009 : INFO : 23049109 coupon user process 0 
2019-03-25 13:22:34,702 : INFO : 23049109 coupon user process 30000 
2019-03-25 13:22:36,014 : INFO : 23049109 coupon user process 60000 
2019-03-25 13:22:37,425 : INFO : 23049109 coupon user process 90000 
2019-03-25 13:22:37,541 : INFO : 23049110 coupon user process 0 
2019-03-25 13:22:39,555 : INFO : 23049110 coupon user process 30000 
2019-03-25 13:22:40,850 : INFO : 23049110 coupon user process 60000 
2019-03-25 13:22:42,470 : INFO : 23049110 coupon user process 90000 
2019-03-25 13:22:42,582 : INFO : 23050090 coupon user process 0 
2019-03-25 13:22:42,906 : INFO : 23050090 coupon user process 30000 
2019-03-25 13:22:43,122 : INFO : 23050090 coupon user process 60000 
2019-03-25 13:22:43,334 : INFO : 23050090 coupon user process 90000 
2019-03-25 13:22:43,425 : INFO : 23050110 coupon user process 0 
2019-03-25 13:22:44,825 : INFO : 23050110 coupon user process 30000 
2019-03-25 13:22:45,903 : INFO : 23050110 coupon user process 60000 
2019-03-25 13:22:46,581 : INFO : 23050110 coupon user process 90000 
2019-03-25 13:22:46,707 : INFO : 23050111 coupon user process 0 
2019-03-25 13:22:48,105 : INFO : 23050111 coupon user process 30000 
2019-03-25 13:22:49,434 : INFO : 23050111 coupon user process 60000 
2019-03-25 13:22:50,076 : INFO : 23050111 coupon user process 90000 
2019-03-25 13:22:50,165 : INFO : 23051105 coupon user process 0 
2019-03-25 13:22:51,365 : INFO : 23051105 coupon user process 30000 
2019-03-25 13:22:52,113 : INFO : 23051105 coupon user process 60000 
2019-03-25 13:22:52,569 : INFO : 23051105 coupon user process 90000 
2019-03-25 13:22:52,666 : INFO : 23051202 coupon user process 0 
2019-03-25 13:22:52,970 : INFO : 23051202 coupon user process 30000 
2019-03-25 13:22:53,190 : INFO : 23051202 coupon user process 60000 
2019-03-25 13:22:53,470 : INFO : 23051202 coupon user process 90000 
2019-03-25 13:22:53,556 : INFO : 23051208 coupon user process 0 
2019-03-25 13:22:53,809 : INFO : 23051208 coupon user process 30000 
2019-03-25 13:22:54,031 : INFO : 23051208 coupon user process 60000 
2019-03-25 13:22:54,263 : INFO : 23051208 coupon user process 90000 
2019-03-25 13:22:54,350 : INFO : 23052092 coupon user process 0 
2019-03-25 13:22:54,630 : INFO : 23052092 coupon user process 30000 
2019-03-25 13:22:54,846 : INFO : 23052092 coupon user process 60000 
2019-03-25 13:22:55,067 : INFO : 23052092 coupon user process 90000 
2019-03-25 13:22:55,142 : INFO : 23052106 coupon user process 0 
2019-03-25 13:22:55,409 : INFO : 23052106 coupon user process 30000 
2019-03-25 13:22:55,621 : INFO : 23052106 coupon user process 60000 
2019-03-25 13:22:55,834 : INFO : 23052106 coupon user process 90000 
2019-03-25 13:22:55,906 : INFO : 23052107 coupon user process 0 
2019-03-25 13:22:56,173 : INFO : 23052107 coupon user process 30000 
2019-03-25 13:22:56,403 : INFO : 23052107 coupon user process 60000 
2019-03-25 13:22:56,630 : INFO : 23052107 coupon user process 90000 
2019-03-25 13:22:56,711 : INFO : 23056101 coupon user process 0 
2019-03-25 13:22:58,051 : INFO : 23056101 coupon user process 30000 
2019-03-25 13:22:59,087 : INFO : 23056101 coupon user process 60000 
2019-03-25 13:22:59,743 : INFO : 23056101 coupon user process 90000 
2019-03-25 13:22:59,828 : INFO : 23056102 coupon user process 0 
2019-03-25 13:23:01,703 : INFO : 23056102 coupon user process 30000 
2019-03-25 13:23:03,324 : INFO : 23056102 coupon user process 60000 
2019-03-25 13:23:04,371 : INFO : 23056102 coupon user process 90000 
2019-03-25 13:23:04,464 : INFO : 23057089 coupon user process 0 
2019-03-25 13:23:05,530 : INFO : 23057089 coupon user process 30000 
2019-03-25 13:23:06,357 : INFO : 23057089 coupon user process 60000 
2019-03-25 13:23:08,268 : INFO : 23057089 coupon user process 90000 
2019-03-25 13:23:08,371 : INFO : 23057090 coupon user process 0 
2019-03-25 13:23:08,974 : INFO : 23057090 coupon user process 30000 
2019-03-25 13:23:09,301 : INFO : 23057090 coupon user process 60000 
2019-03-25 13:23:09,541 : INFO : 23057090 coupon user process 90000 
2019-03-25 13:23:09,618 : INFO : 23057093 coupon user process 0 
2019-03-25 13:23:10,124 : INFO : 23057093 coupon user process 30000 
2019-03-25 13:23:10,342 : INFO : 23057093 coupon user process 60000 
2019-03-25 13:23:10,561 : INFO : 23057093 coupon user process 90000 
2019-03-25 13:23:10,637 : INFO : 23057094 coupon user process 0 
2019-03-25 13:23:12,306 : INFO : 23057094 coupon user process 30000 
2019-03-25 13:23:14,121 : INFO : 23057094 coupon user process 60000 
2019-03-25 13:23:14,906 : INFO : 23057094 coupon user process 90000 
2019-03-25 13:23:15,011 : INFO : 23057095 coupon user process 0 
2019-03-25 13:23:15,613 : INFO : 23057095 coupon user process 30000 
2019-03-25 13:23:15,915 : INFO : 23057095 coupon user process 60000 
2019-03-25 13:23:16,168 : INFO : 23057095 coupon user process 90000 
2019-03-25 13:23:16,249 : INFO : 23057096 coupon user process 0 
2019-03-25 13:23:16,915 : INFO : 23057096 coupon user process 30000 
2019-03-25 13:23:17,504 : INFO : 23057096 coupon user process 60000 
2019-03-25 13:23:17,740 : INFO : 23057096 coupon user process 90000 
2019-03-25 13:23:17,818 : INFO : 23057097 coupon user process 0 
2019-03-25 13:23:18,555 : INFO : 23057097 coupon user process 30000 
2019-03-25 13:23:19,131 : INFO : 23057097 coupon user process 60000 
2019-03-25 13:23:19,408 : INFO : 23057097 coupon user process 90000 
2019-03-25 13:23:19,494 : INFO : 23057098 coupon user process 0 
2019-03-25 13:23:20,082 : INFO : 23057098 coupon user process 30000 
2019-03-25 13:23:20,419 : INFO : 23057098 coupon user process 60000 
2019-03-25 13:23:20,647 : INFO : 23057098 coupon user process 90000 
2019-03-25 13:23:20,722 : INFO : 23057104 coupon user process 0 
2019-03-25 13:23:21,230 : INFO : 23057104 coupon user process 30000 
2019-03-25 13:23:21,646 : INFO : 23057104 coupon user process 60000 
2019-03-25 13:23:22,488 : INFO : 23057104 coupon user process 90000 
2019-03-25 13:23:22,581 : INFO : 23057105 coupon user process 0 
2019-03-25 13:23:22,910 : INFO : 23057105 coupon user process 30000 
2019-03-25 13:23:23,120 : INFO : 23057105 coupon user process 60000 
2019-03-25 13:23:23,375 : INFO : 23057105 coupon user process 90000 
2019-03-25 13:23:23,457 : INFO : 23057107 coupon user process 0 
2019-03-25 13:23:23,929 : INFO : 23057107 coupon user process 30000 
2019-03-25 13:23:24,421 : INFO : 23057107 coupon user process 60000 
2019-03-25 13:23:25,572 : INFO : 23057107 coupon user process 90000 
2019-03-25 13:23:25,656 : INFO : 23057108 coupon user process 0 
2019-03-25 13:23:27,173 : INFO : 23057108 coupon user process 30000 
2019-03-25 13:23:28,720 : INFO : 23057108 coupon user process 60000 
2019-03-25 13:23:33,684 : INFO : 23057108 coupon user process 90000 
2019-03-25 13:23:33,809 : INFO : 23058092 coupon user process 0 
2019-03-25 13:23:34,044 : INFO : 23058092 coupon user process 30000 
2019-03-25 13:23:34,307 : INFO : 23058092 coupon user process 60000 
2019-03-25 13:23:34,590 : INFO : 23058092 coupon user process 90000 
2019-03-25 13:23:34,663 : INFO : 23059090 coupon user process 0 
2019-03-25 13:23:34,966 : INFO : 23059090 coupon user process 30000 
2019-03-25 13:23:35,192 : INFO : 23059090 coupon user process 60000 
2019-03-25 13:23:35,593 : INFO : 23059090 coupon user process 90000 
2019-03-25 13:23:35,666 : INFO : 23059092 coupon user process 0 
2019-03-25 13:23:35,955 : INFO : 23059092 coupon user process 30000 
2019-03-25 13:23:36,234 : INFO : 23059092 coupon user process 60000 
2019-03-25 13:23:36,609 : INFO : 23059092 coupon user process 90000 
2019-03-25 13:23:36,713 : INFO : 23059102 coupon user process 0 
2019-03-25 13:23:39,411 : INFO : 23059102 coupon user process 30000 
2019-03-25 13:23:43,005 : INFO : 23059102 coupon user process 60000 
2019-03-25 13:24:00,738 : INFO : 23059102 coupon user process 90000 
2019-03-25 13:24:21,791 : INFO : 23059103 coupon user process 0 
2019-03-25 13:24:23,890 : INFO : 23059103 coupon user process 30000 
2019-03-25 13:24:26,425 : INFO : 23059103 coupon user process 60000 
2019-03-25 13:24:38,009 : INFO : 23059103 coupon user process 90000 
2019-03-25 13:24:52,016 : INFO : 23059104 coupon user process 0 
2019-03-25 13:24:54,064 : INFO : 23059104 coupon user process 30000 
2019-03-25 13:24:56,789 : INFO : 23059104 coupon user process 60000 
2019-03-25 13:25:08,827 : INFO : 23059104 coupon user process 90000 
2019-03-25 13:25:22,403 : INFO : 23059107 coupon user process 0 
2019-03-25 13:25:22,598 : INFO : 23059107 coupon user process 30000 
2019-03-25 13:25:22,799 : INFO : 23059107 coupon user process 60000 
2019-03-25 13:25:23,004 : INFO : 23059107 coupon user process 90000 
2019-03-25 13:25:23,092 : INFO : 23062110 coupon user process 0 
2019-03-25 13:25:24,019 : INFO : 23062110 coupon user process 30000 
2019-03-25 13:25:24,519 : INFO : 23062110 coupon user process 60000 
2019-03-25 13:25:24,913 : INFO : 23062110 coupon user process 90000 
2019-03-25 13:25:25,329 : INFO : 23062112 coupon user process 0 
2019-03-25 13:25:28,506 : INFO : 23062112 coupon user process 30000 
2019-03-25 13:25:30,361 : INFO : 23062112 coupon user process 60000 
2019-03-25 13:25:32,563 : INFO : 23062112 coupon user process 90000 
2019-03-25 13:25:41,559 : INFO : 23062114 coupon user process 0 
2019-03-25 13:25:42,025 : INFO : 23062114 coupon user process 30000 
2019-03-25 13:25:42,435 : INFO : 23062114 coupon user process 60000 
2019-03-25 13:25:42,839 : INFO : 23062114 coupon user process 90000 
2019-03-25 13:25:44,182 : INFO : 23062121 coupon user process 0 
2019-03-25 13:25:46,833 : INFO : 23062121 coupon user process 30000 
2019-03-25 13:25:47,874 : INFO : 23062121 coupon user process 60000 
2019-03-25 13:25:48,692 : INFO : 23062121 coupon user process 90000 
2019-03-25 13:25:49,063 : INFO : 23062125 coupon user process 0 
2019-03-25 13:25:49,268 : INFO : 23062125 coupon user process 30000 
2019-03-25 13:25:49,483 : INFO : 23062125 coupon user process 60000 
2019-03-25 13:25:49,699 : INFO : 23062125 coupon user process 90000 
2019-03-25 13:25:49,778 : INFO : 23062126 coupon user process 0 
2019-03-25 13:25:51,322 : INFO : 23062126 coupon user process 30000 
2019-03-25 13:25:52,761 : INFO : 23062126 coupon user process 60000 
2019-03-25 13:25:53,338 : INFO : 23062126 coupon user process 90000 
2019-03-25 13:25:53,463 : INFO : 23062127 coupon user process 0 
2019-03-25 13:25:56,833 : INFO : 23062127 coupon user process 30000 
2019-03-25 13:25:58,819 : INFO : 23062127 coupon user process 60000 
2019-03-25 13:26:00,132 : INFO : 23062127 coupon user process 90000 
2019-03-25 13:26:00,410 : INFO : 23063096 coupon user process 0 
2019-03-25 13:26:01,499 : INFO : 23063096 coupon user process 30000 
2019-03-25 13:26:02,215 : INFO : 23063096 coupon user process 60000 
2019-03-25 13:26:03,940 : INFO : 23063096 coupon user process 90000 
2019-03-25 13:26:04,712 : INFO : 23063098 coupon user process 0 
2019-03-25 13:26:04,914 : INFO : 23063098 coupon user process 30000 
2019-03-25 13:26:05,117 : INFO : 23063098 coupon user process 60000 
2019-03-25 13:26:05,322 : INFO : 23063098 coupon user process 90000 
2019-03-25 13:26:05,407 : INFO : 23063100 coupon user process 0 
2019-03-25 13:26:07,500 : INFO : 23063100 coupon user process 30000 
2019-03-25 13:26:08,904 : INFO : 23063100 coupon user process 60000 
2019-03-25 13:26:11,512 : INFO : 23063100 coupon user process 90000 
2019-03-25 13:26:13,331 : INFO : 23063146 coupon user process 0 
2019-03-25 13:26:13,708 : INFO : 23063146 coupon user process 30000 
2019-03-25 13:26:13,919 : INFO : 23063146 coupon user process 60000 
2019-03-25 13:26:14,204 : INFO : 23063146 coupon user process 90000 
2019-03-25 13:26:14,350 : INFO : 23064126 coupon user process 0 
2019-03-25 13:26:15,258 : INFO : 23064126 coupon user process 30000 
2019-03-25 13:26:15,559 : INFO : 23064126 coupon user process 60000 
2019-03-25 13:26:15,791 : INFO : 23064126 coupon user process 90000 
2019-03-25 13:26:15,884 : INFO : 23064131 coupon user process 0 
2019-03-25 13:26:16,334 : INFO : 23064131 coupon user process 30000 
2019-03-25 13:26:16,607 : INFO : 23064131 coupon user process 60000 
2019-03-25 13:26:16,874 : INFO : 23064131 coupon user process 90000 
2019-03-25 13:26:16,965 : INFO : 23064135 coupon user process 0 
2019-03-25 13:26:18,726 : INFO : 23064135 coupon user process 30000 
2019-03-25 13:26:19,558 : INFO : 23064135 coupon user process 60000 
2019-03-25 13:26:20,205 : INFO : 23064135 coupon user process 90000 
2019-03-25 13:26:20,440 : INFO : 23064145 coupon user process 0 
2019-03-25 13:26:21,806 : INFO : 23064145 coupon user process 30000 
2019-03-25 13:26:22,764 : INFO : 23064145 coupon user process 60000 
2019-03-25 13:26:23,127 : INFO : 23064145 coupon user process 90000 
2019-03-25 13:26:23,314 : INFO : 23064148 coupon user process 0 
2019-03-25 13:26:23,958 : INFO : 23064148 coupon user process 30000 
2019-03-25 13:26:24,412 : INFO : 23064148 coupon user process 60000 
2019-03-25 13:26:24,856 : INFO : 23064148 coupon user process 90000 
2019-03-25 13:26:25,041 : INFO : 23064171 coupon user process 0 
2019-03-25 13:26:25,670 : INFO : 23064171 coupon user process 30000 
2019-03-25 13:26:26,069 : INFO : 23064171 coupon user process 60000 
2019-03-25 13:26:26,443 : INFO : 23064171 coupon user process 90000 
2019-03-25 13:26:27,199 : INFO : 23064199 coupon user process 0 
2019-03-25 13:26:27,454 : INFO : 23064199 coupon user process 30000 
2019-03-25 13:26:27,668 : INFO : 23064199 coupon user process 60000 
2019-03-25 13:26:27,878 : INFO : 23064199 coupon user process 90000 
2019-03-25 13:26:27,953 : INFO : 23065090 coupon user process 0 
2019-03-25 13:26:28,186 : INFO : 23065090 coupon user process 30000 
2019-03-25 13:26:28,392 : INFO : 23065090 coupon user process 60000 
2019-03-25 13:26:28,596 : INFO : 23065090 coupon user process 90000 
2019-03-25 13:26:28,670 : INFO : 23065104 coupon user process 0 
2019-03-25 13:26:29,354 : INFO : 23065104 coupon user process 30000 
2019-03-25 13:26:29,569 : INFO : 23065104 coupon user process 60000 
2019-03-25 13:26:29,788 : INFO : 23065104 coupon user process 90000 
2019-03-25 13:26:29,863 : INFO : 23065105 coupon user process 0 
2019-03-25 13:26:30,073 : INFO : 23065105 coupon user process 30000 
2019-03-25 13:26:30,302 : INFO : 23065105 coupon user process 60000 
2019-03-25 13:26:30,511 : INFO : 23065105 coupon user process 90000 
2019-03-25 13:26:30,592 : INFO : 23065107 coupon user process 0 
2019-03-25 13:26:30,932 : INFO : 23065107 coupon user process 30000 
2019-03-25 13:26:31,234 : INFO : 23065107 coupon user process 60000 
2019-03-25 13:26:31,687 : INFO : 23065107 coupon user process 90000 
2019-03-25 13:26:32,692 : INFO : 23065115 coupon user process 0 
2019-03-25 13:26:32,908 : INFO : 23065115 coupon user process 30000 
2019-03-25 13:26:33,139 : INFO : 23065115 coupon user process 60000 
2019-03-25 13:26:33,352 : INFO : 23065115 coupon user process 90000 
2019-03-25 13:26:33,445 : INFO : 23065126 coupon user process 0 
2019-03-25 13:26:40,035 : INFO : 23065126 coupon user process 30000 
2019-03-25 13:26:44,582 : INFO : 23065126 coupon user process 60000 
2019-03-25 13:26:47,086 : INFO : 23065126 coupon user process 90000 
2019-03-25 13:26:48,139 : INFO : 23066094 coupon user process 0 
2019-03-25 13:26:48,342 : INFO : 23066094 coupon user process 30000 
2019-03-25 13:26:48,547 : INFO : 23066094 coupon user process 60000 
2019-03-25 13:26:48,755 : INFO : 23066094 coupon user process 90000 
2019-03-25 13:26:48,824 : INFO : 23066102 coupon user process 0 
2019-03-25 13:26:49,021 : INFO : 23066102 coupon user process 30000 
2019-03-25 13:26:49,272 : INFO : 23066102 coupon user process 60000 
2019-03-25 13:26:49,498 : INFO : 23066102 coupon user process 90000 
2019-03-25 13:26:49,585 : INFO : 23066103 coupon user process 0 
2019-03-25 13:26:49,787 : INFO : 23066103 coupon user process 30000 
2019-03-25 13:26:49,990 : INFO : 23066103 coupon user process 60000 
2019-03-25 13:26:50,225 : INFO : 23066103 coupon user process 90000 
2019-03-25 13:26:50,292 : INFO : 23066106 coupon user process 0 
2019-03-25 13:26:51,412 : INFO : 23066106 coupon user process 30000 
2019-03-25 13:26:52,295 : INFO : 23066106 coupon user process 60000 
2019-03-25 13:26:53,049 : INFO : 23066106 coupon user process 90000 
2019-03-25 13:26:53,737 : INFO : 23066121 coupon user process 0 
2019-03-25 13:26:53,937 : INFO : 23066121 coupon user process 30000 
2019-03-25 13:26:54,145 : INFO : 23066121 coupon user process 60000 
2019-03-25 13:26:54,354 : INFO : 23066121 coupon user process 90000 
2019-03-25 13:26:54,471 : INFO : 23066131 coupon user process 0 
2019-03-25 13:26:54,706 : INFO : 23066131 coupon user process 30000 
2019-03-25 13:26:54,916 : INFO : 23066131 coupon user process 60000 
2019-03-25 13:26:55,124 : INFO : 23066131 coupon user process 90000 
2019-03-25 13:26:55,228 : INFO : 23066133 coupon user process 0 
2019-03-25 13:26:55,433 : INFO : 23066133 coupon user process 30000 
2019-03-25 13:26:55,651 : INFO : 23066133 coupon user process 60000 
2019-03-25 13:26:55,868 : INFO : 23066133 coupon user process 90000 
2019-03-25 13:26:55,952 : INFO : 23066135 coupon user process 0 
2019-03-25 13:26:56,154 : INFO : 23066135 coupon user process 30000 
2019-03-25 13:26:56,363 : INFO : 23066135 coupon user process 60000 
2019-03-25 13:26:56,570 : INFO : 23066135 coupon user process 90000 
2019-03-25 13:26:56,641 : INFO : 23066138 coupon user process 0 
2019-03-25 13:26:56,837 : INFO : 23066138 coupon user process 30000 
2019-03-25 13:26:57,041 : INFO : 23066138 coupon user process 60000 
2019-03-25 13:26:57,246 : INFO : 23066138 coupon user process 90000 
2019-03-25 13:26:57,317 : INFO : 23066143 coupon user process 0 
2019-03-25 13:26:57,524 : INFO : 23066143 coupon user process 30000 
2019-03-25 13:26:57,728 : INFO : 23066143 coupon user process 60000 
2019-03-25 13:26:57,938 : INFO : 23066143 coupon user process 90000 
2019-03-25 13:26:58,010 : INFO : 23068100 coupon user process 0 
2019-03-25 13:26:58,250 : INFO : 23068100 coupon user process 30000 
2019-03-25 13:26:58,457 : INFO : 23068100 coupon user process 60000 
2019-03-25 13:26:58,661 : INFO : 23068100 coupon user process 90000 
2019-03-25 13:26:58,733 : INFO : 23069089 coupon user process 0 
2019-03-25 13:26:59,252 : INFO : 23069089 coupon user process 30000 
2019-03-25 13:26:59,749 : INFO : 23069089 coupon user process 60000 
2019-03-25 13:27:00,030 : INFO : 23069089 coupon user process 90000 
2019-03-25 13:27:00,277 : INFO : 23069090 coupon user process 0 
2019-03-25 13:27:00,487 : INFO : 23069090 coupon user process 30000 
2019-03-25 13:27:00,708 : INFO : 23069090 coupon user process 60000 
2019-03-25 13:27:00,958 : INFO : 23069090 coupon user process 90000 
2019-03-25 13:27:01,064 : INFO : 23069091 coupon user process 0 
2019-03-25 13:27:01,259 : INFO : 23069091 coupon user process 30000 
2019-03-25 13:27:01,473 : INFO : 23069091 coupon user process 60000 
2019-03-25 13:27:01,691 : INFO : 23069091 coupon user process 90000 
2019-03-25 13:27:01,767 : INFO : 23069092 coupon user process 0 
2019-03-25 13:27:01,960 : INFO : 23069092 coupon user process 30000 
2019-03-25 13:27:02,232 : INFO : 23069092 coupon user process 60000 
2019-03-25 13:27:02,465 : INFO : 23069092 coupon user process 90000 
2019-03-25 13:27:02,539 : INFO : 23069101 coupon user process 0 
2019-03-25 13:27:02,952 : INFO : 23069101 coupon user process 30000 
2019-03-25 13:27:03,379 : INFO : 23069101 coupon user process 60000 
2019-03-25 13:27:03,693 : INFO : 23069101 coupon user process 90000 
2019-03-25 13:27:04,157 : INFO : 23069108 coupon user process 0 
2019-03-25 13:27:08,351 : INFO : 23069108 coupon user process 30000 
2019-03-25 13:27:11,991 : INFO : 23069108 coupon user process 60000 
2019-03-25 13:27:13,890 : INFO : 23069108 coupon user process 90000 
2019-03-25 13:27:14,728 : INFO : 23069109 coupon user process 0 
2019-03-25 13:27:20,439 : INFO : 23069109 coupon user process 30000 
2019-03-25 13:27:24,410 : INFO : 23069109 coupon user process 60000 
2019-03-25 13:27:26,249 : INFO : 23069109 coupon user process 90000 
2019-03-25 13:27:27,015 : INFO : 23069112 coupon user process 0 
2019-03-25 13:27:28,677 : INFO : 23069112 coupon user process 30000 
2019-03-25 13:27:30,198 : INFO : 23069112 coupon user process 60000 
2019-03-25 13:27:31,083 : INFO : 23069112 coupon user process 90000 
2019-03-25 13:27:31,691 : INFO : 23069135 coupon user process 0 
2019-03-25 13:27:37,809 : INFO : 23069135 coupon user process 30000 
2019-03-25 13:27:43,754 : INFO : 23069135 coupon user process 60000 
2019-03-25 13:27:46,799 : INFO : 23069135 coupon user process 90000 
2019-03-25 13:27:49,333 : INFO : 23069136 coupon user process 0 
2019-03-25 13:27:50,775 : INFO : 23069136 coupon user process 30000 
2019-03-25 13:27:51,699 : INFO : 23069136 coupon user process 60000 
2019-03-25 13:27:52,478 : INFO : 23069136 coupon user process 90000 
2019-03-25 13:27:53,130 : INFO : 23069137 coupon user process 0 
2019-03-25 13:27:53,375 : INFO : 23069137 coupon user process 30000 
2019-03-25 13:27:53,592 : INFO : 23069137 coupon user process 60000 
2019-03-25 13:27:53,807 : INFO : 23069137 coupon user process 90000 
2019-03-25 13:27:53,893 : INFO : 23070089 coupon user process 0 
2019-03-25 13:27:54,816 : INFO : 23070089 coupon user process 30000 
2019-03-25 13:27:55,169 : INFO : 23070089 coupon user process 60000 
2019-03-25 13:27:55,523 : INFO : 23070089 coupon user process 90000 
2019-03-25 13:27:55,762 : INFO : 23070104 coupon user process 0 
2019-03-25 13:27:56,007 : INFO : 23070104 coupon user process 30000 
2019-03-25 13:27:56,223 : INFO : 23070104 coupon user process 60000 
2019-03-25 13:27:56,446 : INFO : 23070104 coupon user process 90000 
2019-03-25 13:27:56,524 : INFO : 23070108 coupon user process 0 
2019-03-25 13:27:57,482 : INFO : 23070108 coupon user process 30000 
2019-03-25 13:27:58,166 : INFO : 23070108 coupon user process 60000 
2019-03-25 13:27:58,540 : INFO : 23070108 coupon user process 90000 
2019-03-25 13:27:58,738 : INFO : 23070109 coupon user process 0 
2019-03-25 13:27:59,719 : INFO : 23070109 coupon user process 30000 
2019-03-25 13:28:00,446 : INFO : 23070109 coupon user process 60000 
2019-03-25 13:28:00,814 : INFO : 23070109 coupon user process 90000 
2019-03-25 13:28:00,938 : INFO : 23070110 coupon user process 0 
2019-03-25 13:28:02,771 : INFO : 23070110 coupon user process 30000 
2019-03-25 13:28:03,951 : INFO : 23070110 coupon user process 60000 
2019-03-25 13:28:05,664 : INFO : 23070110 coupon user process 90000 
2019-03-25 13:28:10,723 : INFO : coupon process 1100
2019-03-25 13:28:10,752 : INFO : 23070111 coupon user process 0 
2019-03-25 13:28:11,565 : INFO : 23070111 coupon user process 30000 
2019-03-25 13:28:12,258 : INFO : 23070111 coupon user process 60000 
2019-03-25 13:28:12,586 : INFO : 23070111 coupon user process 90000 
2019-03-25 13:28:12,724 : INFO : 23070112 coupon user process 0 
2019-03-25 13:28:13,091 : INFO : 23070112 coupon user process 30000 
2019-03-25 13:28:13,530 : INFO : 23070112 coupon user process 60000 
2019-03-25 13:28:13,784 : INFO : 23070112 coupon user process 90000 
2019-03-25 13:28:13,913 : INFO : 23071101 coupon user process 0 
2019-03-25 13:28:14,519 : INFO : 23071101 coupon user process 30000 
2019-03-25 13:28:14,962 : INFO : 23071101 coupon user process 60000 
2019-03-25 13:28:15,348 : INFO : 23071101 coupon user process 90000 
2019-03-25 13:28:16,162 : INFO : 23071103 coupon user process 0 
2019-03-25 13:28:16,460 : INFO : 23071103 coupon user process 30000 
2019-03-25 13:28:16,697 : INFO : 23071103 coupon user process 60000 
2019-03-25 13:28:16,912 : INFO : 23071103 coupon user process 90000 
2019-03-25 13:28:16,983 : INFO : 23072091 coupon user process 0 
2019-03-25 13:28:17,177 : INFO : 23072091 coupon user process 30000 
2019-03-25 13:28:17,380 : INFO : 23072091 coupon user process 60000 
2019-03-25 13:28:17,597 : INFO : 23072091 coupon user process 90000 
2019-03-25 13:28:17,672 : INFO : 23072092 coupon user process 0 
2019-03-25 13:28:17,890 : INFO : 23072092 coupon user process 30000 
2019-03-25 13:28:18,096 : INFO : 23072092 coupon user process 60000 
2019-03-25 13:28:18,302 : INFO : 23072092 coupon user process 90000 
2019-03-25 13:28:18,377 : INFO : 23072093 coupon user process 0 
2019-03-25 13:28:18,581 : INFO : 23072093 coupon user process 30000 
2019-03-25 13:28:18,787 : INFO : 23072093 coupon user process 60000 
2019-03-25 13:28:18,993 : INFO : 23072093 coupon user process 90000 
2019-03-25 13:28:19,064 : INFO : 23072094 coupon user process 0 
2019-03-25 13:28:19,263 : INFO : 23072094 coupon user process 30000 
2019-03-25 13:28:19,472 : INFO : 23072094 coupon user process 60000 
2019-03-25 13:28:19,695 : INFO : 23072094 coupon user process 90000 
2019-03-25 13:28:19,773 : INFO : 23072095 coupon user process 0 
2019-03-25 13:28:19,975 : INFO : 23072095 coupon user process 30000 
2019-03-25 13:28:20,174 : INFO : 23072095 coupon user process 60000 
2019-03-25 13:28:20,383 : INFO : 23072095 coupon user process 90000 
2019-03-25 13:28:20,457 : INFO : 23072096 coupon user process 0 
2019-03-25 13:28:20,658 : INFO : 23072096 coupon user process 30000 
2019-03-25 13:28:20,863 : INFO : 23072096 coupon user process 60000 
2019-03-25 13:28:21,066 : INFO : 23072096 coupon user process 90000 
2019-03-25 13:28:21,143 : INFO : 23072097 coupon user process 0 
2019-03-25 13:28:21,344 : INFO : 23072097 coupon user process 30000 
2019-03-25 13:28:21,550 : INFO : 23072097 coupon user process 60000 
2019-03-25 13:28:21,763 : INFO : 23072097 coupon user process 90000 
2019-03-25 13:28:21,838 : INFO : 23072100 coupon user process 0 
2019-03-25 13:28:22,328 : INFO : 23072100 coupon user process 30000 
2019-03-25 13:28:22,582 : INFO : 23072100 coupon user process 60000 
2019-03-25 13:28:22,791 : INFO : 23072100 coupon user process 90000 
2019-03-25 13:28:22,872 : INFO : 23072101 coupon user process 0 
2019-03-25 13:28:23,489 : INFO : 23072101 coupon user process 30000 
2019-03-25 13:28:23,823 : INFO : 23072101 coupon user process 60000 
2019-03-25 13:28:24,041 : INFO : 23072101 coupon user process 90000 
2019-03-25 13:28:24,116 : INFO : 23072104 coupon user process 0 
2019-03-25 13:28:24,395 : INFO : 23072104 coupon user process 30000 
2019-03-25 13:28:24,651 : INFO : 23072104 coupon user process 60000 
2019-03-25 13:28:24,979 : INFO : 23072104 coupon user process 90000 
2019-03-25 13:28:25,132 : INFO : 23072116 coupon user process 0 
2019-03-25 13:28:26,233 : INFO : 23072116 coupon user process 30000 
2019-03-25 13:28:27,024 : INFO : 23072116 coupon user process 60000 
2019-03-25 13:28:27,679 : INFO : 23072116 coupon user process 90000 
2019-03-25 13:28:28,805 : INFO : 23073091 coupon user process 0 
2019-03-25 13:28:29,493 : INFO : 23073091 coupon user process 30000 
2019-03-25 13:28:30,004 : INFO : 23073091 coupon user process 60000 
2019-03-25 13:28:30,719 : INFO : 23073091 coupon user process 90000 
2019-03-25 13:28:31,327 : INFO : 23073093 coupon user process 0 
2019-03-25 13:28:31,534 : INFO : 23073093 coupon user process 30000 
2019-03-25 13:28:31,740 : INFO : 23073093 coupon user process 60000 
2019-03-25 13:28:31,951 : INFO : 23073093 coupon user process 90000 
2019-03-25 13:28:32,037 : INFO : 23073094 coupon user process 0 
2019-03-25 13:28:32,235 : INFO : 23073094 coupon user process 30000 
2019-03-25 13:28:32,456 : INFO : 23073094 coupon user process 60000 
2019-03-25 13:28:32,655 : INFO : 23073094 coupon user process 90000 
2019-03-25 13:28:32,727 : INFO : 23073095 coupon user process 0 
2019-03-25 13:28:32,923 : INFO : 23073095 coupon user process 30000 
2019-03-25 13:28:33,121 : INFO : 23073095 coupon user process 60000 
2019-03-25 13:28:33,327 : INFO : 23073095 coupon user process 90000 
2019-03-25 13:28:33,399 : INFO : 23073096 coupon user process 0 
2019-03-25 13:28:33,604 : INFO : 23073096 coupon user process 30000 
2019-03-25 13:28:33,814 : INFO : 23073096 coupon user process 60000 
2019-03-25 13:28:34,026 : INFO : 23073096 coupon user process 90000 
2019-03-25 13:28:34,108 : INFO : 23073097 coupon user process 0 
2019-03-25 13:28:34,304 : INFO : 23073097 coupon user process 30000 
2019-03-25 13:28:34,506 : INFO : 23073097 coupon user process 60000 
2019-03-25 13:28:34,712 : INFO : 23073097 coupon user process 90000 
2019-03-25 13:28:34,812 : INFO : 23073098 coupon user process 0 
2019-03-25 13:28:35,008 : INFO : 23073098 coupon user process 30000 
2019-03-25 13:28:35,214 : INFO : 23073098 coupon user process 60000 
2019-03-25 13:28:35,422 : INFO : 23073098 coupon user process 90000 
2019-03-25 13:28:35,510 : INFO : 23073099 coupon user process 0 
2019-03-25 13:28:35,703 : INFO : 23073099 coupon user process 30000 
2019-03-25 13:28:35,903 : INFO : 23073099 coupon user process 60000 
2019-03-25 13:28:36,114 : INFO : 23073099 coupon user process 90000 
2019-03-25 13:28:36,182 : INFO : 23073100 coupon user process 0 
2019-03-25 13:28:36,375 : INFO : 23073100 coupon user process 30000 
2019-03-25 13:28:36,576 : INFO : 23073100 coupon user process 60000 
2019-03-25 13:28:36,781 : INFO : 23073100 coupon user process 90000 
2019-03-25 13:28:36,853 : INFO : 23073102 coupon user process 0 
2019-03-25 13:28:37,047 : INFO : 23073102 coupon user process 30000 
2019-03-25 13:28:37,253 : INFO : 23073102 coupon user process 60000 
2019-03-25 13:28:37,476 : INFO : 23073102 coupon user process 90000 
2019-03-25 13:28:37,547 : INFO : 23073103 coupon user process 0 
2019-03-25 13:28:37,742 : INFO : 23073103 coupon user process 30000 
2019-03-25 13:28:37,948 : INFO : 23073103 coupon user process 60000 
2019-03-25 13:28:38,161 : INFO : 23073103 coupon user process 90000 
2019-03-25 13:28:38,238 : INFO : 23073105 coupon user process 0 
2019-03-25 13:28:38,430 : INFO : 23073105 coupon user process 30000 
2019-03-25 13:28:38,626 : INFO : 23073105 coupon user process 60000 
2019-03-25 13:28:38,823 : INFO : 23073105 coupon user process 90000 
2019-03-25 13:28:38,901 : INFO : 23073106 coupon user process 0 
2019-03-25 13:28:39,110 : INFO : 23073106 coupon user process 30000 
2019-03-25 13:28:39,315 : INFO : 23073106 coupon user process 60000 
2019-03-25 13:28:39,524 : INFO : 23073106 coupon user process 90000 
2019-03-25 13:28:39,610 : INFO : 23073107 coupon user process 0 
2019-03-25 13:28:39,806 : INFO : 23073107 coupon user process 30000 
2019-03-25 13:28:40,004 : INFO : 23073107 coupon user process 60000 
2019-03-25 13:28:40,207 : INFO : 23073107 coupon user process 90000 
2019-03-25 13:28:40,327 : INFO : 23073108 coupon user process 0 
2019-03-25 13:28:40,520 : INFO : 23073108 coupon user process 30000 
2019-03-25 13:28:40,724 : INFO : 23073108 coupon user process 60000 
2019-03-25 13:28:40,937 : INFO : 23073108 coupon user process 90000 
2019-03-25 13:28:41,018 : INFO : 23073109 coupon user process 0 
2019-03-25 13:28:41,211 : INFO : 23073109 coupon user process 30000 
2019-03-25 13:28:41,415 : INFO : 23073109 coupon user process 60000 
2019-03-25 13:28:41,615 : INFO : 23073109 coupon user process 90000 
2019-03-25 13:28:41,687 : INFO : 23074089 coupon user process 0 
2019-03-25 13:28:41,918 : INFO : 23074089 coupon user process 30000 
2019-03-25 13:28:42,121 : INFO : 23074089 coupon user process 60000 
2019-03-25 13:28:42,331 : INFO : 23074089 coupon user process 90000 
2019-03-25 13:28:42,405 : INFO : 23074090 coupon user process 0 
2019-03-25 13:28:42,674 : INFO : 23074090 coupon user process 30000 
2019-03-25 13:28:42,926 : INFO : 23074090 coupon user process 60000 
2019-03-25 13:28:43,133 : INFO : 23074090 coupon user process 90000 
2019-03-25 13:28:43,206 : INFO : 23074091 coupon user process 0 
2019-03-25 13:28:43,472 : INFO : 23074091 coupon user process 30000 
2019-03-25 13:28:43,757 : INFO : 23074091 coupon user process 60000 
2019-03-25 13:28:43,967 : INFO : 23074091 coupon user process 90000 
2019-03-25 13:28:44,045 : INFO : 23074092 coupon user process 0 
2019-03-25 13:28:44,439 : INFO : 23074092 coupon user process 30000 
2019-03-25 13:28:44,691 : INFO : 23074092 coupon user process 60000 
2019-03-25 13:28:44,938 : INFO : 23074092 coupon user process 90000 
2019-03-25 13:28:45,008 : INFO : 23076107 coupon user process 0 
2019-03-25 13:28:45,247 : INFO : 23076107 coupon user process 30000 
2019-03-25 13:28:45,461 : INFO : 23076107 coupon user process 60000 
2019-03-25 13:28:45,670 : INFO : 23076107 coupon user process 90000 
2019-03-25 13:28:45,840 : INFO : 23076111 coupon user process 0 
2019-03-25 13:28:46,034 : INFO : 23076111 coupon user process 30000 
2019-03-25 13:28:46,229 : INFO : 23076111 coupon user process 60000 
2019-03-25 13:28:46,430 : INFO : 23076111 coupon user process 90000 
2019-03-25 13:28:46,508 : INFO : 23076112 coupon user process 0 
2019-03-25 13:28:46,705 : INFO : 23076112 coupon user process 30000 
2019-03-25 13:28:46,906 : INFO : 23076112 coupon user process 60000 
2019-03-25 13:28:47,106 : INFO : 23076112 coupon user process 90000 
2019-03-25 13:28:47,176 : INFO : 23076113 coupon user process 0 
2019-03-25 13:28:48,403 : INFO : 23076113 coupon user process 30000 
2019-03-25 13:28:49,105 : INFO : 23076113 coupon user process 60000 
2019-03-25 13:28:49,687 : INFO : 23076113 coupon user process 90000 
2019-03-25 13:28:49,936 : INFO : 23076114 coupon user process 0 
2019-03-25 13:28:51,412 : INFO : 23076114 coupon user process 30000 
2019-03-25 13:28:52,519 : INFO : 23076114 coupon user process 60000 
2019-03-25 13:28:53,198 : INFO : 23076114 coupon user process 90000 
2019-03-25 13:28:53,384 : INFO : 23077096 coupon user process 0 
2019-03-25 13:28:53,576 : INFO : 23077096 coupon user process 30000 
2019-03-25 13:28:53,778 : INFO : 23077096 coupon user process 60000 
2019-03-25 13:28:53,985 : INFO : 23077096 coupon user process 90000 
2019-03-25 13:28:54,060 : INFO : 23077097 coupon user process 0 
2019-03-25 13:28:54,253 : INFO : 23077097 coupon user process 30000 
2019-03-25 13:28:54,456 : INFO : 23077097 coupon user process 60000 
2019-03-25 13:28:54,652 : INFO : 23077097 coupon user process 90000 
2019-03-25 13:28:54,723 : INFO : 23077099 coupon user process 0 
2019-03-25 13:28:54,917 : INFO : 23077099 coupon user process 30000 
2019-03-25 13:28:55,118 : INFO : 23077099 coupon user process 60000 
2019-03-25 13:28:55,327 : INFO : 23077099 coupon user process 90000 
2019-03-25 13:28:55,398 : INFO : 23077101 coupon user process 0 
2019-03-25 13:28:55,594 : INFO : 23077101 coupon user process 30000 
2019-03-25 13:28:55,793 : INFO : 23077101 coupon user process 60000 
2019-03-25 13:28:56,000 : INFO : 23077101 coupon user process 90000 
2019-03-25 13:28:56,071 : INFO : 23078117 coupon user process 0 
2019-03-25 13:28:56,273 : INFO : 23078117 coupon user process 30000 
2019-03-25 13:28:56,482 : INFO : 23078117 coupon user process 60000 
2019-03-25 13:28:56,689 : INFO : 23078117 coupon user process 90000 
2019-03-25 13:28:56,927 : INFO : 23079102 coupon user process 0 
2019-03-25 13:28:57,179 : INFO : 23079102 coupon user process 30000 
2019-03-25 13:28:57,389 : INFO : 23079102 coupon user process 60000 
2019-03-25 13:28:57,597 : INFO : 23079102 coupon user process 90000 
2019-03-25 13:54:07,415 : INFO : load cfg begin
2019-03-25 13:54:07,466 : INFO : load cfg end
2019-03-25 13:54:07,466 : INFO : load data begin
2019-03-25 13:54:07,466 : INFO : load coupon data from myqsl begin
2019-03-25 13:54:19,984 : INFO : load coupon data from myqsl end
2019-03-25 13:54:19,985 : INFO : creat coupon recommend sql begin
2019-03-25 13:54:19,986 : INFO : user count 2703,coupon count 8
2019-03-25 13:54:20,301 : INFO : 22018089 coupon user process 0 
2019-03-25 13:54:20,321 : INFO : coupon process 0
2019-03-25 13:54:20,476 : INFO : 22081092 coupon user process 0 
2019-03-25 13:54:52,201 : INFO : 22081093 coupon user process 0 
2019-03-25 13:55:00,435 : INFO : 22081094 coupon user process 0 
2019-03-25 13:59:48,862 : INFO : 22081095 coupon user process 0 
2019-03-25 14:00:52,295 : INFO : 22081096 coupon user process 0 
2019-03-25 14:01:09,061 : INFO : 22081097 coupon user process 0 
2019-03-25 14:01:34,972 : INFO : 22081098 coupon user process 0 
2019-03-25 14:17:04,158 : INFO : load cfg begin
2019-03-25 14:17:04,192 : INFO : load cfg end
2019-03-25 14:17:04,193 : INFO : load data begin
2019-03-25 14:17:04,193 : INFO : load coupon data from myqsl begin
2019-03-25 14:17:16,148 : INFO : load coupon data from myqsl end
2019-03-25 14:17:16,148 : INFO : creat coupon recommend sql begin
2019-03-25 14:17:16,149 : INFO : user count 285,coupon count 4
2019-03-25 14:17:16,222 : INFO : 22018089 coupon user process 0 
2019-03-25 14:17:16,224 : INFO : coupon process 0
2019-03-25 14:17:16,254 : INFO : 22081092 coupon user process 0 
2019-03-25 14:17:16,318 : INFO : 22081093 coupon user process 0 
2019-03-25 14:17:16,405 : INFO : 22081094 coupon user process 0 
2019-03-25 14:18:18,914 : INFO : load cfg begin
2019-03-25 14:18:18,946 : INFO : load cfg end
2019-03-25 14:18:18,947 : INFO : load data begin
2019-03-25 14:18:18,947 : INFO : load coupon data from myqsl begin
2019-03-25 14:18:30,991 : INFO : load coupon data from myqsl end
2019-03-25 14:18:30,991 : INFO : creat coupon recommend sql begin
2019-03-25 14:18:30,992 : INFO : user count 285,coupon count 4
2019-03-25 14:18:31,067 : INFO : 22018089 coupon user process 0 
2019-03-25 14:18:31,069 : INFO : coupon process 0
2019-03-25 14:18:31,099 : INFO : 22081092 coupon user process 0 
2019-03-25 14:18:31,164 : INFO : 22081093 coupon user process 0 
2019-03-25 14:18:31,239 : INFO : 22081094 coupon user process 0 
2019-03-25 14:57:33,720 : INFO : load cfg begin
2019-03-25 14:57:33,759 : INFO : load cfg end
2019-03-25 14:57:33,759 : INFO : load data begin
2019-03-25 14:57:33,759 : INFO : load coupon data from myqsl begin
2019-03-25 14:57:45,692 : INFO : load coupon data from myqsl end
2019-03-25 14:57:45,692 : INFO : creat coupon recommend sql begin
2019-03-25 14:57:45,693 : INFO : user count 285,coupon count 4
2019-03-25 14:57:46,000 : INFO : 22018089 coupon user process 0 
2019-03-25 14:57:46,004 : INFO : coupon process 0
2019-03-25 14:57:46,160 : INFO : 22081092 coupon user process 0 
2019-03-25 14:58:15,446 : INFO : 22081093 coupon user process 0 
2019-03-25 14:58:23,285 : INFO : 22081094 coupon user process 0 
2019-03-25 14:59:18,560 : INFO : load cfg begin
2019-03-25 14:59:18,611 : INFO : load cfg end
2019-03-25 14:59:18,611 : INFO : load data begin
2019-03-25 14:59:18,611 : INFO : load coupon data from myqsl begin
2019-03-25 14:59:30,609 : INFO : load coupon data from myqsl end
2019-03-25 14:59:30,609 : INFO : creat coupon recommend sql begin
2019-03-25 14:59:30,610 : INFO : user count 285,coupon count 4
2019-03-25 14:59:30,677 : INFO : 22018089 coupon user process 0 
2019-03-25 14:59:30,681 : INFO : coupon process 0
2019-03-25 14:59:30,711 : INFO : 22081092 coupon user process 0 
2019-03-25 14:59:30,774 : INFO : 22081093 coupon user process 0 
2019-03-25 14:59:30,849 : INFO : 22081094 coupon user process 0 
2019-03-26 00:31:47,188 : INFO : load cfg begin
2019-03-26 00:36:38,742 : INFO : load cfg begin
2019-03-26 00:39:49,750 : INFO : load cfg begin
2019-03-26 00:40:55,876 : INFO : load cfg begin
2019-03-26 01:10:59,828 : INFO : load cfg begin
2019-03-26 01:10:59,898 : INFO : load cfg end
2019-03-26 01:10:59,898 : INFO : load data begin
2019-03-26 01:10:59,898 : INFO : load coupon data from myqsl begin
2019-03-26 01:11:14,344 : INFO : load coupon data from myqsl end
2019-03-26 01:11:14,345 : INFO : creat coupon recommend sql begin
2019-03-26 01:11:14,345 : INFO : user count 285,coupon count 4
2019-03-26 01:11:14,416 : INFO : 22018089 coupon user process 0 
2019-03-26 01:11:14,419 : INFO : coupon process 0
2019-03-26 01:11:14,453 : INFO : 22081092 coupon user process 0 
2019-03-26 01:11:14,522 : INFO : 22081093 coupon user process 0 
2019-03-26 01:11:14,607 : INFO : 22081094 coupon user process 0 
2019-03-26 01:27:57,419 : INFO : load cfg begin
2019-03-26 01:27:57,479 : INFO : load cfg end
2019-03-26 01:27:57,479 : INFO : load data begin
2019-03-26 01:27:57,480 : INFO : load coupon data from myqsl begin
2019-03-26 01:28:11,507 : INFO : load coupon data from myqsl end
2019-03-26 01:28:11,507 : INFO : creat coupon recommend sql begin
2019-03-26 01:28:11,508 : INFO : user count 285,coupon count 4
2019-03-26 01:28:11,825 : INFO : 22018089 coupon user process 0 
2019-03-26 01:28:11,828 : INFO : coupon process 0
2019-03-26 01:28:11,978 : INFO : 22081092 coupon user process 0 
2019-03-26 01:28:42,948 : INFO : 22081093 coupon user process 0 
2019-03-26 01:28:50,992 : INFO : 22081094 coupon user process 0 
2019-03-26 01:31:02,481 : INFO : load cfg begin
2019-03-26 01:31:02,546 : INFO : load cfg end
2019-03-26 01:31:02,547 : INFO : load data begin
2019-03-26 01:31:02,547 : INFO : load coupon data from myqsl begin
2019-03-26 01:31:16,021 : INFO : load coupon data from myqsl end
2019-03-26 01:31:16,021 : INFO : creat coupon recommend sql begin
2019-03-26 01:31:16,022 : INFO : user count 285,coupon count 4
2019-03-26 01:31:16,333 : INFO : 22018089 coupon user process 0 
2019-03-26 01:31:16,336 : INFO : coupon process 0
2019-03-26 01:31:16,493 : INFO : 22081092 coupon user process 0 
2019-03-26 01:31:49,112 : INFO : 22081093 coupon user process 0 
2019-03-26 01:31:56,705 : INFO : 22081094 coupon user process 0 
2019-03-26 01:43:50,503 : INFO : load cfg begin
2019-03-26 01:43:50,656 : INFO : load cfg end
2019-03-26 01:43:50,656 : INFO : load data begin
2019-03-26 01:43:50,657 : INFO : load coupon data from myqsl begin
2019-03-26 01:45:25,933 : INFO : load coupon data from myqsl end
2019-03-26 01:45:34,317 : INFO : creat coupon recommend sql begin
2019-03-26 01:47:35,522 : INFO : user count 285,coupon count 4
2019-03-26 01:48:19,542 : INFO : load cfg begin
2019-03-26 01:48:19,686 : INFO : load cfg end
2019-03-26 01:48:19,687 : INFO : load data begin
2019-03-26 01:48:19,687 : INFO : load coupon data from myqsl begin
2019-03-26 01:52:07,000 : INFO : load cfg begin
2019-03-26 01:52:07,063 : INFO : load cfg end
2019-03-26 01:52:07,063 : INFO : load data begin
2019-03-26 01:52:07,063 : INFO : load coupon data from myqsl begin
2019-03-26 01:52:21,144 : INFO : load coupon data from myqsl end
2019-03-26 01:52:21,145 : INFO : creat coupon recommend sql begin
2019-03-26 01:52:21,146 : INFO : user count 285,coupon count 4
2019-03-26 01:52:21,464 : INFO : 22018089 coupon user process 0 
2019-03-26 01:52:21,467 : INFO : coupon process 0
2019-03-26 01:52:21,625 : INFO : 22081092 coupon user process 0 
2019-03-26 01:52:53,114 : INFO : 22081093 coupon user process 0 
2019-03-26 01:53:01,052 : INFO : 22081094 coupon user process 0 
2019-03-26 01:53:09,057 : INFO : save coupon_user_access_base_coupon
2019-03-26 01:53:09,125 : INFO : 22018089 coupon user process 0 
2019-03-26 01:53:09,128 : INFO : coupon process 0
2019-03-26 01:53:09,170 : INFO : 22081092 coupon user process 0 
2019-03-26 01:53:09,241 : INFO : 22081093 coupon user process 0 
2019-03-26 01:53:09,318 : INFO : 22081094 coupon user process 0 
2019-03-26 01:53:10,502 : INFO : save coupon_user_use_base_coupon
2019-03-26 01:53:10,502 : INFO : creat coupon recommend sql end
2019-03-26 01:53:10,502 : INFO : creat recommend table done
2019-03-26 02:12:48,366 : INFO : load cfg begin
2019-03-26 02:12:48,434 : INFO : load cfg end
2019-03-26 02:12:48,434 : INFO : load data begin
2019-03-26 02:12:48,434 : INFO : load coupon data from myqsl begin
2019-03-26 02:13:02,396 : INFO : load coupon data from myqsl end
2019-03-26 02:13:02,396 : INFO : creat coupon recommend sql begin
2019-03-26 02:13:02,397 : INFO : user count 285,coupon count 4
2019-03-26 02:13:02,699 : INFO : 22018089 coupon user process 0 
2019-03-26 02:13:02,701 : INFO : coupon process 0
2019-03-26 02:13:02,855 : INFO : 22081092 coupon user process 0 
2019-03-26 02:13:32,619 : INFO : 22081093 coupon user process 0 
2019-03-26 02:13:40,519 : INFO : 22081094 coupon user process 0 
2019-03-26 02:13:48,172 : INFO : save coupon_user_access_base_coupon
2019-03-26 02:13:48,241 : INFO : 22018089 coupon user process 0 
2019-03-26 02:13:48,243 : INFO : coupon process 0
2019-03-26 02:13:48,275 : INFO : 22081092 coupon user process 0 
2019-03-26 02:13:48,342 : INFO : 22081093 coupon user process 0 
2019-03-26 02:13:48,416 : INFO : 22081094 coupon user process 0 
2019-03-26 02:13:49,583 : INFO : save coupon_user_use_base_coupon
2019-03-26 02:13:49,583 : INFO : creat coupon recommend sql end
2019-03-26 02:13:49,584 : INFO : creat recommend table done
2019-03-26 02:13:49,605 : INFO : load brand cat - coupon from mysql begin
2019-03-26 02:13:51,031 : INFO : load brand cat - coupon from mysql end
2019-03-26 02:13:51,031 : INFO : creat brand cat - coupon table begin
2019-03-26 02:13:51,031 : INFO : creat brand - coupon from mysql begin
2019-03-26 02:19:23,162 : INFO : load cfg begin
2019-03-26 02:19:23,227 : INFO : load cfg end
2019-03-26 02:19:23,227 : INFO : load data begin
2019-03-26 02:19:23,228 : INFO : load coupon data from myqsl begin
2019-03-26 02:19:37,317 : INFO : load coupon data from myqsl end
2019-03-26 02:19:37,318 : INFO : creat coupon recommend sql begin
2019-03-26 02:19:37,318 : INFO : user count 285,coupon count 4
2019-03-26 02:19:37,621 : INFO : 22018089 coupon user process 0 
2019-03-26 02:19:37,624 : INFO : coupon process 0
2019-03-26 02:19:37,773 : INFO : 22081092 coupon user process 0 
2019-03-26 02:20:08,746 : INFO : 22081093 coupon user process 0 
2019-03-26 02:20:16,710 : INFO : 22081094 coupon user process 0 
2019-03-26 02:20:24,354 : INFO : save coupon_user_access_base_coupon
2019-03-26 02:20:24,421 : INFO : 22018089 coupon user process 0 
2019-03-26 02:20:24,424 : INFO : coupon process 0
2019-03-26 02:20:24,456 : INFO : 22081092 coupon user process 0 
2019-03-26 02:20:24,522 : INFO : 22081093 coupon user process 0 
2019-03-26 02:20:24,596 : INFO : 22081094 coupon user process 0 
2019-03-26 02:20:25,757 : INFO : save coupon_user_use_base_coupon
2019-03-26 02:20:25,757 : INFO : creat coupon recommend sql end
2019-03-26 02:20:25,758 : INFO : creat recommend table done
2019-03-26 02:20:25,780 : INFO : load brand cat - coupon from mysql begin
2019-03-26 02:20:27,112 : INFO : load brand cat - coupon from mysql end
2019-03-26 02:20:27,112 : INFO : creat brand cat - coupon table begin
2019-03-26 02:20:27,112 : INFO : creat brand - coupon from mysql begin
2019-03-26 02:45:14,631 : INFO : load cfg begin
2019-03-26 02:45:14,695 : INFO : load cfg end
2019-03-26 02:45:14,695 : INFO : load data begin
2019-03-26 02:45:14,695 : INFO : load coupon data from myqsl begin
2019-03-26 02:45:28,744 : INFO : load coupon data from myqsl end
2019-03-26 02:45:28,744 : INFO : creat coupon recommend sql begin
2019-03-26 02:45:28,745 : INFO : user count 285,coupon count 4
2019-03-26 02:45:28,814 : INFO : 22018089 coupon user process 0 
2019-03-26 02:45:28,817 : INFO : coupon process 0
2019-03-26 02:45:28,848 : INFO : 22081092 coupon user process 0 
2019-03-26 02:45:28,916 : INFO : 22081093 coupon user process 0 
2019-03-26 02:45:29,000 : INFO : 22081094 coupon user process 0 
2019-03-26 02:45:30,229 : INFO : save coupon_user_use_base_coupon
2019-03-26 02:45:30,541 : INFO : 22018089 coupon user process 0 
2019-03-26 02:45:30,543 : INFO : coupon process 0
2019-03-26 02:45:30,699 : INFO : 22081092 coupon user process 0 
2019-03-26 02:46:02,042 : INFO : 22081093 coupon user process 0 
2019-03-26 02:46:10,271 : INFO : 22081094 coupon user process 0 
2019-03-26 02:46:18,104 : INFO : save coupon_user_access_base_coupon
2019-03-26 02:46:18,104 : INFO : creat coupon recommend sql end
2019-03-26 02:46:18,104 : INFO : creat recommend table done
2019-03-26 02:46:18,134 : INFO : load brand cat - coupon from mysql begin
2019-03-26 02:46:19,483 : INFO : load brand cat - coupon from mysql end
2019-03-26 02:46:19,484 : INFO : creat brand cat - coupon table begin
2019-03-26 02:46:19,484 : INFO : creat brand - coupon from mysql begin
2019-03-26 02:54:18,944 : INFO : load cfg begin
2019-03-26 02:54:19,011 : INFO : load cfg end
2019-03-26 02:54:19,011 : INFO : load data begin
2019-03-26 02:54:19,011 : INFO : load coupon data from myqsl begin
2019-03-26 02:54:32,936 : INFO : load coupon data from myqsl end
2019-03-26 02:54:32,937 : INFO : creat coupon recommend sql begin
2019-03-26 02:54:32,938 : INFO : user count 285,coupon count 4
2019-03-26 02:54:33,204 : INFO : 22018089 coupon user process 0 
2019-03-26 02:54:33,207 : INFO : coupon process 0
2019-03-26 02:54:33,340 : INFO : 22081092 coupon user process 0 
2019-03-26 02:55:03,040 : INFO : 22081093 coupon user process 0 
2019-03-26 02:55:10,562 : INFO : 22081094 coupon user process 0 
2019-03-26 02:55:17,914 : INFO : save coupon_user_access_base_coupon
2019-03-26 02:55:17,973 : INFO : 22018089 coupon user process 0 
2019-03-26 02:55:17,975 : INFO : coupon process 0
2019-03-26 02:55:18,004 : INFO : 22081092 coupon user process 0 
2019-03-26 02:55:18,064 : INFO : 22081093 coupon user process 0 
2019-03-26 02:55:18,163 : INFO : 22081094 coupon user process 0 
2019-03-26 02:55:19,335 : INFO : save coupon_user_use_base_coupon
2019-03-26 02:55:19,336 : INFO : creat coupon recommend sql end
2019-03-26 02:55:19,336 : INFO : creat recommend table done
2019-03-26 02:55:19,360 : INFO : load brand cat - coupon from mysql begin
2019-03-26 02:55:20,685 : INFO : load brand cat - coupon from mysql end
2019-03-26 02:55:20,685 : INFO : creat brand cat - coupon table begin
2019-03-26 02:55:20,685 : INFO : creat brand - coupon from mysql begin
2019-03-26 03:18:22,895 : INFO : load cfg begin
2019-03-26 03:18:22,962 : INFO : load cfg end
2019-03-26 03:18:22,962 : INFO : load data begin
2019-03-26 03:18:22,962 : INFO : load coupon data from myqsl begin
2019-03-26 03:18:37,374 : INFO : load coupon data from myqsl end
2019-03-26 03:18:37,374 : INFO : creat coupon recommend sql begin
2019-03-26 03:18:37,375 : INFO : user count 285,coupon count 4
2019-03-26 03:18:37,683 : INFO : 22018089 coupon user process 0 
2019-03-26 03:18:37,686 : INFO : coupon process 0
2019-03-26 03:18:37,843 : INFO : 22081092 coupon user process 0 
2019-03-26 03:19:09,855 : INFO : 22081093 coupon user process 0 
2019-03-26 03:19:17,897 : INFO : 22081094 coupon user process 0 
2019-03-26 03:19:25,981 : INFO : save coupon_user_access_base_coupon
2019-03-26 03:19:26,048 : INFO : 22018089 coupon user process 0 
2019-03-26 03:19:26,050 : INFO : coupon process 0
2019-03-26 03:19:26,082 : INFO : 22081092 coupon user process 0 
2019-03-26 03:19:26,147 : INFO : 22081093 coupon user process 0 
2019-03-26 03:19:26,244 : INFO : 22081094 coupon user process 0 
2019-03-26 03:19:27,382 : INFO : save coupon_user_use_base_coupon
2019-03-26 03:19:27,382 : INFO : creat coupon recommend sql end
2019-03-26 03:19:27,382 : INFO : creat recommend table done
2019-03-26 03:19:27,407 : INFO : load brand cat - coupon from mysql begin
2019-03-26 03:19:28,749 : INFO : load brand cat - coupon from mysql end
2019-03-26 03:19:28,749 : INFO : creat brand cat - coupon table begin
2019-03-26 03:19:28,749 : INFO : creat brand - coupon from mysql begin
2019-03-26 03:23:47,343 : INFO : load cfg begin
2019-03-26 03:23:47,405 : INFO : load cfg end
2019-03-26 03:23:47,406 : INFO : load data begin
2019-03-26 03:23:47,406 : INFO : load coupon data from myqsl begin
2019-03-26 03:24:01,207 : INFO : load coupon data from myqsl end
2019-03-26 03:24:01,208 : INFO : read coupon recommend sql begin
2019-03-26 03:24:01,246 : INFO : read coupn recommend sql end
2019-03-26 03:24:01,246 : INFO : creat recommend table done
2019-03-26 03:24:01,246 : INFO : load brand cat - coupon from mysql begin
2019-03-26 03:24:02,601 : INFO : load brand cat - coupon from mysql end
2019-03-26 03:24:02,601 : INFO : creat brand cat - coupon table begin
2019-03-26 03:24:02,601 : INFO : creat brand - coupon from mysql begin
2019-03-26 03:30:33,822 : INFO : load cfg begin
2019-03-26 03:30:33,893 : INFO : load cfg end
2019-03-26 03:30:33,893 : INFO : load data begin
2019-03-26 03:30:33,893 : INFO : load coupon data from myqsl begin
2019-03-26 03:30:48,108 : INFO : load coupon data from myqsl end
2019-03-26 03:30:48,108 : INFO : read coupon recommend sql begin
2019-03-26 03:30:48,166 : INFO : read coupn recommend sql end
2019-03-26 03:30:48,166 : INFO : creat recommend table done
2019-03-26 03:30:48,166 : INFO : load brand cat - coupon from mysql begin
2019-03-26 03:30:49,556 : INFO : load brand cat - coupon from mysql end
2019-03-26 03:30:49,557 : INFO : creat brand cat - coupon table begin
2019-03-26 03:30:49,557 : INFO : creat brand - coupon from mysql begin
2019-03-26 03:37:36,430 : INFO : creat brand - coupon from mysql end
2019-03-26 03:37:36,431 : INFO : creat cat - coupon from mysql begin
2019-03-26 04:26:54,223 : INFO : load cfg begin
2019-03-26 04:26:54,289 : INFO : load cfg end
2019-03-26 04:26:54,289 : INFO : load data begin
2019-03-26 04:26:54,290 : INFO : load coupon data from myqsl begin
2019-03-26 04:27:08,420 : INFO : load coupon data from myqsl end
2019-03-26 04:27:08,421 : INFO : read coupon recommend sql begin
2019-03-26 04:27:08,460 : INFO : read coupn recommend sql end
2019-03-26 04:27:08,460 : INFO : creat recommend table done
2019-03-26 04:27:08,460 : INFO : load brand cat - coupon from mysql begin
2019-03-26 04:27:09,839 : INFO : load brand cat - coupon from mysql end
2019-03-26 04:27:09,840 : INFO : creat brand cat - coupon table begin
2019-03-26 04:27:09,840 : INFO : creat brand - coupon from mysql begin
2019-03-26 04:30:10,151 : INFO : load cfg begin
2019-03-26 04:30:10,209 : INFO : load cfg end
2019-03-26 04:30:10,209 : INFO : load data begin
2019-03-26 04:30:10,210 : INFO : load coupon data from myqsl begin
2019-03-26 04:30:24,487 : INFO : load coupon data from myqsl end
2019-03-26 04:30:24,488 : INFO : read coupon recommend sql begin
2019-03-26 04:30:24,527 : INFO : read coupn recommend sql end
2019-03-26 04:30:24,527 : INFO : creat recommend table done
2019-03-26 04:30:24,527 : INFO : load brand cat - coupon from mysql begin
2019-03-26 04:30:25,892 : INFO : load brand cat - coupon from mysql end
2019-03-26 04:30:25,892 : INFO : creat brand cat - coupon table begin
2019-03-26 04:30:25,892 : INFO : creat brand - coupon from mysql begin
2019-03-26 04:36:52,023 : INFO : load cfg begin
2019-03-26 04:36:52,093 : INFO : load cfg end
2019-03-26 04:36:52,093 : INFO : load data begin
2019-03-26 04:36:52,093 : INFO : load coupon data from myqsl begin
2019-03-26 04:37:05,812 : INFO : load coupon data from myqsl end
2019-03-26 04:37:05,813 : INFO : read coupon recommend sql begin
2019-03-26 04:37:05,850 : INFO : read coupn recommend sql end
2019-03-26 04:37:05,850 : INFO : creat recommend table done
2019-03-26 04:37:05,851 : INFO : load brand cat - coupon from mysql begin
2019-03-26 04:37:07,197 : INFO : load brand cat - coupon from mysql end
2019-03-26 04:37:07,197 : INFO : creat brand cat - coupon table begin
2019-03-26 04:37:07,197 : INFO : creat brand - coupon from mysql begin
2019-03-26 05:03:12,722 : INFO : load cfg begin
2019-03-26 05:03:12,787 : INFO : load cfg end
2019-03-26 05:03:12,787 : INFO : load data begin
2019-03-26 05:03:12,787 : INFO : load coupon data from myqsl begin
2019-03-26 05:03:26,529 : INFO : load coupon data from myqsl end
2019-03-26 05:03:26,529 : INFO : read coupon recommend sql begin
2019-03-26 05:03:26,570 : INFO : read coupn recommend sql end
2019-03-26 05:03:26,570 : INFO : creat recommend table done
2019-03-26 05:03:26,570 : INFO : load brand cat - coupon from mysql begin
2019-03-26 05:03:27,904 : INFO : load brand cat - coupon from mysql end
2019-03-26 05:03:27,904 : INFO : creat brand cat - coupon table begin
2019-03-26 05:03:27,904 : INFO : creat brand - coupon from mysql begin
2019-03-26 05:03:27,967 : INFO : 22217098 coupon cprocess 0 
2019-03-26 05:03:31,076 : INFO : 22359130 coupon cprocess 300 
2019-03-26 05:03:31,367 : INFO : cat process 0
2019-03-26 05:03:31,401 : INFO : 22217098 coupon cprocess 0 
2019-03-26 05:03:32,220 : INFO : 22359130 coupon cprocess 300 
2019-03-26 05:03:32,337 : INFO : 22217098 coupon cprocess 0 
2019-03-26 05:03:32,581 : INFO : 22359130 coupon cprocess 300 
2019-03-26 05:03:32,612 : INFO : 22217098 coupon cprocess 0 
2019-03-26 05:03:32,884 : INFO : 22359130 coupon cprocess 300 
2019-03-26 05:03:32,917 : INFO : 22217098 coupon cprocess 0 
2019-03-26 05:03:33,007 : INFO : 22359130 coupon cprocess 300 
2019-03-26 05:03:33,041 : INFO : 22217098 coupon cprocess 0 
2019-03-26 05:03:34,517 : INFO : 22359130 coupon cprocess 300 
2019-03-26 05:03:34,774 : INFO : 22217098 coupon cprocess 0 
2019-03-26 05:03:35,219 : INFO : 22359130 coupon cprocess 300 
2019-03-26 05:03:35,297 : INFO : 22217098 coupon cprocess 0 
2019-03-26 05:03:35,754 : INFO : 22359130 coupon cprocess 300 
2019-03-26 05:03:35,825 : INFO : 22217098 coupon cprocess 0 
2019-03-26 05:03:36,397 : INFO : 22359130 coupon cprocess 300 
2019-03-26 05:03:36,541 : INFO : 22217098 coupon cprocess 0 
2019-03-26 05:03:36,690 : INFO : 22359130 coupon cprocess 300 
2019-03-26 05:03:36,722 : INFO : 22217098 coupon cprocess 0 
2019-03-26 05:03:36,782 : INFO : 22359130 coupon cprocess 300 
2019-03-26 05:03:36,817 : INFO : 22217098 coupon cprocess 0 
2019-03-26 05:03:37,509 : INFO : 22359130 coupon cprocess 300 
2019-03-26 05:03:37,617 : INFO : 22217098 coupon cprocess 0 
2019-03-26 05:03:37,693 : INFO : 22359130 coupon cprocess 300 
2019-03-26 05:03:37,727 : INFO : 22217098 coupon cprocess 0 
2019-03-26 05:03:37,821 : INFO : 22359130 coupon cprocess 300 
2019-03-26 05:03:37,859 : INFO : 22217098 coupon cprocess 0 
2019-03-26 05:03:38,276 : INFO : 22359130 coupon cprocess 300 
2019-03-26 05:03:38,364 : INFO : 22217098 coupon cprocess 0 
2019-03-26 05:03:38,859 : INFO : 22359130 coupon cprocess 300 
2019-03-26 05:03:38,965 : INFO : 22217098 coupon cprocess 0 
2019-03-26 05:03:39,223 : INFO : 22359130 coupon cprocess 300 
2019-03-26 05:03:39,292 : INFO : 22217098 coupon cprocess 0 
2019-03-26 05:03:39,810 : INFO : 22359130 coupon cprocess 300 
2019-03-26 05:03:39,923 : INFO : 22217098 coupon cprocess 0 
2019-03-26 05:03:41,112 : INFO : 22359130 coupon cprocess 300 
2019-03-26 05:03:41,382 : INFO : 22217098 coupon cprocess 0 
2019-03-26 05:03:42,439 : INFO : 22359130 coupon cprocess 300 
2019-03-26 05:03:42,674 : INFO : 22217098 coupon cprocess 0 
2019-03-26 05:03:43,074 : INFO : 22359130 coupon cprocess 300 
2019-03-26 05:03:43,192 : INFO : 22217098 coupon cprocess 0 
2019-03-26 05:03:45,357 : INFO : 22359130 coupon cprocess 300 
2019-03-26 05:03:45,639 : INFO : 22217098 coupon cprocess 0 
2019-03-26 05:03:46,635 : INFO : 22359130 coupon cprocess 300 
2019-03-26 05:03:46,849 : INFO : 22217098 coupon cprocess 0 
2019-03-26 05:03:47,500 : INFO : 22359130 coupon cprocess 300 
2019-03-26 05:03:47,603 : INFO : 22217098 coupon cprocess 0 
2019-03-26 05:03:48,503 : INFO : 22359130 coupon cprocess 300 
2019-03-26 05:03:48,682 : INFO : 22217098 coupon cprocess 0 
2019-03-26 05:03:48,803 : INFO : 22359130 coupon cprocess 300 
2019-03-26 05:03:48,872 : INFO : 22217098 coupon cprocess 0 
2019-03-26 05:03:49,064 : INFO : 22359130 coupon cprocess 300 
2019-03-26 05:03:49,118 : INFO : 22217098 coupon cprocess 0 
2019-03-26 05:03:50,132 : INFO : 22359130 coupon cprocess 300 
2019-03-26 05:03:50,386 : INFO : 22217098 coupon cprocess 0 
2019-03-26 05:03:50,823 : INFO : 22359130 coupon cprocess 300 
2019-03-26 05:03:50,967 : INFO : 22217098 coupon cprocess 0 
2019-03-26 05:03:52,651 : INFO : 22359130 coupon cprocess 300 
2019-03-26 05:03:52,830 : INFO : 22217098 coupon cprocess 0 
2019-03-26 05:03:53,379 : INFO : 22359130 coupon cprocess 300 
2019-03-26 05:03:53,555 : INFO : 22217098 coupon cprocess 0 
2019-03-26 05:03:53,627 : INFO : 22359130 coupon cprocess 300 
2019-03-26 05:03:53,701 : INFO : 22217098 coupon cprocess 0 
2019-03-26 05:03:55,851 : INFO : 22359130 coupon cprocess 300 
2019-03-26 05:03:56,156 : INFO : 22217098 coupon cprocess 0 
2019-03-26 05:03:56,488 : INFO : 22359130 coupon cprocess 300 
2019-03-26 05:03:56,560 : INFO : 22217098 coupon cprocess 0 
2019-03-26 05:03:57,683 : INFO : 22359130 coupon cprocess 300 
2019-03-26 05:03:57,973 : INFO : 22217098 coupon cprocess 0 
2019-03-26 05:03:59,024 : INFO : 22359130 coupon cprocess 300 
2019-03-26 05:03:59,185 : INFO : 22217098 coupon cprocess 0 
2019-03-26 05:04:01,555 : INFO : 22359130 coupon cprocess 300 
2019-03-26 05:04:01,895 : INFO : 22217098 coupon cprocess 0 
2019-03-26 05:04:04,156 : INFO : 22359130 coupon cprocess 300 
2019-03-26 05:04:04,421 : INFO : 22217098 coupon cprocess 0 
2019-03-26 05:04:05,431 : INFO : 22359130 coupon cprocess 300 
2019-03-26 05:04:05,681 : INFO : 22217098 coupon cprocess 0 
2019-03-26 05:04:06,521 : INFO : 22359130 coupon cprocess 300 
2019-03-26 05:04:06,666 : INFO : 22217098 coupon cprocess 0 
2019-03-26 05:04:07,081 : INFO : 22359130 coupon cprocess 300 
2019-03-26 05:04:07,225 : INFO : 22217098 coupon cprocess 0 
2019-03-26 05:04:07,437 : INFO : 22359130 coupon cprocess 300 
2019-03-26 05:04:07,470 : INFO : 22217098 coupon cprocess 0 
2019-03-26 05:04:07,781 : INFO : 22359130 coupon cprocess 300 
2019-03-26 05:04:07,901 : INFO : 22217098 coupon cprocess 0 
2019-03-26 05:04:11,554 : INFO : 22359130 coupon cprocess 300 
2019-03-26 05:04:11,920 : INFO : 22217098 coupon cprocess 0 
2019-03-26 05:04:12,125 : INFO : 22359130 coupon cprocess 300 
2019-03-26 05:04:12,236 : INFO : 22217098 coupon cprocess 0 
2019-03-26 05:04:13,006 : INFO : 22359130 coupon cprocess 300 
2019-03-26 05:04:13,181 : INFO : 22217098 coupon cprocess 0 
2019-03-26 05:04:14,557 : INFO : 22359130 coupon cprocess 300 
2019-03-26 05:04:14,680 : INFO : 22217098 coupon cprocess 0 
2019-03-26 05:04:14,969 : INFO : 22359130 coupon cprocess 300 
2019-03-26 05:04:15,058 : INFO : 22217098 coupon cprocess 0 
2019-03-26 05:04:15,188 : INFO : 22359130 coupon cprocess 300 
2019-03-26 05:04:15,280 : INFO : 22217098 coupon cprocess 0 
2019-03-26 05:04:16,270 : INFO : 22359130 coupon cprocess 300 
2019-03-26 05:04:16,527 : INFO : 22217098 coupon cprocess 0 
2019-03-26 05:04:18,957 : INFO : 22359130 coupon cprocess 300 
2019-03-26 05:04:19,319 : INFO : 22217098 coupon cprocess 0 
2019-03-26 05:04:19,755 : INFO : 22359130 coupon cprocess 300 
2019-03-26 05:04:19,825 : INFO : 22217098 coupon cprocess 0 
2019-03-26 05:04:20,484 : INFO : 22359130 coupon cprocess 300 
2019-03-26 05:04:20,556 : INFO : 22217098 coupon cprocess 0 
2019-03-26 05:04:22,612 : INFO : 22359130 coupon cprocess 300 
2019-03-26 05:04:22,873 : INFO : 22217098 coupon cprocess 0 
2019-03-26 05:04:25,518 : INFO : 22359130 coupon cprocess 300 
2019-03-26 05:04:25,901 : INFO : 22217098 coupon cprocess 0 
2019-03-26 05:04:27,357 : INFO : 22359130 coupon cprocess 300 
2019-03-26 05:04:27,598 : INFO : 22217098 coupon cprocess 0 
2019-03-26 05:04:29,410 : INFO : 22359130 coupon cprocess 300 
2019-03-26 05:04:29,680 : INFO : 22217098 coupon cprocess 0 
2019-03-26 05:04:31,350 : INFO : 22359130 coupon cprocess 300 
2019-03-26 05:04:31,645 : INFO : 22217098 coupon cprocess 0 
2019-03-26 05:04:32,043 : INFO : 22359130 coupon cprocess 300 
2019-03-26 05:04:32,132 : INFO : 22217098 coupon cprocess 0 
2019-03-26 05:04:32,832 : INFO : 22359130 coupon cprocess 300 
2019-03-26 05:04:32,884 : INFO : 22217098 coupon cprocess 0 
2019-03-26 05:04:34,214 : INFO : 22359130 coupon cprocess 300 
2019-03-26 05:04:34,412 : INFO : 22217098 coupon cprocess 0 
2019-03-26 05:04:38,915 : INFO : 22359130 coupon cprocess 300 
2019-03-26 05:04:39,478 : INFO : 22217098 coupon cprocess 0 
2019-03-26 05:04:39,920 : INFO : 22359130 coupon cprocess 300 
2019-03-26 05:04:40,048 : INFO : 22217098 coupon cprocess 0 
2019-03-26 05:04:41,033 : INFO : 22359130 coupon cprocess 300 
2019-03-26 05:04:41,140 : INFO : 22217098 coupon cprocess 0 
2019-03-26 05:04:41,402 : INFO : 22359130 coupon cprocess 300 
2019-03-26 05:04:41,484 : INFO : 22217098 coupon cprocess 0 
2019-03-26 05:04:44,347 : INFO : 22359130 coupon cprocess 300 
2019-03-26 05:04:44,706 : INFO : 22217098 coupon cprocess 0 
2019-03-26 05:04:45,338 : INFO : 22359130 coupon cprocess 300 
2019-03-26 05:04:45,447 : INFO : 22217098 coupon cprocess 0 
2019-03-26 05:04:46,071 : INFO : 22359130 coupon cprocess 300 
2019-03-26 05:04:46,267 : INFO : 22217098 coupon cprocess 0 
2019-03-26 05:04:47,098 : INFO : 22359130 coupon cprocess 300 
2019-03-26 05:04:47,315 : INFO : 22217098 coupon cprocess 0 
2019-03-26 05:04:47,687 : INFO : 22359130 coupon cprocess 300 
2019-03-26 05:04:47,748 : INFO : 22217098 coupon cprocess 0 
2019-03-26 05:04:50,130 : INFO : 22359130 coupon cprocess 300 
2019-03-26 05:04:50,427 : INFO : 22217098 coupon cprocess 0 
2019-03-26 05:04:51,870 : INFO : 22359130 coupon cprocess 300 
2019-03-26 05:04:52,125 : INFO : 22217098 coupon cprocess 0 
2019-03-26 05:04:55,159 : INFO : 22359130 coupon cprocess 300 
2019-03-26 05:04:55,514 : INFO : 22217098 coupon cprocess 0 
2019-03-26 05:04:56,717 : INFO : 22359130 coupon cprocess 300 
2019-03-26 05:04:56,948 : INFO : 22217098 coupon cprocess 0 
2019-03-26 05:04:57,856 : INFO : 22359130 coupon cprocess 300 
2019-03-26 05:04:57,971 : INFO : 22217098 coupon cprocess 0 
2019-03-26 05:04:58,377 : INFO : 22359130 coupon cprocess 300 
2019-03-26 05:04:58,440 : INFO : 22217098 coupon cprocess 0 
2019-03-26 05:04:58,493 : INFO : 22359130 coupon cprocess 300 
2019-03-26 05:04:58,523 : INFO : 22217098 coupon cprocess 0 
2019-03-26 05:04:58,952 : INFO : 22359130 coupon cprocess 300 
2019-03-26 05:04:59,003 : INFO : 22217098 coupon cprocess 0 
2019-03-26 05:04:59,839 : INFO : 22359130 coupon cprocess 300 
2019-03-26 05:04:59,968 : INFO : 22217098 coupon cprocess 0 
2019-03-26 05:05:00,237 : INFO : 22359130 coupon cprocess 300 
2019-03-26 05:05:00,289 : INFO : 22217098 coupon cprocess 0 
2019-03-26 05:05:01,093 : INFO : 22359130 coupon cprocess 300 
2019-03-26 05:05:01,303 : INFO : 22217098 coupon cprocess 0 
2019-03-26 05:05:03,088 : INFO : 22359130 coupon cprocess 300 
2019-03-26 05:05:03,410 : INFO : 22217098 coupon cprocess 0 
2019-03-26 05:05:04,025 : INFO : 22359130 coupon cprocess 300 
2019-03-26 05:05:04,209 : INFO : 22217098 coupon cprocess 0 
2019-03-26 05:05:06,489 : INFO : 22359130 coupon cprocess 300 
2019-03-26 05:05:06,738 : INFO : 22217098 coupon cprocess 0 
2019-03-26 05:05:08,095 : INFO : 22359130 coupon cprocess 300 
2019-03-26 05:05:08,360 : INFO : 22217098 coupon cprocess 0 
2019-03-26 05:05:08,732 : INFO : 22359130 coupon cprocess 300 
2019-03-26 05:05:08,913 : INFO : 22217098 coupon cprocess 0 
2019-03-26 05:05:09,129 : INFO : 22359130 coupon cprocess 300 
2019-03-26 05:05:09,169 : INFO : 22217098 coupon cprocess 0 
2019-03-26 05:05:10,689 : INFO : 22359130 coupon cprocess 300 
2019-03-26 05:05:10,957 : INFO : 22217098 coupon cprocess 0 
2019-03-26 05:05:11,288 : INFO : 22359130 coupon cprocess 300 
2019-03-26 05:05:11,362 : INFO : 22217098 coupon cprocess 0 
2019-03-26 05:05:11,635 : INFO : 22359130 coupon cprocess 300 
2019-03-26 05:05:11,686 : INFO : 22217098 coupon cprocess 0 
2019-03-26 05:05:11,856 : INFO : 22359130 coupon cprocess 300 
2019-03-26 05:05:11,922 : INFO : 22217098 coupon cprocess 0 
2019-03-26 05:05:12,056 : INFO : 22359130 coupon cprocess 300 
2019-03-26 05:05:12,161 : INFO : 22217098 coupon cprocess 0 
2019-03-26 05:05:12,910 : INFO : 22359130 coupon cprocess 300 
2019-03-26 05:05:13,093 : INFO : 22217098 coupon cprocess 0 
2019-03-26 05:05:14,340 : INFO : 22359130 coupon cprocess 300 
2019-03-26 05:05:14,483 : INFO : 22217098 coupon cprocess 0 
2019-03-26 05:05:14,645 : INFO : 22359130 coupon cprocess 300 
2019-03-26 05:05:14,685 : INFO : 22217098 coupon cprocess 0 
2019-03-26 05:05:16,977 : INFO : 22359130 coupon cprocess 300 
2019-03-26 05:05:17,301 : INFO : 22217098 coupon cprocess 0 
2019-03-26 05:05:17,323 : INFO : 22359130 coupon cprocess 300 
2019-03-26 05:05:17,338 : INFO : 22217098 coupon cprocess 0 
2019-03-26 05:05:17,879 : INFO : 22359130 coupon cprocess 300 
2019-03-26 05:05:17,930 : INFO : 22217098 coupon cprocess 0 
2019-03-26 05:05:18,598 : INFO : 22359130 coupon cprocess 300 
2019-03-26 05:05:18,691 : INFO : 22217098 coupon cprocess 0 
2019-03-26 05:05:19,262 : INFO : 22359130 coupon cprocess 300 
2019-03-26 05:05:19,449 : INFO : 22217098 coupon cprocess 0 
2019-03-26 05:05:19,541 : INFO : 22359130 coupon cprocess 300 
2019-03-26 05:05:19,541 : INFO : cat process 100
2019-03-26 05:05:19,557 : INFO : 22217098 coupon cprocess 0 
2019-03-26 05:05:20,330 : INFO : 22359130 coupon cprocess 300 
2019-03-26 05:05:20,456 : INFO : 22217098 coupon cprocess 0 
2019-03-26 05:05:20,702 : INFO : 22359130 coupon cprocess 300 
2019-03-26 05:05:20,718 : INFO : 22217098 coupon cprocess 0 
2019-03-26 05:05:20,833 : INFO : 22359130 coupon cprocess 300 
2019-03-26 05:05:20,849 : INFO : 22217098 coupon cprocess 0 
2019-03-26 05:05:21,109 : INFO : 22359130 coupon cprocess 300 
2019-03-26 05:05:21,124 : INFO : 22217098 coupon cprocess 0 
2019-03-26 05:05:21,538 : INFO : 22359130 coupon cprocess 300 
2019-03-26 05:05:21,574 : INFO : 22217098 coupon cprocess 0 
2019-03-26 05:05:23,565 : INFO : 22359130 coupon cprocess 300 
2019-03-26 05:05:23,818 : INFO : 22217098 coupon cprocess 0 
2019-03-26 05:05:23,891 : INFO : 22359130 coupon cprocess 300 
2019-03-26 05:05:23,908 : INFO : 22217098 coupon cprocess 0 
2019-03-26 05:05:25,024 : INFO : 22359130 coupon cprocess 300 
2019-03-26 05:05:25,243 : INFO : 22217098 coupon cprocess 0 
2019-03-26 05:05:26,459 : INFO : 22359130 coupon cprocess 300 
2019-03-26 05:05:26,601 : INFO : 22217098 coupon cprocess 0 
2019-03-26 05:05:27,529 : INFO : 22359130 coupon cprocess 300 
2019-03-26 05:05:27,646 : INFO : 22217098 coupon cprocess 0 
2019-03-26 05:05:27,765 : INFO : 22359130 coupon cprocess 300 
2019-03-26 05:05:27,797 : INFO : 22217098 coupon cprocess 0 
2019-03-26 05:05:27,933 : INFO : 22359130 coupon cprocess 300 
2019-03-26 05:05:27,980 : INFO : 22217098 coupon cprocess 0 
2019-03-26 05:05:28,616 : INFO : 22359130 coupon cprocess 300 
2019-03-26 05:05:28,667 : INFO : 22217098 coupon cprocess 0 
2019-03-26 05:05:28,863 : INFO : 22359130 coupon cprocess 300 
2019-03-26 05:05:28,878 : INFO : 22217098 coupon cprocess 0 
2019-03-26 05:05:29,435 : INFO : 22359130 coupon cprocess 300 
2019-03-26 05:05:29,539 : INFO : 22217098 coupon cprocess 0 
2019-03-26 05:05:29,846 : INFO : 22359130 coupon cprocess 300 
2019-03-26 05:05:29,954 : INFO : 22217098 coupon cprocess 0 
2019-03-26 05:05:31,618 : INFO : 22359130 coupon cprocess 300 
2019-03-26 05:05:31,833 : INFO : 22217098 coupon cprocess 0 
2019-03-26 05:05:32,127 : INFO : 22359130 coupon cprocess 300 
2019-03-26 05:05:32,219 : INFO : 22217098 coupon cprocess 0 
2019-03-26 05:05:32,466 : INFO : 22359130 coupon cprocess 300 
2019-03-26 05:05:32,534 : INFO : 22217098 coupon cprocess 0 
2019-03-26 05:05:32,634 : INFO : 22359130 coupon cprocess 300 
2019-03-26 05:05:32,650 : INFO : 22217098 coupon cprocess 0 
2019-03-26 05:05:33,215 : INFO : 22359130 coupon cprocess 300 
2019-03-26 05:05:33,298 : INFO : 22217098 coupon cprocess 0 
2019-03-26 05:05:34,209 : INFO : 22359130 coupon cprocess 300 
2019-03-26 05:05:34,391 : INFO : 22217098 coupon cprocess 0 
2019-03-26 05:05:34,443 : INFO : 22359130 coupon cprocess 300 
2019-03-26 05:05:34,458 : INFO : 22217098 coupon cprocess 0 
2019-03-26 05:05:35,876 : INFO : 22359130 coupon cprocess 300 
2019-03-26 05:05:36,039 : INFO : 22217098 coupon cprocess 0 
2019-03-26 05:05:36,228 : INFO : 22359130 coupon cprocess 300 
2019-03-26 05:05:36,242 : INFO : 22217098 coupon cprocess 0 
2019-03-26 05:05:36,508 : INFO : 22359130 coupon cprocess 300 
2019-03-26 05:05:36,524 : INFO : 22217098 coupon cprocess 0 
2019-03-26 05:05:37,386 : INFO : 22359130 coupon cprocess 300 
2019-03-26 05:05:37,539 : INFO : 22217098 coupon cprocess 0 
2019-03-26 05:05:37,821 : INFO : 22359130 coupon cprocess 300 
2019-03-26 05:05:37,834 : INFO : 22217098 coupon cprocess 0 
2019-03-26 05:05:37,906 : INFO : 22359130 coupon cprocess 300 
2019-03-26 05:05:37,919 : INFO : 22217098 coupon cprocess 0 
2019-03-26 05:05:38,285 : INFO : 22359130 coupon cprocess 300 
2019-03-26 05:05:38,390 : INFO : 22217098 coupon cprocess 0 
2019-03-26 05:05:38,424 : INFO : 22359130 coupon cprocess 300 
2019-03-26 05:05:38,437 : INFO : 22217098 coupon cprocess 0 
2019-03-26 05:05:38,746 : INFO : 22359130 coupon cprocess 300 
2019-03-26 05:05:38,793 : INFO : 22217098 coupon cprocess 0 
2019-03-26 05:05:39,098 : INFO : 22359130 coupon cprocess 300 
2019-03-26 05:05:39,194 : INFO : 22217098 coupon cprocess 0 
2019-03-26 05:05:39,568 : INFO : 22359130 coupon cprocess 300 
2019-03-26 05:05:39,645 : INFO : 22217098 coupon cprocess 0 
2019-03-26 05:05:39,883 : INFO : 22359130 coupon cprocess 300 
2019-03-26 05:05:39,920 : INFO : 22217098 coupon cprocess 0 
2019-03-26 05:05:40,040 : INFO : 22359130 coupon cprocess 300 
2019-03-26 05:05:40,104 : INFO : 22217098 coupon cprocess 0 
2019-03-26 05:05:40,609 : INFO : 22359130 coupon cprocess 300 
2019-03-26 05:05:40,769 : INFO : 22217098 coupon cprocess 0 
2019-03-26 05:05:41,144 : INFO : 22359130 coupon cprocess 300 
2019-03-26 05:05:41,193 : INFO : 22217098 coupon cprocess 0 
2019-03-26 05:05:41,331 : INFO : 22359130 coupon cprocess 300 
2019-03-26 05:05:41,379 : INFO : 22217098 coupon cprocess 0 
2019-03-26 05:05:41,462 : INFO : 22359130 coupon cprocess 300 
2019-03-26 05:05:41,479 : INFO : 22217098 coupon cprocess 0 
2019-03-26 05:05:43,359 : INFO : 22359130 coupon cprocess 300 
2019-03-26 05:05:43,590 : INFO : 22217098 coupon cprocess 0 
2019-03-26 05:05:43,800 : INFO : 22359130 coupon cprocess 300 
2019-03-26 05:05:43,815 : INFO : 22217098 coupon cprocess 0 
2019-03-26 05:05:44,872 : INFO : 22359130 coupon cprocess 300 
2019-03-26 05:05:44,995 : INFO : 22217098 coupon cprocess 0 
2019-03-26 05:05:45,440 : INFO : 22359130 coupon cprocess 300 
2019-03-26 05:05:45,521 : INFO : 22217098 coupon cprocess 0 
2019-03-26 05:05:45,986 : INFO : 22359130 coupon cprocess 300 
2019-03-26 05:05:46,023 : INFO : 22217098 coupon cprocess 0 
2019-03-26 05:05:47,543 : INFO : 22359130 coupon cprocess 300 
2019-03-26 05:05:47,740 : INFO : 22217098 coupon cprocess 0 
2019-03-26 05:05:48,925 : INFO : 22359130 coupon cprocess 300 
2019-03-26 05:05:49,100 : INFO : 22217098 coupon cprocess 0 
2019-03-26 05:05:50,718 : INFO : 22359130 coupon cprocess 300 
2019-03-26 05:05:51,031 : INFO : 22217098 coupon cprocess 0 
2019-03-26 05:05:51,291 : INFO : 22359130 coupon cprocess 300 
2019-03-26 05:05:51,311 : INFO : 22217098 coupon cprocess 0 
2019-03-26 05:05:53,631 : INFO : 22359130 coupon cprocess 300 
2019-03-26 05:05:53,901 : INFO : 22217098 coupon cprocess 0 
2019-03-26 05:05:54,426 : INFO : 22359130 coupon cprocess 300 
2019-03-26 05:05:54,478 : INFO : 22217098 coupon cprocess 0 
2019-03-26 05:05:54,762 : INFO : 22359130 coupon cprocess 300 
2019-03-26 05:05:54,893 : INFO : 22217098 coupon cprocess 0 
2019-03-26 05:05:55,326 : INFO : 22359130 coupon cprocess 300 
2019-03-26 05:05:55,432 : INFO : 22217098 coupon cprocess 0 
2019-03-26 05:05:57,398 : INFO : 22359130 coupon cprocess 300 
2019-03-26 05:05:57,682 : INFO : 22217098 coupon cprocess 0 
2019-03-26 05:05:58,642 : INFO : 22359130 coupon cprocess 300 
2019-03-26 05:05:58,713 : INFO : 22217098 coupon cprocess 0 
2019-03-26 05:05:59,609 : INFO : 22359130 coupon cprocess 300 
2019-03-26 05:05:59,680 : INFO : 22217098 coupon cprocess 0 
2019-03-26 05:05:59,962 : INFO : 22359130 coupon cprocess 300 
2019-03-26 05:06:00,102 : INFO : 22217098 coupon cprocess 0 
2019-03-26 05:06:00,383 : INFO : 22359130 coupon cprocess 300 
2019-03-26 05:06:00,504 : INFO : 22217098 coupon cprocess 0 
2019-03-26 05:06:00,947 : INFO : 22359130 coupon cprocess 300 
2019-03-26 05:06:00,962 : INFO : 22217098 coupon cprocess 0 
2019-03-26 05:06:02,332 : INFO : 22359130 coupon cprocess 300 
2019-03-26 05:06:02,573 : INFO : 22217098 coupon cprocess 0 
2019-03-26 05:06:03,386 : INFO : 22359130 coupon cprocess 300 
2019-03-26 05:06:03,505 : INFO : 22217098 coupon cprocess 0 
2019-03-26 05:06:03,911 : INFO : 22359130 coupon cprocess 300 
2019-03-26 05:06:03,977 : INFO : 22217098 coupon cprocess 0 
2019-03-26 05:06:04,814 : INFO : 22359130 coupon cprocess 300 
2019-03-26 05:06:05,024 : INFO : 22217098 coupon cprocess 0 
2019-03-26 05:06:05,675 : INFO : 22359130 coupon cprocess 300 
2019-03-26 05:06:05,874 : INFO : 22217098 coupon cprocess 0 
2019-03-26 05:06:06,748 : INFO : 22359130 coupon cprocess 300 
2019-03-26 05:06:06,926 : INFO : 22217098 coupon cprocess 0 
2019-03-26 05:06:07,224 : INFO : 22359130 coupon cprocess 300 
2019-03-26 05:06:07,271 : INFO : 22217098 coupon cprocess 0 
2019-03-26 05:06:07,828 : INFO : 22359130 coupon cprocess 300 
2019-03-26 05:06:07,859 : INFO : 22217098 coupon cprocess 0 
2019-03-26 05:06:08,962 : INFO : 22359130 coupon cprocess 300 
2019-03-26 05:06:09,149 : INFO : 22217098 coupon cprocess 0 
2019-03-26 05:06:11,471 : INFO : 22359130 coupon cprocess 300 
2019-03-26 05:06:11,707 : INFO : 22217098 coupon cprocess 0 
2019-03-26 05:06:12,147 : INFO : 22359130 coupon cprocess 300 
2019-03-26 05:06:12,262 : INFO : 22217098 coupon cprocess 0 
2019-03-26 05:06:12,665 : INFO : 22359130 coupon cprocess 300 
2019-03-26 05:06:12,778 : INFO : 22217098 coupon cprocess 0 
2019-03-26 05:06:15,518 : INFO : 22359130 coupon cprocess 300 
2019-03-26 05:06:15,835 : INFO : 22217098 coupon cprocess 0 
2019-03-26 05:06:17,650 : INFO : 22359130 coupon cprocess 300 
2019-03-26 05:06:17,938 : INFO : 22217098 coupon cprocess 0 
2019-03-26 05:06:18,502 : INFO : 22359130 coupon cprocess 300 
2019-03-26 05:06:18,630 : INFO : 22217098 coupon cprocess 0 
2019-03-26 05:06:18,896 : INFO : 22359130 coupon cprocess 300 
2019-03-26 05:06:18,963 : INFO : 22217098 coupon cprocess 0 
2019-03-26 05:06:19,041 : INFO : 22359130 coupon cprocess 300 
2019-03-26 05:06:19,055 : INFO : 22217098 coupon cprocess 0 
2019-03-26 05:06:19,128 : INFO : 22359130 coupon cprocess 300 
2019-03-26 05:06:19,147 : INFO : 22217098 coupon cprocess 0 
2019-03-26 05:06:21,905 : INFO : 22359130 coupon cprocess 300 
2019-03-26 05:06:22,181 : INFO : 22217098 coupon cprocess 0 
2019-03-26 05:06:22,334 : INFO : 22359130 coupon cprocess 300 
2019-03-26 05:06:22,369 : INFO : 22217098 coupon cprocess 0 
2019-03-26 05:06:22,593 : INFO : 22359130 coupon cprocess 300 
2019-03-26 05:06:22,646 : INFO : 22217098 coupon cprocess 0 
2019-03-26 05:06:23,466 : INFO : 22359130 coupon cprocess 300 
2019-03-26 05:06:23,701 : INFO : 22217098 coupon cprocess 0 
2019-03-26 05:06:23,812 : INFO : 22359130 coupon cprocess 300 
2019-03-26 05:06:23,827 : INFO : 22217098 coupon cprocess 0 
2019-03-26 05:06:24,064 : INFO : 22359130 coupon cprocess 300 
2019-03-26 05:06:24,116 : INFO : 22217098 coupon cprocess 0 
2019-03-26 05:06:24,398 : INFO : 22359130 coupon cprocess 300 
2019-03-26 05:06:24,505 : INFO : 22217098 coupon cprocess 0 
2019-03-26 05:06:26,090 : INFO : 22359130 coupon cprocess 300 
2019-03-26 05:06:26,344 : INFO : 22217098 coupon cprocess 0 
2019-03-26 05:06:28,466 : INFO : 22359130 coupon cprocess 300 
2019-03-26 05:06:28,758 : INFO : 22217098 coupon cprocess 0 
2019-03-26 05:06:28,874 : INFO : 22359130 coupon cprocess 300 
2019-03-26 05:06:28,889 : INFO : 22217098 coupon cprocess 0 
2019-03-26 05:06:29,509 : INFO : 22359130 coupon cprocess 300 
2019-03-26 05:06:29,622 : INFO : 22217098 coupon cprocess 0 
2019-03-26 05:06:30,546 : INFO : 22359130 coupon cprocess 300 
2019-03-26 05:06:30,651 : INFO : 22217098 coupon cprocess 0 
2019-03-26 05:06:31,889 : INFO : 22359130 coupon cprocess 300 
2019-03-26 05:06:31,988 : INFO : 22217098 coupon cprocess 0 
2019-03-26 05:06:32,961 : INFO : 22359130 coupon cprocess 300 
2019-03-26 05:06:33,184 : INFO : 22217098 coupon cprocess 0 
2019-03-26 05:06:33,680 : INFO : 22359130 coupon cprocess 300 
2019-03-26 05:06:33,785 : INFO : 22217098 coupon cprocess 0 
2019-03-26 05:06:33,895 : INFO : 22359130 coupon cprocess 300 
2019-03-26 05:06:33,911 : INFO : 22217098 coupon cprocess 0 
2019-03-26 05:06:34,666 : INFO : 22359130 coupon cprocess 300 
2019-03-26 05:06:34,872 : INFO : 22217098 coupon cprocess 0 
2019-03-26 05:06:35,871 : INFO : 22359130 coupon cprocess 300 
2019-03-26 05:06:36,053 : INFO : 22217098 coupon cprocess 0 
2019-03-26 05:06:37,272 : INFO : 22359130 coupon cprocess 300 
2019-03-26 05:06:37,459 : INFO : 22217098 coupon cprocess 0 
2019-03-26 05:06:38,198 : INFO : 22359130 coupon cprocess 300 
2019-03-26 05:06:38,333 : INFO : 22217098 coupon cprocess 0 
2019-03-26 05:06:38,778 : INFO : 22359130 coupon cprocess 300 
2019-03-26 05:06:38,792 : INFO : 22217098 coupon cprocess 0 
2019-03-26 05:06:39,209 : INFO : 22359130 coupon cprocess 300 
2019-03-26 05:06:39,294 : INFO : 22217098 coupon cprocess 0 
2019-03-26 05:06:41,992 : INFO : 22359130 coupon cprocess 300 
2019-03-26 05:06:42,307 : INFO : cat process 200
2019-03-26 05:06:42,324 : INFO : 22217098 coupon cprocess 0 
2019-03-26 05:06:43,152 : INFO : 22359130 coupon cprocess 300 
2019-03-26 05:06:43,346 : INFO : 22217098 coupon cprocess 0 
2019-03-26 05:06:46,528 : INFO : 22359130 coupon cprocess 300 
2019-03-26 05:06:46,915 : INFO : 22217098 coupon cprocess 0 
2019-03-26 05:06:48,536 : INFO : 22359130 coupon cprocess 300 
2019-03-26 05:06:48,796 : INFO : 22217098 coupon cprocess 0 
2019-03-26 05:06:49,257 : INFO : 22359130 coupon cprocess 300 
2019-03-26 05:06:49,312 : INFO : 22217098 coupon cprocess 0 
2019-03-26 05:06:50,055 : INFO : 22359130 coupon cprocess 300 
2019-03-26 05:06:50,109 : INFO : 22217098 coupon cprocess 0 
2019-03-26 05:06:50,768 : INFO : 22359130 coupon cprocess 300 
2019-03-26 05:06:50,801 : INFO : 22217098 coupon cprocess 0 
2019-03-26 05:06:51,308 : INFO : 22359130 coupon cprocess 300 
2019-03-26 05:06:51,382 : INFO : 22217098 coupon cprocess 0 
2019-03-26 05:06:51,940 : INFO : 22359130 coupon cprocess 300 
2019-03-26 05:06:51,978 : INFO : 22217098 coupon cprocess 0 
2019-03-26 05:06:53,354 : INFO : 22359130 coupon cprocess 300 
2019-03-26 05:06:53,494 : INFO : 22217098 coupon cprocess 0 
2019-03-26 05:06:53,698 : INFO : 22359130 coupon cprocess 300 
2019-03-26 05:06:53,755 : INFO : 22217098 coupon cprocess 0 
2019-03-26 05:06:54,265 : INFO : 22359130 coupon cprocess 300 
2019-03-26 05:06:54,364 : INFO : 22217098 coupon cprocess 0 
2019-03-26 05:06:55,009 : INFO : 22359130 coupon cprocess 300 
2019-03-26 05:06:55,172 : INFO : 22217098 coupon cprocess 0 
2019-03-26 05:06:55,674 : INFO : 22359130 coupon cprocess 300 
2019-03-26 05:06:55,781 : INFO : 22217098 coupon cprocess 0 
2019-03-26 05:06:56,425 : INFO : 22359130 coupon cprocess 300 
2019-03-26 05:06:56,531 : INFO : 22217098 coupon cprocess 0 
2019-03-26 05:06:57,244 : INFO : 22359130 coupon cprocess 300 
2019-03-26 05:06:57,319 : INFO : 22217098 coupon cprocess 0 
2019-03-26 05:06:57,654 : INFO : 22359130 coupon cprocess 300 
2019-03-26 05:06:57,690 : INFO : 22217098 coupon cprocess 0 
2019-03-26 05:06:59,080 : INFO : 22359130 coupon cprocess 300 
2019-03-26 05:06:59,325 : INFO : 22217098 coupon cprocess 0 
2019-03-26 05:06:59,797 : INFO : 22359130 coupon cprocess 300 
2019-03-26 05:06:59,873 : INFO : 22217098 coupon cprocess 0 
2019-03-26 05:07:00,741 : INFO : 22359130 coupon cprocess 300 
2019-03-26 05:07:01,019 : INFO : 22217098 coupon cprocess 0 
2019-03-26 05:07:01,254 : INFO : 22359130 coupon cprocess 300 
2019-03-26 05:07:01,273 : INFO : 22217098 coupon cprocess 0 
2019-03-26 05:07:03,026 : INFO : 22359130 coupon cprocess 300 
2019-03-26 05:07:03,207 : INFO : 22217098 coupon cprocess 0 
2019-03-26 05:07:03,518 : INFO : 22359130 coupon cprocess 300 
2019-03-26 05:07:03,566 : INFO : 22217098 coupon cprocess 0 
2019-03-26 05:07:03,674 : INFO : 22359130 coupon cprocess 300 
2019-03-26 05:07:03,755 : INFO : 22217098 coupon cprocess 0 
2019-03-26 05:07:04,551 : INFO : 22359130 coupon cprocess 300 
2019-03-26 05:07:04,583 : INFO : 22217098 coupon cprocess 0 
2019-03-26 05:07:05,278 : INFO : 22359130 coupon cprocess 300 
2019-03-26 05:07:05,438 : INFO : 22217098 coupon cprocess 0 
2019-03-26 05:07:07,078 : INFO : 22359130 coupon cprocess 300 
2019-03-26 05:07:07,227 : INFO : 22217098 coupon cprocess 0 
2019-03-26 05:07:07,500 : INFO : 22359130 coupon cprocess 300 
2019-03-26 05:07:07,594 : INFO : 22217098 coupon cprocess 0 
2019-03-26 05:07:08,258 : INFO : 22359130 coupon cprocess 300 
2019-03-26 05:07:08,300 : INFO : 22217098 coupon cprocess 0 
2019-03-26 05:07:09,358 : INFO : 22359130 coupon cprocess 300 
2019-03-26 05:07:09,487 : INFO : 22217098 coupon cprocess 0 
2019-03-26 05:07:11,202 : INFO : 22359130 coupon cprocess 300 
2019-03-26 05:07:11,477 : INFO : 22217098 coupon cprocess 0 
2019-03-26 05:07:11,867 : INFO : 22359130 coupon cprocess 300 
2019-03-26 05:07:11,916 : INFO : 22217098 coupon cprocess 0 
2019-03-26 05:07:12,085 : INFO : 22359130 coupon cprocess 300 
2019-03-26 05:07:12,118 : INFO : 22217098 coupon cprocess 0 
2019-03-26 05:07:12,710 : INFO : 22359130 coupon cprocess 300 
2019-03-26 05:07:12,780 : INFO : 22217098 coupon cprocess 0 
2019-03-26 05:07:13,207 : INFO : 22359130 coupon cprocess 300 
2019-03-26 05:07:13,317 : INFO : 22217098 coupon cprocess 0 
2019-03-26 05:07:13,356 : INFO : 22359130 coupon cprocess 300 
2019-03-26 05:07:13,375 : INFO : 22217098 coupon cprocess 0 
2019-03-26 05:07:13,451 : INFO : 22359130 coupon cprocess 300 
2019-03-26 05:07:13,521 : INFO : 22217098 coupon cprocess 0 
2019-03-26 05:07:13,788 : INFO : 22359130 coupon cprocess 300 
2019-03-26 05:07:13,805 : INFO : 22217098 coupon cprocess 0 
2019-03-26 05:07:15,471 : INFO : 22359130 coupon cprocess 300 
2019-03-26 05:07:15,670 : INFO : 22217098 coupon cprocess 0 
2019-03-26 05:07:16,501 : INFO : 22359130 coupon cprocess 300 
2019-03-26 05:07:16,631 : INFO : 22217098 coupon cprocess 0 
2019-03-26 05:07:17,046 : INFO : 22359130 coupon cprocess 300 
2019-03-26 05:07:17,130 : INFO : 22217098 coupon cprocess 0 
2019-03-26 05:07:17,763 : INFO : 22359130 coupon cprocess 300 
2019-03-26 05:07:17,781 : INFO : 22217098 coupon cprocess 0 
2019-03-26 05:07:17,963 : INFO : 22359130 coupon cprocess 300 
2019-03-26 05:07:17,982 : INFO : 22217098 coupon cprocess 0 
2019-03-26 05:07:19,519 : INFO : 22359130 coupon cprocess 300 
2019-03-26 05:07:19,737 : INFO : 22217098 coupon cprocess 0 
2019-03-26 05:07:20,469 : INFO : 22359130 coupon cprocess 300 
2019-03-26 05:07:20,621 : INFO : 22217098 coupon cprocess 0 
2019-03-26 05:07:21,328 : INFO : 22359130 coupon cprocess 300 
2019-03-26 05:07:21,545 : INFO : 22217098 coupon cprocess 0 
2019-03-26 05:07:22,030 : INFO : 22359130 coupon cprocess 300 
2019-03-26 05:07:22,086 : INFO : 22217098 coupon cprocess 0 
2019-03-26 05:07:22,567 : INFO : 22359130 coupon cprocess 300 
2019-03-26 05:07:22,623 : INFO : 22217098 coupon cprocess 0 
2019-03-26 05:07:23,096 : INFO : 22359130 coupon cprocess 300 
2019-03-26 05:07:23,188 : INFO : 22217098 coupon cprocess 0 
2019-03-26 05:07:23,337 : INFO : 22359130 coupon cprocess 300 
2019-03-26 05:07:23,353 : INFO : 22217098 coupon cprocess 0 
2019-03-26 05:07:23,661 : INFO : 22359130 coupon cprocess 300 
2019-03-26 05:07:23,755 : INFO : 22217098 coupon cprocess 0 
2019-03-26 05:07:24,534 : INFO : 22359130 coupon cprocess 300 
2019-03-26 05:07:24,629 : INFO : 22217098 coupon cprocess 0 
2019-03-26 05:07:26,875 : INFO : 22359130 coupon cprocess 300 
2019-03-26 05:07:27,155 : INFO : 22217098 coupon cprocess 0 
2019-03-26 05:07:28,426 : INFO : 22359130 coupon cprocess 300 
2019-03-26 05:07:28,727 : INFO : 22217098 coupon cprocess 0 
2019-03-26 05:07:28,916 : INFO : 22359130 coupon cprocess 300 
2019-03-26 05:07:28,954 : INFO : 22217098 coupon cprocess 0 
2019-03-26 05:07:29,904 : INFO : 22359130 coupon cprocess 300 
2019-03-26 05:07:30,055 : INFO : 22217098 coupon cprocess 0 
2019-03-26 05:07:30,533 : INFO : 22359130 coupon cprocess 300 
2019-03-26 05:07:30,735 : INFO : 22217098 coupon cprocess 0 
2019-03-26 05:07:31,225 : INFO : 22359130 coupon cprocess 300 
2019-03-26 05:07:31,319 : INFO : 22217098 coupon cprocess 0 
2019-03-26 05:07:33,842 : INFO : 22359130 coupon cprocess 300 
2019-03-26 05:07:34,193 : INFO : 22217098 coupon cprocess 0 
2019-03-26 05:07:36,097 : INFO : 22359130 coupon cprocess 300 
2019-03-26 05:07:36,338 : INFO : 22217098 coupon cprocess 0 
2019-03-26 05:07:37,233 : INFO : 22359130 coupon cprocess 300 
2019-03-26 05:07:37,436 : INFO : 22217098 coupon cprocess 0 
2019-03-26 05:07:38,869 : INFO : 22359130 coupon cprocess 300 
2019-03-26 05:07:39,103 : INFO : 22217098 coupon cprocess 0 
2019-03-26 05:07:39,371 : INFO : 22359130 coupon cprocess 300 
2019-03-26 05:07:39,441 : INFO : 22217098 coupon cprocess 0 
2019-03-26 05:07:40,042 : INFO : 22359130 coupon cprocess 300 
2019-03-26 05:07:40,204 : INFO : 22217098 coupon cprocess 0 
2019-03-26 05:07:40,519 : INFO : 22359130 coupon cprocess 300 
2019-03-26 05:07:40,572 : INFO : 22217098 coupon cprocess 0 
2019-03-26 05:07:40,683 : INFO : 22359130 coupon cprocess 300 
2019-03-26 05:07:40,722 : INFO : 22217098 coupon cprocess 0 
2019-03-26 05:07:42,225 : INFO : 22359130 coupon cprocess 300 
2019-03-26 05:07:42,480 : INFO : 22217098 coupon cprocess 0 
2019-03-26 05:07:43,066 : INFO : 22359130 coupon cprocess 300 
2019-03-26 05:07:43,083 : INFO : 22217098 coupon cprocess 0 
2019-03-26 05:07:43,927 : INFO : 22359130 coupon cprocess 300 
2019-03-26 05:07:44,126 : INFO : 22217098 coupon cprocess 0 
2019-03-26 05:07:44,410 : INFO : 22359130 coupon cprocess 300 
2019-03-26 05:07:44,425 : INFO : 22217098 coupon cprocess 0 
2019-03-26 05:07:44,668 : INFO : 22359130 coupon cprocess 300 
2019-03-26 05:07:44,704 : INFO : 22217098 coupon cprocess 0 
2019-03-26 05:07:45,661 : INFO : 22359130 coupon cprocess 300 
2019-03-26 05:07:45,855 : INFO : 22217098 coupon cprocess 0 
2019-03-26 05:07:45,988 : INFO : 22359130 coupon cprocess 300 
2019-03-26 05:07:46,001 : INFO : 22217098 coupon cprocess 0 
2019-03-26 05:07:46,076 : INFO : 22359130 coupon cprocess 300 
2019-03-26 05:07:46,090 : INFO : 22217098 coupon cprocess 0 
2019-03-26 05:07:46,226 : INFO : 22359130 coupon cprocess 300 
2019-03-26 05:07:46,242 : INFO : 22217098 coupon cprocess 0 
2019-03-26 05:07:46,522 : INFO : 22359130 coupon cprocess 300 
2019-03-26 05:07:46,574 : INFO : 22217098 coupon cprocess 0 
2019-03-26 05:07:46,992 : INFO : 22359130 coupon cprocess 300 
2019-03-26 05:07:47,067 : INFO : 22217098 coupon cprocess 0 
2019-03-26 05:07:47,875 : INFO : 22359130 coupon cprocess 300 
2019-03-26 05:07:47,979 : INFO : 22217098 coupon cprocess 0 
2019-03-26 05:07:48,115 : INFO : 22359130 coupon cprocess 300 
2019-03-26 05:07:48,134 : INFO : 22217098 coupon cprocess 0 
2019-03-26 05:07:50,572 : INFO : 22359130 coupon cprocess 300 
2019-03-26 05:07:50,802 : INFO : 22217098 coupon cprocess 0 
2019-03-26 05:07:51,597 : INFO : 22359130 coupon cprocess 300 
2019-03-26 05:07:51,764 : INFO : 22217098 coupon cprocess 0 
2019-03-26 05:07:51,839 : INFO : 22359130 coupon cprocess 300 
2019-03-26 05:07:51,854 : INFO : 22217098 coupon cprocess 0 
2019-03-26 05:07:52,100 : INFO : 22359130 coupon cprocess 300 
2019-03-26 05:07:52,131 : INFO : 22217098 coupon cprocess 0 
2019-03-26 05:07:52,412 : INFO : 22359130 coupon cprocess 300 
2019-03-26 05:07:52,482 : INFO : 22217098 coupon cprocess 0 
2019-03-26 05:07:52,649 : INFO : 22359130 coupon cprocess 300 
2019-03-26 05:07:52,664 : INFO : 22217098 coupon cprocess 0 
2019-03-26 05:07:52,813 : INFO : 22359130 coupon cprocess 300 
2019-03-26 05:07:52,848 : INFO : 22217098 coupon cprocess 0 
2019-03-26 05:07:54,230 : INFO : 22359130 coupon cprocess 300 
2019-03-26 05:07:54,337 : INFO : 22217098 coupon cprocess 0 
2019-03-26 05:07:55,112 : INFO : 22359130 coupon cprocess 300 
2019-03-26 05:07:55,180 : INFO : 22217098 coupon cprocess 0 
2019-03-26 05:07:55,540 : INFO : 22359130 coupon cprocess 300 
2019-03-26 05:07:55,621 : INFO : 22217098 coupon cprocess 0 
2019-03-26 05:07:56,235 : INFO : 22359130 coupon cprocess 300 
2019-03-26 05:07:56,362 : INFO : 22217098 coupon cprocess 0 
2019-03-26 05:07:56,454 : INFO : 22359130 coupon cprocess 300 
2019-03-26 05:07:56,509 : INFO : 22217098 coupon cprocess 0 
2019-03-26 05:07:56,620 : INFO : 22359130 coupon cprocess 300 
2019-03-26 05:07:56,634 : INFO : 22217098 coupon cprocess 0 
2019-03-26 05:07:57,071 : INFO : 22359130 coupon cprocess 300 
2019-03-26 05:07:57,110 : INFO : 22217098 coupon cprocess 0 
2019-03-26 05:07:57,743 : INFO : 22359130 coupon cprocess 300 
2019-03-26 05:07:57,830 : INFO : 22217098 coupon cprocess 0 
2019-03-26 05:07:58,764 : INFO : 22359130 coupon cprocess 300 
2019-03-26 05:07:58,863 : INFO : 22217098 coupon cprocess 0 
2019-03-26 05:07:59,038 : INFO : 22359130 coupon cprocess 300 
2019-03-26 05:07:59,071 : INFO : 22217098 coupon cprocess 0 
2019-03-26 05:07:59,179 : INFO : 22359130 coupon cprocess 300 
2019-03-26 05:07:59,219 : INFO : 22217098 coupon cprocess 0 
2019-03-26 05:08:01,118 : INFO : 22359130 coupon cprocess 300 
2019-03-26 05:08:01,394 : INFO : 22217098 coupon cprocess 0 
2019-03-26 05:08:01,754 : INFO : 22359130 coupon cprocess 300 
2019-03-26 05:08:01,777 : INFO : 22217098 coupon cprocess 0 
2019-03-26 05:08:03,631 : INFO : 22359130 coupon cprocess 300 
2019-03-26 05:08:03,847 : INFO : 22217098 coupon cprocess 0 
2019-03-26 05:08:03,949 : INFO : 22359130 coupon cprocess 300 
2019-03-26 05:08:03,984 : INFO : cat process 300
2019-03-26 05:08:04,007 : INFO : 22217098 coupon cprocess 0 
2019-03-26 05:08:04,681 : INFO : 22359130 coupon cprocess 300 
2019-03-26 05:08:04,811 : INFO : 22217098 coupon cprocess 0 
2019-03-26 05:08:07,205 : INFO : 22359130 coupon cprocess 300 
2019-03-26 05:08:07,520 : INFO : 22217098 coupon cprocess 0 
2019-03-26 05:08:07,966 : INFO : 22359130 coupon cprocess 300 
2019-03-26 05:08:08,046 : INFO : 22217098 coupon cprocess 0 
2019-03-26 05:08:08,640 : INFO : 22359130 coupon cprocess 300 
2019-03-26 05:08:08,739 : INFO : 22217098 coupon cprocess 0 
2019-03-26 05:08:08,808 : INFO : 22359130 coupon cprocess 300 
2019-03-26 05:08:08,822 : INFO : 22217098 coupon cprocess 0 
2019-03-26 05:08:09,242 : INFO : 22359130 coupon cprocess 300 
2019-03-26 05:08:09,274 : INFO : 22217098 coupon cprocess 0 
2019-03-26 05:08:10,868 : INFO : 22359130 coupon cprocess 300 
2019-03-26 05:08:11,071 : INFO : 22217098 coupon cprocess 0 
2019-03-26 05:08:11,951 : INFO : 22359130 coupon cprocess 300 
2019-03-26 05:08:12,133 : INFO : 22217098 coupon cprocess 0 
2019-03-26 05:08:12,332 : INFO : 22359130 coupon cprocess 300 
2019-03-26 05:08:12,345 : INFO : 22217098 coupon cprocess 0 
2019-03-26 05:08:12,447 : INFO : 22359130 coupon cprocess 300 
2019-03-26 05:08:12,460 : INFO : 22217098 coupon cprocess 0 
2019-03-26 05:08:13,087 : INFO : 22359130 coupon cprocess 300 
2019-03-26 05:08:13,308 : INFO : 22217098 coupon cprocess 0 
2019-03-26 05:08:13,894 : INFO : 22359130 coupon cprocess 300 
2019-03-26 05:08:13,976 : INFO : 22217098 coupon cprocess 0 
2019-03-26 05:08:14,341 : INFO : 22359130 coupon cprocess 300 
2019-03-26 05:08:14,375 : INFO : 22217098 coupon cprocess 0 
2019-03-26 05:08:15,287 : INFO : 22359130 coupon cprocess 300 
2019-03-26 05:08:15,414 : INFO : 22217098 coupon cprocess 0 
2019-03-26 05:08:15,464 : INFO : 22359130 coupon cprocess 300 
2019-03-26 05:08:15,478 : INFO : 22217098 coupon cprocess 0 
2019-03-26 05:08:16,199 : INFO : 22359130 coupon cprocess 300 
2019-03-26 05:08:16,318 : INFO : 22217098 coupon cprocess 0 
2019-03-26 05:08:16,487 : INFO : 22359130 coupon cprocess 300 
2019-03-26 05:08:16,502 : INFO : 22217098 coupon cprocess 0 
2019-03-26 05:08:17,140 : INFO : 22359130 coupon cprocess 300 
2019-03-26 05:08:17,229 : INFO : 22217098 coupon cprocess 0 
2019-03-26 05:08:17,471 : INFO : 22359130 coupon cprocess 300 
2019-03-26 05:08:17,486 : INFO : 22217098 coupon cprocess 0 
2019-03-26 05:08:17,877 : INFO : 22359130 coupon cprocess 300 
2019-03-26 05:08:17,982 : INFO : 22217098 coupon cprocess 0 
2019-03-26 05:08:18,027 : INFO : 22359130 coupon cprocess 300 
2019-03-26 05:08:18,041 : INFO : 22217098 coupon cprocess 0 
2019-03-26 05:08:18,185 : INFO : 22359130 coupon cprocess 300 
2019-03-26 05:08:18,201 : INFO : 22217098 coupon cprocess 0 
2019-03-26 05:08:18,634 : INFO : 22359130 coupon cprocess 300 
2019-03-26 05:08:18,742 : INFO : 22217098 coupon cprocess 0 
2019-03-26 05:08:18,817 : INFO : 22359130 coupon cprocess 300 
2019-03-26 05:08:18,833 : INFO : 22217098 coupon cprocess 0 
2019-03-26 05:08:19,631 : INFO : 22359130 coupon cprocess 300 
2019-03-26 05:08:19,848 : INFO : 22217098 coupon cprocess 0 
2019-03-26 05:08:19,922 : INFO : 22359130 coupon cprocess 300 
2019-03-26 05:08:19,978 : INFO : 22217098 coupon cprocess 0 
2019-03-26 05:08:22,009 : INFO : 22359130 coupon cprocess 300 
2019-03-26 05:08:22,366 : INFO : 22217098 coupon cprocess 0 
2019-03-26 05:24:25,229 : INFO : load cfg begin
2019-03-26 05:24:25,293 : INFO : load cfg end
2019-03-26 05:24:25,294 : INFO : load data begin
2019-03-26 05:24:25,294 : INFO : load coupon data from myqsl begin
2019-03-26 05:24:39,545 : INFO : load coupon data from myqsl end
2019-03-26 05:24:39,545 : INFO : read coupon recommend sql begin
2019-03-26 05:24:39,584 : INFO : read coupn recommend sql end
2019-03-26 05:24:39,584 : INFO : creat recommend table done
2019-03-26 05:24:39,584 : INFO : load brand cat - coupon from mysql begin
2019-03-26 05:24:40,981 : INFO : load brand cat - coupon from mysql end
2019-03-26 05:24:40,981 : INFO : creat brand cat - coupon table begin
2019-03-26 05:24:40,981 : INFO : creat brand - coupon from mysql begin
2019-03-26 05:24:41,046 : INFO : 22217098 coupon cprocess 0 
2019-03-26 05:24:43,559 : INFO : 22359130 coupon cprocess 300 
2019-03-26 05:24:43,797 : INFO : cat process 0
2019-03-26 05:24:43,828 : INFO : 22217098 coupon cprocess 0 
2019-03-26 05:24:44,505 : INFO : 22359130 coupon cprocess 300 
2019-03-26 05:24:44,600 : INFO : 22217098 coupon cprocess 0 
2019-03-26 05:24:44,803 : INFO : 22359130 coupon cprocess 300 
2019-03-26 05:24:44,833 : INFO : 22217098 coupon cprocess 0 
2019-03-26 05:24:45,059 : INFO : 22359130 coupon cprocess 300 
2019-03-26 05:24:45,087 : INFO : 22217098 coupon cprocess 0 
2019-03-26 05:24:45,164 : INFO : 22359130 coupon cprocess 300 
2019-03-26 05:24:45,196 : INFO : 22217098 coupon cprocess 0 
2019-03-26 05:24:46,390 : INFO : 22359130 coupon cprocess 300 
2019-03-26 05:24:46,598 : INFO : 22217098 coupon cprocess 0 
2019-03-26 05:24:46,944 : INFO : 22359130 coupon cprocess 300 
2019-03-26 05:24:47,001 : INFO : 22217098 coupon cprocess 0 
2019-03-26 05:24:47,354 : INFO : 22359130 coupon cprocess 300 
2019-03-26 05:24:47,416 : INFO : 22217098 coupon cprocess 0 
2019-03-26 05:24:47,858 : INFO : 22359130 coupon cprocess 300 
2019-03-26 05:24:47,963 : INFO : 22217098 coupon cprocess 0 
2019-03-26 05:24:48,070 : INFO : 22359130 coupon cprocess 300 
2019-03-26 05:24:48,095 : INFO : 22217098 coupon cprocess 0 
2019-03-26 05:24:48,140 : INFO : 22359130 coupon cprocess 300 
2019-03-26 05:24:48,167 : INFO : 22217098 coupon cprocess 0 
2019-03-26 05:24:48,663 : INFO : 22359130 coupon cprocess 300 
2019-03-26 05:24:48,746 : INFO : 22217098 coupon cprocess 0 
2019-03-26 05:24:48,799 : INFO : 22359130 coupon cprocess 300 
2019-03-26 05:24:48,826 : INFO : 22217098 coupon cprocess 0 
2019-03-26 05:24:48,891 : INFO : 22359130 coupon cprocess 300 
2019-03-26 05:24:48,917 : INFO : 22217098 coupon cprocess 0 
2019-03-26 05:24:49,216 : INFO : 22359130 coupon cprocess 300 
2019-03-26 05:24:49,284 : INFO : 22217098 coupon cprocess 0 
2019-03-26 05:24:49,656 : INFO : 22359130 coupon cprocess 300 
2019-03-26 05:24:49,733 : INFO : 22217098 coupon cprocess 0 
2019-03-26 05:24:49,916 : INFO : 22359130 coupon cprocess 300 
2019-03-26 05:24:49,969 : INFO : 22217098 coupon cprocess 0 
2019-03-26 05:24:50,341 : INFO : 22359130 coupon cprocess 300 
2019-03-26 05:24:50,421 : INFO : 22217098 coupon cprocess 0 
2019-03-26 05:24:51,346 : INFO : 22359130 coupon cprocess 300 
2019-03-26 05:24:51,556 : INFO : 22217098 coupon cprocess 0 
2019-03-26 05:24:52,377 : INFO : 22359130 coupon cprocess 300 
2019-03-26 05:24:52,582 : INFO : 22217098 coupon cprocess 0 
2019-03-26 05:24:52,894 : INFO : 22359130 coupon cprocess 300 
2019-03-26 05:24:52,998 : INFO : 22217098 coupon cprocess 0 
2019-03-26 05:24:54,741 : INFO : 22359130 coupon cprocess 300 
2019-03-26 05:24:54,979 : INFO : 22217098 coupon cprocess 0 
2019-03-26 05:24:55,795 : INFO : 22359130 coupon cprocess 300 
2019-03-26 05:24:55,969 : INFO : 22217098 coupon cprocess 0 
2019-03-26 05:24:56,500 : INFO : 22359130 coupon cprocess 300 
2019-03-26 05:24:56,582 : INFO : 22217098 coupon cprocess 0 
2019-03-26 05:24:57,263 : INFO : 22359130 coupon cprocess 300 
2019-03-26 05:24:57,409 : INFO : 22217098 coupon cprocess 0 
2019-03-26 05:24:57,512 : INFO : 22359130 coupon cprocess 300 
2019-03-26 05:24:57,573 : INFO : 22217098 coupon cprocess 0 
2019-03-26 05:24:57,734 : INFO : 22359130 coupon cprocess 300 
2019-03-26 05:24:57,778 : INFO : 22217098 coupon cprocess 0 
2019-03-26 05:24:58,627 : INFO : 22359130 coupon cprocess 300 
2019-03-26 05:24:58,822 : INFO : 22217098 coupon cprocess 0 
2019-03-26 05:24:59,148 : INFO : 22359130 coupon cprocess 300 
2019-03-26 05:24:59,262 : INFO : 22217098 coupon cprocess 0 
2019-03-26 05:25:00,605 : INFO : 22359130 coupon cprocess 300 
2019-03-26 05:25:00,749 : INFO : 22217098 coupon cprocess 0 
2019-03-26 05:25:01,179 : INFO : 22359130 coupon cprocess 300 
2019-03-26 05:25:01,332 : INFO : 22217098 coupon cprocess 0 
2019-03-26 05:25:01,394 : INFO : 22359130 coupon cprocess 300 
2019-03-26 05:25:01,456 : INFO : 22217098 coupon cprocess 0 
2019-03-26 05:25:03,202 : INFO : 22359130 coupon cprocess 300 
2019-03-26 05:25:03,453 : INFO : 22217098 coupon cprocess 0 
2019-03-26 05:25:03,720 : INFO : 22359130 coupon cprocess 300 
2019-03-26 05:25:03,783 : INFO : 22217098 coupon cprocess 0 
2019-03-26 05:25:04,689 : INFO : 22359130 coupon cprocess 300 
2019-03-26 05:25:04,926 : INFO : 22217098 coupon cprocess 0 
2019-03-26 05:25:05,720 : INFO : 22359130 coupon cprocess 300 
2019-03-26 05:25:05,855 : INFO : 22217098 coupon cprocess 0 
2019-03-26 05:25:07,786 : INFO : 22359130 coupon cprocess 300 
2019-03-26 05:25:08,056 : INFO : 22217098 coupon cprocess 0 
2019-03-26 05:25:09,869 : INFO : 22359130 coupon cprocess 300 
2019-03-26 05:25:10,103 : INFO : 22217098 coupon cprocess 0 
2019-03-26 05:25:10,945 : INFO : 22359130 coupon cprocess 300 
2019-03-26 05:25:11,163 : INFO : 22217098 coupon cprocess 0 
2019-03-26 05:25:11,825 : INFO : 22359130 coupon cprocess 300 
2019-03-26 05:25:11,924 : INFO : 22217098 coupon cprocess 0 
2019-03-26 05:25:12,250 : INFO : 22359130 coupon cprocess 300 
2019-03-26 05:25:12,369 : INFO : 22217098 coupon cprocess 0 
2019-03-26 05:25:12,537 : INFO : 22359130 coupon cprocess 300 
2019-03-26 05:25:12,566 : INFO : 22217098 coupon cprocess 0 
2019-03-26 05:25:12,821 : INFO : 22359130 coupon cprocess 300 
2019-03-26 05:25:12,916 : INFO : 22217098 coupon cprocess 0 
2019-03-26 05:25:15,672 : INFO : 22359130 coupon cprocess 300 
2019-03-26 05:25:15,964 : INFO : 22217098 coupon cprocess 0 
2019-03-26 05:25:16,134 : INFO : 22359130 coupon cprocess 300 
2019-03-26 05:25:16,221 : INFO : 22217098 coupon cprocess 0 
2019-03-26 05:25:16,827 : INFO : 22359130 coupon cprocess 300 
2019-03-26 05:25:16,976 : INFO : 22217098 coupon cprocess 0 
2019-03-26 05:25:18,086 : INFO : 22359130 coupon cprocess 300 
2019-03-26 05:25:18,193 : INFO : 22217098 coupon cprocess 0 
2019-03-26 05:25:18,435 : INFO : 22359130 coupon cprocess 300 
2019-03-26 05:25:18,506 : INFO : 22217098 coupon cprocess 0 
2019-03-26 05:25:18,612 : INFO : 22359130 coupon cprocess 300 
2019-03-26 05:25:18,688 : INFO : 22217098 coupon cprocess 0 
2019-03-26 05:25:19,498 : INFO : 22359130 coupon cprocess 300 
2019-03-26 05:25:19,705 : INFO : 22217098 coupon cprocess 0 
2019-03-26 05:25:21,617 : INFO : 22359130 coupon cprocess 300 
2019-03-26 05:25:21,911 : INFO : 22217098 coupon cprocess 0 
2019-03-26 05:25:22,286 : INFO : 22359130 coupon cprocess 300 
2019-03-26 05:25:22,347 : INFO : 22217098 coupon cprocess 0 
2019-03-26 05:25:22,887 : INFO : 22359130 coupon cprocess 300 
2019-03-26 05:25:22,950 : INFO : 22217098 coupon cprocess 0 
2019-03-26 05:25:24,623 : INFO : 22359130 coupon cprocess 300 
2019-03-26 05:25:24,840 : INFO : 22217098 coupon cprocess 0 
2019-03-26 05:25:27,016 : INFO : 22359130 coupon cprocess 300 
2019-03-26 05:25:27,294 : INFO : 22217098 coupon cprocess 0 
2019-03-26 05:25:28,389 : INFO : 22359130 coupon cprocess 300 
2019-03-26 05:25:28,568 : INFO : 22217098 coupon cprocess 0 
2019-03-26 05:25:29,876 : INFO : 22359130 coupon cprocess 300 
2019-03-26 05:25:30,100 : INFO : 22217098 coupon cprocess 0 
2019-03-26 05:25:31,361 : INFO : 22359130 coupon cprocess 300 
2019-03-26 05:25:31,583 : INFO : 22217098 coupon cprocess 0 
2019-03-26 05:25:31,924 : INFO : 22359130 coupon cprocess 300 
2019-03-26 05:25:32,000 : INFO : 22217098 coupon cprocess 0 
2019-03-26 05:25:32,575 : INFO : 22359130 coupon cprocess 300 
2019-03-26 05:25:32,623 : INFO : 22217098 coupon cprocess 0 
2019-03-26 05:25:33,682 : INFO : 22359130 coupon cprocess 300 
2019-03-26 05:25:33,839 : INFO : 22217098 coupon cprocess 0 
2019-03-26 05:25:37,378 : INFO : 22359130 coupon cprocess 300 
2019-03-26 05:25:37,782 : INFO : 22217098 coupon cprocess 0 
2019-03-26 05:25:38,141 : INFO : 22359130 coupon cprocess 300 
2019-03-26 05:25:38,256 : INFO : 22217098 coupon cprocess 0 
2019-03-26 05:25:39,051 : INFO : 22359130 coupon cprocess 300 
2019-03-26 05:25:39,140 : INFO : 22217098 coupon cprocess 0 
2019-03-26 05:25:39,359 : INFO : 22359130 coupon cprocess 300 
2019-03-26 05:25:39,421 : INFO : 22217098 coupon cprocess 0 
2019-03-26 05:25:41,748 : INFO : 22359130 coupon cprocess 300 
2019-03-26 05:25:42,034 : INFO : 22217098 coupon cprocess 0 
2019-03-26 05:25:42,557 : INFO : 22359130 coupon cprocess 300 
2019-03-26 05:25:42,653 : INFO : 22217098 coupon cprocess 0 
2019-03-26 05:25:43,168 : INFO : 22359130 coupon cprocess 300 
2019-03-26 05:25:43,339 : INFO : 22217098 coupon cprocess 0 
2019-03-26 05:25:44,009 : INFO : 22359130 coupon cprocess 300 
2019-03-26 05:25:44,191 : INFO : 22217098 coupon cprocess 0 
2019-03-26 05:25:44,496 : INFO : 22359130 coupon cprocess 300 
2019-03-26 05:25:44,545 : INFO : 22217098 coupon cprocess 0 
2019-03-26 05:25:46,410 : INFO : 22359130 coupon cprocess 300 
2019-03-26 05:25:46,681 : INFO : 22217098 coupon cprocess 0 
2019-03-26 05:25:47,949 : INFO : 22359130 coupon cprocess 300 
2019-03-26 05:25:48,177 : INFO : 22217098 coupon cprocess 0 
2019-03-26 05:25:50,758 : INFO : 22359130 coupon cprocess 300 
2019-03-26 05:25:51,053 : INFO : 22217098 coupon cprocess 0 
2019-03-26 05:25:52,109 : INFO : 22359130 coupon cprocess 300 
2019-03-26 05:25:52,322 : INFO : 22217098 coupon cprocess 0 
2019-03-26 05:25:53,106 : INFO : 22359130 coupon cprocess 300 
2019-03-26 05:25:53,208 : INFO : 22217098 coupon cprocess 0 
2019-03-26 05:25:53,564 : INFO : 22359130 coupon cprocess 300 
2019-03-26 05:25:53,627 : INFO : 22217098 coupon cprocess 0 
2019-03-26 05:25:53,673 : INFO : 22359130 coupon cprocess 300 
2019-03-26 05:25:53,704 : INFO : 22217098 coupon cprocess 0 
2019-03-26 05:25:54,074 : INFO : 22359130 coupon cprocess 300 
2019-03-26 05:25:54,119 : INFO : 22217098 coupon cprocess 0 
2019-03-26 05:25:54,856 : INFO : 22359130 coupon cprocess 300 
2019-03-26 05:25:54,972 : INFO : 22217098 coupon cprocess 0 
2019-03-26 05:25:55,217 : INFO : 22359130 coupon cprocess 300 
2019-03-26 05:25:55,262 : INFO : 22217098 coupon cprocess 0 
2019-03-26 05:25:55,976 : INFO : 22359130 coupon cprocess 300 
2019-03-26 05:25:56,141 : INFO : 22217098 coupon cprocess 0 
2019-03-26 05:25:57,602 : INFO : 22359130 coupon cprocess 300 
2019-03-26 05:25:57,871 : INFO : 22217098 coupon cprocess 0 
2019-03-26 05:25:58,389 : INFO : 22359130 coupon cprocess 300 
2019-03-26 05:25:58,549 : INFO : 22217098 coupon cprocess 0 
2019-03-26 05:26:00,342 : INFO : 22359130 coupon cprocess 300 
2019-03-26 05:26:00,521 : INFO : 22217098 coupon cprocess 0 
2019-03-26 05:26:01,573 : INFO : 22359130 coupon cprocess 300 
2019-03-26 05:26:01,779 : INFO : 22217098 coupon cprocess 0 
2019-03-26 05:26:02,080 : INFO : 22359130 coupon cprocess 300 
2019-03-26 05:26:02,213 : INFO : 22217098 coupon cprocess 0 
2019-03-26 05:26:02,390 : INFO : 22359130 coupon cprocess 300 
2019-03-26 05:26:02,422 : INFO : 22217098 coupon cprocess 0 
2019-03-26 05:26:03,539 : INFO : 22359130 coupon cprocess 300 
2019-03-26 05:26:03,752 : INFO : 22217098 coupon cprocess 0 
2019-03-26 05:26:04,016 : INFO : 22359130 coupon cprocess 300 
2019-03-26 05:26:04,075 : INFO : 22217098 coupon cprocess 0 
2019-03-26 05:26:04,301 : INFO : 22359130 coupon cprocess 300 
2019-03-26 05:26:04,349 : INFO : 22217098 coupon cprocess 0 
2019-03-26 05:26:04,484 : INFO : 22359130 coupon cprocess 300 
2019-03-26 05:26:04,542 : INFO : 22217098 coupon cprocess 0 
2019-03-26 05:26:04,649 : INFO : 22359130 coupon cprocess 300 
2019-03-26 05:26:04,736 : INFO : 22217098 coupon cprocess 0 
2019-03-26 05:26:05,333 : INFO : 22359130 coupon cprocess 300 
2019-03-26 05:26:05,489 : INFO : 22217098 coupon cprocess 0 
2019-03-26 05:26:06,495 : INFO : 22359130 coupon cprocess 300 
2019-03-26 05:26:06,614 : INFO : 22217098 coupon cprocess 0 
2019-03-26 05:26:06,749 : INFO : 22359130 coupon cprocess 300 
2019-03-26 05:26:06,781 : INFO : 22217098 coupon cprocess 0 
2019-03-26 05:26:08,606 : INFO : 22359130 coupon cprocess 300 
2019-03-26 05:26:08,855 : INFO : 22217098 coupon cprocess 0 
2019-03-26 05:26:08,872 : INFO : 22359130 coupon cprocess 300 
2019-03-26 05:26:08,887 : INFO : 22217098 coupon cprocess 0 
2019-03-26 05:26:09,344 : INFO : 22359130 coupon cprocess 300 
2019-03-26 05:26:09,391 : INFO : 22217098 coupon cprocess 0 
2019-03-26 05:26:09,921 : INFO : 22359130 coupon cprocess 300 
2019-03-26 05:26:09,997 : INFO : 22217098 coupon cprocess 0 
2019-03-26 05:26:10,458 : INFO : 22359130 coupon cprocess 300 
2019-03-26 05:26:10,609 : INFO : 22217098 coupon cprocess 0 
2019-03-26 05:26:10,691 : INFO : 22359130 coupon cprocess 300 
2019-03-26 05:26:10,691 : INFO : cat process 100
2019-03-26 05:26:10,708 : INFO : 22217098 coupon cprocess 0 
2019-03-26 05:26:11,306 : INFO : 22359130 coupon cprocess 300 
2019-03-26 05:26:11,409 : INFO : 22217098 coupon cprocess 0 
2019-03-26 05:26:11,599 : INFO : 22359130 coupon cprocess 300 
2019-03-26 05:26:11,614 : INFO : 22217098 coupon cprocess 0 
2019-03-26 05:26:11,705 : INFO : 22359130 coupon cprocess 300 
2019-03-26 05:26:11,719 : INFO : 22217098 coupon cprocess 0 
2019-03-26 05:26:11,929 : INFO : 22359130 coupon cprocess 300 
2019-03-26 05:26:11,944 : INFO : 22217098 coupon cprocess 0 
2019-03-26 05:26:12,276 : INFO : 22359130 coupon cprocess 300 
2019-03-26 05:26:12,308 : INFO : 22217098 coupon cprocess 0 
2019-03-26 05:26:13,925 : INFO : 22359130 coupon cprocess 300 
2019-03-26 05:26:14,133 : INFO : 22217098 coupon cprocess 0 
2019-03-26 05:26:14,198 : INFO : 22359130 coupon cprocess 300 
2019-03-26 05:26:14,214 : INFO : 22217098 coupon cprocess 0 
2019-03-26 05:26:15,132 : INFO : 22359130 coupon cprocess 300 
2019-03-26 05:26:15,327 : INFO : 22217098 coupon cprocess 0 
2019-03-26 05:26:16,389 : INFO : 22359130 coupon cprocess 300 
2019-03-26 05:26:16,524 : INFO : 22217098 coupon cprocess 0 
2019-03-26 05:26:17,349 : INFO : 22359130 coupon cprocess 300 
2019-03-26 05:26:17,452 : INFO : 22217098 coupon cprocess 0 
2019-03-26 05:26:17,559 : INFO : 22359130 coupon cprocess 300 
2019-03-26 05:26:17,588 : INFO : 22217098 coupon cprocess 0 
2019-03-26 05:26:17,712 : INFO : 22359130 coupon cprocess 300 
2019-03-26 05:26:17,757 : INFO : 22217098 coupon cprocess 0 
2019-03-26 05:26:18,316 : INFO : 22359130 coupon cprocess 300 
2019-03-26 05:26:18,360 : INFO : 22217098 coupon cprocess 0 
2019-03-26 05:26:18,510 : INFO : 22359130 coupon cprocess 300 
2019-03-26 05:26:18,525 : INFO : 22217098 coupon cprocess 0 
2019-03-26 05:26:18,958 : INFO : 22359130 coupon cprocess 300 
2019-03-26 05:26:19,039 : INFO : 22217098 coupon cprocess 0 
2019-03-26 05:26:19,264 : INFO : 22359130 coupon cprocess 300 
2019-03-26 05:26:19,345 : INFO : 22217098 coupon cprocess 0 
2019-03-26 05:26:20,668 : INFO : 22359130 coupon cprocess 300 
2019-03-26 05:26:20,844 : INFO : 22217098 coupon cprocess 0 
2019-03-26 05:26:21,084 : INFO : 22359130 coupon cprocess 300 
2019-03-26 05:26:21,161 : INFO : 22217098 coupon cprocess 0 
2019-03-26 05:26:21,364 : INFO : 22359130 coupon cprocess 300 
2019-03-26 05:26:21,428 : INFO : 22217098 coupon cprocess 0 
2019-03-26 05:26:21,514 : INFO : 22359130 coupon cprocess 300 
2019-03-26 05:26:21,530 : INFO : 22217098 coupon cprocess 0 
2019-03-26 05:26:22,008 : INFO : 22359130 coupon cprocess 300 
2019-03-26 05:26:22,086 : INFO : 22217098 coupon cprocess 0 
2019-03-26 05:26:22,908 : INFO : 22359130 coupon cprocess 300 
2019-03-26 05:26:23,076 : INFO : 22217098 coupon cprocess 0 
2019-03-26 05:26:23,123 : INFO : 22359130 coupon cprocess 300 
2019-03-26 05:26:23,140 : INFO : 22217098 coupon cprocess 0 
2019-03-26 05:26:24,392 : INFO : 22359130 coupon cprocess 300 
2019-03-26 05:26:24,539 : INFO : 22217098 coupon cprocess 0 
2019-03-26 05:26:24,705 : INFO : 22359130 coupon cprocess 300 
2019-03-26 05:26:24,719 : INFO : 22217098 coupon cprocess 0 
2019-03-26 05:26:24,957 : INFO : 22359130 coupon cprocess 300 
2019-03-26 05:26:24,972 : INFO : 22217098 coupon cprocess 0 
2019-03-26 05:26:25,749 : INFO : 22359130 coupon cprocess 300 
2019-03-26 05:26:25,881 : INFO : 22217098 coupon cprocess 0 
2019-03-26 05:26:26,134 : INFO : 22359130 coupon cprocess 300 
2019-03-26 05:26:26,150 : INFO : 22217098 coupon cprocess 0 
2019-03-26 05:26:26,211 : INFO : 22359130 coupon cprocess 300 
2019-03-26 05:26:26,226 : INFO : 22217098 coupon cprocess 0 
2019-03-26 05:26:26,543 : INFO : 22359130 coupon cprocess 300 
2019-03-26 05:26:26,630 : INFO : 22217098 coupon cprocess 0 
2019-03-26 05:26:26,662 : INFO : 22359130 coupon cprocess 300 
2019-03-26 05:26:26,676 : INFO : 22217098 coupon cprocess 0 
2019-03-26 05:26:26,937 : INFO : 22359130 coupon cprocess 300 
2019-03-26 05:26:26,984 : INFO : 22217098 coupon cprocess 0 
2019-03-26 05:26:27,259 : INFO : 22359130 coupon cprocess 300 
2019-03-26 05:26:27,348 : INFO : 22217098 coupon cprocess 0 
2019-03-26 05:26:27,673 : INFO : 22359130 coupon cprocess 300 
2019-03-26 05:26:27,747 : INFO : 22217098 coupon cprocess 0 
2019-03-26 05:26:27,952 : INFO : 22359130 coupon cprocess 300 
2019-03-26 05:26:27,985 : INFO : 22217098 coupon cprocess 0 
2019-03-26 05:26:28,089 : INFO : 22359130 coupon cprocess 300 
2019-03-26 05:26:28,149 : INFO : 22217098 coupon cprocess 0 
2019-03-26 05:26:28,579 : INFO : 22359130 coupon cprocess 300 
2019-03-26 05:26:28,726 : INFO : 22217098 coupon cprocess 0 
2019-03-26 05:26:29,066 : INFO : 22359130 coupon cprocess 300 
2019-03-26 05:26:29,110 : INFO : 22217098 coupon cprocess 0 
2019-03-26 05:26:29,231 : INFO : 22359130 coupon cprocess 300 
2019-03-26 05:26:29,276 : INFO : 22217098 coupon cprocess 0 
2019-03-26 05:26:29,353 : INFO : 22359130 coupon cprocess 300 
2019-03-26 05:26:29,371 : INFO : 22217098 coupon cprocess 0 
2019-03-26 05:26:31,016 : INFO : 22359130 coupon cprocess 300 
2019-03-26 05:26:31,219 : INFO : 22217098 coupon cprocess 0 
2019-03-26 05:26:31,391 : INFO : 22359130 coupon cprocess 300 
2019-03-26 05:26:31,408 : INFO : 22217098 coupon cprocess 0 
2019-03-26 05:26:32,256 : INFO : 22359130 coupon cprocess 300 
2019-03-26 05:26:32,350 : INFO : 22217098 coupon cprocess 0 
2019-03-26 05:26:32,701 : INFO : 22359130 coupon cprocess 300 
2019-03-26 05:26:32,765 : INFO : 22217098 coupon cprocess 0 
2019-03-26 05:26:33,130 : INFO : 22359130 coupon cprocess 300 
2019-03-26 05:26:33,159 : INFO : 22217098 coupon cprocess 0 
2019-03-26 05:26:34,337 : INFO : 22359130 coupon cprocess 300 
2019-03-26 05:26:34,484 : INFO : 22217098 coupon cprocess 0 
2019-03-26 05:26:35,360 : INFO : 22359130 coupon cprocess 300 
2019-03-26 05:26:35,497 : INFO : 22217098 coupon cprocess 0 
2019-03-26 05:26:36,747 : INFO : 22359130 coupon cprocess 300 
2019-03-26 05:26:36,997 : INFO : 22217098 coupon cprocess 0 
2019-03-26 05:26:37,202 : INFO : 22359130 coupon cprocess 300 
2019-03-26 05:26:37,220 : INFO : 22217098 coupon cprocess 0 
2019-03-26 05:26:39,078 : INFO : 22359130 coupon cprocess 300 
2019-03-26 05:26:39,295 : INFO : 22217098 coupon cprocess 0 
2019-03-26 05:26:39,736 : INFO : 22359130 coupon cprocess 300 
2019-03-26 05:26:39,781 : INFO : 22217098 coupon cprocess 0 
2019-03-26 05:26:40,008 : INFO : 22359130 coupon cprocess 300 
2019-03-26 05:26:40,111 : INFO : 22217098 coupon cprocess 0 
2019-03-26 05:26:40,450 : INFO : 22359130 coupon cprocess 300 
2019-03-26 05:26:40,532 : INFO : 22217098 coupon cprocess 0 
2019-03-26 05:26:42,032 : INFO : 22359130 coupon cprocess 300 
2019-03-26 05:26:42,272 : INFO : 22217098 coupon cprocess 0 
2019-03-26 05:26:43,045 : INFO : 22359130 coupon cprocess 300 
2019-03-26 05:26:43,107 : INFO : 22217098 coupon cprocess 0 
2019-03-26 05:26:43,807 : INFO : 22359130 coupon cprocess 300 
2019-03-26 05:26:43,867 : INFO : 22217098 coupon cprocess 0 
2019-03-26 05:26:44,091 : INFO : 22359130 coupon cprocess 300 
2019-03-26 05:26:44,208 : INFO : 22217098 coupon cprocess 0 
2019-03-26 05:26:44,443 : INFO : 22359130 coupon cprocess 300 
2019-03-26 05:26:44,545 : INFO : 22217098 coupon cprocess 0 
2019-03-26 05:26:44,928 : INFO : 22359130 coupon cprocess 300 
2019-03-26 05:26:44,945 : INFO : 22217098 coupon cprocess 0 
2019-03-26 05:26:46,156 : INFO : 22359130 coupon cprocess 300 
2019-03-26 05:26:46,381 : INFO : 22217098 coupon cprocess 0 
2019-03-26 05:26:47,121 : INFO : 22359130 coupon cprocess 300 
2019-03-26 05:26:47,237 : INFO : 22217098 coupon cprocess 0 
2019-03-26 05:26:47,598 : INFO : 22359130 coupon cprocess 300 
2019-03-26 05:26:47,659 : INFO : 22217098 coupon cprocess 0 
2019-03-26 05:26:48,340 : INFO : 22359130 coupon cprocess 300 
2019-03-26 05:26:48,532 : INFO : 22217098 coupon cprocess 0 
2019-03-26 05:26:49,082 : INFO : 22359130 coupon cprocess 300 
2019-03-26 05:26:49,256 : INFO : 22217098 coupon cprocess 0 
2019-03-26 05:26:50,008 : INFO : 22359130 coupon cprocess 300 
2019-03-26 05:26:50,168 : INFO : 22217098 coupon cprocess 0 
2019-03-26 05:26:50,392 : INFO : 22359130 coupon cprocess 300 
2019-03-26 05:26:50,438 : INFO : 22217098 coupon cprocess 0 
2019-03-26 05:26:50,935 : INFO : 22359130 coupon cprocess 300 
2019-03-26 05:26:50,967 : INFO : 22217098 coupon cprocess 0 
2019-03-26 05:26:51,927 : INFO : 22359130 coupon cprocess 300 
2019-03-26 05:26:52,090 : INFO : 22217098 coupon cprocess 0 
2019-03-26 05:26:53,981 : INFO : 22359130 coupon cprocess 300 
2019-03-26 05:26:54,181 : INFO : 22217098 coupon cprocess 0 
2019-03-26 05:26:54,549 : INFO : 22359130 coupon cprocess 300 
2019-03-26 05:26:54,639 : INFO : 22217098 coupon cprocess 0 
2019-03-26 05:26:54,948 : INFO : 22359130 coupon cprocess 300 
2019-03-26 05:26:55,041 : INFO : 22217098 coupon cprocess 0 
2019-03-26 05:26:57,179 : INFO : 22359130 coupon cprocess 300 
2019-03-26 05:26:57,435 : INFO : 22217098 coupon cprocess 0 
2019-03-26 05:26:58,869 : INFO : 22359130 coupon cprocess 300 
2019-03-26 05:26:59,099 : INFO : 22217098 coupon cprocess 0 
2019-03-26 05:26:59,569 : INFO : 22359130 coupon cprocess 300 
2019-03-26 05:26:59,675 : INFO : 22217098 coupon cprocess 0 
2019-03-26 05:26:59,883 : INFO : 22359130 coupon cprocess 300 
2019-03-26 05:26:59,943 : INFO : 22217098 coupon cprocess 0 
2019-03-26 05:27:00,003 : INFO : 22359130 coupon cprocess 300 
2019-03-26 05:27:00,017 : INFO : 22217098 coupon cprocess 0 
2019-03-26 05:27:00,080 : INFO : 22359130 coupon cprocess 300 
2019-03-26 05:27:00,099 : INFO : 22217098 coupon cprocess 0 
2019-03-26 05:27:02,352 : INFO : 22359130 coupon cprocess 300 
2019-03-26 05:27:02,579 : INFO : 22217098 coupon cprocess 0 
2019-03-26 05:27:02,705 : INFO : 22359130 coupon cprocess 300 
2019-03-26 05:27:02,734 : INFO : 22217098 coupon cprocess 0 
2019-03-26 05:27:02,917 : INFO : 22359130 coupon cprocess 300 
2019-03-26 05:27:02,966 : INFO : 22217098 coupon cprocess 0 
2019-03-26 05:27:03,667 : INFO : 22359130 coupon cprocess 300 
2019-03-26 05:27:03,851 : INFO : 22217098 coupon cprocess 0 
2019-03-26 05:27:03,930 : INFO : 22359130 coupon cprocess 300 
2019-03-26 05:27:03,944 : INFO : 22217098 coupon cprocess 0 
2019-03-26 05:27:04,114 : INFO : 22359130 coupon cprocess 300 
2019-03-26 05:27:04,154 : INFO : 22217098 coupon cprocess 0 
2019-03-26 05:27:04,361 : INFO : 22359130 coupon cprocess 300 
2019-03-26 05:27:04,448 : INFO : 22217098 coupon cprocess 0 
2019-03-26 05:27:05,628 : INFO : 22359130 coupon cprocess 300 
2019-03-26 05:27:05,825 : INFO : 22217098 coupon cprocess 0 
2019-03-26 05:27:07,302 : INFO : 22359130 coupon cprocess 300 
2019-03-26 05:27:07,521 : INFO : 22217098 coupon cprocess 0 
2019-03-26 05:27:07,605 : INFO : 22359130 coupon cprocess 300 
2019-03-26 05:27:07,619 : INFO : 22217098 coupon cprocess 0 
2019-03-26 05:27:08,061 : INFO : 22359130 coupon cprocess 300 
2019-03-26 05:27:08,139 : INFO : 22217098 coupon cprocess 0 
2019-03-26 05:27:08,789 : INFO : 22359130 coupon cprocess 300 
2019-03-26 05:27:08,872 : INFO : 22217098 coupon cprocess 0 
2019-03-26 05:27:09,805 : INFO : 22359130 coupon cprocess 300 
2019-03-26 05:27:09,894 : INFO : 22217098 coupon cprocess 0 
2019-03-26 05:27:10,687 : INFO : 22359130 coupon cprocess 300 
2019-03-26 05:27:10,876 : INFO : 22217098 coupon cprocess 0 
2019-03-26 05:27:11,290 : INFO : 22359130 coupon cprocess 300 
2019-03-26 05:27:11,382 : INFO : 22217098 coupon cprocess 0 
2019-03-26 05:27:11,474 : INFO : 22359130 coupon cprocess 300 
2019-03-26 05:27:11,490 : INFO : 22217098 coupon cprocess 0 
2019-03-26 05:27:12,071 : INFO : 22359130 coupon cprocess 300 
2019-03-26 05:27:12,228 : INFO : 22217098 coupon cprocess 0 
2019-03-26 05:27:13,029 : INFO : 22359130 coupon cprocess 300 
2019-03-26 05:27:13,180 : INFO : 22217098 coupon cprocess 0 
2019-03-26 05:27:14,166 : INFO : 22359130 coupon cprocess 300 
2019-03-26 05:27:14,316 : INFO : 22217098 coupon cprocess 0 
2019-03-26 05:27:14,907 : INFO : 22359130 coupon cprocess 300 
2019-03-26 05:27:15,014 : INFO : 22217098 coupon cprocess 0 
2019-03-26 05:27:15,355 : INFO : 22359130 coupon cprocess 300 
2019-03-26 05:27:15,371 : INFO : 22217098 coupon cprocess 0 
2019-03-26 05:27:15,705 : INFO : 22359130 coupon cprocess 300 
2019-03-26 05:27:15,767 : INFO : 22217098 coupon cprocess 0 
2019-03-26 05:27:17,915 : INFO : 22359130 coupon cprocess 300 
2019-03-26 05:27:18,153 : INFO : cat process 200
2019-03-26 05:27:18,170 : INFO : 22217098 coupon cprocess 0 
2019-03-26 05:27:18,844 : INFO : 22359130 coupon cprocess 300 
2019-03-26 05:27:19,003 : INFO : 22217098 coupon cprocess 0 
2019-03-26 05:27:21,541 : INFO : 22359130 coupon cprocess 300 
2019-03-26 05:27:21,819 : INFO : 22217098 coupon cprocess 0 
2019-03-26 05:27:23,077 : INFO : 22359130 coupon cprocess 300 
2019-03-26 05:27:23,287 : INFO : 22217098 coupon cprocess 0 
2019-03-26 05:27:23,661 : INFO : 22359130 coupon cprocess 300 
2019-03-26 05:27:23,705 : INFO : 22217098 coupon cprocess 0 
2019-03-26 05:27:24,299 : INFO : 22359130 coupon cprocess 300 
2019-03-26 05:27:24,344 : INFO : 22217098 coupon cprocess 0 
2019-03-26 05:27:24,861 : INFO : 22359130 coupon cprocess 300 
2019-03-26 05:27:24,891 : INFO : 22217098 coupon cprocess 0 
2019-03-26 05:27:25,300 : INFO : 22359130 coupon cprocess 300 
2019-03-26 05:27:25,361 : INFO : 22217098 coupon cprocess 0 
2019-03-26 05:27:25,804 : INFO : 22359130 coupon cprocess 300 
2019-03-26 05:27:25,834 : INFO : 22217098 coupon cprocess 0 
2019-03-26 05:27:26,931 : INFO : 22359130 coupon cprocess 300 
2019-03-26 05:27:27,047 : INFO : 22217098 coupon cprocess 0 
2019-03-26 05:27:27,215 : INFO : 22359130 coupon cprocess 300 
2019-03-26 05:27:27,260 : INFO : 22217098 coupon cprocess 0 
2019-03-26 05:27:27,680 : INFO : 22359130 coupon cprocess 300 
2019-03-26 05:27:27,756 : INFO : 22217098 coupon cprocess 0 
2019-03-26 05:27:28,272 : INFO : 22359130 coupon cprocess 300 
2019-03-26 05:27:28,411 : INFO : 22217098 coupon cprocess 0 
2019-03-26 05:27:28,830 : INFO : 22359130 coupon cprocess 300 
2019-03-26 05:27:28,920 : INFO : 22217098 coupon cprocess 0 
2019-03-26 05:27:29,436 : INFO : 22359130 coupon cprocess 300 
2019-03-26 05:27:29,525 : INFO : 22217098 coupon cprocess 0 
2019-03-26 05:27:30,122 : INFO : 22359130 coupon cprocess 300 
2019-03-26 05:27:30,180 : INFO : 22217098 coupon cprocess 0 
2019-03-26 05:27:30,444 : INFO : 22359130 coupon cprocess 300 
2019-03-26 05:27:30,475 : INFO : 22217098 coupon cprocess 0 
2019-03-26 05:27:31,566 : INFO : 22359130 coupon cprocess 300 
2019-03-26 05:27:31,759 : INFO : 22217098 coupon cprocess 0 
2019-03-26 05:27:32,121 : INFO : 22359130 coupon cprocess 300 
2019-03-26 05:27:32,179 : INFO : 22217098 coupon cprocess 0 
2019-03-26 05:27:32,859 : INFO : 22359130 coupon cprocess 300 
2019-03-26 05:27:33,089 : INFO : 22217098 coupon cprocess 0 
2019-03-26 05:27:33,287 : INFO : 22359130 coupon cprocess 300 
2019-03-26 05:27:33,304 : INFO : 22217098 coupon cprocess 0 
2019-03-26 05:27:34,718 : INFO : 22359130 coupon cprocess 300 
2019-03-26 05:27:34,892 : INFO : 22217098 coupon cprocess 0 
2019-03-26 05:27:35,171 : INFO : 22359130 coupon cprocess 300 
2019-03-26 05:27:35,217 : INFO : 22217098 coupon cprocess 0 
2019-03-26 05:27:35,312 : INFO : 22359130 coupon cprocess 300 
2019-03-26 05:27:35,396 : INFO : 22217098 coupon cprocess 0 
2019-03-26 05:27:36,059 : INFO : 22359130 coupon cprocess 300 
2019-03-26 05:27:36,089 : INFO : 22217098 coupon cprocess 0 
2019-03-26 05:27:36,685 : INFO : 22359130 coupon cprocess 300 
2019-03-26 05:27:36,806 : INFO : 22217098 coupon cprocess 0 
2019-03-26 05:27:38,083 : INFO : 22359130 coupon cprocess 300 
2019-03-26 05:27:38,200 : INFO : 22217098 coupon cprocess 0 
2019-03-26 05:27:38,427 : INFO : 22359130 coupon cprocess 300 
2019-03-26 05:27:38,500 : INFO : 22217098 coupon cprocess 0 
2019-03-26 05:27:39,014 : INFO : 22359130 coupon cprocess 300 
2019-03-26 05:27:39,045 : INFO : 22217098 coupon cprocess 0 
2019-03-26 05:27:39,905 : INFO : 22359130 coupon cprocess 300 
2019-03-26 05:27:40,009 : INFO : 22217098 coupon cprocess 0 
2019-03-26 05:27:41,398 : INFO : 22359130 coupon cprocess 300 
2019-03-26 05:27:41,616 : INFO : 22217098 coupon cprocess 0 
2019-03-26 05:27:41,926 : INFO : 22359130 coupon cprocess 300 
2019-03-26 05:27:41,969 : INFO : 22217098 coupon cprocess 0 
2019-03-26 05:27:42,102 : INFO : 22359130 coupon cprocess 300 
2019-03-26 05:27:42,136 : INFO : 22217098 coupon cprocess 0 
2019-03-26 05:27:42,616 : INFO : 22359130 coupon cprocess 300 
2019-03-26 05:27:42,679 : INFO : 22217098 coupon cprocess 0 
2019-03-26 05:27:43,032 : INFO : 22359130 coupon cprocess 300 
2019-03-26 05:27:43,122 : INFO : 22217098 coupon cprocess 0 
2019-03-26 05:27:43,154 : INFO : 22359130 coupon cprocess 300 
2019-03-26 05:27:43,168 : INFO : 22217098 coupon cprocess 0 
2019-03-26 05:27:43,229 : INFO : 22359130 coupon cprocess 300 
2019-03-26 05:27:43,289 : INFO : 22217098 coupon cprocess 0 
2019-03-26 05:27:43,504 : INFO : 22359130 coupon cprocess 300 
2019-03-26 05:27:43,522 : INFO : 22217098 coupon cprocess 0 
2019-03-26 05:27:44,862 : INFO : 22359130 coupon cprocess 300 
2019-03-26 05:27:45,022 : INFO : 22217098 coupon cprocess 0 
2019-03-26 05:27:45,695 : INFO : 22359130 coupon cprocess 300 
2019-03-26 05:27:45,801 : INFO : 22217098 coupon cprocess 0 
2019-03-26 05:27:46,129 : INFO : 22359130 coupon cprocess 300 
2019-03-26 05:27:46,203 : INFO : 22217098 coupon cprocess 0 
2019-03-26 05:27:46,712 : INFO : 22359130 coupon cprocess 300 
2019-03-26 05:27:46,727 : INFO : 22217098 coupon cprocess 0 
2019-03-26 05:27:46,875 : INFO : 22359130 coupon cprocess 300 
2019-03-26 05:27:46,891 : INFO : 22217098 coupon cprocess 0 
2019-03-26 05:27:48,036 : INFO : 22359130 coupon cprocess 300 
2019-03-26 05:27:48,198 : INFO : 22217098 coupon cprocess 0 
2019-03-26 05:27:48,716 : INFO : 22359130 coupon cprocess 300 
2019-03-26 05:27:48,821 : INFO : 22217098 coupon cprocess 0 
2019-03-26 05:27:49,333 : INFO : 22359130 coupon cprocess 300 
2019-03-26 05:27:49,492 : INFO : 22217098 coupon cprocess 0 
2019-03-26 05:27:49,852 : INFO : 22359130 coupon cprocess 300 
2019-03-26 05:27:49,892 : INFO : 22217098 coupon cprocess 0 
2019-03-26 05:27:50,224 : INFO : 22359130 coupon cprocess 300 
2019-03-26 05:27:50,276 : INFO : 22217098 coupon cprocess 0 
2019-03-26 05:27:50,660 : INFO : 22359130 coupon cprocess 300 
2019-03-26 05:27:50,730 : INFO : 22217098 coupon cprocess 0 
2019-03-26 05:27:50,849 : INFO : 22359130 coupon cprocess 300 
2019-03-26 05:27:50,863 : INFO : 22217098 coupon cprocess 0 
2019-03-26 05:27:51,085 : INFO : 22359130 coupon cprocess 300 
2019-03-26 05:27:51,155 : INFO : 22217098 coupon cprocess 0 
2019-03-26 05:27:51,762 : INFO : 22359130 coupon cprocess 300 
2019-03-26 05:27:51,838 : INFO : 22217098 coupon cprocess 0 
2019-03-26 05:27:53,613 : INFO : 22359130 coupon cprocess 300 
2019-03-26 05:27:53,840 : INFO : 22217098 coupon cprocess 0 
2019-03-26 05:27:54,831 : INFO : 22359130 coupon cprocess 300 
2019-03-26 05:27:55,062 : INFO : 22217098 coupon cprocess 0 
2019-03-26 05:27:55,209 : INFO : 22359130 coupon cprocess 300 
2019-03-26 05:27:55,240 : INFO : 22217098 coupon cprocess 0 
2019-03-26 05:27:56,007 : INFO : 22359130 coupon cprocess 300 
2019-03-26 05:27:56,126 : INFO : 22217098 coupon cprocess 0 
2019-03-26 05:27:56,529 : INFO : 22359130 coupon cprocess 300 
2019-03-26 05:27:56,705 : INFO : 22217098 coupon cprocess 0 
2019-03-26 05:27:57,107 : INFO : 22359130 coupon cprocess 300 
2019-03-26 05:27:57,182 : INFO : 22217098 coupon cprocess 0 
2019-03-26 05:27:59,193 : INFO : 22359130 coupon cprocess 300 
2019-03-26 05:27:59,436 : INFO : 22217098 coupon cprocess 0 
2019-03-26 05:28:00,916 : INFO : 22359130 coupon cprocess 300 
2019-03-26 05:28:01,125 : INFO : 22217098 coupon cprocess 0 
2019-03-26 05:28:01,909 : INFO : 22359130 coupon cprocess 300 
2019-03-26 05:28:02,077 : INFO : 22217098 coupon cprocess 0 
2019-03-26 05:28:03,310 : INFO : 22359130 coupon cprocess 300 
2019-03-26 05:28:03,505 : INFO : 22217098 coupon cprocess 0 
2019-03-26 05:28:03,707 : INFO : 22359130 coupon cprocess 300 
2019-03-26 05:28:03,768 : INFO : 22217098 coupon cprocess 0 
2019-03-26 05:28:04,285 : INFO : 22359130 coupon cprocess 300 
2019-03-26 05:28:04,425 : INFO : 22217098 coupon cprocess 0 
2019-03-26 05:28:04,692 : INFO : 22359130 coupon cprocess 300 
2019-03-26 05:28:04,745 : INFO : 22217098 coupon cprocess 0 
2019-03-26 05:28:04,841 : INFO : 22359130 coupon cprocess 300 
2019-03-26 05:28:04,874 : INFO : 22217098 coupon cprocess 0 
2019-03-26 05:28:06,160 : INFO : 22359130 coupon cprocess 300 
2019-03-26 05:28:06,396 : INFO : 22217098 coupon cprocess 0 
2019-03-26 05:28:06,891 : INFO : 22359130 coupon cprocess 300 
2019-03-26 05:28:06,907 : INFO : 22217098 coupon cprocess 0 
2019-03-26 05:28:07,619 : INFO : 22359130 coupon cprocess 300 
2019-03-26 05:28:07,780 : INFO : 22217098 coupon cprocess 0 
2019-03-26 05:28:08,005 : INFO : 22359130 coupon cprocess 300 
2019-03-26 05:28:08,020 : INFO : 22217098 coupon cprocess 0 
2019-03-26 05:28:08,213 : INFO : 22359130 coupon cprocess 300 
2019-03-26 05:28:08,244 : INFO : 22217098 coupon cprocess 0 
2019-03-26 05:28:08,998 : INFO : 22359130 coupon cprocess 300 
2019-03-26 05:28:09,154 : INFO : 22217098 coupon cprocess 0 
2019-03-26 05:28:09,260 : INFO : 22359130 coupon cprocess 300 
2019-03-26 05:28:09,274 : INFO : 22217098 coupon cprocess 0 
2019-03-26 05:28:09,338 : INFO : 22359130 coupon cprocess 300 
2019-03-26 05:28:09,355 : INFO : 22217098 coupon cprocess 0 
2019-03-26 05:28:09,459 : INFO : 22359130 coupon cprocess 300 
2019-03-26 05:28:09,472 : INFO : 22217098 coupon cprocess 0 
2019-03-26 05:28:09,666 : INFO : 22359130 coupon cprocess 300 
2019-03-26 05:28:09,705 : INFO : 22217098 coupon cprocess 0 
2019-03-26 05:28:10,012 : INFO : 22359130 coupon cprocess 300 
2019-03-26 05:28:10,064 : INFO : 22217098 coupon cprocess 0 
2019-03-26 05:28:10,672 : INFO : 22359130 coupon cprocess 300 
2019-03-26 05:28:10,751 : INFO : 22217098 coupon cprocess 0 
2019-03-26 05:28:10,848 : INFO : 22359130 coupon cprocess 300 
2019-03-26 05:28:10,866 : INFO : 22217098 coupon cprocess 0 
2019-03-26 05:28:12,518 : INFO : 22359130 coupon cprocess 300 
2019-03-26 05:28:12,699 : INFO : 22217098 coupon cprocess 0 
2019-03-26 05:28:13,272 : INFO : 22359130 coupon cprocess 300 
2019-03-26 05:28:13,408 : INFO : 22217098 coupon cprocess 0 
2019-03-26 05:28:13,480 : INFO : 22359130 coupon cprocess 300 
2019-03-26 05:28:13,497 : INFO : 22217098 coupon cprocess 0 
2019-03-26 05:28:13,694 : INFO : 22359130 coupon cprocess 300 
2019-03-26 05:28:13,723 : INFO : 22217098 coupon cprocess 0 
2019-03-26 05:28:13,948 : INFO : 22359130 coupon cprocess 300 
2019-03-26 05:28:14,005 : INFO : 22217098 coupon cprocess 0 
2019-03-26 05:28:14,136 : INFO : 22359130 coupon cprocess 300 
2019-03-26 05:28:14,151 : INFO : 22217098 coupon cprocess 0 
2019-03-26 05:28:14,274 : INFO : 22359130 coupon cprocess 300 
2019-03-26 05:28:14,306 : INFO : 22217098 coupon cprocess 0 
2019-03-26 05:28:15,446 : INFO : 22359130 coupon cprocess 300 
2019-03-26 05:28:15,541 : INFO : 22217098 coupon cprocess 0 
2019-03-26 05:28:16,142 : INFO : 22359130 coupon cprocess 300 
2019-03-26 05:28:16,201 : INFO : 22217098 coupon cprocess 0 
2019-03-26 05:28:16,482 : INFO : 22359130 coupon cprocess 300 
2019-03-26 05:28:16,558 : INFO : 22217098 coupon cprocess 0 
2019-03-26 05:28:17,060 : INFO : 22359130 coupon cprocess 300 
2019-03-26 05:28:17,163 : INFO : 22217098 coupon cprocess 0 
2019-03-26 05:28:17,243 : INFO : 22359130 coupon cprocess 300 
2019-03-26 05:28:17,289 : INFO : 22217098 coupon cprocess 0 
2019-03-26 05:28:17,377 : INFO : 22359130 coupon cprocess 300 
2019-03-26 05:28:17,393 : INFO : 22217098 coupon cprocess 0 
2019-03-26 05:28:17,735 : INFO : 22359130 coupon cprocess 300 
2019-03-26 05:28:17,767 : INFO : 22217098 coupon cprocess 0 
2019-03-26 05:28:18,266 : INFO : 22359130 coupon cprocess 300 
2019-03-26 05:28:18,342 : INFO : 22217098 coupon cprocess 0 
2019-03-26 05:28:19,094 : INFO : 22359130 coupon cprocess 300 
2019-03-26 05:28:19,182 : INFO : 22217098 coupon cprocess 0 
2019-03-26 05:28:19,321 : INFO : 22359130 coupon cprocess 300 
2019-03-26 05:28:19,350 : INFO : 22217098 coupon cprocess 0 
2019-03-26 05:28:19,442 : INFO : 22359130 coupon cprocess 300 
2019-03-26 05:28:19,474 : INFO : 22217098 coupon cprocess 0 
2019-03-26 05:28:20,978 : INFO : 22359130 coupon cprocess 300 
2019-03-26 05:28:21,193 : INFO : 22217098 coupon cprocess 0 
2019-03-26 05:28:21,455 : INFO : 22359130 coupon cprocess 300 
2019-03-26 05:28:21,469 : INFO : 22217098 coupon cprocess 0 
2019-03-26 05:28:22,812 : INFO : 22359130 coupon cprocess 300 
2019-03-26 05:28:22,979 : INFO : 22217098 coupon cprocess 0 
2019-03-26 05:28:23,060 : INFO : 22359130 coupon cprocess 300 
2019-03-26 05:28:23,088 : INFO : cat process 300
2019-03-26 05:28:23,102 : INFO : 22217098 coupon cprocess 0 
2019-03-26 05:28:23,621 : INFO : 22359130 coupon cprocess 300 
2019-03-26 05:28:23,716 : INFO : 22217098 coupon cprocess 0 
2019-03-26 05:28:25,462 : INFO : 22359130 coupon cprocess 300 
2019-03-26 05:28:25,692 : INFO : 22217098 coupon cprocess 0 
2019-03-26 05:28:26,039 : INFO : 22359130 coupon cprocess 300 
2019-03-26 05:28:26,110 : INFO : 22217098 coupon cprocess 0 
2019-03-26 05:28:26,561 : INFO : 22359130 coupon cprocess 300 
2019-03-26 05:28:26,642 : INFO : 22217098 coupon cprocess 0 
2019-03-26 05:28:26,696 : INFO : 22359130 coupon cprocess 300 
2019-03-26 05:28:26,709 : INFO : 22217098 coupon cprocess 0 
2019-03-26 05:28:27,024 : INFO : 22359130 coupon cprocess 300 
2019-03-26 05:28:27,052 : INFO : 22217098 coupon cprocess 0 
2019-03-26 05:28:28,232 : INFO : 22359130 coupon cprocess 300 
2019-03-26 05:28:28,401 : INFO : 22217098 coupon cprocess 0 
2019-03-26 05:28:29,041 : INFO : 22359130 coupon cprocess 300 
2019-03-26 05:28:29,187 : INFO : 22217098 coupon cprocess 0 
2019-03-26 05:28:29,356 : INFO : 22359130 coupon cprocess 300 
2019-03-26 05:28:29,371 : INFO : 22217098 coupon cprocess 0 
2019-03-26 05:28:29,460 : INFO : 22359130 coupon cprocess 300 
2019-03-26 05:28:29,475 : INFO : 22217098 coupon cprocess 0 
2019-03-26 05:28:29,953 : INFO : 22359130 coupon cprocess 300 
2019-03-26 05:28:30,124 : INFO : 22217098 coupon cprocess 0 
2019-03-26 05:28:30,581 : INFO : 22359130 coupon cprocess 300 
2019-03-26 05:28:30,652 : INFO : 22217098 coupon cprocess 0 
2019-03-26 05:28:30,962 : INFO : 22359130 coupon cprocess 300 
2019-03-26 05:28:30,994 : INFO : 22217098 coupon cprocess 0 
2019-03-26 05:28:31,713 : INFO : 22359130 coupon cprocess 300 
2019-03-26 05:28:31,815 : INFO : 22217098 coupon cprocess 0 
2019-03-26 05:28:31,860 : INFO : 22359130 coupon cprocess 300 
2019-03-26 05:28:31,875 : INFO : 22217098 coupon cprocess 0 
2019-03-26 05:28:32,441 : INFO : 22359130 coupon cprocess 300 
2019-03-26 05:28:32,530 : INFO : 22217098 coupon cprocess 0 
2019-03-26 05:28:32,652 : INFO : 22359130 coupon cprocess 300 
2019-03-26 05:28:32,666 : INFO : 22217098 coupon cprocess 0 
2019-03-26 05:28:33,122 : INFO : 22359130 coupon cprocess 300 
2019-03-26 05:28:33,186 : INFO : 22217098 coupon cprocess 0 
2019-03-26 05:28:33,375 : INFO : 22359130 coupon cprocess 300 
2019-03-26 05:28:33,389 : INFO : 22217098 coupon cprocess 0 
2019-03-26 05:28:33,668 : INFO : 22359130 coupon cprocess 300 
2019-03-26 05:28:33,747 : INFO : 22217098 coupon cprocess 0 
2019-03-26 05:28:33,775 : INFO : 22359130 coupon cprocess 300 
2019-03-26 05:28:33,789 : INFO : 22217098 coupon cprocess 0 
2019-03-26 05:28:33,894 : INFO : 22359130 coupon cprocess 300 
2019-03-26 05:28:33,908 : INFO : 22217098 coupon cprocess 0 
2019-03-26 05:28:34,235 : INFO : 22359130 coupon cprocess 300 
2019-03-26 05:28:34,325 : INFO : 22217098 coupon cprocess 0 
2019-03-26 05:28:34,382 : INFO : 22359130 coupon cprocess 300 
2019-03-26 05:28:34,397 : INFO : 22217098 coupon cprocess 0 
2019-03-26 05:28:34,969 : INFO : 22359130 coupon cprocess 300 
2019-03-26 05:28:35,127 : INFO : 22217098 coupon cprocess 0 
2019-03-26 05:28:35,181 : INFO : 22359130 coupon cprocess 300 
2019-03-26 05:28:35,224 : INFO : 22217098 coupon cprocess 0 
2019-03-26 05:28:36,646 : INFO : 22359130 coupon cprocess 300 
2019-03-26 05:28:36,860 : INFO : 22217098 coupon cprocess 0 
2019-03-26 05:28:37,479 : INFO : 22359130 coupon cprocess 300 
2019-03-26 05:28:37,615 : INFO : 22217098 coupon cprocess 0 
2019-03-26 05:28:38,511 : INFO : 22359130 coupon cprocess 300 
2019-03-26 05:28:38,628 : INFO : 22217098 coupon cprocess 0 
2019-03-26 05:28:38,945 : INFO : 22359130 coupon cprocess 300 
2019-03-26 05:28:38,999 : INFO : 22217098 coupon cprocess 0 
2019-03-26 05:28:39,943 : INFO : 22359130 coupon cprocess 300 
2019-03-26 05:28:40,165 : INFO : 22217098 coupon cprocess 0 
2019-03-26 05:28:40,304 : INFO : 22359130 coupon cprocess 300 
2019-03-26 05:28:40,320 : INFO : 22217098 coupon cprocess 0 
2019-03-26 05:28:40,578 : INFO : 22359130 coupon cprocess 300 
2019-03-26 05:28:40,656 : INFO : 22217098 coupon cprocess 0 
2019-03-26 05:28:40,725 : INFO : 22359130 coupon cprocess 300 
2019-03-26 05:28:40,740 : INFO : 22217098 coupon cprocess 0 
2019-03-26 05:28:41,115 : INFO : 22359130 coupon cprocess 300 
2019-03-26 05:28:41,142 : INFO : 22217098 coupon cprocess 0 
2019-03-26 05:28:41,361 : INFO : 22359130 coupon cprocess 300 
2019-03-26 05:28:41,389 : INFO : 22217098 coupon cprocess 0 
2019-03-26 05:28:41,464 : INFO : 22359130 coupon cprocess 300 
2019-03-26 05:28:41,507 : INFO : 22217098 coupon cprocess 0 
2019-03-26 05:28:41,524 : INFO : 22359130 coupon cprocess 300 
2019-03-26 05:28:41,539 : INFO : 22217098 coupon cprocess 0 
2019-03-26 05:28:41,782 : INFO : 22359130 coupon cprocess 300 
2019-03-26 05:28:41,812 : INFO : 22217098 coupon cprocess 0 
2019-03-26 05:28:42,564 : INFO : 22359130 coupon cprocess 300 
2019-03-26 05:28:42,748 : INFO : 22217098 coupon cprocess 0 
2019-03-26 05:28:43,755 : INFO : 22359130 coupon cprocess 300 
2019-03-26 05:28:43,874 : INFO : 22217098 coupon cprocess 0 
2019-03-26 05:28:43,967 : INFO : 22359130 coupon cprocess 300 
2019-03-26 05:28:44,022 : INFO : 22217098 coupon cprocess 0 
2019-03-26 05:28:44,317 : INFO : 22359130 coupon cprocess 300 
2019-03-26 05:28:44,331 : INFO : 22217098 coupon cprocess 0 
2019-03-26 05:28:44,475 : INFO : 22359130 coupon cprocess 300 
2019-03-26 05:28:44,529 : INFO : 22217098 coupon cprocess 0 
2019-03-26 05:28:45,216 : INFO : 22359130 coupon cprocess 300 
2019-03-26 05:28:45,410 : INFO : 22217098 coupon cprocess 0 
2019-03-26 05:28:45,875 : INFO : 22359130 coupon cprocess 300 
2019-03-26 05:28:45,933 : INFO : 22217098 coupon cprocess 0 
2019-03-26 05:28:46,233 : INFO : 22359130 coupon cprocess 300 
2019-03-26 05:28:46,323 : INFO : 22217098 coupon cprocess 0 
2019-03-26 05:28:47,167 : INFO : 22359130 coupon cprocess 300 
2019-03-26 05:28:47,210 : INFO : 22217098 coupon cprocess 0 
2019-03-26 05:28:47,287 : INFO : 22359130 coupon cprocess 300 
2019-03-26 05:28:47,302 : INFO : 22217098 coupon cprocess 0 
2019-03-26 05:28:47,690 : INFO : 22359130 coupon cprocess 300 
2019-03-26 05:28:47,851 : INFO : 22217098 coupon cprocess 0 
2019-03-26 05:28:48,174 : INFO : 22359130 coupon cprocess 300 
2019-03-26 05:28:48,219 : INFO : 22217098 coupon cprocess 0 
2019-03-26 05:28:49,098 : INFO : 22359130 coupon cprocess 300 
2019-03-26 05:28:49,201 : INFO : 22217098 coupon cprocess 0 
2019-03-26 05:28:50,211 : INFO : 22359130 coupon cprocess 300 
2019-03-26 05:28:50,376 : INFO : 22217098 coupon cprocess 0 
2019-03-26 05:28:50,555 : INFO : 22359130 coupon cprocess 300 
2019-03-26 05:28:50,570 : INFO : 22217098 coupon cprocess 0 
2019-03-26 05:28:50,760 : INFO : 22359130 coupon cprocess 300 
2019-03-26 05:28:50,776 : INFO : 22217098 coupon cprocess 0 
2019-03-26 05:28:51,451 : INFO : 22359130 coupon cprocess 300 
2019-03-26 05:28:51,583 : INFO : 22217098 coupon cprocess 0 
2019-03-26 05:28:51,615 : INFO : 22359130 coupon cprocess 300 
2019-03-26 05:28:51,628 : INFO : 22217098 coupon cprocess 0 
2019-03-26 05:28:51,722 : INFO : 22359130 coupon cprocess 300 
2019-03-26 05:28:51,737 : INFO : 22217098 coupon cprocess 0 
2019-03-26 05:28:51,813 : INFO : 22359130 coupon cprocess 300 
2019-03-26 05:28:51,827 : INFO : 22217098 coupon cprocess 0 
2019-03-26 05:28:51,859 : INFO : 22359130 coupon cprocess 300 
2019-03-26 05:28:51,875 : INFO : 22217098 coupon cprocess 0 
2019-03-26 05:28:51,922 : INFO : 22359130 coupon cprocess 300 
2019-03-26 05:28:51,937 : INFO : 22217098 coupon cprocess 0 
2019-03-26 05:28:52,376 : INFO : 22359130 coupon cprocess 300 
2019-03-26 05:28:52,450 : INFO : 22217098 coupon cprocess 0 
2019-03-26 05:28:52,647 : INFO : 22359130 coupon cprocess 300 
2019-03-26 05:28:52,691 : INFO : 22217098 coupon cprocess 0 
2019-03-26 05:28:53,426 : INFO : 22359130 coupon cprocess 300 
2019-03-26 05:28:53,521 : INFO : 22217098 coupon cprocess 0 
2019-03-26 05:28:53,714 : INFO : 22359130 coupon cprocess 300 
2019-03-26 05:28:53,774 : INFO : 22217098 coupon cprocess 0 
2019-03-26 05:28:53,820 : INFO : 22359130 coupon cprocess 300 
2019-03-26 05:28:53,834 : INFO : 22217098 coupon cprocess 0 
2019-03-26 05:28:53,923 : INFO : 22359130 coupon cprocess 300 
2019-03-26 05:28:53,952 : INFO : 22217098 coupon cprocess 0 
2019-03-26 05:28:54,030 : INFO : 22359130 coupon cprocess 300 
2019-03-26 05:28:54,044 : INFO : 22217098 coupon cprocess 0 
2019-03-26 05:28:54,077 : INFO : 22359130 coupon cprocess 300 
2019-03-26 05:28:54,092 : INFO : 22217098 coupon cprocess 0 
2019-03-26 05:28:54,125 : INFO : 22359130 coupon cprocess 300 
2019-03-26 05:28:54,141 : INFO : 22217098 coupon cprocess 0 
2019-03-26 05:28:54,370 : INFO : 22359130 coupon cprocess 300 
2019-03-26 05:28:54,417 : INFO : 22217098 coupon cprocess 0 
2019-03-26 05:28:54,728 : INFO : 22359130 coupon cprocess 300 
2019-03-26 05:28:54,771 : INFO : 22217098 coupon cprocess 0 
2019-03-26 05:28:54,931 : INFO : 22359130 coupon cprocess 300 
2019-03-26 05:28:54,967 : INFO : 22217098 coupon cprocess 0 
2019-03-26 05:28:55,016 : INFO : 22359130 coupon cprocess 300 
2019-03-26 05:28:55,032 : INFO : 22217098 coupon cprocess 0 
2019-03-26 05:28:55,266 : INFO : 22359130 coupon cprocess 300 
2019-03-26 05:28:55,299 : INFO : 22217098 coupon cprocess 0 
2019-03-26 05:28:55,454 : INFO : 22359130 coupon cprocess 300 
2019-03-26 05:28:55,470 : INFO : 22217098 coupon cprocess 0 
2019-03-26 05:28:55,543 : INFO : 22359130 coupon cprocess 300 
2019-03-26 05:28:55,618 : INFO : 22217098 coupon cprocess 0 
2019-03-26 05:28:56,258 : INFO : 22359130 coupon cprocess 300 
2019-03-26 05:28:56,360 : INFO : 22217098 coupon cprocess 0 
2019-03-26 05:28:56,477 : INFO : 22359130 coupon cprocess 300 
2019-03-26 05:28:56,492 : INFO : 22217098 coupon cprocess 0 
2019-03-26 05:28:56,596 : INFO : 22359130 coupon cprocess 300 
2019-03-26 05:28:56,612 : INFO : 22217098 coupon cprocess 0 
2019-03-26 05:28:56,716 : INFO : 22359130 coupon cprocess 300 
2019-03-26 05:28:56,730 : INFO : 22217098 coupon cprocess 0 
2019-03-26 05:28:56,747 : INFO : 22359130 coupon cprocess 300 
2019-03-26 05:28:56,761 : INFO : 22217098 coupon cprocess 0 
2019-03-26 05:28:56,779 : INFO : 22359130 coupon cprocess 300 
2019-03-26 05:28:56,793 : INFO : 22217098 coupon cprocess 0 
2019-03-26 05:28:56,979 : INFO : 22359130 coupon cprocess 300 
2019-03-26 05:28:57,022 : INFO : 22217098 coupon cprocess 0 
2019-03-26 05:28:57,069 : INFO : 22359130 coupon cprocess 300 
2019-03-26 05:28:57,084 : INFO : 22217098 coupon cprocess 0 
2019-03-26 05:28:57,103 : INFO : 22359130 coupon cprocess 300 
2019-03-26 05:28:57,118 : INFO : 22217098 coupon cprocess 0 
2019-03-26 05:28:57,176 : INFO : 22359130 coupon cprocess 300 
2019-03-26 05:28:57,191 : INFO : 22217098 coupon cprocess 0 
2019-03-26 05:28:57,256 : INFO : 22359130 coupon cprocess 300 
2019-03-26 05:28:57,319 : INFO : 22217098 coupon cprocess 0 
2019-03-26 05:28:57,675 : INFO : 22359130 coupon cprocess 300 
2019-03-26 05:28:57,749 : INFO : 22217098 coupon cprocess 0 
2019-03-26 05:28:57,794 : INFO : 22359130 coupon cprocess 300 
2019-03-26 05:28:57,811 : INFO : 22217098 coupon cprocess 0 
2019-03-26 05:28:58,587 : INFO : 22359130 coupon cprocess 300 
2019-03-26 05:28:58,748 : INFO : 22217098 coupon cprocess 0 
2019-03-26 05:28:58,823 : INFO : 22359130 coupon cprocess 300 
2019-03-26 05:28:58,838 : INFO : 22217098 coupon cprocess 0 
2019-03-26 05:28:58,945 : INFO : 22359130 coupon cprocess 300 
2019-03-26 05:28:58,993 : INFO : 22217098 coupon cprocess 0 
2019-03-26 05:28:59,102 : INFO : 22359130 coupon cprocess 300 
2019-03-26 05:28:59,116 : INFO : 22217098 coupon cprocess 0 
2019-03-26 05:28:59,135 : INFO : 22359130 coupon cprocess 300 
2019-03-26 05:28:59,155 : INFO : 22217098 coupon cprocess 0 
2019-03-26 05:29:00,179 : INFO : 22359130 coupon cprocess 300 
2019-03-26 05:29:00,365 : INFO : 22217098 coupon cprocess 0 
2019-03-26 05:29:00,441 : INFO : 22359130 coupon cprocess 300 
2019-03-26 05:29:00,456 : INFO : 22217098 coupon cprocess 0 
2019-03-26 05:29:00,607 : INFO : 22359130 coupon cprocess 300 
2019-03-26 05:29:00,622 : INFO : 22217098 coupon cprocess 0 
2019-03-26 05:29:00,653 : INFO : 22359130 coupon cprocess 300 
2019-03-26 05:29:00,667 : INFO : 22217098 coupon cprocess 0 
2019-03-26 05:29:00,757 : INFO : 22359130 coupon cprocess 300 
2019-03-26 05:29:00,790 : INFO : cat process 400
2019-03-26 05:29:00,804 : INFO : 22217098 coupon cprocess 0 
2019-03-26 05:29:01,041 : INFO : 22359130 coupon cprocess 300 
2019-03-26 05:29:01,100 : INFO : 22217098 coupon cprocess 0 
2019-03-26 05:29:01,281 : INFO : 22359130 coupon cprocess 300 
2019-03-26 05:29:01,345 : INFO : 22217098 coupon cprocess 0 
2019-03-26 05:29:01,553 : INFO : 22359130 coupon cprocess 300 
2019-03-26 05:29:01,583 : INFO : 22217098 coupon cprocess 0 
2019-03-26 05:29:01,687 : INFO : 22359130 coupon cprocess 300 
2019-03-26 05:29:01,702 : INFO : 22217098 coupon cprocess 0 
2019-03-26 05:29:01,734 : INFO : 22359130 coupon cprocess 300 
2019-03-26 05:29:01,751 : INFO : 22217098 coupon cprocess 0 
2019-03-26 05:29:01,784 : INFO : 22359130 coupon cprocess 300 
2019-03-26 05:29:01,828 : INFO : 22217098 coupon cprocess 0 
2019-03-26 05:29:01,973 : INFO : 22359130 coupon cprocess 300 
2019-03-26 05:29:01,988 : INFO : 22217098 coupon cprocess 0 
2019-03-26 05:29:02,047 : INFO : 22359130 coupon cprocess 300 
2019-03-26 05:29:02,062 : INFO : 22217098 coupon cprocess 0 
2019-03-26 05:29:02,257 : INFO : 22359130 coupon cprocess 300 
2019-03-26 05:29:02,272 : INFO : 22217098 coupon cprocess 0 
2019-03-26 05:29:02,440 : INFO : 22359130 coupon cprocess 300 
2019-03-26 05:29:02,513 : INFO : 22217098 coupon cprocess 0 
2019-03-26 05:29:02,704 : INFO : 22359130 coupon cprocess 300 
2019-03-26 05:29:02,718 : INFO : 22217098 coupon cprocess 0 
2019-03-26 05:29:02,750 : INFO : 22359130 coupon cprocess 300 
2019-03-26 05:29:02,763 : INFO : 22217098 coupon cprocess 0 
2019-03-26 05:29:02,880 : INFO : 22359130 coupon cprocess 300 
2019-03-26 05:29:02,895 : INFO : 22217098 coupon cprocess 0 
2019-03-26 05:29:02,985 : INFO : 22359130 coupon cprocess 300 
2019-03-26 05:29:03,001 : INFO : 22217098 coupon cprocess 0 
2019-03-26 05:29:03,050 : INFO : 22359130 coupon cprocess 300 
2019-03-26 05:29:03,065 : INFO : 22217098 coupon cprocess 0 
2019-03-26 05:29:03,095 : INFO : 22359130 coupon cprocess 300 
2019-03-26 05:29:03,110 : INFO : 22217098 coupon cprocess 0 
2019-03-26 05:29:03,282 : INFO : 22359130 coupon cprocess 300 
2019-03-26 05:29:03,343 : INFO : 22217098 coupon cprocess 0 
2019-03-26 05:29:03,375 : INFO : 22359130 coupon cprocess 300 
2019-03-26 05:29:03,390 : INFO : 22217098 coupon cprocess 0 
2019-03-26 05:29:03,410 : INFO : 22359130 coupon cprocess 300 
2019-03-26 05:29:03,424 : INFO : 22217098 coupon cprocess 0 
2019-03-26 05:29:03,502 : INFO : 22359130 coupon cprocess 300 
2019-03-26 05:29:03,550 : INFO : 22217098 coupon cprocess 0 
2019-03-26 05:29:03,643 : INFO : 22359130 coupon cprocess 300 
2019-03-26 05:29:03,658 : INFO : 22217098 coupon cprocess 0 
2019-03-26 05:29:03,704 : INFO : 22359130 coupon cprocess 300 
2019-03-26 05:29:03,718 : INFO : 22217098 coupon cprocess 0 
2019-03-26 05:29:04,044 : INFO : 22359130 coupon cprocess 300 
2019-03-26 05:29:04,088 : INFO : 22217098 coupon cprocess 0 
2019-03-26 05:29:04,646 : INFO : 22359130 coupon cprocess 300 
2019-03-26 05:29:04,739 : INFO : 22217098 coupon cprocess 0 
2019-03-26 05:29:04,799 : INFO : 22359130 coupon cprocess 300 
2019-03-26 05:29:04,815 : INFO : 22217098 coupon cprocess 0 
2019-03-26 05:29:04,891 : INFO : 22359130 coupon cprocess 300 
2019-03-26 05:29:04,927 : INFO : 22217098 coupon cprocess 0 
2019-03-26 05:29:05,333 : INFO : 22359130 coupon cprocess 300 
2019-03-26 05:29:05,394 : INFO : 22217098 coupon cprocess 0 
2019-03-26 05:29:05,518 : INFO : 22359130 coupon cprocess 300 
2019-03-26 05:29:05,533 : INFO : 22217098 coupon cprocess 0 
2019-03-26 05:29:05,665 : INFO : 22359130 coupon cprocess 300 
2019-03-26 05:29:05,680 : INFO : 22217098 coupon cprocess 0 
2019-03-26 05:29:05,703 : INFO : 22359130 coupon cprocess 300 
2019-03-26 05:29:05,717 : INFO : 22217098 coupon cprocess 0 
2019-03-26 05:29:05,898 : INFO : 22359130 coupon cprocess 300 
2019-03-26 05:29:05,912 : INFO : 22217098 coupon cprocess 0 
2019-03-26 05:29:05,942 : INFO : 22359130 coupon cprocess 300 
2019-03-26 05:29:05,958 : INFO : 22217098 coupon cprocess 0 
2019-03-26 05:29:06,093 : INFO : 22359130 coupon cprocess 300 
2019-03-26 05:29:06,107 : INFO : 22217098 coupon cprocess 0 
2019-03-26 05:29:06,184 : INFO : 22359130 coupon cprocess 300 
2019-03-26 05:29:06,198 : INFO : 22217098 coupon cprocess 0 
2019-03-26 05:29:06,214 : INFO : 22359130 coupon cprocess 300 
2019-03-26 05:29:06,230 : INFO : 22217098 coupon cprocess 0 
2019-03-26 05:29:06,419 : INFO : 22359130 coupon cprocess 300 
2019-03-26 05:29:06,435 : INFO : 22217098 coupon cprocess 0 
2019-03-26 05:29:06,512 : INFO : 22359130 coupon cprocess 300 
2019-03-26 05:29:06,528 : INFO : 22217098 coupon cprocess 0 
2019-03-26 05:29:06,725 : INFO : 22359130 coupon cprocess 300 
2019-03-26 05:29:06,785 : INFO : 22217098 coupon cprocess 0 
2019-03-26 05:29:06,802 : INFO : 22359130 coupon cprocess 300 
2019-03-26 05:29:06,817 : INFO : 22217098 coupon cprocess 0 
2019-03-26 05:29:06,834 : INFO : 22359130 coupon cprocess 300 
2019-03-26 05:29:06,850 : INFO : 22217098 coupon cprocess 0 
2019-03-26 05:29:06,867 : INFO : 22359130 coupon cprocess 300 
2019-03-26 05:29:06,881 : INFO : 22217098 coupon cprocess 0 
2019-03-26 05:29:06,980 : INFO : 22359130 coupon cprocess 300 
2019-03-26 05:29:06,995 : INFO : 22217098 coupon cprocess 0 
2019-03-26 05:29:07,117 : INFO : 22359130 coupon cprocess 300 
2019-03-26 05:29:07,147 : INFO : 22217098 coupon cprocess 0 
2019-03-26 05:29:07,271 : INFO : 22359130 coupon cprocess 300 
2019-03-26 05:29:07,316 : INFO : 22217098 coupon cprocess 0 
2019-03-26 05:29:07,333 : INFO : 22359130 coupon cprocess 300 
2019-03-26 05:29:07,349 : INFO : 22217098 coupon cprocess 0 
2019-03-26 05:29:07,415 : INFO : 22359130 coupon cprocess 300 
2019-03-26 05:29:07,473 : INFO : 22217098 coupon cprocess 0 
2019-03-26 05:29:07,507 : INFO : 22359130 coupon cprocess 300 
2019-03-26 05:29:07,522 : INFO : 22217098 coupon cprocess 0 
2019-03-26 05:29:07,690 : INFO : 22359130 coupon cprocess 300 
2019-03-26 05:29:07,719 : INFO : 22217098 coupon cprocess 0 
2019-03-26 05:29:07,886 : INFO : 22359130 coupon cprocess 300 
2019-03-26 05:29:07,901 : INFO : 22217098 coupon cprocess 0 
2019-03-26 05:29:07,917 : INFO : 22359130 coupon cprocess 300 
2019-03-26 05:29:07,932 : INFO : 22217098 coupon cprocess 0 
2019-03-26 05:29:08,067 : INFO : 22359130 coupon cprocess 300 
2019-03-26 05:29:08,113 : INFO : 22217098 coupon cprocess 0 
2019-03-26 05:29:08,133 : INFO : 22359130 coupon cprocess 300 
2019-03-26 05:29:08,148 : INFO : 22217098 coupon cprocess 0 
2019-03-26 05:29:08,166 : INFO : 22359130 coupon cprocess 300 
2019-03-26 05:29:08,181 : INFO : 22217098 coupon cprocess 0 
2019-03-26 05:29:08,491 : INFO : 22359130 coupon cprocess 300 
2019-03-26 05:29:08,550 : INFO : 22217098 coupon cprocess 0 
2019-03-26 05:29:08,629 : INFO : 22359130 coupon cprocess 300 
2019-03-26 05:29:08,644 : INFO : 22217098 coupon cprocess 0 
2019-03-26 05:29:08,797 : INFO : 22359130 coupon cprocess 300 
2019-03-26 05:29:08,845 : INFO : 22217098 coupon cprocess 0 
2019-03-26 05:29:09,219 : INFO : 22359130 coupon cprocess 300 
2019-03-26 05:29:09,345 : INFO : 22217098 coupon cprocess 0 
2019-03-26 05:29:09,365 : INFO : 22359130 coupon cprocess 300 
2019-03-26 05:29:09,381 : INFO : 22217098 coupon cprocess 0 
2019-03-26 05:29:09,640 : INFO : 22359130 coupon cprocess 300 
2019-03-26 05:29:09,656 : INFO : 22217098 coupon cprocess 0 
2019-03-26 05:29:09,873 : INFO : 22359130 coupon cprocess 300 
2019-03-26 05:29:09,979 : INFO : 22217098 coupon cprocess 0 
2019-03-26 05:29:11,117 : INFO : 22359130 coupon cprocess 300 
2019-03-26 05:29:11,328 : INFO : 22217098 coupon cprocess 0 
2019-03-26 05:29:11,422 : INFO : 22359130 coupon cprocess 300 
2019-03-26 05:29:11,436 : INFO : 22217098 coupon cprocess 0 
2019-03-26 05:29:11,454 : INFO : 22359130 coupon cprocess 300 
2019-03-26 05:29:11,468 : INFO : 22217098 coupon cprocess 0 
2019-03-26 05:29:11,545 : INFO : 22359130 coupon cprocess 300 
2019-03-26 05:29:11,559 : INFO : 22217098 coupon cprocess 0 
2019-03-26 05:29:11,576 : INFO : 22359130 coupon cprocess 300 
2019-03-26 05:29:11,589 : INFO : 22217098 coupon cprocess 0 
2019-03-26 05:29:11,750 : INFO : 22359130 coupon cprocess 300 
2019-03-26 05:29:11,763 : INFO : 22217098 coupon cprocess 0 
2019-03-26 05:29:11,925 : INFO : 22359130 coupon cprocess 300 
2019-03-26 05:29:11,983 : INFO : 22217098 coupon cprocess 0 
2019-03-26 05:29:12,042 : INFO : 22359130 coupon cprocess 300 
2019-03-26 05:29:12,056 : INFO : 22217098 coupon cprocess 0 
2019-03-26 05:29:12,167 : INFO : 22359130 coupon cprocess 300 
2019-03-26 05:29:12,197 : INFO : 22217098 coupon cprocess 0 
2019-03-26 05:29:12,379 : INFO : 22359130 coupon cprocess 300 
2019-03-26 05:29:12,423 : INFO : 22217098 coupon cprocess 0 
2019-03-26 05:29:12,643 : INFO : 22359130 coupon cprocess 300 
2019-03-26 05:29:12,774 : INFO : 22217098 coupon cprocess 0 
2019-03-26 05:29:12,854 : INFO : 22359130 coupon cprocess 300 
2019-03-26 05:29:12,884 : INFO : 22217098 coupon cprocess 0 
2019-03-26 05:29:13,000 : INFO : 22359130 coupon cprocess 300 
2019-03-26 05:29:13,014 : INFO : 22217098 coupon cprocess 0 
2019-03-26 05:29:13,079 : INFO : 22359130 coupon cprocess 300 
2019-03-26 05:29:13,093 : INFO : 22217098 coupon cprocess 0 
2019-03-26 05:29:13,413 : INFO : 22359130 coupon cprocess 300 
2019-03-26 05:29:13,457 : INFO : 22217098 coupon cprocess 0 
2019-03-26 05:29:13,712 : INFO : 22359130 coupon cprocess 300 
2019-03-26 05:29:13,751 : INFO : 22217098 coupon cprocess 0 
2019-03-26 05:29:13,839 : INFO : 22359130 coupon cprocess 300 
2019-03-26 05:29:13,867 : INFO : 22217098 coupon cprocess 0 
2019-03-26 05:29:14,000 : INFO : 22359130 coupon cprocess 300 
2019-03-26 05:29:14,041 : INFO : 22217098 coupon cprocess 0 
2019-03-26 05:29:14,289 : INFO : 22359130 coupon cprocess 300 
2019-03-26 05:29:14,347 : INFO : 22217098 coupon cprocess 0 
2019-03-26 05:29:14,510 : INFO : 22359130 coupon cprocess 300 
2019-03-26 05:29:14,553 : INFO : 22217098 coupon cprocess 0 
2019-03-26 05:29:14,616 : INFO : 22359130 coupon cprocess 300 
2019-03-26 05:29:14,641 : INFO : 22217098 coupon cprocess 0 
2019-03-26 05:29:14,682 : INFO : 22359130 coupon cprocess 300 
2019-03-26 05:29:14,695 : INFO : 22217098 coupon cprocess 0 
2019-03-26 05:29:14,749 : INFO : 22359130 coupon cprocess 300 
2019-03-26 05:29:14,762 : INFO : 22217098 coupon cprocess 0 
2019-03-26 05:29:14,949 : INFO : 22359130 coupon cprocess 300 
2019-03-26 05:29:14,975 : INFO : 22217098 coupon cprocess 0 
2019-03-26 05:29:15,029 : INFO : 22359130 coupon cprocess 300 
2019-03-26 05:29:15,042 : INFO : 22217098 coupon cprocess 0 
2019-03-26 05:29:15,084 : INFO : 22359130 coupon cprocess 300 
2019-03-26 05:29:15,099 : INFO : 22217098 coupon cprocess 0 
2019-03-26 05:29:15,203 : INFO : 22359130 coupon cprocess 300 
2019-03-26 05:29:15,218 : INFO : 22217098 coupon cprocess 0 
2019-03-26 05:29:15,365 : INFO : 22359130 coupon cprocess 300 
2019-03-26 05:29:15,422 : INFO : 22217098 coupon cprocess 0 
2019-03-26 05:29:15,439 : INFO : 22359130 coupon cprocess 300 
2019-03-26 05:29:15,454 : INFO : 22217098 coupon cprocess 0 
2019-03-26 05:29:15,688 : INFO : 22359130 coupon cprocess 300 
2019-03-26 05:29:15,745 : INFO : 22217098 coupon cprocess 0 
2019-03-26 05:29:15,991 : INFO : 22359130 coupon cprocess 300 
2019-03-26 05:29:16,003 : INFO : 22217098 coupon cprocess 0 
2019-03-26 05:29:16,019 : INFO : 22359130 coupon cprocess 300 
2019-03-26 05:29:16,032 : INFO : 22217098 coupon cprocess 0 
2019-03-26 05:29:16,157 : INFO : 22359130 coupon cprocess 300 
2019-03-26 05:29:16,170 : INFO : 22217098 coupon cprocess 0 
2019-03-26 05:29:16,458 : INFO : 22359130 coupon cprocess 300 
2019-03-26 05:29:16,499 : INFO : 22217098 coupon cprocess 0 
2019-03-26 05:29:16,705 : INFO : 22359130 coupon cprocess 300 
2019-03-26 05:29:16,744 : INFO : 22217098 coupon cprocess 0 
2019-03-26 05:29:17,007 : INFO : 22359130 coupon cprocess 300 
2019-03-26 05:29:17,020 : INFO : 22217098 coupon cprocess 0 
2019-03-26 05:29:17,087 : INFO : 22359130 coupon cprocess 300 
2019-03-26 05:29:17,142 : INFO : 22217098 coupon cprocess 0 
2019-03-26 05:29:17,963 : INFO : 22359130 coupon cprocess 300 
2019-03-26 05:29:18,166 : INFO : 22217098 coupon cprocess 0 
2019-03-26 05:29:18,451 : INFO : 22359130 coupon cprocess 300 
2019-03-26 05:29:18,504 : INFO : 22217098 coupon cprocess 0 
2019-03-26 05:29:18,896 : INFO : 22359130 coupon cprocess 300 
2019-03-26 05:29:18,961 : INFO : cat process 500
2019-03-26 05:29:18,975 : INFO : 22217098 coupon cprocess 0 
2019-03-26 05:29:19,058 : INFO : 22359130 coupon cprocess 300 
2019-03-26 05:29:19,071 : INFO : 22217098 coupon cprocess 0 
2019-03-26 05:29:19,216 : INFO : 22359130 coupon cprocess 300 
2019-03-26 05:29:19,316 : INFO : 22217098 coupon cprocess 0 
2019-03-26 05:29:19,436 : INFO : 22359130 coupon cprocess 300 
2019-03-26 05:29:19,450 : INFO : 22217098 coupon cprocess 0 
2019-03-26 05:29:19,589 : INFO : 22359130 coupon cprocess 300 
2019-03-26 05:29:19,603 : INFO : 22217098 coupon cprocess 0 
2019-03-26 05:29:19,684 : INFO : 22359130 coupon cprocess 300 
2019-03-26 05:29:19,697 : INFO : 22217098 coupon cprocess 0 
2019-03-26 05:29:19,711 : INFO : 22359130 coupon cprocess 300 
2019-03-26 05:29:19,724 : INFO : 22217098 coupon cprocess 0 
2019-03-26 05:29:19,832 : INFO : 22359130 coupon cprocess 300 
2019-03-26 05:29:19,844 : INFO : 22217098 coupon cprocess 0 
2019-03-26 05:29:20,044 : INFO : 22359130 coupon cprocess 300 
2019-03-26 05:29:20,102 : INFO : 22217098 coupon cprocess 0 
2019-03-26 05:29:21,723 : INFO : 22359130 coupon cprocess 300 
2019-03-26 05:29:21,958 : INFO : 22217098 coupon cprocess 0 
2019-03-26 05:29:22,078 : INFO : 22359130 coupon cprocess 300 
2019-03-26 05:29:22,092 : INFO : 22217098 coupon cprocess 0 
2019-03-26 05:29:22,215 : INFO : 22359130 coupon cprocess 300 
2019-03-26 05:29:22,233 : INFO : 22217098 coupon cprocess 0 
2019-03-26 05:29:22,283 : INFO : 22359130 coupon cprocess 300 
2019-03-26 05:29:22,298 : INFO : 22217098 coupon cprocess 0 
2019-03-26 05:29:22,640 : INFO : 22359130 coupon cprocess 300 
2019-03-26 05:29:22,743 : INFO : 22217098 coupon cprocess 0 
2019-03-26 05:29:22,860 : INFO : 22359130 coupon cprocess 300 
2019-03-26 05:29:22,906 : INFO : 22217098 coupon cprocess 0 
2019-03-26 05:29:23,690 : INFO : 22359130 coupon cprocess 300 
2019-03-26 05:29:23,850 : INFO : 22217098 coupon cprocess 0 
2019-03-26 05:29:24,000 : INFO : 22359130 coupon cprocess 300 
2019-03-26 05:29:24,029 : INFO : 22217098 coupon cprocess 0 
2019-03-26 05:29:24,060 : INFO : 22359130 coupon cprocess 300 
2019-03-26 05:29:24,075 : INFO : 22217098 coupon cprocess 0 
2019-03-26 05:29:24,122 : INFO : 22359130 coupon cprocess 300 
2019-03-26 05:29:24,166 : INFO : 22217098 coupon cprocess 0 
2019-03-26 05:29:24,198 : INFO : 22359130 coupon cprocess 300 
2019-03-26 05:29:24,215 : INFO : 22217098 coupon cprocess 0 
2019-03-26 05:29:24,706 : INFO : 22359130 coupon cprocess 300 
2019-03-26 05:29:24,764 : INFO : 22217098 coupon cprocess 0 
2019-03-26 05:29:24,946 : INFO : 22359130 coupon cprocess 300 
2019-03-26 05:29:25,019 : INFO : 22217098 coupon cprocess 0 
2019-03-26 05:29:25,051 : INFO : 22359130 coupon cprocess 300 
2019-03-26 05:29:25,065 : INFO : 22217098 coupon cprocess 0 
2019-03-26 05:29:25,168 : INFO : 22359130 coupon cprocess 300 
2019-03-26 05:29:25,183 : INFO : 22217098 coupon cprocess 0 
2019-03-26 05:29:25,200 : INFO : 22359130 coupon cprocess 300 
2019-03-26 05:29:25,217 : INFO : 22217098 coupon cprocess 0 
2019-03-26 05:29:25,444 : INFO : 22359130 coupon cprocess 300 
2019-03-26 05:29:25,506 : INFO : 22217098 coupon cprocess 0 
2019-03-26 05:29:25,882 : INFO : 22359130 coupon cprocess 300 
2019-03-26 05:29:25,969 : INFO : 22217098 coupon cprocess 0 
2019-03-26 05:29:25,986 : INFO : 22359130 coupon cprocess 300 
2019-03-26 05:29:26,000 : INFO : 22217098 coupon cprocess 0 
2019-03-26 05:29:26,221 : INFO : 22359130 coupon cprocess 300 
2019-03-26 05:29:26,259 : INFO : 22217098 coupon cprocess 0 
2019-03-26 05:29:26,613 : INFO : 22359130 coupon cprocess 300 
2019-03-26 05:29:26,657 : INFO : 22217098 coupon cprocess 0 
2019-03-26 05:29:26,748 : INFO : 22359130 coupon cprocess 300 
2019-03-26 05:29:26,780 : INFO : 22217098 coupon cprocess 0 
2019-03-26 05:29:27,325 : INFO : 22359130 coupon cprocess 300 
2019-03-26 05:29:27,455 : INFO : 22217098 coupon cprocess 0 
2019-03-26 05:29:27,543 : INFO : 22359130 coupon cprocess 300 
2019-03-26 05:29:27,557 : INFO : 22217098 coupon cprocess 0 
2019-03-26 05:29:27,607 : INFO : 22359130 coupon cprocess 300 
2019-03-26 05:29:27,623 : INFO : 22217098 coupon cprocess 0 
2019-03-26 05:29:27,712 : INFO : 22359130 coupon cprocess 300 
2019-03-26 05:29:27,727 : INFO : 22217098 coupon cprocess 0 
2019-03-26 05:29:27,782 : INFO : 22359130 coupon cprocess 300 
2019-03-26 05:29:27,802 : INFO : 22217098 coupon cprocess 0 
2019-03-26 05:29:27,872 : INFO : 22359130 coupon cprocess 300 
2019-03-26 05:29:27,916 : INFO : 22217098 coupon cprocess 0 
2019-03-26 05:29:28,012 : INFO : 22359130 coupon cprocess 300 
2019-03-26 05:29:28,027 : INFO : 22217098 coupon cprocess 0 
2019-03-26 05:29:28,191 : INFO : 22359130 coupon cprocess 300 
2019-03-26 05:29:28,291 : INFO : 22217098 coupon cprocess 0 
2019-03-26 05:29:28,403 : INFO : 22359130 coupon cprocess 300 
2019-03-26 05:29:28,417 : INFO : 22217098 coupon cprocess 0 
2019-03-26 05:29:28,554 : INFO : 22359130 coupon cprocess 300 
2019-03-26 05:29:28,570 : INFO : 22217098 coupon cprocess 0 
2019-03-26 05:29:28,687 : INFO : 22359130 coupon cprocess 300 
2019-03-26 05:29:28,701 : INFO : 22217098 coupon cprocess 0 
2019-03-26 05:29:28,733 : INFO : 22359130 coupon cprocess 300 
2019-03-26 05:29:28,748 : INFO : 22217098 coupon cprocess 0 
2019-03-26 05:29:28,915 : INFO : 22359130 coupon cprocess 300 
2019-03-26 05:29:28,928 : INFO : 22217098 coupon cprocess 0 
2019-03-26 05:29:28,945 : INFO : 22359130 coupon cprocess 300 
2019-03-26 05:29:28,959 : INFO : 22217098 coupon cprocess 0 
2019-03-26 05:29:29,079 : INFO : 22359130 coupon cprocess 300 
2019-03-26 05:29:29,094 : INFO : 22217098 coupon cprocess 0 
2019-03-26 05:29:29,898 : INFO : 22359130 coupon cprocess 300 
2019-03-26 05:29:29,945 : INFO : 22217098 coupon cprocess 0 
2019-03-26 05:29:30,225 : INFO : 22359130 coupon cprocess 300 
2019-03-26 05:29:30,290 : INFO : 22217098 coupon cprocess 0 
2019-03-26 05:29:31,046 : INFO : 22359130 coupon cprocess 300 
2019-03-26 05:29:31,119 : INFO : 22217098 coupon cprocess 0 
2019-03-26 05:29:31,356 : INFO : 22359130 coupon cprocess 300 
2019-03-26 05:29:31,426 : INFO : 22217098 coupon cprocess 0 
2019-03-26 05:29:31,461 : INFO : 22359130 coupon cprocess 300 
2019-03-26 05:29:31,476 : INFO : 22217098 coupon cprocess 0 
2019-03-26 05:29:31,799 : INFO : 22359130 coupon cprocess 300 
2019-03-26 05:29:31,815 : INFO : 22217098 coupon cprocess 0 
2019-03-26 05:29:32,094 : INFO : 22359130 coupon cprocess 300 
2019-03-26 05:29:32,181 : INFO : 22217098 coupon cprocess 0 
2019-03-26 05:29:32,198 : INFO : 22359130 coupon cprocess 300 
2019-03-26 05:29:32,215 : INFO : 22217098 coupon cprocess 0 
2019-03-26 05:29:32,263 : INFO : 22359130 coupon cprocess 300 
2019-03-26 05:29:32,284 : INFO : 22217098 coupon cprocess 0 
2019-03-26 05:29:32,484 : INFO : 22359130 coupon cprocess 300 
2019-03-26 05:29:32,523 : INFO : 22217098 coupon cprocess 0 
2019-03-26 05:29:32,806 : INFO : 22359130 coupon cprocess 300 
2019-03-26 05:29:32,893 : INFO : 22217098 coupon cprocess 0 
2019-03-26 05:29:33,117 : INFO : 22359130 coupon cprocess 300 
2019-03-26 05:29:33,176 : INFO : 22217098 coupon cprocess 0 
2019-03-26 05:29:33,298 : INFO : 22359130 coupon cprocess 300 
2019-03-26 05:29:33,313 : INFO : 22217098 coupon cprocess 0 
2019-03-26 05:29:33,472 : INFO : 22359130 coupon cprocess 300 
2019-03-26 05:29:33,531 : INFO : 22217098 coupon cprocess 0 
2019-03-26 05:29:33,654 : INFO : 22359130 coupon cprocess 300 
2019-03-26 05:29:33,699 : INFO : 22217098 coupon cprocess 0 
2019-03-26 05:29:34,394 : INFO : 22359130 coupon cprocess 300 
2019-03-26 05:29:34,514 : INFO : 22217098 coupon cprocess 0 
2019-03-26 05:29:34,592 : INFO : 22359130 coupon cprocess 300 
2019-03-26 05:29:34,606 : INFO : 22217098 coupon cprocess 0 
2019-03-26 05:29:34,701 : INFO : 22359130 coupon cprocess 300 
2019-03-26 05:29:34,715 : INFO : 22217098 coupon cprocess 0 
2019-03-26 05:29:34,944 : INFO : 22359130 coupon cprocess 300 
2019-03-26 05:29:34,988 : INFO : 22217098 coupon cprocess 0 
2019-03-26 05:29:35,139 : INFO : 22359130 coupon cprocess 300 
2019-03-26 05:29:35,212 : INFO : 22217098 coupon cprocess 0 
2019-03-26 05:29:35,503 : INFO : 22359130 coupon cprocess 300 
2019-03-26 05:29:35,517 : INFO : 22217098 coupon cprocess 0 
2019-03-26 05:29:35,696 : INFO : 22359130 coupon cprocess 300 
2019-03-26 05:29:35,710 : INFO : 22217098 coupon cprocess 0 
2019-03-26 05:29:35,931 : INFO : 22359130 coupon cprocess 300 
2019-03-26 05:29:35,971 : INFO : 22217098 coupon cprocess 0 
2019-03-26 05:29:36,135 : INFO : 22359130 coupon cprocess 300 
2019-03-26 05:29:36,208 : INFO : 22217098 coupon cprocess 0 
2019-03-26 05:29:36,320 : INFO : 22359130 coupon cprocess 300 
2019-03-26 05:29:36,335 : INFO : 22217098 coupon cprocess 0 
2019-03-26 05:29:36,489 : INFO : 22359130 coupon cprocess 300 
2019-03-26 05:29:36,518 : INFO : 22217098 coupon cprocess 0 
2019-03-26 05:29:36,762 : INFO : 22359130 coupon cprocess 300 
2019-03-26 05:29:36,778 : INFO : 22217098 coupon cprocess 0 
2019-03-26 05:29:36,833 : INFO : 22359130 coupon cprocess 300 
2019-03-26 05:29:36,849 : INFO : 22217098 coupon cprocess 0 
2019-03-26 05:29:36,870 : INFO : 22359130 coupon cprocess 300 
2019-03-26 05:29:36,887 : INFO : 22217098 coupon cprocess 0 
2019-03-26 05:29:36,944 : INFO : 22359130 coupon cprocess 300 
2019-03-26 05:29:36,959 : INFO : 22217098 coupon cprocess 0 
2019-03-26 05:29:37,485 : INFO : 22359130 coupon cprocess 300 
2019-03-26 05:29:37,574 : INFO : 22217098 coupon cprocess 0 
2019-03-26 05:29:37,604 : INFO : 22359130 coupon cprocess 300 
2019-03-26 05:29:37,617 : INFO : 22217098 coupon cprocess 0 
2019-03-26 05:29:37,645 : INFO : 22359130 coupon cprocess 300 
2019-03-26 05:29:37,659 : INFO : 22217098 coupon cprocess 0 
2019-03-26 05:29:37,738 : INFO : 22359130 coupon cprocess 300 
2019-03-26 05:29:37,751 : INFO : 22217098 coupon cprocess 0 
2019-03-26 05:29:38,050 : INFO : 22359130 coupon cprocess 300 
2019-03-26 05:29:38,077 : INFO : 22217098 coupon cprocess 0 
2019-03-26 05:29:38,108 : INFO : 22359130 coupon cprocess 300 
2019-03-26 05:29:38,122 : INFO : 22217098 coupon cprocess 0 
2019-03-26 05:29:38,270 : INFO : 22359130 coupon cprocess 300 
2019-03-26 05:29:38,284 : INFO : 22217098 coupon cprocess 0 
2019-03-26 05:29:38,332 : INFO : 22359130 coupon cprocess 300 
2019-03-26 05:29:38,348 : INFO : 22217098 coupon cprocess 0 
2019-03-26 05:29:39,105 : INFO : 22359130 coupon cprocess 300 
2019-03-26 05:29:39,144 : INFO : 22217098 coupon cprocess 0 
2019-03-26 05:29:39,440 : INFO : 22359130 coupon cprocess 300 
2019-03-26 05:29:39,492 : INFO : 22217098 coupon cprocess 0 
2019-03-26 05:29:39,533 : INFO : 22359130 coupon cprocess 300 
2019-03-26 05:29:39,545 : INFO : 22217098 coupon cprocess 0 
2019-03-26 05:29:39,699 : INFO : 22359130 coupon cprocess 300 
2019-03-26 05:29:39,715 : INFO : 22217098 coupon cprocess 0 
2019-03-26 05:29:39,966 : INFO : 22359130 coupon cprocess 300 
2019-03-26 05:29:39,994 : INFO : 22217098 coupon cprocess 0 
2019-03-26 05:29:40,064 : INFO : 22359130 coupon cprocess 300 
2019-03-26 05:29:40,114 : INFO : 22217098 coupon cprocess 0 
2019-03-26 05:29:40,505 : INFO : 22359130 coupon cprocess 300 
2019-03-26 05:29:40,532 : INFO : 22217098 coupon cprocess 0 
2019-03-26 05:29:40,949 : INFO : 22359130 coupon cprocess 300 
2019-03-26 05:29:41,026 : INFO : 22217098 coupon cprocess 0 
2019-03-26 05:29:41,183 : INFO : 22359130 coupon cprocess 300 
2019-03-26 05:29:41,196 : INFO : 22217098 coupon cprocess 0 
2019-03-26 05:29:41,404 : INFO : 22359130 coupon cprocess 300 
2019-03-26 05:29:41,437 : INFO : 22217098 coupon cprocess 0 
2019-03-26 05:29:43,138 : INFO : 22359130 coupon cprocess 300 
2019-03-26 05:29:43,357 : INFO : 22217098 coupon cprocess 0 
2019-03-26 05:29:43,797 : INFO : 22359130 coupon cprocess 300 
2019-03-26 05:29:43,846 : INFO : 22217098 coupon cprocess 0 
2019-03-26 05:29:44,081 : INFO : 22359130 coupon cprocess 300 
2019-03-26 05:29:44,142 : INFO : 22217098 coupon cprocess 0 
2019-03-26 05:29:44,286 : INFO : 22359130 coupon cprocess 300 
2019-03-26 05:29:44,348 : INFO : 22217098 coupon cprocess 0 
2019-03-26 05:29:44,366 : INFO : 22359130 coupon cprocess 300 
2019-03-26 05:29:44,380 : INFO : 22217098 coupon cprocess 0 
2019-03-26 05:29:44,600 : INFO : 22359130 coupon cprocess 300 
2019-03-26 05:29:44,647 : INFO : 22217098 coupon cprocess 0 
2019-03-26 05:29:44,735 : INFO : 22359130 coupon cprocess 300 
2019-03-26 05:29:44,736 : INFO : cat process 600
2019-03-26 05:29:44,750 : INFO : 22217098 coupon cprocess 0 
2019-03-26 05:29:45,461 : INFO : 22359130 coupon cprocess 300 
2019-03-26 05:29:45,516 : INFO : 22217098 coupon cprocess 0 
2019-03-26 05:29:45,685 : INFO : 22359130 coupon cprocess 300 
2019-03-26 05:29:45,715 : INFO : 22217098 coupon cprocess 0 
2019-03-26 05:29:46,351 : INFO : 22359130 coupon cprocess 300 
2019-03-26 05:29:46,490 : INFO : 22217098 coupon cprocess 0 
2019-03-26 05:29:46,587 : INFO : 22359130 coupon cprocess 300 
2019-03-26 05:29:46,674 : INFO : 22217098 coupon cprocess 0 
2019-03-26 05:29:46,860 : INFO : 22359130 coupon cprocess 300 
2019-03-26 05:29:46,938 : INFO : 22217098 coupon cprocess 0 
2019-03-26 05:29:47,006 : INFO : 22359130 coupon cprocess 300 
2019-03-26 05:29:47,019 : INFO : 22217098 coupon cprocess 0 
2019-03-26 05:29:47,112 : INFO : 22359130 coupon cprocess 300 
2019-03-26 05:29:47,151 : INFO : 22217098 coupon cprocess 0 
2019-03-26 05:29:47,357 : INFO : 22359130 coupon cprocess 300 
2019-03-26 05:29:47,415 : INFO : 22217098 coupon cprocess 0 
2019-03-26 05:29:47,590 : INFO : 22359130 coupon cprocess 300 
2019-03-26 05:29:47,620 : INFO : 22217098 coupon cprocess 0 
2019-03-26 05:29:47,865 : INFO : 22359130 coupon cprocess 300 
2019-03-26 05:29:47,937 : INFO : 22217098 coupon cprocess 0 
2019-03-26 05:29:48,131 : INFO : 22359130 coupon cprocess 300 
2019-03-26 05:29:48,190 : INFO : 22217098 coupon cprocess 0 
2019-03-26 05:29:48,378 : INFO : 22359130 coupon cprocess 300 
2019-03-26 05:29:48,453 : INFO : 22217098 coupon cprocess 0 
2019-03-26 05:29:48,556 : INFO : 22359130 coupon cprocess 300 
2019-03-26 05:29:48,572 : INFO : 22217098 coupon cprocess 0 
2019-03-26 05:29:49,381 : INFO : 22359130 coupon cprocess 300 
2019-03-26 05:29:49,458 : INFO : 22217098 coupon cprocess 0 
2019-03-26 05:29:49,643 : INFO : 22359130 coupon cprocess 300 
2019-03-26 05:29:49,671 : INFO : 22217098 coupon cprocess 0 
2019-03-26 05:29:49,717 : INFO : 22359130 coupon cprocess 300 
2019-03-26 05:29:49,731 : INFO : 22217098 coupon cprocess 0 
2019-03-26 05:29:49,791 : INFO : 22359130 coupon cprocess 300 
2019-03-26 05:29:49,806 : INFO : 22217098 coupon cprocess 0 
2019-03-26 05:29:50,085 : INFO : 22359130 coupon cprocess 300 
2019-03-26 05:29:50,112 : INFO : 22217098 coupon cprocess 0 
2019-03-26 05:29:50,233 : INFO : 22359130 coupon cprocess 300 
2019-03-26 05:29:50,247 : INFO : 22217098 coupon cprocess 0 
2019-03-26 05:29:50,421 : INFO : 22359130 coupon cprocess 300 
2019-03-26 05:29:50,448 : INFO : 22217098 coupon cprocess 0 
2019-03-26 05:29:50,558 : INFO : 22359130 coupon cprocess 300 
2019-03-26 05:29:50,572 : INFO : 22217098 coupon cprocess 0 
2019-03-26 05:29:50,745 : INFO : 22359130 coupon cprocess 300 
2019-03-26 05:29:50,758 : INFO : 22217098 coupon cprocess 0 
2019-03-26 05:29:50,997 : INFO : 22359130 coupon cprocess 300 
2019-03-26 05:29:51,048 : INFO : 22217098 coupon cprocess 0 
2019-03-26 05:29:51,130 : INFO : 22359130 coupon cprocess 300 
2019-03-26 05:29:51,143 : INFO : 22217098 coupon cprocess 0 
2019-03-26 05:29:51,492 : INFO : 22359130 coupon cprocess 300 
2019-03-26 05:29:51,573 : INFO : 22217098 coupon cprocess 0 
2019-03-26 05:29:51,944 : INFO : 22359130 coupon cprocess 300 
2019-03-26 05:29:51,970 : INFO : 22217098 coupon cprocess 0 
2019-03-26 05:29:52,166 : INFO : 22359130 coupon cprocess 300 
2019-03-26 05:29:52,179 : INFO : 22217098 coupon cprocess 0 
2019-03-26 05:29:52,358 : INFO : 22359130 coupon cprocess 300 
2019-03-26 05:29:52,411 : INFO : 22217098 coupon cprocess 0 
2019-03-26 05:29:52,770 : INFO : 22359130 coupon cprocess 300 
2019-03-26 05:29:52,837 : INFO : 22217098 coupon cprocess 0 
2019-03-26 05:29:53,313 : INFO : 22359130 coupon cprocess 300 
2019-03-26 05:29:53,393 : INFO : 22217098 coupon cprocess 0 
2019-03-26 05:29:53,788 : INFO : 22359130 coupon cprocess 300 
2019-03-26 05:29:53,866 : INFO : 22217098 coupon cprocess 0 
2019-03-26 05:29:54,181 : INFO : 22359130 coupon cprocess 300 
2019-03-26 05:29:54,195 : INFO : 22217098 coupon cprocess 0 
2019-03-26 05:29:54,528 : INFO : 22359130 coupon cprocess 300 
2019-03-26 05:29:54,566 : INFO : 22217098 coupon cprocess 0 
2019-03-26 05:29:54,649 : INFO : 22359130 coupon cprocess 300 
2019-03-26 05:29:54,687 : INFO : 22217098 coupon cprocess 0 
2019-03-26 05:29:54,756 : INFO : 22359130 coupon cprocess 300 
2019-03-26 05:29:54,794 : INFO : 22217098 coupon cprocess 0 
2019-03-26 05:29:54,809 : INFO : 22359130 coupon cprocess 300 
2019-03-26 05:29:54,823 : INFO : 22217098 coupon cprocess 0 
2019-03-26 05:29:55,005 : INFO : 22359130 coupon cprocess 300 
2019-03-26 05:29:55,032 : INFO : 22217098 coupon cprocess 0 
2019-03-26 05:29:55,061 : INFO : 22359130 coupon cprocess 300 
2019-03-26 05:29:55,078 : INFO : 22217098 coupon cprocess 0 
2019-03-26 05:29:56,876 : INFO : 22359130 coupon cprocess 300 
2019-03-26 05:29:57,159 : INFO : 22217098 coupon cprocess 0 
2019-03-26 05:29:57,236 : INFO : 22359130 coupon cprocess 300 
2019-03-26 05:29:57,250 : INFO : 22217098 coupon cprocess 0 
2019-03-26 05:29:57,404 : INFO : 22359130 coupon cprocess 300 
2019-03-26 05:29:57,434 : INFO : 22217098 coupon cprocess 0 
2019-03-26 05:29:57,582 : INFO : 22359130 coupon cprocess 300 
2019-03-26 05:29:57,611 : INFO : 22217098 coupon cprocess 0 
2019-03-26 05:29:57,819 : INFO : 22359130 coupon cprocess 300 
2019-03-26 05:29:57,858 : INFO : 22217098 coupon cprocess 0 
2019-03-26 05:29:58,126 : INFO : 22359130 coupon cprocess 300 
2019-03-26 05:29:58,143 : INFO : 22217098 coupon cprocess 0 
2019-03-26 05:29:58,177 : INFO : 22359130 coupon cprocess 300 
2019-03-26 05:29:58,194 : INFO : 22217098 coupon cprocess 0 
2019-03-26 05:29:58,532 : INFO : 22359130 coupon cprocess 300 
2019-03-26 05:29:58,619 : INFO : 22217098 coupon cprocess 0 
2019-03-26 05:29:58,836 : INFO : 22359130 coupon cprocess 300 
2019-03-26 05:29:58,878 : INFO : 22217098 coupon cprocess 0 
2019-03-26 05:29:59,403 : INFO : 22359130 coupon cprocess 300 
2019-03-26 05:29:59,490 : INFO : 22217098 coupon cprocess 0 
2019-03-26 05:29:59,642 : INFO : 22359130 coupon cprocess 300 
2019-03-26 05:29:59,671 : INFO : 22217098 coupon cprocess 0 
2019-03-26 05:29:59,789 : INFO : 22359130 coupon cprocess 300 
2019-03-26 05:29:59,820 : INFO : 22217098 coupon cprocess 0 
2019-03-26 05:30:00,039 : INFO : 22359130 coupon cprocess 300 
2019-03-26 05:30:00,058 : INFO : 22217098 coupon cprocess 0 
2019-03-26 05:30:00,409 : INFO : 22359130 coupon cprocess 300 
2019-03-26 05:30:00,452 : INFO : 22217098 coupon cprocess 0 
2019-03-26 05:30:00,642 : INFO : 22359130 coupon cprocess 300 
2019-03-26 05:30:00,681 : INFO : 22217098 coupon cprocess 0 
2019-03-26 05:30:00,737 : INFO : 22359130 coupon cprocess 300 
2019-03-26 05:30:00,751 : INFO : 22217098 coupon cprocess 0 
2019-03-26 05:30:01,518 : INFO : 22359130 coupon cprocess 300 
2019-03-26 05:30:01,618 : INFO : 22217098 coupon cprocess 0 
2019-03-26 05:30:01,837 : INFO : 22359130 coupon cprocess 300 
2019-03-26 05:30:01,851 : INFO : 22217098 coupon cprocess 0 
2019-03-26 05:30:02,145 : INFO : 22359130 coupon cprocess 300 
2019-03-26 05:30:02,208 : INFO : 22217098 coupon cprocess 0 
2019-03-26 05:30:02,224 : INFO : 22359130 coupon cprocess 300 
2019-03-26 05:30:02,238 : INFO : 22217098 coupon cprocess 0 
2019-03-26 05:30:02,615 : INFO : 22359130 coupon cprocess 300 
2019-03-26 05:30:02,689 : INFO : 22217098 coupon cprocess 0 
2019-03-26 05:30:02,999 : INFO : 22359130 coupon cprocess 300 
2019-03-26 05:30:03,041 : INFO : 22217098 coupon cprocess 0 
2019-03-26 05:30:03,184 : INFO : 22359130 coupon cprocess 300 
2019-03-26 05:30:03,236 : INFO : 22217098 coupon cprocess 0 
2019-03-26 05:30:03,667 : INFO : 22359130 coupon cprocess 300 
2019-03-26 05:30:03,685 : INFO : 22217098 coupon cprocess 0 
2019-03-26 05:30:05,289 : INFO : 22359130 coupon cprocess 300 
2019-03-26 05:30:05,445 : INFO : 22217098 coupon cprocess 0 
2019-03-26 05:30:06,308 : INFO : 22359130 coupon cprocess 300 
2019-03-26 05:30:06,439 : INFO : 22217098 coupon cprocess 0 
2019-03-26 05:30:06,593 : INFO : 22359130 coupon cprocess 300 
2019-03-26 05:30:06,623 : INFO : 22217098 coupon cprocess 0 
2019-03-26 05:30:06,785 : INFO : 22359130 coupon cprocess 300 
2019-03-26 05:30:06,829 : INFO : 22217098 coupon cprocess 0 
2019-03-26 05:30:06,917 : INFO : 22359130 coupon cprocess 300 
2019-03-26 05:30:06,932 : INFO : 22217098 coupon cprocess 0 
2019-03-26 05:30:07,080 : INFO : 22359130 coupon cprocess 300 
2019-03-26 05:30:07,184 : INFO : 22217098 coupon cprocess 0 
2019-03-26 05:30:07,275 : INFO : 22359130 coupon cprocess 300 
2019-03-26 05:30:07,291 : INFO : 22217098 coupon cprocess 0 
2019-03-26 05:30:07,499 : INFO : 22359130 coupon cprocess 300 
2019-03-26 05:30:07,529 : INFO : 22217098 coupon cprocess 0 
2019-03-26 05:30:08,035 : INFO : 22359130 coupon cprocess 300 
2019-03-26 05:30:08,124 : INFO : 22217098 coupon cprocess 0 
2019-03-26 05:30:08,331 : INFO : 22359130 coupon cprocess 300 
2019-03-26 05:30:08,404 : INFO : 22217098 coupon cprocess 0 
2019-03-26 05:30:08,705 : INFO : 22359130 coupon cprocess 300 
2019-03-26 05:30:08,720 : INFO : 22217098 coupon cprocess 0 
2019-03-26 05:30:09,406 : INFO : 22359130 coupon cprocess 300 
2019-03-26 05:30:09,465 : INFO : 22217098 coupon cprocess 0 
2019-03-26 05:30:09,736 : INFO : 22359130 coupon cprocess 300 
2019-03-26 05:30:09,824 : INFO : 22217098 coupon cprocess 0 
2019-03-26 05:30:09,913 : INFO : 22359130 coupon cprocess 300 
2019-03-26 05:30:09,957 : INFO : 22217098 coupon cprocess 0 
2019-03-26 05:30:10,371 : INFO : 22359130 coupon cprocess 300 
2019-03-26 05:30:10,502 : INFO : 22217098 coupon cprocess 0 
2019-03-26 05:30:10,635 : INFO : 22359130 coupon cprocess 300 
2019-03-26 05:30:10,650 : INFO : 22217098 coupon cprocess 0 
2019-03-26 05:30:10,776 : INFO : 22359130 coupon cprocess 300 
2019-03-26 05:30:10,790 : INFO : 22217098 coupon cprocess 0 
2019-03-26 05:30:10,807 : INFO : 22359130 coupon cprocess 300 
2019-03-26 05:30:10,822 : INFO : 22217098 coupon cprocess 0 
2019-03-26 05:30:10,968 : INFO : 22359130 coupon cprocess 300 
2019-03-26 05:30:10,983 : INFO : 22217098 coupon cprocess 0 
2019-03-26 05:30:11,046 : INFO : 22359130 coupon cprocess 300 
2019-03-26 05:30:11,060 : INFO : 22217098 coupon cprocess 0 
2019-03-26 05:30:11,278 : INFO : 22359130 coupon cprocess 300 
2019-03-26 05:30:11,306 : INFO : 22217098 coupon cprocess 0 
2019-03-26 05:30:11,440 : INFO : 22359130 coupon cprocess 300 
2019-03-26 05:30:11,529 : INFO : 22217098 coupon cprocess 0 
2019-03-26 05:30:11,939 : INFO : 22359130 coupon cprocess 300 
2019-03-26 05:30:12,042 : INFO : 22217098 coupon cprocess 0 
2019-03-26 05:30:12,131 : INFO : 22359130 coupon cprocess 300 
2019-03-26 05:30:12,146 : INFO : 22217098 coupon cprocess 0 
2019-03-26 05:30:12,616 : INFO : 22359130 coupon cprocess 300 
2019-03-26 05:30:12,716 : INFO : 22217098 coupon cprocess 0 
2019-03-26 05:30:13,212 : INFO : 22359130 coupon cprocess 300 
2019-03-26 05:30:13,335 : INFO : 22217098 coupon cprocess 0 
2019-03-26 05:30:13,809 : INFO : 22359130 coupon cprocess 300 
2019-03-26 05:30:13,944 : INFO : 22217098 coupon cprocess 0 
2019-03-26 05:30:13,975 : INFO : 22359130 coupon cprocess 300 
2019-03-26 05:30:13,990 : INFO : 22217098 coupon cprocess 0 
2019-03-26 05:30:14,137 : INFO : 22359130 coupon cprocess 300 
2019-03-26 05:30:14,152 : INFO : 22217098 coupon cprocess 0 
2019-03-26 05:30:14,222 : INFO : 22359130 coupon cprocess 300 
2019-03-26 05:30:14,240 : INFO : 22217098 coupon cprocess 0 
2019-03-26 05:30:14,500 : INFO : 22359130 coupon cprocess 300 
2019-03-26 05:30:14,514 : INFO : 22217098 coupon cprocess 0 
2019-03-26 05:30:14,562 : INFO : 22359130 coupon cprocess 300 
2019-03-26 05:30:14,628 : INFO : 22217098 coupon cprocess 0 
2019-03-26 05:30:14,707 : INFO : 22359130 coupon cprocess 300 
2019-03-26 05:30:14,721 : INFO : 22217098 coupon cprocess 0 
2019-03-26 05:30:14,844 : INFO : 22359130 coupon cprocess 300 
2019-03-26 05:30:14,859 : INFO : 22217098 coupon cprocess 0 
2019-03-26 05:30:15,002 : INFO : 22359130 coupon cprocess 300 
2019-03-26 05:30:15,095 : INFO : 22217098 coupon cprocess 0 
2019-03-26 05:30:15,142 : INFO : 22359130 coupon cprocess 300 
2019-03-26 05:30:15,156 : INFO : 22217098 coupon cprocess 0 
2019-03-26 05:30:15,221 : INFO : 22359130 coupon cprocess 300 
2019-03-26 05:30:15,236 : INFO : 22217098 coupon cprocess 0 
2019-03-26 05:30:15,440 : INFO : 22359130 coupon cprocess 300 
2019-03-26 05:30:15,455 : INFO : cat process 700
2019-03-26 05:30:15,478 : INFO : 22217098 coupon cprocess 0 
2019-03-26 05:30:15,510 : INFO : 22359130 coupon cprocess 300 
2019-03-26 05:30:15,525 : INFO : 22217098 coupon cprocess 0 
2019-03-26 05:30:15,601 : INFO : 22359130 coupon cprocess 300 
2019-03-26 05:30:15,616 : INFO : 22217098 coupon cprocess 0 
2019-03-26 05:30:15,632 : INFO : 22359130 coupon cprocess 300 
2019-03-26 05:30:15,647 : INFO : 22217098 coupon cprocess 0 
2019-03-26 05:30:15,868 : INFO : 22359130 coupon cprocess 300 
2019-03-26 05:30:15,881 : INFO : 22217098 coupon cprocess 0 
2019-03-26 05:30:15,958 : INFO : 22359130 coupon cprocess 300 
2019-03-26 05:30:15,972 : INFO : 22217098 coupon cprocess 0 
2019-03-26 05:30:16,063 : INFO : 22359130 coupon cprocess 300 
2019-03-26 05:30:16,107 : INFO : 22217098 coupon cprocess 0 
2019-03-26 05:30:16,154 : INFO : 22359130 coupon cprocess 300 
2019-03-26 05:30:16,197 : INFO : 22217098 coupon cprocess 0 
2019-03-26 05:30:16,374 : INFO : 22359130 coupon cprocess 300 
2019-03-26 05:30:16,387 : INFO : 22217098 coupon cprocess 0 
2019-03-26 05:30:16,462 : INFO : 22359130 coupon cprocess 300 
2019-03-26 05:30:16,521 : INFO : 22217098 coupon cprocess 0 
2019-03-26 05:30:16,568 : INFO : 22359130 coupon cprocess 300 
2019-03-26 05:30:16,597 : INFO : 22217098 coupon cprocess 0 
2019-03-26 05:30:16,688 : INFO : 22359130 coupon cprocess 300 
2019-03-26 05:30:16,731 : INFO : 22217098 coupon cprocess 0 
2019-03-26 05:30:16,795 : INFO : 22359130 coupon cprocess 300 
2019-03-26 05:30:16,811 : INFO : 22217098 coupon cprocess 0 
2019-03-26 05:30:16,872 : INFO : 22359130 coupon cprocess 300 
2019-03-26 05:30:16,885 : INFO : 22217098 coupon cprocess 0 
2019-03-26 05:30:16,902 : INFO : 22359130 coupon cprocess 300 
2019-03-26 05:30:16,915 : INFO : 22217098 coupon cprocess 0 
2019-03-26 05:30:16,946 : INFO : 22359130 coupon cprocess 300 
2019-03-26 05:30:16,959 : INFO : 22217098 coupon cprocess 0 
2019-03-26 05:30:16,976 : INFO : 22359130 coupon cprocess 300 
2019-03-26 05:30:16,991 : INFO : 22217098 coupon cprocess 0 
2019-03-26 05:30:17,066 : INFO : 22359130 coupon cprocess 300 
2019-03-26 05:30:17,142 : INFO : 22217098 coupon cprocess 0 
2019-03-26 05:30:17,235 : INFO : 22359130 coupon cprocess 300 
2019-03-26 05:30:17,250 : INFO : 22217098 coupon cprocess 0 
2019-03-26 05:30:17,288 : INFO : 22359130 coupon cprocess 300 
2019-03-26 05:30:17,310 : INFO : 22217098 coupon cprocess 0 
2019-03-26 05:30:17,720 : INFO : 22359130 coupon cprocess 300 
2019-03-26 05:30:17,792 : INFO : 22217098 coupon cprocess 0 
2019-03-26 05:30:17,990 : INFO : 22359130 coupon cprocess 300 
2019-03-26 05:30:18,018 : INFO : 22217098 coupon cprocess 0 
2019-03-26 05:30:18,114 : INFO : 22359130 coupon cprocess 300 
2019-03-26 05:30:18,126 : INFO : 22217098 coupon cprocess 0 
2019-03-26 05:30:18,207 : INFO : 22359130 coupon cprocess 300 
2019-03-26 05:30:18,232 : INFO : 22217098 coupon cprocess 0 
2019-03-26 05:30:18,337 : INFO : 22359130 coupon cprocess 300 
2019-03-26 05:30:18,352 : INFO : 22217098 coupon cprocess 0 
2019-03-26 05:30:18,396 : INFO : 22359130 coupon cprocess 300 
2019-03-26 05:30:18,411 : INFO : 22217098 coupon cprocess 0 
2019-03-26 05:30:18,487 : INFO : 22359130 coupon cprocess 300 
2019-03-26 05:30:18,546 : INFO : 22217098 coupon cprocess 0 
2019-03-26 05:30:18,889 : INFO : 22359130 coupon cprocess 300 
2019-03-26 05:30:18,954 : INFO : 22217098 coupon cprocess 0 
2019-03-26 05:30:19,096 : INFO : 22359130 coupon cprocess 300 
2019-03-26 05:30:19,124 : INFO : 22217098 coupon cprocess 0 
2019-03-26 05:30:19,294 : INFO : 22359130 coupon cprocess 300 
2019-03-26 05:30:19,310 : INFO : 22217098 coupon cprocess 0 
2019-03-26 05:30:19,496 : INFO : 22359130 coupon cprocess 300 
2019-03-26 05:30:19,566 : INFO : 22217098 coupon cprocess 0 
2019-03-26 05:30:19,823 : INFO : 22359130 coupon cprocess 300 
2019-03-26 05:30:19,848 : INFO : 22217098 coupon cprocess 0 
2019-03-26 05:30:19,889 : INFO : 22359130 coupon cprocess 300 
2019-03-26 05:30:19,902 : INFO : 22217098 coupon cprocess 0 
2019-03-26 05:30:19,971 : INFO : 22359130 coupon cprocess 300 
2019-03-26 05:30:19,984 : INFO : 22217098 coupon cprocess 0 
2019-03-26 05:30:20,104 : INFO : 22359130 coupon cprocess 300 
2019-03-26 05:30:20,128 : INFO : 22217098 coupon cprocess 0 
2019-03-26 05:30:20,274 : INFO : 22359130 coupon cprocess 300 
2019-03-26 05:30:20,313 : INFO : 22217098 coupon cprocess 0 
2019-03-26 05:30:20,371 : INFO : 22359130 coupon cprocess 300 
2019-03-26 05:30:20,384 : INFO : 22217098 coupon cprocess 0 
2019-03-26 05:30:20,539 : INFO : 22359130 coupon cprocess 300 
2019-03-26 05:30:20,552 : INFO : 22217098 coupon cprocess 0 
2019-03-26 05:30:20,944 : INFO : 22359130 coupon cprocess 300 
2019-03-26 05:30:21,012 : INFO : 22217098 coupon cprocess 0 
2019-03-26 05:30:21,465 : INFO : 22359130 coupon cprocess 300 
2019-03-26 05:30:21,525 : INFO : 22217098 coupon cprocess 0 
2019-03-26 05:30:21,555 : INFO : 22359130 coupon cprocess 300 
2019-03-26 05:30:21,569 : INFO : 22217098 coupon cprocess 0 
2019-03-26 05:30:21,729 : INFO : 22359130 coupon cprocess 300 
2019-03-26 05:30:21,782 : INFO : 22217098 coupon cprocess 0 
2019-03-26 05:30:21,797 : INFO : 22359130 coupon cprocess 300 
2019-03-26 05:30:21,811 : INFO : 22217098 coupon cprocess 0 
2019-03-26 05:30:21,916 : INFO : 22359130 coupon cprocess 300 
2019-03-26 05:30:21,929 : INFO : 22217098 coupon cprocess 0 
2019-03-26 05:30:21,987 : INFO : 22359130 coupon cprocess 300 
2019-03-26 05:30:22,000 : INFO : 22217098 coupon cprocess 0 
2019-03-26 05:30:22,535 : INFO : 22359130 coupon cprocess 300 
2019-03-26 05:30:22,596 : INFO : 22217098 coupon cprocess 0 
2019-03-26 05:30:22,642 : INFO : 22359130 coupon cprocess 300 
2019-03-26 05:30:22,657 : INFO : 22217098 coupon cprocess 0 
2019-03-26 05:30:22,732 : INFO : 22359130 coupon cprocess 300 
2019-03-26 05:30:22,748 : INFO : 22217098 coupon cprocess 0 
2019-03-26 05:30:23,090 : INFO : 22359130 coupon cprocess 300 
2019-03-26 05:30:23,160 : INFO : 22217098 coupon cprocess 0 
2019-03-26 05:30:23,466 : INFO : 22359130 coupon cprocess 300 
2019-03-26 05:30:23,496 : INFO : 22217098 coupon cprocess 0 
2019-03-26 05:30:23,512 : INFO : 22359130 coupon cprocess 300 
2019-03-26 05:30:23,528 : INFO : 22217098 coupon cprocess 0 
2019-03-26 05:30:23,724 : INFO : 22359130 coupon cprocess 300 
2019-03-26 05:30:23,753 : INFO : 22217098 coupon cprocess 0 
2019-03-26 05:30:23,859 : INFO : 22359130 coupon cprocess 300 
2019-03-26 05:30:23,903 : INFO : 22217098 coupon cprocess 0 
2019-03-26 05:30:23,948 : INFO : 22359130 coupon cprocess 300 
2019-03-26 05:30:23,962 : INFO : 22217098 coupon cprocess 0 
2019-03-26 05:30:24,038 : INFO : 22359130 coupon cprocess 300 
2019-03-26 05:30:24,051 : INFO : 22217098 coupon cprocess 0 
2019-03-26 05:30:24,069 : INFO : 22359130 coupon cprocess 300 
2019-03-26 05:30:24,083 : INFO : 22217098 coupon cprocess 0 
2019-03-26 05:30:24,143 : INFO : 22359130 coupon cprocess 300 
2019-03-26 05:30:24,157 : INFO : 22217098 coupon cprocess 0 
2019-03-26 05:30:24,189 : INFO : 22359130 coupon cprocess 300 
2019-03-26 05:30:24,203 : INFO : 22217098 coupon cprocess 0 
2019-03-26 05:30:24,236 : INFO : 22359130 coupon cprocess 300 
2019-03-26 05:30:24,250 : INFO : 22217098 coupon cprocess 0 
2019-03-26 05:30:24,282 : INFO : 22359130 coupon cprocess 300 
2019-03-26 05:30:24,295 : INFO : 22217098 coupon cprocess 0 
2019-03-26 05:30:24,405 : INFO : 22359130 coupon cprocess 300 
2019-03-26 05:30:24,419 : INFO : 22217098 coupon cprocess 0 
2019-03-26 05:30:24,509 : INFO : 22359130 coupon cprocess 300 
2019-03-26 05:30:24,553 : INFO : 22217098 coupon cprocess 0 
2019-03-26 05:30:24,689 : INFO : 22359130 coupon cprocess 300 
2019-03-26 05:30:24,704 : INFO : 22217098 coupon cprocess 0 
2019-03-26 05:30:24,765 : INFO : 22359130 coupon cprocess 300 
2019-03-26 05:30:24,780 : INFO : 22217098 coupon cprocess 0 
2019-03-26 05:30:24,974 : INFO : 22359130 coupon cprocess 300 
2019-03-26 05:30:24,990 : INFO : 22217098 coupon cprocess 0 
2019-03-26 05:30:25,229 : INFO : 22359130 coupon cprocess 300 
2019-03-26 05:30:25,301 : INFO : 22217098 coupon cprocess 0 
2019-03-26 05:30:25,368 : INFO : 22359130 coupon cprocess 300 
2019-03-26 05:30:25,381 : INFO : 22217098 coupon cprocess 0 
2019-03-26 05:30:25,413 : INFO : 22359130 coupon cprocess 300 
2019-03-26 05:30:25,430 : INFO : 22217098 coupon cprocess 0 
2019-03-26 05:30:25,448 : INFO : 22359130 coupon cprocess 300 
2019-03-26 05:30:25,476 : INFO : 22217098 coupon cprocess 0 
2019-03-26 05:30:25,537 : INFO : 22359130 coupon cprocess 300 
2019-03-26 05:30:25,550 : INFO : 22217098 coupon cprocess 0 
2019-03-26 05:30:25,675 : INFO : 22359130 coupon cprocess 300 
2019-03-26 05:30:25,690 : INFO : 22217098 coupon cprocess 0 
2019-03-26 05:30:25,957 : INFO : 22359130 coupon cprocess 300 
2019-03-26 05:30:25,971 : INFO : 22217098 coupon cprocess 0 
2019-03-26 05:30:26,208 : INFO : 22359130 coupon cprocess 300 
2019-03-26 05:30:26,251 : INFO : 22217098 coupon cprocess 0 
2019-03-26 05:30:26,327 : INFO : 22359130 coupon cprocess 300 
2019-03-26 05:30:26,341 : INFO : 22217098 coupon cprocess 0 
2019-03-26 05:30:26,601 : INFO : 22359130 coupon cprocess 300 
2019-03-26 05:30:26,630 : INFO : 22217098 coupon cprocess 0 
2019-03-26 05:30:26,706 : INFO : 22359130 coupon cprocess 300 
2019-03-26 05:30:26,720 : INFO : 22217098 coupon cprocess 0 
2019-03-26 05:30:26,826 : INFO : 22359130 coupon cprocess 300 
2019-03-26 05:30:26,840 : INFO : 22217098 coupon cprocess 0 
2019-03-26 05:30:27,273 : INFO : 22359130 coupon cprocess 300 
2019-03-26 05:30:27,288 : INFO : 22217098 coupon cprocess 0 
2019-03-26 05:30:27,367 : INFO : 22359130 coupon cprocess 300 
2019-03-26 05:30:27,381 : INFO : 22217098 coupon cprocess 0 
2019-03-26 05:30:27,638 : INFO : 22359130 coupon cprocess 300 
2019-03-26 05:30:27,666 : INFO : 22217098 coupon cprocess 0 
2019-03-26 05:30:27,757 : INFO : 22359130 coupon cprocess 300 
2019-03-26 05:30:27,773 : INFO : 22217098 coupon cprocess 0 
2019-03-26 05:30:27,848 : INFO : 22359130 coupon cprocess 300 
2019-03-26 05:30:27,891 : INFO : 22217098 coupon cprocess 0 
2019-03-26 05:30:28,055 : INFO : 22359130 coupon cprocess 300 
2019-03-26 05:30:28,070 : INFO : 22217098 coupon cprocess 0 
2019-03-26 05:30:28,224 : INFO : 22359130 coupon cprocess 300 
2019-03-26 05:30:28,253 : INFO : 22217098 coupon cprocess 0 
2019-03-26 05:30:28,375 : INFO : 22359130 coupon cprocess 300 
2019-03-26 05:30:28,420 : INFO : 22217098 coupon cprocess 0 
2019-03-26 05:30:29,269 : INFO : 22359130 coupon cprocess 300 
2019-03-26 05:30:29,424 : INFO : 22217098 coupon cprocess 0 
2019-03-26 05:30:29,572 : INFO : 22359130 coupon cprocess 300 
2019-03-26 05:30:29,636 : INFO : 22217098 coupon cprocess 0 
2019-03-26 05:30:29,830 : INFO : 22359130 coupon cprocess 300 
2019-03-26 05:30:29,874 : INFO : 22217098 coupon cprocess 0 
2019-03-26 05:30:29,962 : INFO : 22359130 coupon cprocess 300 
2019-03-26 05:30:29,978 : INFO : 22217098 coupon cprocess 0 
2019-03-26 05:30:30,432 : INFO : 22359130 coupon cprocess 300 
2019-03-26 05:30:30,477 : INFO : 22217098 coupon cprocess 0 
2019-03-26 05:30:31,023 : INFO : 22359130 coupon cprocess 300 
2019-03-26 05:30:31,096 : INFO : 22217098 coupon cprocess 0 
2019-03-26 05:30:31,375 : INFO : 22359130 coupon cprocess 300 
2019-03-26 05:30:31,462 : INFO : 22217098 coupon cprocess 0 
2019-03-26 05:30:31,656 : INFO : 22359130 coupon cprocess 300 
2019-03-26 05:30:31,670 : INFO : 22217098 coupon cprocess 0 
2019-03-26 05:30:31,708 : INFO : 22359130 coupon cprocess 300 
2019-03-26 05:30:31,741 : INFO : 22217098 coupon cprocess 0 
2019-03-26 05:30:31,804 : INFO : 22359130 coupon cprocess 300 
2019-03-26 05:30:31,894 : INFO : 22217098 coupon cprocess 0 
2019-03-26 05:30:32,659 : INFO : 22359130 coupon cprocess 300 
2019-03-26 05:30:32,703 : INFO : 22217098 coupon cprocess 0 
2019-03-26 05:30:32,836 : INFO : 22359130 coupon cprocess 300 
2019-03-26 05:30:32,897 : INFO : 22217098 coupon cprocess 0 
2019-03-26 05:30:33,223 : INFO : 22359130 coupon cprocess 300 
2019-03-26 05:30:33,252 : INFO : 22217098 coupon cprocess 0 
2019-03-26 05:30:33,611 : INFO : 22359130 coupon cprocess 300 
2019-03-26 05:30:33,727 : INFO : 22217098 coupon cprocess 0 
2019-03-26 05:30:33,975 : INFO : 22359130 coupon cprocess 300 
2019-03-26 05:30:34,004 : INFO : 22217098 coupon cprocess 0 
2019-03-26 05:30:34,380 : INFO : 22359130 coupon cprocess 300 
2019-03-26 05:30:34,454 : INFO : cat process 800
2019-03-26 05:30:34,470 : INFO : 22217098 coupon cprocess 0 
2019-03-26 05:30:34,487 : INFO : 22359130 coupon cprocess 300 
2019-03-26 05:30:34,517 : INFO : 22217098 coupon cprocess 0 
2019-03-26 05:30:34,869 : INFO : 22359130 coupon cprocess 300 
2019-03-26 05:30:35,047 : INFO : 22217098 coupon cprocess 0 
2019-03-26 05:30:35,519 : INFO : 22359130 coupon cprocess 300 
2019-03-26 05:30:35,534 : INFO : 22217098 coupon cprocess 0 
2019-03-26 05:30:35,554 : INFO : 22359130 coupon cprocess 300 
2019-03-26 05:30:35,568 : INFO : 22217098 coupon cprocess 0 
2019-03-26 05:30:35,645 : INFO : 22359130 coupon cprocess 300 
2019-03-26 05:30:35,659 : INFO : 22217098 coupon cprocess 0 
2019-03-26 05:30:35,850 : INFO : 22359130 coupon cprocess 300 
2019-03-26 05:30:35,865 : INFO : 22217098 coupon cprocess 0 
2019-03-26 05:30:35,938 : INFO : 22359130 coupon cprocess 300 
2019-03-26 05:30:35,982 : INFO : 22217098 coupon cprocess 0 
2019-03-26 05:30:36,056 : INFO : 22359130 coupon cprocess 300 
2019-03-26 05:30:36,071 : INFO : 22217098 coupon cprocess 0 
2019-03-26 05:30:36,149 : INFO : 22359130 coupon cprocess 300 
2019-03-26 05:30:36,206 : INFO : 22217098 coupon cprocess 0 
2019-03-26 05:30:36,299 : INFO : 22359130 coupon cprocess 300 
2019-03-26 05:30:36,315 : INFO : 22217098 coupon cprocess 0 
2019-03-26 05:30:36,451 : INFO : 22359130 coupon cprocess 300 
2019-03-26 05:30:36,493 : INFO : 22217098 coupon cprocess 0 
2019-03-26 05:30:36,510 : INFO : 22359130 coupon cprocess 300 
2019-03-26 05:30:36,524 : INFO : 22217098 coupon cprocess 0 
2019-03-26 05:30:36,541 : INFO : 22359130 coupon cprocess 300 
2019-03-26 05:30:36,555 : INFO : 22217098 coupon cprocess 0 
2019-03-26 05:30:36,754 : INFO : 22359130 coupon cprocess 300 
2019-03-26 05:30:36,784 : INFO : 22217098 coupon cprocess 0 
2019-03-26 05:30:37,116 : INFO : 22359130 coupon cprocess 300 
2019-03-26 05:30:37,203 : INFO : 22217098 coupon cprocess 0 
2019-03-26 05:30:37,301 : INFO : 22359130 coupon cprocess 300 
2019-03-26 05:30:37,316 : INFO : 22217098 coupon cprocess 0 
2019-03-26 05:30:37,541 : INFO : 22359130 coupon cprocess 300 
2019-03-26 05:30:37,632 : INFO : 22217098 coupon cprocess 0 
2019-03-26 05:30:37,664 : INFO : 22359130 coupon cprocess 300 
2019-03-26 05:30:37,680 : INFO : 22217098 coupon cprocess 0 
2019-03-26 05:30:38,324 : INFO : 22359130 coupon cprocess 300 
2019-03-26 05:30:38,338 : INFO : 22217098 coupon cprocess 0 
2019-03-26 05:30:38,504 : INFO : 22359130 coupon cprocess 300 
2019-03-26 05:30:38,520 : INFO : 22217098 coupon cprocess 0 
2019-03-26 05:30:38,789 : INFO : 22359130 coupon cprocess 300 
2019-03-26 05:30:38,818 : INFO : 22217098 coupon cprocess 0 
2019-03-26 05:30:38,970 : INFO : 22359130 coupon cprocess 300 
2019-03-26 05:30:38,985 : INFO : 22217098 coupon cprocess 0 
2019-03-26 05:30:39,165 : INFO : 22359130 coupon cprocess 300 
2019-03-26 05:30:39,237 : INFO : 22217098 coupon cprocess 0 
2019-03-26 05:30:39,373 : INFO : 22359130 coupon cprocess 300 
2019-03-26 05:30:39,445 : INFO : 22217098 coupon cprocess 0 
2019-03-26 05:30:39,872 : INFO : 22359130 coupon cprocess 300 
2019-03-26 05:30:39,945 : INFO : 22217098 coupon cprocess 0 
2019-03-26 05:30:40,363 : INFO : 22359130 coupon cprocess 300 
2019-03-26 05:30:40,479 : INFO : 22217098 coupon cprocess 0 
2019-03-26 05:30:40,711 : INFO : 22359130 coupon cprocess 300 
2019-03-26 05:30:40,756 : INFO : 22217098 coupon cprocess 0 
2019-03-26 05:30:41,079 : INFO : 22359130 coupon cprocess 300 
2019-03-26 05:30:41,108 : INFO : 22217098 coupon cprocess 0 
2019-03-26 05:30:41,241 : INFO : 22359130 coupon cprocess 300 
2019-03-26 05:30:41,256 : INFO : 22217098 coupon cprocess 0 
2019-03-26 05:30:41,583 : INFO : 22359130 coupon cprocess 300 
2019-03-26 05:30:41,651 : INFO : 22217098 coupon cprocess 0 
2019-03-26 05:30:41,711 : INFO : 22359130 coupon cprocess 300 
2019-03-26 05:30:41,725 : INFO : 22217098 coupon cprocess 0 
2019-03-26 05:30:41,785 : INFO : 22359130 coupon cprocess 300 
2019-03-26 05:30:41,798 : INFO : 22217098 coupon cprocess 0 
2019-03-26 05:30:41,844 : INFO : 22359130 coupon cprocess 300 
2019-03-26 05:30:41,859 : INFO : 22217098 coupon cprocess 0 
2019-03-26 05:30:41,963 : INFO : 22359130 coupon cprocess 300 
2019-03-26 05:30:41,977 : INFO : 22217098 coupon cprocess 0 
2019-03-26 05:30:42,051 : INFO : 22359130 coupon cprocess 300 
2019-03-26 05:30:42,080 : INFO : 22217098 coupon cprocess 0 
2019-03-26 05:30:42,096 : INFO : 22359130 coupon cprocess 300 
2019-03-26 05:30:42,111 : INFO : 22217098 coupon cprocess 0 
2019-03-26 05:30:42,185 : INFO : 22359130 coupon cprocess 300 
2019-03-26 05:30:42,200 : INFO : 22217098 coupon cprocess 0 
2019-03-26 05:30:42,320 : INFO : 22359130 coupon cprocess 300 
2019-03-26 05:30:42,362 : INFO : 22217098 coupon cprocess 0 
2019-03-26 05:30:42,423 : INFO : 22359130 coupon cprocess 300 
2019-03-26 05:30:42,438 : INFO : 22217098 coupon cprocess 0 
2019-03-26 05:30:42,514 : INFO : 22359130 coupon cprocess 300 
2019-03-26 05:30:42,529 : INFO : 22217098 coupon cprocess 0 
2019-03-26 05:30:42,692 : INFO : 22359130 coupon cprocess 300 
2019-03-26 05:30:42,735 : INFO : 22217098 coupon cprocess 0 
2019-03-26 05:30:42,780 : INFO : 22359130 coupon cprocess 300 
2019-03-26 05:30:42,794 : INFO : 22217098 coupon cprocess 0 
2019-03-26 05:30:42,947 : INFO : 22359130 coupon cprocess 300 
2019-03-26 05:30:43,006 : INFO : 22217098 coupon cprocess 0 
2019-03-26 05:30:43,116 : INFO : 22359130 coupon cprocess 300 
2019-03-26 05:30:43,160 : INFO : 22217098 coupon cprocess 0 
2019-03-26 05:30:43,276 : INFO : 22359130 coupon cprocess 300 
2019-03-26 05:30:43,336 : INFO : 22217098 coupon cprocess 0 
2019-03-26 05:30:43,431 : INFO : 22359130 coupon cprocess 300 
2019-03-26 05:30:43,447 : INFO : 22217098 coupon cprocess 0 
2019-03-26 05:30:43,507 : INFO : 22359130 coupon cprocess 300 
2019-03-26 05:30:43,523 : INFO : 22217098 coupon cprocess 0 
2019-03-26 05:30:43,835 : INFO : 22359130 coupon cprocess 300 
2019-03-26 05:30:43,851 : INFO : 22217098 coupon cprocess 0 
2019-03-26 05:30:43,868 : INFO : 22359130 coupon cprocess 300 
2019-03-26 05:30:43,882 : INFO : 22217098 coupon cprocess 0 
2019-03-26 05:30:43,899 : INFO : 22359130 coupon cprocess 300 
2019-03-26 05:30:43,914 : INFO : 22217098 coupon cprocess 0 
2019-03-26 05:30:44,001 : INFO : 22359130 coupon cprocess 300 
2019-03-26 05:30:44,017 : INFO : 22217098 coupon cprocess 0 
2019-03-26 05:30:44,655 : INFO : 22359130 coupon cprocess 300 
2019-03-26 05:30:44,840 : INFO : 22217098 coupon cprocess 0 
2019-03-26 05:30:44,857 : INFO : 22359130 coupon cprocess 300 
2019-03-26 05:30:44,871 : INFO : 22217098 coupon cprocess 0 
2019-03-26 05:30:44,902 : INFO : 22359130 coupon cprocess 300 
2019-03-26 05:30:44,916 : INFO : 22217098 coupon cprocess 0 
2019-03-26 05:30:45,042 : INFO : 22359130 coupon cprocess 300 
2019-03-26 05:30:45,056 : INFO : 22217098 coupon cprocess 0 
2019-03-26 05:30:45,131 : INFO : 22359130 coupon cprocess 300 
2019-03-26 05:30:45,145 : INFO : 22217098 coupon cprocess 0 
2019-03-26 05:30:45,163 : INFO : 22359130 coupon cprocess 300 
2019-03-26 05:30:45,176 : INFO : 22217098 coupon cprocess 0 
2019-03-26 05:30:45,208 : INFO : 22359130 coupon cprocess 300 
2019-03-26 05:30:45,223 : INFO : 22217098 coupon cprocess 0 
2019-03-26 05:30:45,333 : INFO : 22359130 coupon cprocess 300 
2019-03-26 05:30:45,363 : INFO : 22217098 coupon cprocess 0 
2019-03-26 05:30:45,409 : INFO : 22359130 coupon cprocess 300 
2019-03-26 05:30:45,422 : INFO : 22217098 coupon cprocess 0 
2019-03-26 05:30:45,439 : INFO : 22359130 coupon cprocess 300 
2019-03-26 05:30:45,455 : INFO : 22217098 coupon cprocess 0 
2019-03-26 05:30:45,544 : INFO : 22359130 coupon cprocess 300 
2019-03-26 05:30:45,559 : INFO : 22217098 coupon cprocess 0 
2019-03-26 05:30:45,708 : INFO : 22359130 coupon cprocess 300 
2019-03-26 05:30:45,738 : INFO : 22217098 coupon cprocess 0 
2019-03-26 05:30:45,958 : INFO : 22359130 coupon cprocess 300 
2019-03-26 05:30:45,972 : INFO : 22217098 coupon cprocess 0 
2019-03-26 05:30:46,108 : INFO : 22359130 coupon cprocess 300 
2019-03-26 05:30:46,124 : INFO : 22217098 coupon cprocess 0 
2019-03-26 05:30:46,280 : INFO : 22359130 coupon cprocess 300 
2019-03-26 05:30:46,297 : INFO : 22217098 coupon cprocess 0 
2019-03-26 05:30:46,316 : INFO : 22359130 coupon cprocess 300 
2019-03-26 05:30:46,331 : INFO : 22217098 coupon cprocess 0 
2019-03-26 05:30:46,349 : INFO : 22359130 coupon cprocess 300 
2019-03-26 05:30:46,364 : INFO : 22217098 coupon cprocess 0 
2019-03-26 05:30:46,399 : INFO : 22359130 coupon cprocess 300 
2019-03-26 05:30:46,416 : INFO : 22217098 coupon cprocess 0 
2019-03-26 05:30:46,583 : INFO : 22359130 coupon cprocess 300 
2019-03-26 05:30:46,598 : INFO : 22217098 coupon cprocess 0 
2019-03-26 05:30:46,664 : INFO : 22359130 coupon cprocess 300 
2019-03-26 05:30:46,683 : INFO : 22217098 coupon cprocess 0 
2019-03-26 05:30:46,891 : INFO : 22359130 coupon cprocess 300 
2019-03-26 05:30:46,906 : INFO : 22217098 coupon cprocess 0 
2019-03-26 05:30:46,987 : INFO : 22359130 coupon cprocess 300 
2019-03-26 05:30:47,018 : INFO : 22217098 coupon cprocess 0 
2019-03-26 05:30:47,083 : INFO : 22359130 coupon cprocess 300 
2019-03-26 05:30:47,100 : INFO : 22217098 coupon cprocess 0 
2019-03-26 05:30:47,220 : INFO : 22359130 coupon cprocess 300 
2019-03-26 05:30:47,235 : INFO : 22217098 coupon cprocess 0 
2019-03-26 05:30:47,336 : INFO : 22359130 coupon cprocess 300 
2019-03-26 05:30:47,351 : INFO : 22217098 coupon cprocess 0 
2019-03-26 05:30:47,549 : INFO : 22359130 coupon cprocess 300 
2019-03-26 05:30:47,565 : INFO : 22217098 coupon cprocess 0 
2019-03-26 05:30:47,584 : INFO : 22359130 coupon cprocess 300 
2019-03-26 05:30:47,602 : INFO : 22217098 coupon cprocess 0 
2019-03-26 05:30:47,708 : INFO : 22359130 coupon cprocess 300 
2019-03-26 05:30:47,722 : INFO : 22217098 coupon cprocess 0 
2019-03-26 05:30:47,767 : INFO : 22359130 coupon cprocess 300 
2019-03-26 05:30:47,782 : INFO : 22217098 coupon cprocess 0 
2019-03-26 05:30:47,798 : INFO : 22359130 coupon cprocess 300 
2019-03-26 05:30:47,813 : INFO : 22217098 coupon cprocess 0 
2019-03-26 05:30:47,830 : INFO : 22359130 coupon cprocess 300 
2019-03-26 05:30:47,844 : INFO : 22217098 coupon cprocess 0 
2019-03-26 05:30:47,906 : INFO : 22359130 coupon cprocess 300 
2019-03-26 05:30:47,921 : INFO : 22217098 coupon cprocess 0 
2019-03-26 05:30:47,982 : INFO : 22359130 coupon cprocess 300 
2019-03-26 05:30:47,997 : INFO : 22217098 coupon cprocess 0 
2019-03-26 05:30:48,059 : INFO : 22359130 coupon cprocess 300 
2019-03-26 05:30:48,087 : INFO : 22217098 coupon cprocess 0 
2019-03-26 05:30:48,162 : INFO : 22359130 coupon cprocess 300 
2019-03-26 05:30:48,175 : INFO : 22217098 coupon cprocess 0 
2019-03-26 05:30:48,224 : INFO : 22359130 coupon cprocess 300 
2019-03-26 05:30:48,239 : INFO : 22217098 coupon cprocess 0 
2019-03-26 05:30:48,484 : INFO : 22359130 coupon cprocess 300 
2019-03-26 05:30:48,546 : INFO : 22217098 coupon cprocess 0 
2019-03-26 05:30:48,681 : INFO : 22359130 coupon cprocess 300 
2019-03-26 05:30:48,696 : INFO : 22217098 coupon cprocess 0 
2019-03-26 05:30:48,951 : INFO : 22359130 coupon cprocess 300 
2019-03-26 05:30:49,012 : INFO : 22217098 coupon cprocess 0 
2019-03-26 05:30:49,108 : INFO : 22359130 coupon cprocess 300 
2019-03-26 05:30:49,123 : INFO : 22217098 coupon cprocess 0 
2019-03-26 05:30:49,217 : INFO : 22359130 coupon cprocess 300 
2019-03-26 05:30:49,232 : INFO : 22217098 coupon cprocess 0 
2019-03-26 05:30:49,325 : INFO : 22359130 coupon cprocess 300 
2019-03-26 05:30:49,341 : INFO : 22217098 coupon cprocess 0 
2019-03-26 05:30:49,554 : INFO : 22359130 coupon cprocess 300 
2019-03-26 05:30:49,585 : INFO : 22217098 coupon cprocess 0 
2019-03-26 05:30:49,884 : INFO : 22359130 coupon cprocess 300 
2019-03-26 05:30:49,943 : INFO : 22217098 coupon cprocess 0 
2019-03-26 05:30:50,039 : INFO : 22359130 coupon cprocess 300 
2019-03-26 05:30:50,051 : INFO : 22217098 coupon cprocess 0 
2019-03-26 05:30:50,079 : INFO : 22359130 coupon cprocess 300 
2019-03-26 05:30:50,104 : INFO : 22217098 coupon cprocess 0 
2019-03-26 05:30:50,171 : INFO : 22359130 coupon cprocess 300 
2019-03-26 05:30:50,183 : INFO : 22217098 coupon cprocess 0 
2019-03-26 05:30:50,228 : INFO : 22359130 coupon cprocess 300 
2019-03-26 05:30:50,243 : INFO : 22217098 coupon cprocess 0 
2019-03-26 05:30:50,398 : INFO : 22359130 coupon cprocess 300 
2019-03-26 05:30:50,412 : INFO : cat process 900
2019-03-26 05:30:50,427 : INFO : 22217098 coupon cprocess 0 
2019-03-26 05:30:50,541 : INFO : 22359130 coupon cprocess 300 
2019-03-26 05:30:50,553 : INFO : 22217098 coupon cprocess 0 
2019-03-26 05:30:50,733 : INFO : 22359130 coupon cprocess 300 
2019-03-26 05:30:50,777 : INFO : 22217098 coupon cprocess 0 
2019-03-26 05:30:50,904 : INFO : 22359130 coupon cprocess 300 
2019-03-26 05:30:50,916 : INFO : 22217098 coupon cprocess 0 
2019-03-26 05:30:51,048 : INFO : 22359130 coupon cprocess 300 
2019-03-26 05:30:51,061 : INFO : 22217098 coupon cprocess 0 
2019-03-26 05:30:51,155 : INFO : 22359130 coupon cprocess 300 
2019-03-26 05:30:51,169 : INFO : 22217098 coupon cprocess 0 
2019-03-26 05:30:51,560 : INFO : 22359130 coupon cprocess 300 
2019-03-26 05:30:51,678 : INFO : 22217098 coupon cprocess 0 
2019-03-26 05:30:51,695 : INFO : 22359130 coupon cprocess 300 
2019-03-26 05:30:51,708 : INFO : 22217098 coupon cprocess 0 
2019-03-26 05:30:51,752 : INFO : 22359130 coupon cprocess 300 
2019-03-26 05:30:51,766 : INFO : 22217098 coupon cprocess 0 
2019-03-26 05:30:51,866 : INFO : 22359130 coupon cprocess 300 
2019-03-26 05:30:51,882 : INFO : 22217098 coupon cprocess 0 
2019-03-26 05:30:52,164 : INFO : 22359130 coupon cprocess 300 
2019-03-26 05:30:52,178 : INFO : 22217098 coupon cprocess 0 
2019-03-26 05:30:52,196 : INFO : 22359130 coupon cprocess 300 
2019-03-26 05:30:52,210 : INFO : 22217098 coupon cprocess 0 
2019-03-26 05:30:52,294 : INFO : 22359130 coupon cprocess 300 
2019-03-26 05:30:52,307 : INFO : 22217098 coupon cprocess 0 
2019-03-26 05:30:52,352 : INFO : 22359130 coupon cprocess 300 
2019-03-26 05:30:52,365 : INFO : 22217098 coupon cprocess 0 
2019-03-26 05:30:52,408 : INFO : 22359130 coupon cprocess 300 
2019-03-26 05:30:52,419 : INFO : 22217098 coupon cprocess 0 
2019-03-26 05:30:52,435 : INFO : 22359130 coupon cprocess 300 
2019-03-26 05:30:52,448 : INFO : 22217098 coupon cprocess 0 
2019-03-26 05:30:52,476 : INFO : 22359130 coupon cprocess 300 
2019-03-26 05:30:52,490 : INFO : 22217098 coupon cprocess 0 
2019-03-26 05:30:52,779 : INFO : 22359130 coupon cprocess 300 
2019-03-26 05:30:52,855 : INFO : 22217098 coupon cprocess 0 
2019-03-26 05:30:52,921 : INFO : 22359130 coupon cprocess 300 
2019-03-26 05:30:52,936 : INFO : 22217098 coupon cprocess 0 
2019-03-26 05:30:52,952 : INFO : 22359130 coupon cprocess 300 
2019-03-26 05:30:52,963 : INFO : 22217098 coupon cprocess 0 
2019-03-26 05:30:53,006 : INFO : 22359130 coupon cprocess 300 
2019-03-26 05:30:53,047 : INFO : 22217098 coupon cprocess 0 
2019-03-26 05:30:53,143 : INFO : 22359130 coupon cprocess 300 
2019-03-26 05:30:53,196 : INFO : 22217098 coupon cprocess 0 
2019-03-26 05:30:53,308 : INFO : 22359130 coupon cprocess 300 
2019-03-26 05:30:53,354 : INFO : 22217098 coupon cprocess 0 
2019-03-26 05:30:53,373 : INFO : 22359130 coupon cprocess 300 
2019-03-26 05:30:53,387 : INFO : 22217098 coupon cprocess 0 
2019-03-26 05:30:53,404 : INFO : 22359130 coupon cprocess 300 
2019-03-26 05:30:53,417 : INFO : 22217098 coupon cprocess 0 
2019-03-26 05:30:53,450 : INFO : 22359130 coupon cprocess 300 
2019-03-26 05:30:53,466 : INFO : 22217098 coupon cprocess 0 
2019-03-26 05:30:53,499 : INFO : 22359130 coupon cprocess 300 
2019-03-26 05:30:53,574 : INFO : 22217098 coupon cprocess 0 
2019-03-26 05:30:53,680 : INFO : 22359130 coupon cprocess 300 
2019-03-26 05:30:53,740 : INFO : 22217098 coupon cprocess 0 
2019-03-26 05:30:53,903 : INFO : 22359130 coupon cprocess 300 
2019-03-26 05:30:53,917 : INFO : 22217098 coupon cprocess 0 
2019-03-26 05:30:54,036 : INFO : 22359130 coupon cprocess 300 
2019-03-26 05:30:54,065 : INFO : 22217098 coupon cprocess 0 
2019-03-26 05:30:54,216 : INFO : 22359130 coupon cprocess 300 
2019-03-26 05:30:54,245 : INFO : 22217098 coupon cprocess 0 
2019-03-26 05:30:54,278 : INFO : 22359130 coupon cprocess 300 
2019-03-26 05:30:54,291 : INFO : 22217098 coupon cprocess 0 
2019-03-26 05:30:54,340 : INFO : 22359130 coupon cprocess 300 
2019-03-26 05:30:54,354 : INFO : 22217098 coupon cprocess 0 
2019-03-26 05:30:54,431 : INFO : 22359130 coupon cprocess 300 
2019-03-26 05:30:54,445 : INFO : 22217098 coupon cprocess 0 
2019-03-26 05:30:54,581 : INFO : 22359130 coupon cprocess 300 
2019-03-26 05:30:54,668 : INFO : 22217098 coupon cprocess 0 
2019-03-26 05:30:54,772 : INFO : 22359130 coupon cprocess 300 
2019-03-26 05:30:54,787 : INFO : 22217098 coupon cprocess 0 
2019-03-26 05:30:54,875 : INFO : 22359130 coupon cprocess 300 
2019-03-26 05:30:54,889 : INFO : 22217098 coupon cprocess 0 
2019-03-26 05:30:54,920 : INFO : 22359130 coupon cprocess 300 
2019-03-26 05:30:54,934 : INFO : 22217098 coupon cprocess 0 
2019-03-26 05:30:55,008 : INFO : 22359130 coupon cprocess 300 
2019-03-26 05:30:55,023 : INFO : 22217098 coupon cprocess 0 
2019-03-26 05:30:55,128 : INFO : 22359130 coupon cprocess 300 
2019-03-26 05:30:55,143 : INFO : 22217098 coupon cprocess 0 
2019-03-26 05:30:55,335 : INFO : 22359130 coupon cprocess 300 
2019-03-26 05:30:55,350 : INFO : 22217098 coupon cprocess 0 
2019-03-26 05:30:55,397 : INFO : 22359130 coupon cprocess 300 
2019-03-26 05:30:55,412 : INFO : 22217098 coupon cprocess 0 
2019-03-26 05:30:55,472 : INFO : 22359130 coupon cprocess 300 
2019-03-26 05:30:55,487 : INFO : 22217098 coupon cprocess 0 
2019-03-26 05:30:55,535 : INFO : 22359130 coupon cprocess 300 
2019-03-26 05:30:55,564 : INFO : 22217098 coupon cprocess 0 
2019-03-26 05:30:55,599 : INFO : 22359130 coupon cprocess 300 
2019-03-26 05:30:55,614 : INFO : 22217098 coupon cprocess 0 
2019-03-26 05:30:55,763 : INFO : 22359130 coupon cprocess 300 
2019-03-26 05:30:55,779 : INFO : 22217098 coupon cprocess 0 
2019-03-26 05:30:56,111 : INFO : 22359130 coupon cprocess 300 
2019-03-26 05:30:56,214 : INFO : 22217098 coupon cprocess 0 
2019-03-26 05:30:56,262 : INFO : 22359130 coupon cprocess 300 
2019-03-26 05:30:56,276 : INFO : 22217098 coupon cprocess 0 
2019-03-26 05:30:56,311 : INFO : 22359130 coupon cprocess 300 
2019-03-26 05:30:56,325 : INFO : 22217098 coupon cprocess 0 
2019-03-26 05:30:56,470 : INFO : 22359130 coupon cprocess 300 
2019-03-26 05:30:56,514 : INFO : 22217098 coupon cprocess 0 
2019-03-26 05:30:56,603 : INFO : 22359130 coupon cprocess 300 
2019-03-26 05:30:56,618 : INFO : 22217098 coupon cprocess 0 
2019-03-26 05:30:56,650 : INFO : 22359130 coupon cprocess 300 
2019-03-26 05:30:56,665 : INFO : 22217098 coupon cprocess 0 
2019-03-26 05:30:56,798 : INFO : 22359130 coupon cprocess 300 
2019-03-26 05:30:56,812 : INFO : 22217098 coupon cprocess 0 
2019-03-26 05:30:56,885 : INFO : 22359130 coupon cprocess 300 
2019-03-26 05:30:56,900 : INFO : 22217098 coupon cprocess 0 
2019-03-26 05:30:56,917 : INFO : 22359130 coupon cprocess 300 
2019-03-26 05:30:56,931 : INFO : 22217098 coupon cprocess 0 
2019-03-26 05:30:57,022 : INFO : 22359130 coupon cprocess 300 
2019-03-26 05:30:57,050 : INFO : 22217098 coupon cprocess 0 
2019-03-26 05:30:57,114 : INFO : 22359130 coupon cprocess 300 
2019-03-26 05:30:57,144 : INFO : 22217098 coupon cprocess 0 
2019-03-26 05:30:57,266 : INFO : 22359130 coupon cprocess 300 
2019-03-26 05:30:57,342 : INFO : 22217098 coupon cprocess 0 
2019-03-26 05:30:57,419 : INFO : 22359130 coupon cprocess 300 
2019-03-26 05:30:57,434 : INFO : 22217098 coupon cprocess 0 
2019-03-26 05:30:57,480 : INFO : 22359130 coupon cprocess 300 
2019-03-26 05:30:57,523 : INFO : 22217098 coupon cprocess 0 
2019-03-26 05:30:57,569 : INFO : 22359130 coupon cprocess 300 
2019-03-26 05:30:57,583 : INFO : 22217098 coupon cprocess 0 
2019-03-26 05:30:57,660 : INFO : 22359130 coupon cprocess 300 
2019-03-26 05:30:57,675 : INFO : 22217098 coupon cprocess 0 
2019-03-26 05:30:57,799 : INFO : 22359130 coupon cprocess 300 
2019-03-26 05:30:57,815 : INFO : 22217098 coupon cprocess 0 
2019-03-26 05:30:58,034 : INFO : 22359130 coupon cprocess 300 
2019-03-26 05:30:58,050 : INFO : 22217098 coupon cprocess 0 
2019-03-26 05:30:58,068 : INFO : 22359130 coupon cprocess 300 
2019-03-26 05:30:58,083 : INFO : 22217098 coupon cprocess 0 
2019-03-26 05:30:58,143 : INFO : 22359130 coupon cprocess 300 
2019-03-26 05:30:58,158 : INFO : 22217098 coupon cprocess 0 
2019-03-26 05:30:58,293 : INFO : 22359130 coupon cprocess 300 
2019-03-26 05:30:58,308 : INFO : 22217098 coupon cprocess 0 
2019-03-26 05:30:58,384 : INFO : 22359130 coupon cprocess 300 
2019-03-26 05:30:58,414 : INFO : 22217098 coupon cprocess 0 
2019-03-26 05:30:58,473 : INFO : 22359130 coupon cprocess 300 
2019-03-26 05:30:58,501 : INFO : 22217098 coupon cprocess 0 
2019-03-26 05:30:58,548 : INFO : 22359130 coupon cprocess 300 
2019-03-26 05:30:58,577 : INFO : 22217098 coupon cprocess 0 
2019-03-26 05:30:58,753 : INFO : 22359130 coupon cprocess 300 
2019-03-26 05:30:58,782 : INFO : 22217098 coupon cprocess 0 
2019-03-26 05:30:58,798 : INFO : 22359130 coupon cprocess 300 
2019-03-26 05:30:58,813 : INFO : 22217098 coupon cprocess 0 
2019-03-26 05:30:58,959 : INFO : 22359130 coupon cprocess 300 
2019-03-26 05:30:58,973 : INFO : 22217098 coupon cprocess 0 
2019-03-26 05:30:59,034 : INFO : 22359130 coupon cprocess 300 
2019-03-26 05:30:59,048 : INFO : 22217098 coupon cprocess 0 
2019-03-26 05:30:59,094 : INFO : 22359130 coupon cprocess 300 
2019-03-26 05:30:59,109 : INFO : 22217098 coupon cprocess 0 
2019-03-26 05:30:59,213 : INFO : 22359130 coupon cprocess 300 
2019-03-26 05:30:59,228 : INFO : 22217098 coupon cprocess 0 
2019-03-26 05:30:59,245 : INFO : 22359130 coupon cprocess 300 
2019-03-26 05:30:59,258 : INFO : 22217098 coupon cprocess 0 
2019-03-26 05:30:59,327 : INFO : 22359130 coupon cprocess 300 
2019-03-26 05:30:59,356 : INFO : 22217098 coupon cprocess 0 
2019-03-26 05:30:59,375 : INFO : 22359130 coupon cprocess 300 
2019-03-26 05:30:59,388 : INFO : 22217098 coupon cprocess 0 
2019-03-26 05:30:59,405 : INFO : 22359130 coupon cprocess 300 
2019-03-26 05:30:59,418 : INFO : 22217098 coupon cprocess 0 
2019-03-26 05:30:59,525 : INFO : 22359130 coupon cprocess 300 
2019-03-26 05:30:59,561 : INFO : 22217098 coupon cprocess 0 
2019-03-26 05:30:59,698 : INFO : 22359130 coupon cprocess 300 
2019-03-26 05:30:59,713 : INFO : 22217098 coupon cprocess 0 
2019-03-26 05:30:59,818 : INFO : 22359130 coupon cprocess 300 
2019-03-26 05:30:59,833 : INFO : 22217098 coupon cprocess 0 
2019-03-26 05:30:59,892 : INFO : 22359130 coupon cprocess 300 
2019-03-26 05:30:59,906 : INFO : 22217098 coupon cprocess 0 
2019-03-26 05:30:59,922 : INFO : 22359130 coupon cprocess 300 
2019-03-26 05:30:59,936 : INFO : 22217098 coupon cprocess 0 
2019-03-26 05:30:59,982 : INFO : 22359130 coupon cprocess 300 
2019-03-26 05:31:00,040 : INFO : 22217098 coupon cprocess 0 
2019-03-26 05:31:00,057 : INFO : 22359130 coupon cprocess 300 
2019-03-26 05:31:00,071 : INFO : 22217098 coupon cprocess 0 
2019-03-26 05:31:00,086 : INFO : 22359130 coupon cprocess 300 
2019-03-26 05:31:00,100 : INFO : 22217098 coupon cprocess 0 
2019-03-26 05:31:00,202 : INFO : 22359130 coupon cprocess 300 
2019-03-26 05:31:00,215 : INFO : 22217098 coupon cprocess 0 
2019-03-26 05:31:00,247 : INFO : 22359130 coupon cprocess 300 
2019-03-26 05:31:00,261 : INFO : 22217098 coupon cprocess 0 
2019-03-26 05:31:00,311 : INFO : 22359130 coupon cprocess 300 
2019-03-26 05:31:00,326 : INFO : 22217098 coupon cprocess 0 
2019-03-26 05:31:00,374 : INFO : 22359130 coupon cprocess 300 
2019-03-26 05:31:00,388 : INFO : 22217098 coupon cprocess 0 
2019-03-26 05:31:00,434 : INFO : 22359130 coupon cprocess 300 
2019-03-26 05:31:00,449 : INFO : 22217098 coupon cprocess 0 
2019-03-26 05:31:00,751 : INFO : 22359130 coupon cprocess 300 
2019-03-26 05:31:00,827 : INFO : 22217098 coupon cprocess 0 
2019-03-26 05:31:00,916 : INFO : 22359130 coupon cprocess 300 
2019-03-26 05:31:00,958 : INFO : 22217098 coupon cprocess 0 
2019-03-26 05:31:00,990 : INFO : 22359130 coupon cprocess 300 
2019-03-26 05:31:01,002 : INFO : 22217098 coupon cprocess 0 
2019-03-26 05:31:01,021 : INFO : 22359130 coupon cprocess 300 
2019-03-26 05:31:01,036 : INFO : 22217098 coupon cprocess 0 
2019-03-26 05:31:01,068 : INFO : 22359130 coupon cprocess 300 
2019-03-26 05:31:01,082 : INFO : 22217098 coupon cprocess 0 
2019-03-26 05:31:01,099 : INFO : 22359130 coupon cprocess 300 
2019-03-26 05:31:01,113 : INFO : 22217098 coupon cprocess 0 
2019-03-26 05:31:01,160 : INFO : 22359130 coupon cprocess 300 
2019-03-26 05:31:01,174 : INFO : 22217098 coupon cprocess 0 
2019-03-26 05:31:01,221 : INFO : 22359130 coupon cprocess 300 
2019-03-26 05:31:01,252 : INFO : cat process 1000
2019-03-26 05:31:01,267 : INFO : 22217098 coupon cprocess 0 
2019-03-26 05:31:01,299 : INFO : 22359130 coupon cprocess 300 
2019-03-26 05:31:01,313 : INFO : 22217098 coupon cprocess 0 
2019-03-26 05:31:01,344 : INFO : 22359130 coupon cprocess 300 
2019-03-26 05:31:01,374 : INFO : 22217098 coupon cprocess 0 
2019-03-26 05:31:01,605 : INFO : 22359130 coupon cprocess 300 
2019-03-26 05:31:01,708 : INFO : 22217098 coupon cprocess 0 
2019-03-26 05:31:01,904 : INFO : 22359130 coupon cprocess 300 
2019-03-26 05:31:01,946 : INFO : 22217098 coupon cprocess 0 
2019-03-26 05:31:01,998 : INFO : 22359130 coupon cprocess 300 
2019-03-26 05:31:02,016 : INFO : 22217098 coupon cprocess 0 
2019-03-26 05:31:02,099 : INFO : 22359130 coupon cprocess 300 
2019-03-26 05:31:02,114 : INFO : 22217098 coupon cprocess 0 
2019-03-26 05:31:02,180 : INFO : 22359130 coupon cprocess 300 
2019-03-26 05:31:02,199 : INFO : 22217098 coupon cprocess 0 
2019-03-26 05:31:02,333 : INFO : 22359130 coupon cprocess 300 
2019-03-26 05:31:02,349 : INFO : 22217098 coupon cprocess 0 
2019-03-26 05:31:02,401 : INFO : 22359130 coupon cprocess 300 
2019-03-26 05:31:02,446 : INFO : 22217098 coupon cprocess 0 
2019-03-26 05:31:02,493 : INFO : 22359130 coupon cprocess 300 
2019-03-26 05:31:02,508 : INFO : 22217098 coupon cprocess 0 
2019-03-26 05:31:02,572 : INFO : 22359130 coupon cprocess 300 
2019-03-26 05:31:02,587 : INFO : 22217098 coupon cprocess 0 
2019-03-26 05:31:02,607 : INFO : 22359130 coupon cprocess 300 
2019-03-26 05:31:02,622 : INFO : 22217098 coupon cprocess 0 
2019-03-26 05:31:02,700 : INFO : 22359130 coupon cprocess 300 
2019-03-26 05:31:02,713 : INFO : 22217098 coupon cprocess 0 
2019-03-26 05:31:02,791 : INFO : 22359130 coupon cprocess 300 
2019-03-26 05:31:02,821 : INFO : 22217098 coupon cprocess 0 
2019-03-26 05:31:02,840 : INFO : 22359130 coupon cprocess 300 
2019-03-26 05:31:02,856 : INFO : 22217098 coupon cprocess 0 
2019-03-26 05:31:03,023 : INFO : 22359130 coupon cprocess 300 
2019-03-26 05:31:03,052 : INFO : 22217098 coupon cprocess 0 
2019-03-26 05:31:03,069 : INFO : 22359130 coupon cprocess 300 
2019-03-26 05:31:03,083 : INFO : 22217098 coupon cprocess 0 
2019-03-26 05:31:03,210 : INFO : 22359130 coupon cprocess 300 
2019-03-26 05:31:03,270 : INFO : 22217098 coupon cprocess 0 
2019-03-26 05:31:03,500 : INFO : 22359130 coupon cprocess 300 
2019-03-26 05:31:03,558 : INFO : 22217098 coupon cprocess 0 
2019-03-26 05:31:03,589 : INFO : 22359130 coupon cprocess 300 
2019-03-26 05:31:03,604 : INFO : 22217098 coupon cprocess 0 
2019-03-26 05:31:03,687 : INFO : 22359130 coupon cprocess 300 
2019-03-26 05:31:03,702 : INFO : 22217098 coupon cprocess 0 
2019-03-26 05:31:03,808 : INFO : 22359130 coupon cprocess 300 
2019-03-26 05:31:03,823 : INFO : 22217098 coupon cprocess 0 
2019-03-26 05:31:03,901 : INFO : 22359130 coupon cprocess 300 
2019-03-26 05:31:03,916 : INFO : 22217098 coupon cprocess 0 
2019-03-26 05:31:03,992 : INFO : 22359130 coupon cprocess 300 
2019-03-26 05:31:04,021 : INFO : 22217098 coupon cprocess 0 
2019-03-26 05:31:04,054 : INFO : 22359130 coupon cprocess 300 
2019-03-26 05:31:04,070 : INFO : 22217098 coupon cprocess 0 
2019-03-26 05:31:04,132 : INFO : 22359130 coupon cprocess 300 
2019-03-26 05:31:04,163 : INFO : 22217098 coupon cprocess 0 
2019-03-26 05:31:04,180 : INFO : 22359130 coupon cprocess 300 
2019-03-26 05:31:04,196 : INFO : 22217098 coupon cprocess 0 
2019-03-26 05:31:04,290 : INFO : 22359130 coupon cprocess 300 
2019-03-26 05:31:04,394 : INFO : 22217098 coupon cprocess 0 
2019-03-26 05:31:04,425 : INFO : 22359130 coupon cprocess 300 
2019-03-26 05:31:04,440 : INFO : 22217098 coupon cprocess 0 
2019-03-26 05:31:04,490 : INFO : 22359130 coupon cprocess 300 
2019-03-26 05:31:04,551 : INFO : 22217098 coupon cprocess 0 
2019-03-26 05:31:04,644 : INFO : 22359130 coupon cprocess 300 
2019-03-26 05:31:04,718 : INFO : 22217098 coupon cprocess 0 
2019-03-26 05:31:04,793 : INFO : 22359130 coupon cprocess 300 
2019-03-26 05:31:04,808 : INFO : 22217098 coupon cprocess 0 
2019-03-26 05:31:05,132 : INFO : 22359130 coupon cprocess 300 
2019-03-26 05:31:05,162 : INFO : 22217098 coupon cprocess 0 
2019-03-26 05:31:05,236 : INFO : 22359130 coupon cprocess 300 
2019-03-26 05:31:05,250 : INFO : 22217098 coupon cprocess 0 
2019-03-26 05:31:05,434 : INFO : 22359130 coupon cprocess 300 
2019-03-26 05:31:05,493 : INFO : 22217098 coupon cprocess 0 
2019-03-26 05:31:05,552 : INFO : 22359130 coupon cprocess 300 
2019-03-26 05:31:05,567 : INFO : 22217098 coupon cprocess 0 
2019-03-26 05:31:05,735 : INFO : 22359130 coupon cprocess 300 
2019-03-27 20:08:08,917 : INFO :  * Running on http://0.0.0.0:5000/ (Press CTRL+C to quit)
2019-03-27 20:13:05,142 : INFO : 127.0.0.1 - - [27/Mar/2019 20:13:05] "GET /post%EF%BC%9Fcoupon=data HTTP/1.1" 404 -
2019-03-27 20:13:05,235 : INFO : 127.0.0.1 - - [27/Mar/2019 20:13:05] "GET /favicon.ico HTTP/1.1" 404 -
2019-03-27 20:13:24,279 : INFO : 127.0.0.1 - - [27/Mar/2019 20:13:24] "GET /%EF%BC%9Fcoupon=data HTTP/1.1" 404 -
2019-03-27 20:13:28,920 : INFO : 127.0.0.1 - - [27/Mar/2019 20:13:28] "GET /%EF%BC%9Fcoupon=data HTTP/1.1" 404 -
2019-03-27 20:13:30,053 : INFO : 127.0.0.1 - - [27/Mar/2019 20:13:30] "GET /%EF%BC%9Fcoupon=data HTTP/1.1" 404 -
2019-03-27 20:13:37,337 : INFO : 127.0.0.1 - - [27/Mar/2019 20:13:37] "GET /%EF%BC%9Fcoupon=data HTTP/1.1" 404 -
2019-03-27 20:15:41,016 : INFO : 192.168.31.114 - - [27/Mar/2019 20:15:41] "GET /%EF%BC%9Fcoupon=data HTTP/1.1" 404 -
2019-03-27 20:15:41,377 : INFO : 192.168.31.114 - - [27/Mar/2019 20:15:41] "GET /favicon.ico HTTP/1.1" 404 -
2019-03-27 20:15:53,827 : INFO : 127.0.0.1 - - [27/Mar/2019 20:15:53] "GET /%EF%BC%9Fcoupon=data HTTP/1.1" 404 -
2019-03-27 20:18:44,763 : INFO : 192.168.31.114 - - [27/Mar/2019 20:18:44] "GET / HTTP/1.1" 500 -
2019-03-27 20:19:23,810 : INFO : 192.168.31.114 - - [27/Mar/2019 20:19:23] "GET /?coupon HTTP/1.1" 500 -
2019-03-27 20:22:14,617 : INFO :  * Running on http://0.0.0.0:5000/ (Press CTRL+C to quit)
2019-03-27 20:22:58,763 : INFO : 192.168.31.114 - - [27/Mar/2019 20:22:58] "GET /?a=1&b=3 HTTP/1.1" 200 -
2019-03-27 20:23:11,523 : INFO : 192.168.31.114 - - [27/Mar/2019 20:23:11] "GET /?a=2&b=3 HTTP/1.1" 200 -
2019-03-27 20:23:29,957 : INFO : 192.168.31.114 - - [27/Mar/2019 20:23:29] "GET /?a=2 HTTP/1.1" 200 -
2019-03-27 20:35:01,366 : INFO :  * Running on http://0.0.0.0:5000/ (Press CTRL+C to quit)
2019-03-27 20:36:29,924 : INFO : 192.168.31.114 - - [27/Mar/2019 20:36:29] "GET /?a=2&b=4 HTTP/1.1" 200 -
2019-03-27 20:36:58,564 : INFO : 192.168.31.114 - - [27/Mar/2019 20:36:58] "GET /?a=2&b=4 HTTP/1.1" 200 -
2019-03-27 20:37:11,356 : INFO : 192.168.31.114 - - [27/Mar/2019 20:37:11] "GET /?a=2&b=4 HTTP/1.1" 200 -
2019-03-27 20:40:14,404 : INFO : 192.168.31.114 - - [27/Mar/2019 20:40:14] "GET /?a=2&b=4&coupon=coupon_json HTTP/1.1" 200 -
2019-03-27 20:41:29,769 : INFO : 192.168.31.114 - - [27/Mar/2019 20:41:29] "GET /?a=2&b=4&coupon=coupon_json HTTP/1.1" 200 -
2019-03-27 20:42:12,119 : INFO :  * Running on http://0.0.0.0:5000/ (Press CTRL+C to quit)
2019-03-27 20:42:31,611 : INFO : 192.168.31.114 - - [27/Mar/2019 20:42:31] "GET /?a=2&b=4&coupon=coupon_json HTTP/1.1" 200 -
2019-03-27 22:13:56,342 : INFO :  * Running on http://0.0.0.0:5000/ (Press CTRL+C to quit)
2019-03-27 22:20:23,993 : INFO : 192.168.199.114 - - [27/Mar/2019 22:20:23] "POST /post HTTP/1.1" 404 -
2019-03-27 22:22:29,775 : INFO : 192.168.199.114 - - [27/Mar/2019 22:22:29] "POST / HTTP/1.1" 200 -
2019-03-27 22:23:11,393 : INFO :  * Running on http://0.0.0.0:5000/ (Press CTRL+C to quit)
2019-03-27 22:23:47,348 : INFO : 192.168.199.114 - - [27/Mar/2019 22:23:47] "POST / HTTP/1.1" 200 -
2019-03-27 22:24:37,740 : INFO :  * Running on http://0.0.0.0:5000/ (Press CTRL+C to quit)
2019-03-27 22:25:00,431 : INFO : 192.168.199.114 - - [27/Mar/2019 22:25:00] "POST / HTTP/1.1" 200 -
2019-03-27 22:25:08,342 : INFO :  * Running on http://0.0.0.0:5000/ (Press CTRL+C to quit)
2019-03-27 22:25:41,549 : INFO : 192.168.199.114 - - [27/Mar/2019 22:25:41] "POST / HTTP/1.1" 200 -
2019-03-27 22:26:05,363 : INFO :  * Running on http://0.0.0.0:5000/ (Press CTRL+C to quit)
2019-03-27 22:26:21,879 : INFO : 192.168.199.114 - - [27/Mar/2019 22:26:21] "POST / HTTP/1.1" 200 -
2019-03-27 22:27:00,838 : INFO : 192.168.199.114 - - [27/Mar/2019 22:27:00] "POST / HTTP/1.1" 200 -
2019-03-27 22:31:17,852 : INFO :  * Running on http://0.0.0.0:5000/ (Press CTRL+C to quit)
2019-03-27 22:32:45,290 : INFO : 192.168.199.114 - - [27/Mar/2019 22:32:45] "POST / HTTP/1.1" 200 -
2019-03-27 22:39:25,798 : INFO :  * Running on http://0.0.0.0:5000/ (Press CTRL+C to quit)
2019-03-27 22:39:53,396 : INFO : 192.168.199.114 - - [27/Mar/2019 22:39:53] "POST / HTTP/1.1" 200 -
2019-03-27 22:41:12,621 : INFO :  * Running on http://0.0.0.0:5000/ (Press CTRL+C to quit)
2019-03-27 22:41:44,920 : INFO : 192.168.199.114 - - [27/Mar/2019 22:41:44] "POST / HTTP/1.1" 200 -
